This is cutadapt 2.6 with Python 3.7.12
Command line parameters: -G ATTACCGCGGCTGCTGG -g CCGAGTTTGATCMTGGCTCAG --discard-untrimmed --minimum-length 200 -o trimmed/SRR5515467_R1.fastq.gz -p trimmed/SRR5515467_R2.fastq.gz SRR5515467_1.fastq.gz SRR5515467_2.fastq.gz -j 4
Processing reads on 4 cores in paired-end mode ...
Finished in 0.67 s (78 us/read; 0.77 M reads/minute).

=== Summary ===

Total read pairs processed:              8,487
  Read 1 with adapter:                       1 (0.0%)
  Read 2 with adapter:                       0 (0.0%)
Pairs that were too short:                   0 (0.0%)
Pairs written (passing filters):             0 (0.0%)

Total basepairs processed:     5,109,174 bp
  Read 1:     2,554,587 bp
  Read 2:     2,554,587 bp
Total written (filtered):              0 bp (0.0%)
  Read 1:             0 bp
  Read 2:             0 bp

=== First read: Adapter 1 ===

Sequence: CCGAGTTTGATCMTGGCTCAG; Type: regular 5'; Length: 21; Trimmed: 1 times.

No. of allowed errors:
0-9 bp: 0; 10-19 bp: 1; 20-21 bp: 2

Overview of removed sequences
length	count	expect	max.err	error counts
3	1	132.6	0	1


=== Second read: Adapter 2 ===

Sequence: ATTACCGCGGCTGCTGG; Type: regular 5'; Length: 17; Trimmed: 0 times.
