This is cutadapt 2.6 with Python 3.7.12
Command line parameters: -G ATTACCGCGGCTGCTGG -g CCGAGTTTGATCMTGGCTCAG --discard-untrimmed --minimum-length 200 -o trimmed/SRR5515466_R1.fastq.gz -p trimmed/SRR5515466_R2.fastq.gz SRR5515466_1.fastq.gz SRR5515466_2.fastq.gz -j 4
Processing reads on 4 cores in paired-end mode ...
Finished in 0.57 s (30 us/read; 2.03 M reads/minute).

=== Summary ===

Total read pairs processed:             19,404
  Read 1 with adapter:                       1 (0.0%)
  Read 2 with adapter:                       2 (0.0%)
Pairs that were too short:                   0 (0.0%)
Pairs written (passing filters):             0 (0.0%)

Total basepairs processed:    11,681,208 bp
  Read 1:     5,840,604 bp
  Read 2:     5,840,604 bp
Total written (filtered):              0 bp (0.0%)
  Read 1:             0 bp
  Read 2:             0 bp

=== First read: Adapter 1 ===

Sequence: CCGAGTTTGATCMTGGCTCAG; Type: regular 5'; Length: 21; Trimmed: 1 times.

No. of allowed errors:
0-9 bp: 0; 10-19 bp: 1; 20-21 bp: 2

Overview of removed sequences
length	count	expect	max.err	error counts
3	1	303.2	0	1


=== Second read: Adapter 2 ===

Sequence: ATTACCGCGGCTGCTGG; Type: regular 5'; Length: 17; Trimmed: 2 times.

No. of allowed errors:
0-9 bp: 0; 10-17 bp: 1

Overview of removed sequences
length	count	expect	max.err	error counts
5	1	18.9	0	1
8	1	0.3	0	1
