This is cutadapt 2.6 with Python 3.7.12
Command line parameters: -G ATTACCGCGGCTGCTGG -g CCGAGTTTGATCMTGGCTCAG --discard-untrimmed --minimum-length 200 -o trimmed/SRR5515468_R1.fastq.gz -p trimmed/SRR5515468_R2.fastq.gz SRR5515468_1.fastq.gz SRR5515468_2.fastq.gz -j 4
Processing reads on 4 cores in paired-end mode ...
Finished in 0.31 s (46 us/read; 1.31 M reads/minute).

=== Summary ===

Total read pairs processed:              6,773
  Read 1 with adapter:                       0 (0.0%)
  Read 2 with adapter:                       0 (0.0%)
Pairs that were too short:                   0 (0.0%)
Pairs written (passing filters):             0 (0.0%)

Total basepairs processed:     4,077,346 bp
  Read 1:     2,038,673 bp
  Read 2:     2,038,673 bp
Total written (filtered):              0 bp (0.0%)
  Read 1:             0 bp
  Read 2:             0 bp

=== First read: Adapter 1 ===

Sequence: CCGAGTTTGATCMTGGCTCAG; Type: regular 5'; Length: 21; Trimmed: 0 times.

=== Second read: Adapter 2 ===

Sequence: ATTACCGCGGCTGCTGG; Type: regular 5'; Length: 17; Trimmed: 0 times.
