This is cutadapt 2.6 with Python 3.7.12
Command line parameters: -G ATTACCGCGGCTGCTGG -g CCGAGTTTGATCMTGGCTCAG --discard-untrimmed --minimum-length 200 -o trimmed/SRR5515476_R1.fastq.gz -p trimmed/SRR5515476_R2.fastq.gz SRR5515476_1.fastq.gz SRR5515476_2.fastq.gz -j 4
Processing reads on 4 cores in paired-end mode ...
Finished in 0.55 s (42 us/read; 1.42 M reads/minute).

=== Summary ===

Total read pairs processed:             13,052
  Read 1 with adapter:                       2 (0.0%)
  Read 2 with adapter:                       0 (0.0%)
Pairs that were too short:                   0 (0.0%)
Pairs written (passing filters):             0 (0.0%)

Total basepairs processed:     7,857,304 bp
  Read 1:     3,928,652 bp
  Read 2:     3,928,652 bp
Total written (filtered):              0 bp (0.0%)
  Read 1:             0 bp
  Read 2:             0 bp

=== First read: Adapter 1 ===

Sequence: CCGAGTTTGATCMTGGCTCAG; Type: regular 5'; Length: 21; Trimmed: 2 times.

No. of allowed errors:
0-9 bp: 0; 10-19 bp: 1; 20-21 bp: 2

Overview of removed sequences
length	count	expect	max.err	error counts
3	2	203.9	0	2


=== Second read: Adapter 2 ===

Sequence: ATTACCGCGGCTGCTGG; Type: regular 5'; Length: 17; Trimmed: 0 times.
