This is cutadapt 2.6 with Python 3.7.12
Command line parameters: -G ATTACCGCGGCTGCTGG -g CCGAGTTTGATCMTGGCTCAG --discard-untrimmed --minimum-length 200 -o trimmed/SRR5515458_R1.fastq.gz -p trimmed/SRR5515458_R2.fastq.gz SRR5515458_1.fastq.gz SRR5515458_2.fastq.gz -j 4
Processing reads on 4 cores in paired-end mode ...
Finished in 0.66 s (29 us/read; 2.04 M reads/minute).

=== Summary ===

Total read pairs processed:             22,405
  Read 1 with adapter:                       0 (0.0%)
  Read 2 with adapter:                       0 (0.0%)
Pairs that were too short:                   0 (0.0%)
Pairs written (passing filters):             0 (0.0%)

Total basepairs processed:    13,487,810 bp
  Read 1:     6,743,905 bp
  Read 2:     6,743,905 bp
Total written (filtered):              0 bp (0.0%)
  Read 1:             0 bp
  Read 2:             0 bp

=== First read: Adapter 1 ===

Sequence: CCGAGTTTGATCMTGGCTCAG; Type: regular 5'; Length: 21; Trimmed: 0 times.

=== Second read: Adapter 2 ===

Sequence: ATTACCGCGGCTGCTGG; Type: regular 5'; Length: 17; Trimmed: 0 times.
