This is cutadapt 4.4 with Python 3.7.12
Command line parameters: -g CCTACGGGAGGCAGCAG -G GGACTACNVGGGTWTCTAAT --discard-untrimmed -o trimmed/SRR5816750_1_trimmed.fastq.gz -p trimmed/SRR5816750_2_trimmed.fastq.gz SRR5816750_1.fastq.gz SRR5816750_2.fastq.gz -j 4
Processing paired-end reads on 4 cores ...
Finished in 6.657 s (39.493 µs/read; 1.52 M reads/minute).

=== Summary ===

Total read pairs processed:            168,558
  Read 1 with adapter:                  84,726 (50.3%)
  Read 2 with adapter:                 162,955 (96.7%)

== Read fate breakdown ==
Pairs discarded as untrimmed:           86,426 (51.3%)
Pairs written (passing filters):        82,132 (48.7%)

Total basepairs processed:    84,616,116 bp
  Read 1:    42,308,058 bp
  Read 2:    42,308,058 bp
Total written (filtered):     38,269,349 bp (45.2%)
  Read 1:    19,213,353 bp
  Read 2:    19,055,996 bp

=== First read: Adapter 1 ===

Sequence: CCTACGGGAGGCAGCAG; Type: regular 5'; Length: 17; Trimmed: 84726 times

Minimum overlap: 3
No. of allowed errors:
1-9 bp: 0; 10-17 bp: 1

Overview of removed sequences
length	count	expect	max.err	error counts
3	1	2633.7	0	1
9	2	0.6	0	2
10	1	0.2	1	0 1
11	10	0.0	1	2 8
12	3	0.0	1	0 3
13	14	0.0	1	3 11
14	8	0.0	1	1 7
15	21	0.0	1	0 21
16	801	0.0	1	45 756
17	83813	0.0	1	15956 67857
18	20	0.0	1	2 18
220	2	0.0	1	2
221	30	0.0	1	26 4


=== Second read: Adapter 2 ===

Sequence: GGACTACNVGGGTWTCTAAT; Type: regular 5'; Length: 20; Trimmed: 162955 times

Minimum overlap: 3
No. of allowed errors:
1-9 bp: 0; 10-19 bp: 1

Overview of removed sequences
length	count	expect	max.err	error counts
3	16	2633.7	0	16
4	7	658.4	0	7
9	1	0.6	0	1
10	3	0.2	1	3
11	8	0.0	1	6 2
12	3	0.0	1	0 3
13	5	0.0	1	4 1
14	19	0.0	1	11 8
15	14	0.0	1	8 6
16	37	0.0	1	8 29
17	48	0.0	1	28 20
18	1971	0.0	1	251 1720
19	160652	0.0	1	149996 10656
20	166	0.0	1	36 130
50	1	0.0	1	0 1
52	1	0.0	1	1
56	2	0.0	1	1 1
60	1	0.0	1	1
