This is cutadapt 4.4 with Python 3.7.12
Command line parameters: -g CCTACGGGAGGCAGCAG -G GGACTACNVGGGTWTCTAAT --discard-untrimmed -o trimmed/SRR5816752_1_trimmed.fastq.gz -p trimmed/SRR5816752_2_trimmed.fastq.gz SRR5816752_1.fastq.gz SRR5816752_2.fastq.gz -j 4
Processing paired-end reads on 4 cores ...
Finished in 4.195 s (40.594 µs/read; 1.48 M reads/minute).

=== Summary ===

Total read pairs processed:            103,331
  Read 1 with adapter:                  52,049 (50.4%)
  Read 2 with adapter:                  99,701 (96.5%)

== Read fate breakdown ==
Pairs discarded as untrimmed:           52,947 (51.2%)
Pairs written (passing filters):        50,384 (48.8%)

Total basepairs processed:    51,872,162 bp
  Read 1:    25,936,081 bp
  Read 2:    25,936,081 bp
Total written (filtered):     23,480,300 bp (45.3%)
  Read 1:    11,790,535 bp
  Read 2:    11,689,765 bp

=== First read: Adapter 1 ===

Sequence: CCTACGGGAGGCAGCAG; Type: regular 5'; Length: 17; Trimmed: 52049 times

Minimum overlap: 3
No. of allowed errors:
1-9 bp: 0; 10-17 bp: 1

Overview of removed sequences
length	count	expect	max.err	error counts
3	6	1614.5	0	6
10	5	0.1	1	0 5
11	4	0.0	1	2 2
12	5	0.0	1	3 2
13	4	0.0	1	1 3
14	2	0.0	1	0 2
15	13	0.0	1	0 13
16	560	0.0	1	34 526
17	51441	0.0	1	10118 41323
18	9	0.0	1	3 6


=== Second read: Adapter 2 ===

Sequence: GGACTACNVGGGTWTCTAAT; Type: regular 5'; Length: 20; Trimmed: 99701 times

Minimum overlap: 3
No. of allowed errors:
1-9 bp: 0; 10-19 bp: 1

Overview of removed sequences
length	count	expect	max.err	error counts
3	4	1614.5	0	4
4	5	403.6	0	5
9	1	0.4	0	1
11	1	0.0	1	1
12	1	0.0	1	1
13	2	0.0	1	1 1
14	9	0.0	1	3 6
15	11	0.0	1	4 7
16	18	0.0	1	4 14
17	20	0.0	1	15 5
18	1042	0.0	1	116 926
19	98538	0.0	1	90228 8310
20	48	0.0	1	9 39
21	1	0.0	1	0 1
