This is cutadapt 4.4 with Python 3.7.12
Command line parameters: -g CCTACGGGAGGCAGCAG -G GGACTACNVGGGTWTCTAAT --discard-untrimmed -o trimmed/SRR5816748_1_trimmed.fastq.gz -p trimmed/SRR5816748_2_trimmed.fastq.gz SRR5816748_1.fastq.gz SRR5816748_2.fastq.gz -j 4
Processing paired-end reads on 4 cores ...
Finished in 5.441 s (40.549 µs/read; 1.48 M reads/minute).

=== Summary ===

Total read pairs processed:            134,188
  Read 1 with adapter:                  67,867 (50.6%)
  Read 2 with adapter:                 130,533 (97.3%)

== Read fate breakdown ==
Pairs discarded as untrimmed:           68,003 (50.7%)
Pairs written (passing filters):        66,185 (49.3%)

Total basepairs processed:    67,362,376 bp
  Read 1:    33,681,188 bp
  Read 2:    33,681,188 bp
Total written (filtered):     30,842,350 bp (45.8%)
  Read 1:    15,486,435 bp
  Read 2:    15,355,915 bp

=== First read: Adapter 1 ===

Sequence: CCTACGGGAGGCAGCAG; Type: regular 5'; Length: 17; Trimmed: 67867 times

Minimum overlap: 3
No. of allowed errors:
1-9 bp: 0; 10-17 bp: 1

Overview of removed sequences
length	count	expect	max.err	error counts
3	2	2096.7	0	2
13	13	0.0	1	2 11
14	12	0.0	1	2 10
15	12	0.0	1	4 8
16	676	0.0	1	53 623
17	67128	0.0	1	12515 54613
18	15	0.0	1	2 13
221	9	0.0	1	9


=== Second read: Adapter 2 ===

Sequence: GGACTACNVGGGTWTCTAAT; Type: regular 5'; Length: 20; Trimmed: 130533 times

Minimum overlap: 3
No. of allowed errors:
1-9 bp: 0; 10-19 bp: 1

Overview of removed sequences
length	count	expect	max.err	error counts
3	3	2096.7	0	3
4	8	524.2	0	8
6	1	32.8	0	1
7	1	8.2	0	1
10	3	0.1	1	2 1
12	5	0.0	1	3 2
13	9	0.0	1	7 2
14	14	0.0	1	4 10
15	6	0.0	1	3 3
16	23	0.0	1	0 23
17	34	0.0	1	22 12
18	1507	0.0	1	191 1316
19	128809	0.0	1	120754 8055
20	110	0.0	1	18 92
