This is cutadapt 4.4 with Python 3.7.12
Command line parameters: -g CCTACGGGAGGCAGCAG -G GGACTACNVGGGTWTCTAAT --discard-untrimmed -o trimmed/SRR5816769_1_trimmed.fastq.gz -p trimmed/SRR5816769_2_trimmed.fastq.gz SRR5816769_1.fastq.gz SRR5816769_2.fastq.gz -j 4
Processing paired-end reads on 4 cores ...
Finished in 20.597 s (36.350 µs/read; 1.65 M reads/minute).

=== Summary ===

Total read pairs processed:            566,631
  Read 1 with adapter:                 282,308 (49.8%)
  Read 2 with adapter:                 552,946 (97.6%)

== Read fate breakdown ==
Pairs discarded as untrimmed:          291,025 (51.4%)
Pairs written (passing filters):       275,606 (48.6%)

Total basepairs processed:   284,448,762 bp
  Read 1:   142,224,381 bp
  Read 2:   142,224,381 bp
Total written (filtered):    128,439,589 bp (45.2%)
  Read 1:    64,495,045 bp
  Read 2:    63,944,544 bp

=== First read: Adapter 1 ===

Sequence: CCTACGGGAGGCAGCAG; Type: regular 5'; Length: 17; Trimmed: 282308 times

Minimum overlap: 3
No. of allowed errors:
1-9 bp: 0; 10-17 bp: 1

Overview of removed sequences
length	count	expect	max.err	error counts
3	5	8853.6	0	5
4	2	2213.4	0	2
9	3	2.2	0	3
10	11	0.5	1	0 11
11	16	0.1	1	1 15
12	15	0.0	1	3 12
13	21	0.0	1	3 18
14	38	0.0	1	5 33
15	43	0.0	1	0 43
16	2891	0.0	1	157 2734
17	279187	0.0	1	53314 225873
18	73	0.0	1	7 66
63	1	0.0	1	0 1
65	2	0.0	1	0 2


=== Second read: Adapter 2 ===

Sequence: GGACTACNVGGGTWTCTAAT; Type: regular 5'; Length: 20; Trimmed: 552946 times

Minimum overlap: 3
No. of allowed errors:
1-9 bp: 0; 10-19 bp: 1

Overview of removed sequences
length	count	expect	max.err	error counts
3	10	8853.6	0	10
4	24	2213.4	0	24
7	2	34.6	0	2
8	1	8.6	0	1
10	5	0.5	1	4 1
11	9	0.1	1	7 2
12	25	0.0	1	15 10
13	37	0.0	1	24 13
14	86	0.0	1	34 52
15	32	0.0	1	17 15
16	95	0.0	1	18 77
17	153	0.0	1	106 47
18	6657	0.0	1	723 5934
19	545296	0.0	1	514260 31036
20	513	0.0	1	70 443
57	1	0.0	1	0 1
