This is cutadapt 4.4 with Python 3.7.12
Command line parameters: -g CCTACGGGAGGCAGCAG -G GGACTACNVGGGTWTCTAAT --discard-untrimmed -o trimmed/SRR5816762_1_trimmed.fastq.gz -p trimmed/SRR5816762_2_trimmed.fastq.gz SRR5816762_1.fastq.gz SRR5816762_2.fastq.gz -j 4
Processing paired-end reads on 4 cores ...
Finished in 6.261 s (37.452 µs/read; 1.60 M reads/minute).

=== Summary ===

Total read pairs processed:            167,168
  Read 1 with adapter:                  83,247 (49.8%)
  Read 2 with adapter:                 161,443 (96.6%)

== Read fate breakdown ==
Pairs discarded as untrimmed:           86,533 (51.8%)
Pairs written (passing filters):        80,635 (48.2%)

Total basepairs processed:    83,918,336 bp
  Read 1:    41,959,168 bp
  Read 2:    41,959,168 bp
Total written (filtered):     37,578,201 bp (44.8%)
  Read 1:    18,869,669 bp
  Read 2:    18,708,532 bp

=== First read: Adapter 1 ===

Sequence: CCTACGGGAGGCAGCAG; Type: regular 5'; Length: 17; Trimmed: 83247 times

Minimum overlap: 3
No. of allowed errors:
1-9 bp: 0; 10-17 bp: 1

Overview of removed sequences
length	count	expect	max.err	error counts
3	3	2612.0	0	3
10	4	0.2	1	1 3
11	6	0.0	1	4 2
12	12	0.0	1	0 12
13	5	0.0	1	3 2
14	15	0.0	1	4 11
15	14	0.0	1	0 14
16	918	0.0	1	43 875
17	82261	0.0	1	15258 67003
18	9	0.0	1	1 8


=== Second read: Adapter 2 ===

Sequence: GGACTACNVGGGTWTCTAAT; Type: regular 5'; Length: 20; Trimmed: 161443 times

Minimum overlap: 3
No. of allowed errors:
1-9 bp: 0; 10-19 bp: 1

Overview of removed sequences
length	count	expect	max.err	error counts
3	11	2612.0	0	11
4	13	653.0	0	13
7	1	10.2	0	1
11	7	0.0	1	5 2
12	2	0.0	1	2
13	8	0.0	1	5 3
14	9	0.0	1	2 7
15	14	0.0	1	9 5
16	34	0.0	1	7 27
17	28	0.0	1	22 6
18	1738	0.0	1	178 1560
19	159472	0.0	1	146255 13217
20	102	0.0	1	14 88
50	1	0.0	1	0 1
56	1	0.0	1	0 1
57	1	0.0	1	0 1
59	1	0.0	1	0 1
