This is cutadapt 4.4 with Python 3.7.12
Command line parameters: -g CCTACGGGAGGCAGCAG -G GGACTACNVGGGTWTCTAAT --discard-untrimmed -o trimmed/SRR5816734_1_trimmed.fastq.gz -p trimmed/SRR5816734_2_trimmed.fastq.gz SRR5816734_1.fastq.gz SRR5816734_2.fastq.gz -j 4
Processing paired-end reads on 4 cores ...
Finished in 12.912 s (37.798 µs/read; 1.59 M reads/minute).

=== Summary ===

Total read pairs processed:            341,619
  Read 1 with adapter:                 168,719 (49.4%)
  Read 2 with adapter:                 334,311 (97.9%)

== Read fate breakdown ==
Pairs discarded as untrimmed:          176,268 (51.6%)
Pairs written (passing filters):       165,351 (48.4%)

Total basepairs processed:   171,492,738 bp
  Read 1:    85,746,369 bp
  Read 2:    85,746,369 bp
Total written (filtered):     77,057,677 bp (44.9%)
  Read 1:    38,693,677 bp
  Read 2:    38,364,000 bp

=== First read: Adapter 1 ===

Sequence: CCTACGGGAGGCAGCAG; Type: regular 5'; Length: 17; Trimmed: 168719 times

Minimum overlap: 3
No. of allowed errors:
1-9 bp: 0; 10-17 bp: 1

Overview of removed sequences
length	count	expect	max.err	error counts
3	2	5337.8	0	2
4	1	1334.4	0	1
10	9	0.3	1	3 6
11	5	0.1	1	0 5
12	2	0.0	1	0 2
13	22	0.0	1	10 12
14	19	0.0	1	2 17
15	22	0.0	1	8 14
16	1640	0.0	1	91 1549
17	166935	0.0	1	32407 134528
18	58	0.0	1	6 52
58	3	0.0	1	3
221	1	0.0	1	1


=== Second read: Adapter 2 ===

Sequence: GGACTACNVGGGTWTCTAAT; Type: regular 5'; Length: 20; Trimmed: 334311 times

Minimum overlap: 3
No. of allowed errors:
1-9 bp: 0; 10-19 bp: 1

Overview of removed sequences
length	count	expect	max.err	error counts
3	5	5337.8	0	5
4	40	1334.4	0	40
9	1	1.3	0	1
10	4	0.3	1	3 1
11	1	0.1	1	1
12	8	0.0	1	8
13	21	0.0	1	18 3
14	29	0.0	1	7 22
15	29	0.0	1	10 19
16	57	0.0	1	3 54
17	73	0.0	1	47 26
18	3837	0.0	1	489 3348
19	329915	0.0	1	313140 16775
20	289	0.0	1	38 251
53	1	0.0	1	0 1
54	1	0.0	1	0 1
