This is cutadapt 4.4 with Python 3.7.12
Command line parameters: -g CCTACGGGAGGCAGCAG -G GGACTACNVGGGTWTCTAAT --discard-untrimmed -o trimmed/SRR5816747_1_trimmed.fastq.gz -p trimmed/SRR5816747_2_trimmed.fastq.gz SRR5816747_1.fastq.gz SRR5816747_2.fastq.gz -j 4
Processing paired-end reads on 4 cores ...
Finished in 9.202 s (39.300 µs/read; 1.53 M reads/minute).

=== Summary ===

Total read pairs processed:            234,150
  Read 1 with adapter:                 116,443 (49.7%)
  Read 2 with adapter:                 229,200 (97.9%)

== Read fate breakdown ==
Pairs discarded as untrimmed:          120,055 (51.3%)
Pairs written (passing filters):       114,095 (48.7%)

Total basepairs processed:   117,543,300 bp
  Read 1:    58,771,650 bp
  Read 2:    58,771,650 bp
Total written (filtered):     53,170,550 bp (45.2%)
  Read 1:    26,698,624 bp
  Read 2:    26,471,926 bp

=== First read: Adapter 1 ===

Sequence: CCTACGGGAGGCAGCAG; Type: regular 5'; Length: 17; Trimmed: 116443 times

Minimum overlap: 3
No. of allowed errors:
1-9 bp: 0; 10-17 bp: 1

Overview of removed sequences
length	count	expect	max.err	error counts
3	4	3658.6	0	4
7	1	14.3	0	1
10	12	0.2	1	5 7
11	1	0.1	1	0 1
12	11	0.0	1	0 11
13	19	0.0	1	6 13
14	4	0.0	1	1 3
15	24	0.0	1	4 20
16	1128	0.0	1	74 1054
17	115210	0.0	1	22029 93181
18	24	0.0	1	6 18
221	5	0.0	1	4 1


=== Second read: Adapter 2 ===

Sequence: GGACTACNVGGGTWTCTAAT; Type: regular 5'; Length: 20; Trimmed: 229200 times

Minimum overlap: 3
No. of allowed errors:
1-9 bp: 0; 10-19 bp: 1

Overview of removed sequences
length	count	expect	max.err	error counts
3	2	3658.6	0	2
4	9	914.6	0	9
9	1	0.9	0	1
11	9	0.1	1	7 2
12	16	0.0	1	8 8
13	20	0.0	1	14 6
14	38	0.0	1	8 30
15	15	0.0	1	13 2
16	52	0.0	1	9 43
17	60	0.0	1	34 26
18	2778	0.0	1	363 2415
19	226029	0.0	1	214631 11398
20	171	0.0	1	31 140
