This is cutadapt 4.4 with Python 3.7.12
Command line parameters: -g CCTACGGGAGGCAGCAG -G GGACTACNVGGGTWTCTAAT --discard-untrimmed -o trimmed/SRR5816746_1_trimmed.fastq.gz -p trimmed/SRR5816746_2_trimmed.fastq.gz SRR5816746_1.fastq.gz SRR5816746_2.fastq.gz -j 4
Processing paired-end reads on 4 cores ...
Finished in 12.221 s (38.504 µs/read; 1.56 M reads/minute).

=== Summary ===

Total read pairs processed:            317,395
  Read 1 with adapter:                 157,028 (49.5%)
  Read 2 with adapter:                 308,479 (97.2%)

== Read fate breakdown ==
Pairs discarded as untrimmed:          164,781 (51.9%)
Pairs written (passing filters):       152,614 (48.1%)

Total basepairs processed:   159,332,290 bp
  Read 1:    79,666,145 bp
  Read 2:    79,666,145 bp
Total written (filtered):     71,121,718 bp (44.6%)
  Read 1:    35,712,857 bp
  Read 2:    35,408,861 bp

=== First read: Adapter 1 ===

Sequence: CCTACGGGAGGCAGCAG; Type: regular 5'; Length: 17; Trimmed: 157028 times

Minimum overlap: 3
No. of allowed errors:
1-9 bp: 0; 10-17 bp: 1

Overview of removed sequences
length	count	expect	max.err	error counts
3	1	4959.3	0	1
10	8	0.3	1	4 4
11	16	0.1	1	2 14
12	4	0.0	1	2 2
13	29	0.0	1	11 18
14	19	0.0	1	3 16
15	21	0.0	1	0 21
16	1491	0.0	1	78 1413
17	155399	0.0	1	29120 126279
18	37	0.0	1	7 30
221	3	0.0	1	2 1


=== Second read: Adapter 2 ===

Sequence: GGACTACNVGGGTWTCTAAT; Type: regular 5'; Length: 20; Trimmed: 308479 times

Minimum overlap: 3
No. of allowed errors:
1-9 bp: 0; 10-19 bp: 1

Overview of removed sequences
length	count	expect	max.err	error counts
3	9	4959.3	0	9
4	17	1239.8	0	17
5	14	310.0	0	14
7	2	19.4	0	2
9	1	1.2	0	1
10	2	0.3	1	2
11	2	0.1	1	1 1
12	12	0.0	1	9 3
13	17	0.0	1	11 6
14	52	0.0	1	16 36
15	11	0.0	1	3 8
16	65	0.0	1	8 57
17	69	0.0	1	41 28
18	3625	0.0	1	433 3192
19	304346	0.0	1	288129 16217
20	234	0.0	1	44 190
57	1	0.0	1	0 1
