This is cutadapt 4.4 with Python 3.7.12
Command line parameters: -g CCTACGGGAGGCAGCAG -G GGACTACNVGGGTWTCTAAT --discard-untrimmed -o trimmed/SRR5816755_1_trimmed.fastq.gz -p trimmed/SRR5816755_2_trimmed.fastq.gz SRR5816755_1.fastq.gz SRR5816755_2.fastq.gz -j 4
Processing paired-end reads on 4 cores ...
Finished in 11.067 s (38.492 µs/read; 1.56 M reads/minute).

=== Summary ===

Total read pairs processed:            287,510
  Read 1 with adapter:                 145,420 (50.6%)
  Read 2 with adapter:                 277,794 (96.6%)

== Read fate breakdown ==
Pairs discarded as untrimmed:          146,485 (50.9%)
Pairs written (passing filters):       141,025 (49.1%)

Total basepairs processed:   144,330,020 bp
  Read 1:    72,165,010 bp
  Read 2:    72,165,010 bp
Total written (filtered):     65,720,503 bp (45.5%)
  Read 1:    33,000,649 bp
  Read 2:    32,719,854 bp

=== First read: Adapter 1 ===

Sequence: CCTACGGGAGGCAGCAG; Type: regular 5'; Length: 17; Trimmed: 145420 times

Minimum overlap: 3
No. of allowed errors:
1-9 bp: 0; 10-17 bp: 1

Overview of removed sequences
length	count	expect	max.err	error counts
3	8	4492.3	0	8
10	7	0.3	1	0 7
11	10	0.1	1	1 9
12	10	0.0	1	0 10
13	37	0.0	1	7 30
14	33	0.0	1	8 25
15	18	0.0	1	0 18
16	1474	0.0	1	73 1401
17	143781	0.0	1	26988 116793
18	36	0.0	1	6 30
57	1	0.0	1	1
192	1	0.0	1	1
221	4	0.0	1	4


=== Second read: Adapter 2 ===

Sequence: GGACTACNVGGGTWTCTAAT; Type: regular 5'; Length: 20; Trimmed: 277794 times

Minimum overlap: 3
No. of allowed errors:
1-9 bp: 0; 10-19 bp: 1

Overview of removed sequences
length	count	expect	max.err	error counts
3	25	4492.3	0	25
4	7	1123.1	0	7
5	1	280.8	0	1
10	1	0.3	1	1
11	8	0.1	1	7 1
12	7	0.0	1	5 2
13	13	0.0	1	12 1
14	44	0.0	1	16 28
15	15	0.0	1	8 7
16	50	0.0	1	8 42
17	93	0.0	1	62 31
18	3359	0.0	1	443 2916
19	273914	0.0	1	253442 20472
20	252	0.0	1	24 228
49	1	0.0	1	1
52	1	0.0	1	0 1
55	1	0.0	1	0 1
58	1	0.0	1	0 1
59	1	0.0	1	0 1
