This is cutadapt 4.4 with Python 3.7.12
Command line parameters: -g CCTACGGGAGGCAGCAG -G GGACTACNVGGGTWTCTAAT --discard-untrimmed -o trimmed/SRR5816753_1_trimmed.fastq.gz -p trimmed/SRR5816753_2_trimmed.fastq.gz SRR5816753_1.fastq.gz SRR5816753_2.fastq.gz -j 4
Processing paired-end reads on 4 cores ...
Finished in 14.719 s (36.714 µs/read; 1.63 M reads/minute).

=== Summary ===

Total read pairs processed:            400,897
  Read 1 with adapter:                 196,149 (48.9%)
  Read 2 with adapter:                 391,943 (97.8%)

== Read fate breakdown ==
Pairs discarded as untrimmed:          209,015 (52.1%)
Pairs written (passing filters):       191,882 (47.9%)

Total basepairs processed:   201,250,294 bp
  Read 1:   100,625,147 bp
  Read 2:   100,625,147 bp
Total written (filtered):     89,421,443 bp (44.4%)
  Read 1:    44,902,198 bp
  Read 2:    44,519,245 bp

=== First read: Adapter 1 ===

Sequence: CCTACGGGAGGCAGCAG; Type: regular 5'; Length: 17; Trimmed: 196149 times

Minimum overlap: 3
No. of allowed errors:
1-9 bp: 0; 10-17 bp: 1

Overview of removed sequences
length	count	expect	max.err	error counts
3	2	6264.0	0	2
4	1	1566.0	0	1
11	6	0.1	1	2 4
12	4	0.0	1	2 2
13	18	0.0	1	0 18
14	12	0.0	1	1 11
15	15	0.0	1	5 10
16	1671	0.0	1	96 1575
17	194391	0.0	1	36440 157951
18	29	0.0	1	1 28


=== Second read: Adapter 2 ===

Sequence: GGACTACNVGGGTWTCTAAT; Type: regular 5'; Length: 20; Trimmed: 391943 times

Minimum overlap: 3
No. of allowed errors:
1-9 bp: 0; 10-19 bp: 1

Overview of removed sequences
length	count	expect	max.err	error counts
3	8	6264.0	0	8
4	10	1566.0	0	10
9	1	1.5	0	1
10	5	0.4	1	4 1
11	14	0.1	1	9 5
12	10	0.0	1	7 3
13	28	0.0	1	16 12
14	43	0.0	1	13 30
15	26	0.0	1	12 14
16	75	0.0	1	3 72
17	105	0.0	1	82 23
18	4269	0.0	1	523 3746
19	387043	0.0	1	368215 18828
20	301	0.0	1	43 258
51	1	0.0	1	0 1
54	1	0.0	1	0 1
56	1	0.0	1	0 1
57	1	0.0	1	0 1
58	1	0.0	1	1
