This is cutadapt 4.4 with Python 3.7.12
Command line parameters: -g CCTACGGGAGGCAGCAG -G GGACTACNVGGGTWTCTAAT --discard-untrimmed -o trimmed/SRR5816759_1_trimmed.fastq.gz -p trimmed/SRR5816759_2_trimmed.fastq.gz SRR5816759_1.fastq.gz SRR5816759_2.fastq.gz -j 4
Processing paired-end reads on 4 cores ...
Finished in 8.131 s (39.261 µs/read; 1.53 M reads/minute).

=== Summary ===

Total read pairs processed:            207,094
  Read 1 with adapter:                 103,656 (50.1%)
  Read 2 with adapter:                 201,529 (97.3%)

== Read fate breakdown ==
Pairs discarded as untrimmed:          105,948 (51.2%)
Pairs written (passing filters):       101,146 (48.8%)

Total basepairs processed:   103,961,188 bp
  Read 1:    51,980,594 bp
  Read 2:    51,980,594 bp
Total written (filtered):     47,136,268 bp (45.3%)
  Read 1:    23,668,962 bp
  Read 2:    23,467,306 bp

=== First read: Adapter 1 ===

Sequence: CCTACGGGAGGCAGCAG; Type: regular 5'; Length: 17; Trimmed: 103656 times

Minimum overlap: 3
No. of allowed errors:
1-9 bp: 0; 10-17 bp: 1

Overview of removed sequences
length	count	expect	max.err	error counts
3	3	3235.8	0	3
4	1	809.0	0	1
10	1	0.2	1	0 1
11	5	0.0	1	0 5
12	7	0.0	1	1 6
13	12	0.0	1	0 12
14	13	0.0	1	0 13
15	17	0.0	1	1 16
16	1042	0.0	1	50 992
17	102544	0.0	1	19086 83458
18	9	0.0	1	1 8
221	2	0.0	1	2


=== Second read: Adapter 2 ===

Sequence: GGACTACNVGGGTWTCTAAT; Type: regular 5'; Length: 20; Trimmed: 201529 times

Minimum overlap: 3
No. of allowed errors:
1-9 bp: 0; 10-19 bp: 1

Overview of removed sequences
length	count	expect	max.err	error counts
3	4	3235.8	0	4
4	6	809.0	0	6
9	3	0.8	0	3
10	1	0.2	1	1
12	4	0.0	1	1 3
13	8	0.0	1	8
14	14	0.0	1	4 10
15	19	0.0	1	11 8
16	46	0.0	1	8 38
17	56	0.0	1	36 20
18	2338	0.0	1	300 2038
19	198891	0.0	1	186760 12131
20	137	0.0	1	26 111
55	1	0.0	1	0 1
59	1	0.0	1	0 1
