This is cutadapt 4.4 with Python 3.7.12
Command line parameters: -g CCTACGGGAGGCAGCAG -G GGACTACNVGGGTWTCTAAT --discard-untrimmed -o trimmed/SRR5816733_1_trimmed.fastq.gz -p trimmed/SRR5816733_2_trimmed.fastq.gz SRR5816733_1.fastq.gz SRR5816733_2.fastq.gz -j 4
Processing paired-end reads on 4 cores ...
Finished in 10.492 s (38.468 µs/read; 1.56 M reads/minute).

=== Summary ===

Total read pairs processed:            272,735
  Read 1 with adapter:                 137,431 (50.4%)
  Read 2 with adapter:                 265,519 (97.4%)

== Read fate breakdown ==
Pairs discarded as untrimmed:          138,470 (50.8%)
Pairs written (passing filters):       134,265 (49.2%)

Total basepairs processed:   136,912,970 bp
  Read 1:    68,456,485 bp
  Read 2:    68,456,485 bp
Total written (filtered):     62,568,245 bp (45.7%)
  Read 1:    31,416,608 bp
  Read 2:    31,151,637 bp

=== First read: Adapter 1 ===

Sequence: CCTACGGGAGGCAGCAG; Type: regular 5'; Length: 17; Trimmed: 137431 times

Minimum overlap: 3
No. of allowed errors:
1-9 bp: 0; 10-17 bp: 1

Overview of removed sequences
length	count	expect	max.err	error counts
10	12	0.3	1	1 11
11	10	0.1	1	4 6
12	5	0.0	1	0 5
13	11	0.0	1	2 9
14	10	0.0	1	0 10
15	27	0.0	1	0 27
16	1222	0.0	1	74 1148
17	136085	0.0	1	25622 110463
18	35	0.0	1	2 33
220	1	0.0	1	1
221	13	0.0	1	11 2


=== Second read: Adapter 2 ===

Sequence: GGACTACNVGGGTWTCTAAT; Type: regular 5'; Length: 20; Trimmed: 265519 times

Minimum overlap: 3
No. of allowed errors:
1-9 bp: 0; 10-19 bp: 1

Overview of removed sequences
length	count	expect	max.err	error counts
3	29	4261.5	0	29
4	3	1065.4	0	3
9	1	1.0	0	1
11	6	0.1	1	6
12	7	0.0	1	7
13	15	0.0	1	10 5
14	24	0.0	1	9 15
15	26	0.0	1	15 11
16	62	0.0	1	4 58
17	83	0.0	1	53 30
18	3249	0.0	1	388 2861
19	261802	0.0	1	246967 14835
20	209	0.0	1	30 179
57	1	0.0	1	0 1
58	1	0.0	1	0 1
59	1	0.0	1	0 1
