This is cutadapt 4.4 with Python 3.7.12
Command line parameters: -g CCTACGGGAGGCAGCAG -G GGACTACNVGGGTWTCTAAT --discard-untrimmed -o trimmed/SRR5816763_1_trimmed.fastq.gz -p trimmed/SRR5816763_2_trimmed.fastq.gz SRR5816763_1.fastq.gz SRR5816763_2.fastq.gz -j 4
Processing paired-end reads on 4 cores ...
Finished in 4.659 s (39.058 µs/read; 1.54 M reads/minute).

=== Summary ===

Total read pairs processed:            119,279
  Read 1 with adapter:                  59,932 (50.2%)
  Read 2 with adapter:                 115,265 (96.6%)

== Read fate breakdown ==
Pairs discarded as untrimmed:           61,224 (51.3%)
Pairs written (passing filters):        58,055 (48.7%)

Total basepairs processed:    59,878,058 bp
  Read 1:    29,939,029 bp
  Read 2:    29,939,029 bp
Total written (filtered):     27,054,844 bp (45.2%)
  Read 1:    13,585,621 bp
  Read 2:    13,469,223 bp

=== First read: Adapter 1 ===

Sequence: CCTACGGGAGGCAGCAG; Type: regular 5'; Length: 17; Trimmed: 59932 times

Minimum overlap: 3
No. of allowed errors:
1-9 bp: 0; 10-17 bp: 1

Overview of removed sequences
length	count	expect	max.err	error counts
3	9	1863.7	0	9
10	3	0.1	1	0 3
11	3	0.0	1	0 3
12	1	0.0	1	0 1
13	11	0.0	1	5 6
14	5	0.0	1	0 5
15	6	0.0	1	0 6
16	645	0.0	1	42 603
17	59237	0.0	1	11418 47819
18	12	0.0	1	1 11


=== Second read: Adapter 2 ===

Sequence: GGACTACNVGGGTWTCTAAT; Type: regular 5'; Length: 20; Trimmed: 115265 times

Minimum overlap: 3
No. of allowed errors:
1-9 bp: 0; 10-19 bp: 1

Overview of removed sequences
length	count	expect	max.err	error counts
3	5	1863.7	0	5
4	10	465.9	0	10
9	2	0.5	0	2
10	3	0.1	1	2 1
11	4	0.0	1	3 1
12	1	0.0	1	1
13	8	0.0	1	3 5
14	7	0.0	1	3 4
15	13	0.0	1	7 6
16	26	0.0	1	3 23
17	29	0.0	1	22 7
18	1154	0.0	1	126 1028
19	113934	0.0	1	104876 9058
20	59	0.0	1	12 47
122	10	0.0	1	10
