This is cutadapt 4.4 with Python 3.7.12
Command line parameters: -g CCTACGGGAGGCAGCAG -G GGACTACNVGGGTWTCTAAT --discard-untrimmed -o trimmed/SRR5816742_1_trimmed.fastq.gz -p trimmed/SRR5816742_2_trimmed.fastq.gz SRR5816742_1.fastq.gz SRR5816742_2.fastq.gz -j 4
Processing paired-end reads on 4 cores ...
Finished in 6.930 s (38.043 µs/read; 1.58 M reads/minute).

=== Summary ===

Total read pairs processed:            182,165
  Read 1 with adapter:                  89,721 (49.3%)
  Read 2 with adapter:                 178,059 (97.7%)

== Read fate breakdown ==
Pairs discarded as untrimmed:           94,458 (51.9%)
Pairs written (passing filters):        87,707 (48.1%)

Total basepairs processed:    91,446,830 bp
  Read 1:    45,723,415 bp
  Read 2:    45,723,415 bp
Total written (filtered):     40,873,605 bp (44.7%)
  Read 1:    20,523,961 bp
  Read 2:    20,349,644 bp

=== First read: Adapter 1 ===

Sequence: CCTACGGGAGGCAGCAG; Type: regular 5'; Length: 17; Trimmed: 89721 times

Minimum overlap: 3
No. of allowed errors:
1-9 bp: 0; 10-17 bp: 1

Overview of removed sequences
length	count	expect	max.err	error counts
3	2	2846.3	0	2
10	1	0.2	1	1
11	3	0.0	1	0 3
12	1	0.0	1	0 1
13	15	0.0	1	4 11
14	7	0.0	1	2 5
15	12	0.0	1	1 11
16	812	0.0	1	45 767
17	88851	0.0	1	16955 71896
18	15	0.0	1	2 13
221	2	0.0	1	2


=== Second read: Adapter 2 ===

Sequence: GGACTACNVGGGTWTCTAAT; Type: regular 5'; Length: 20; Trimmed: 178059 times

Minimum overlap: 3
No. of allowed errors:
1-9 bp: 0; 10-19 bp: 1

Overview of removed sequences
length	count	expect	max.err	error counts
3	48	2846.3	0	48
4	3	711.6	0	3
10	6	0.2	1	4 2
11	8	0.0	1	7 1
12	4	0.0	1	4
13	9	0.0	1	6 3
14	29	0.0	1	10 19
16	29	0.0	1	2 27
17	48	0.0	1	27 21
18	2296	0.0	1	268 2028
19	175426	0.0	1	167070 8356
20	149	0.0	1	25 124
52	1	0.0	1	0 1
53	2	0.0	1	0 2
55	1	0.0	1	0 1
