This is cutadapt 4.4 with Python 3.7.12
Command line parameters: -g CCTACGGGAGGCAGCAG -G GGACTACNVGGGTWTCTAAT --discard-untrimmed -o trimmed/SRR5816778_1_trimmed.fastq.gz -p trimmed/SRR5816778_2_trimmed.fastq.gz SRR5816778_1.fastq.gz SRR5816778_2.fastq.gz -j 4
Processing paired-end reads on 4 cores ...
Finished in 5.630 s (37.392 µs/read; 1.60 M reads/minute).

=== Summary ===

Total read pairs processed:            150,579
  Read 1 with adapter:                  74,397 (49.4%)
  Read 2 with adapter:                 147,240 (97.8%)

== Read fate breakdown ==
Pairs discarded as untrimmed:           77,849 (51.7%)
Pairs written (passing filters):        72,730 (48.3%)

Total basepairs processed:    75,590,658 bp
  Read 1:    37,795,329 bp
  Read 2:    37,795,329 bp
Total written (filtered):     33,894,222 bp (44.8%)
  Read 1:    17,019,687 bp
  Read 2:    16,874,535 bp

=== First read: Adapter 1 ===

Sequence: CCTACGGGAGGCAGCAG; Type: regular 5'; Length: 17; Trimmed: 74397 times

Minimum overlap: 3
No. of allowed errors:
1-9 bp: 0; 10-17 bp: 1

Overview of removed sequences
length	count	expect	max.err	error counts
3	4	2352.8	0	4
8	3	2.3	0	3
10	2	0.1	1	0 2
11	5	0.0	1	0 5
13	5	0.0	1	0 5
14	12	0.0	1	1 11
15	15	0.0	1	0 15
16	690	0.0	1	31 659
17	73648	0.0	1	13657 59991
18	13	0.0	1	2 11


=== Second read: Adapter 2 ===

Sequence: GGACTACNVGGGTWTCTAAT; Type: regular 5'; Length: 20; Trimmed: 147240 times

Minimum overlap: 3
No. of allowed errors:
1-9 bp: 0; 10-19 bp: 1

Overview of removed sequences
length	count	expect	max.err	error counts
3	29	2352.8	0	29
4	3	588.2	0	3
10	1	0.1	1	0 1
11	7	0.0	1	7
12	7	0.0	1	5 2
13	9	0.0	1	7 2
14	5	0.0	1	0 5
15	11	0.0	1	2 9
16	29	0.0	1	4 25
17	40	0.0	1	19 21
18	1678	0.0	1	221 1457
19	145282	0.0	1	138611 6671
20	138	0.0	1	19 119
59	1	0.0	1	0 1
