This is cutadapt 4.4 with Python 3.7.12
Command line parameters: -g CCTACGGGAGGCAGCAG -G GGACTACNVGGGTWTCTAAT --discard-untrimmed -o trimmed/SRR5816761_1_trimmed.fastq.gz -p trimmed/SRR5816761_2_trimmed.fastq.gz SRR5816761_1.fastq.gz SRR5816761_2.fastq.gz -j 4
Processing paired-end reads on 4 cores ...
Finished in 10.069 s (36.922 µs/read; 1.63 M reads/minute).

=== Summary ===

Total read pairs processed:            272,706
  Read 1 with adapter:                 133,679 (49.0%)
  Read 2 with adapter:                 265,336 (97.3%)

== Read fate breakdown ==
Pairs discarded as untrimmed:          142,479 (52.2%)
Pairs written (passing filters):       130,227 (47.8%)

Total basepairs processed:   136,898,412 bp
  Read 1:    68,449,206 bp
  Read 2:    68,449,206 bp
Total written (filtered):     60,688,831 bp (44.3%)
  Read 1:    30,474,414 bp
  Read 2:    30,214,417 bp

=== First read: Adapter 1 ===

Sequence: CCTACGGGAGGCAGCAG; Type: regular 5'; Length: 17; Trimmed: 133679 times

Minimum overlap: 3
No. of allowed errors:
1-9 bp: 0; 10-17 bp: 1

Overview of removed sequences
length	count	expect	max.err	error counts
3	4	4261.0	0	4
9	1	1.0	0	1
10	1	0.3	1	0 1
11	4	0.1	1	0 4
12	3	0.0	1	0 3
13	9	0.0	1	3 6
14	3	0.0	1	0 3
15	16	0.0	1	1 15
16	1187	0.0	1	53 1134
17	132433	0.0	1	24249 108184
18	18	0.0	1	3 15


=== Second read: Adapter 2 ===

Sequence: GGACTACNVGGGTWTCTAAT; Type: regular 5'; Length: 20; Trimmed: 265336 times

Minimum overlap: 3
No. of allowed errors:
1-9 bp: 0; 10-19 bp: 1

Overview of removed sequences
length	count	expect	max.err	error counts
3	19	4261.0	0	19
4	3	1065.3	0	3
6	1	66.6	0	1
10	3	0.3	1	2 1
11	3	0.1	1	1 2
12	8	0.0	1	7 1
13	9	0.0	1	5 4
14	19	0.0	1	6 13
15	19	0.0	1	11 8
16	38	0.0	1	6 32
17	52	0.0	1	32 20
18	2852	0.0	1	357 2495
19	262120	0.0	1	243923 18197
20	190	0.0	1	48 142
