This is cutadapt 4.4 with Python 3.7.12
Command line parameters: -g XACTCCTAYGGGRBGCASCAG -G XAGCGTGGACTACNNGGGTATCTAAT --discard-untrimmed -o trimmed/ERR2835945_1_trimmed.fastq.gz -p trimmed/ERR2835945_2_trimmed.fastq.gz ERR2835945_1.fastq.gz ERR2835945_2.fastq.gz -j 4
Processing paired-end reads on 4 cores ...
Finished in 0.873 s (18.161 µs/read; 3.30 M reads/minute).

=== Summary ===

Total read pairs processed:             48,054
  Read 1 with adapter:                  47,966 (99.8%)
  Read 2 with adapter:                      36 (0.1%)

== Read fate breakdown ==
Pairs discarded as untrimmed:           48,018 (99.9%)
Pairs written (passing filters):            36 (0.1%)

Total basepairs processed:    24,093,243 bp
  Read 1:    12,035,535 bp
  Read 2:    12,057,708 bp
Total written (filtered):         16,525 bp (0.1%)
  Read 1:         8,299 bp
  Read 2:         8,226 bp

=== First read: Adapter 1 ===

Sequence: ACTCCTAYGGGRBGCASCAG; Type: non-internal 5'; Length: 20; Trimmed: 47966 times

Minimum overlap: 3
No. of allowed errors:
1-9 bp: 0; 10-19 bp: 1; 20 bp: 2

Overview of removed sequences
length	count	expect	max.err	error counts
16	5	0.0	1	5
17	2	0.0	1	1 1
18	92	0.0	1	8 10 74
19	658	0.0	1	34 609 15
20	47076	0.0	2	45194 1800 82
21	132	0.0	2	0 121 11
22	1	0.0	2	0 0 1


=== Second read: Adapter 2 ===

Sequence: AGCGTGGACTACNNGGGTATCTAAT; Type: non-internal 5'; Length: 25; Trimmed: 36 times

Minimum overlap: 3
No. of allowed errors:
1-9 bp: 0; 10-19 bp: 1; 20-23 bp: 2

Overview of removed sequences
length	count	expect	max.err	error counts
3	2	750.8	0	2
5	3	46.9	0	3
25	31	0.0	2	19 5 7
