This is cutadapt 4.4 with Python 3.7.12
Command line parameters: -g XACTCCTAYGGGRBGCASCAG -G XAGCGTGGACTACNNGGGTATCTAAT --discard-untrimmed -o trimmed/ERR2836087_1_trimmed.fastq.gz -p trimmed/ERR2836087_2_trimmed.fastq.gz ERR2836087_1.fastq.gz ERR2836087_2.fastq.gz -j 4
Processing paired-end reads on 4 cores ...
Finished in 0.793 s (16.822 µs/read; 3.57 M reads/minute).

=== Summary ===

Total read pairs processed:             47,113
  Read 1 with adapter:                       5 (0.0%)
  Read 2 with adapter:                  45,802 (97.2%)

== Read fate breakdown ==
Pairs discarded as untrimmed:           47,109 (100.0%)
Pairs written (passing filters):             4 (0.0%)

Total basepairs processed:    23,648,117 bp
  Read 1:    11,824,687 bp
  Read 2:    11,823,430 bp
Total written (filtered):          1,824 bp (0.0%)
  Read 1:           920 bp
  Read 2:           904 bp

=== First read: Adapter 1 ===

Sequence: ACTCCTAYGGGRBGCASCAG; Type: non-internal 5'; Length: 20; Trimmed: 5 times

Minimum overlap: 3
No. of allowed errors:
1-9 bp: 0; 10-19 bp: 1; 20 bp: 2

Overview of removed sequences
length	count	expect	max.err	error counts
4	1	184.0	0	1
20	4	0.0	2	4


=== Second read: Adapter 2 ===

Sequence: AGCGTGGACTACNNGGGTATCTAAT; Type: non-internal 5'; Length: 25; Trimmed: 45802 times

Minimum overlap: 3
No. of allowed errors:
1-9 bp: 0; 10-19 bp: 1; 20-23 bp: 2

Overview of removed sequences
length	count	expect	max.err	error counts
3	24	736.1	0	24
4	2	184.0	0	2
5	4	46.0	0	4
20	1	0.0	2	0 1
21	1	0.0	2	1
22	4	0.0	2	1 0 3
23	79	0.0	2	1 2 76
24	705	0.0	2	29 645 31
25	44862	0.0	2	42755 1800 307
26	119	0.0	2	0 110 9
27	1	0.0	2	0 0 1
