This is cutadapt 4.4 with Python 3.7.12
Command line parameters: -g XACTCCTAYGGGRBGCASCAG -G XAGCGTGGACTACNNGGGTATCTAAT --discard-untrimmed -o trimmed/ERR2836037_1_trimmed.fastq.gz -p trimmed/ERR2836037_2_trimmed.fastq.gz ERR2836037_1.fastq.gz ERR2836037_2.fastq.gz -j 4
Processing paired-end reads on 4 cores ...
Finished in 0.574 s (13.321 µs/read; 4.50 M reads/minute).

=== Summary ===

Total read pairs processed:             43,063
  Read 1 with adapter:                       4 (0.0%)
  Read 2 with adapter:                      21 (0.0%)

== Read fate breakdown ==
Pairs discarded as untrimmed:           43,063 (100.0%)
Pairs written (passing filters):             0 (0.0%)

Total basepairs processed:    21,612,166 bp
  Read 1:    10,805,814 bp
  Read 2:    10,806,352 bp
Total written (filtered):              0 bp (0.0%)
  Read 1:             0 bp
  Read 2:             0 bp

=== First read: Adapter 1 ===

Sequence: ACTCCTAYGGGRBGCASCAG; Type: non-internal 5'; Length: 20; Trimmed: 4 times

Minimum overlap: 3
No. of allowed errors:
1-9 bp: 0; 10-19 bp: 1; 20 bp: 2

Overview of removed sequences
length	count	expect	max.err	error counts
4	2	168.2	0	2
20	2	0.0	2	2


=== Second read: Adapter 2 ===

Sequence: AGCGTGGACTACNNGGGTATCTAAT; Type: non-internal 5'; Length: 25; Trimmed: 21 times

Minimum overlap: 3
No. of allowed errors:
1-9 bp: 0; 10-19 bp: 1; 20-23 bp: 2

Overview of removed sequences
length	count	expect	max.err	error counts
3	1	672.9	0	1
4	2	168.2	0	2
5	1	42.1	0	1
16	1	0.0	1	0 1
25	13	0.0	2	5 4 4
27	3	0.0	2	0 0 3
