This is cutadapt 4.4 with Python 3.7.12
Command line parameters: -g XACTCCTAYGGGRBGCASCAG -G XAGCGTGGACTACNNGGGTATCTAAT --discard-untrimmed -o trimmed/ERR2836018_1_trimmed.fastq.gz -p trimmed/ERR2836018_2_trimmed.fastq.gz ERR2836018_1.fastq.gz ERR2836018_2.fastq.gz -j 4
Processing paired-end reads on 4 cores ...
Finished in 0.731 s (12.223 µs/read; 4.91 M reads/minute).

=== Summary ===

Total read pairs processed:             59,822
  Read 1 with adapter:                     163 (0.3%)
  Read 2 with adapter:                     194 (0.3%)

== Read fate breakdown ==
Pairs discarded as untrimmed:           59,822 (100.0%)
Pairs written (passing filters):             0 (0.0%)

Total basepairs processed:    29,936,556 bp
  Read 1:    14,990,444 bp
  Read 2:    14,946,112 bp
Total written (filtered):              0 bp (0.0%)
  Read 1:             0 bp
  Read 2:             0 bp

=== First read: Adapter 1 ===

Sequence: ACTCCTAYGGGRBGCASCAG; Type: non-internal 5'; Length: 20; Trimmed: 163 times

Minimum overlap: 3
No. of allowed errors:
1-9 bp: 0; 10-19 bp: 1; 20 bp: 2

Overview of removed sequences
length	count	expect	max.err	error counts
3	10	934.7	0	10
4	132	233.7	0	132
5	14	58.4	0	14
20	6	0.0	2	6
22	1	0.0	2	0 0 1


=== Second read: Adapter 2 ===

Sequence: AGCGTGGACTACNNGGGTATCTAAT; Type: non-internal 5'; Length: 25; Trimmed: 194 times

Minimum overlap: 3
No. of allowed errors:
1-9 bp: 0; 10-19 bp: 1; 20-23 bp: 2

Overview of removed sequences
length	count	expect	max.err	error counts
4	188	233.7	0	188
5	1	58.4	0	1
25	5	0.0	2	1 3 1
