This is cutadapt 4.4 with Python 3.7.12
Command line parameters: -g XACTCCTAYGGGRBGCASCAG -G XAGCGTGGACTACNNGGGTATCTAAT --discard-untrimmed -o trimmed/ERR2835951_1_trimmed.fastq.gz -p trimmed/ERR2835951_2_trimmed.fastq.gz ERR2835951_1.fastq.gz ERR2835951_2.fastq.gz -j 4
Processing paired-end reads on 4 cores ...
Finished in 0.945 s (17.801 µs/read; 3.37 M reads/minute).

=== Summary ===

Total read pairs processed:             53,063
  Read 1 with adapter:                     145 (0.3%)
  Read 2 with adapter:                  52,227 (98.4%)

== Read fate breakdown ==
Pairs discarded as untrimmed:           52,921 (99.7%)
Pairs written (passing filters):           142 (0.3%)

Total basepairs processed:    26,617,928 bp
  Read 1:    13,300,958 bp
  Read 2:    13,316,970 bp
Total written (filtered):         66,804 bp (0.3%)
  Read 1:        34,720 bp
  Read 2:        32,084 bp

=== First read: Adapter 1 ===

Sequence: ACTCCTAYGGGRBGCASCAG; Type: non-internal 5'; Length: 20; Trimmed: 145 times

Minimum overlap: 3
No. of allowed errors:
1-9 bp: 0; 10-19 bp: 1; 20 bp: 2

Overview of removed sequences
length	count	expect	max.err	error counts
3	6	829.1	0	6
4	104	207.3	0	104
5	15	51.8	0	15
20	18	0.0	2	18
22	2	0.0	2	0 0 2


=== Second read: Adapter 2 ===

Sequence: AGCGTGGACTACNNGGGTATCTAAT; Type: non-internal 5'; Length: 25; Trimmed: 52227 times

Minimum overlap: 3
No. of allowed errors:
1-9 bp: 0; 10-19 bp: 1; 20-23 bp: 2

Overview of removed sequences
length	count	expect	max.err	error counts
3	4	829.1	0	4
4	1	207.3	0	1
20	1	0.0	2	1
21	1	0.0	2	0 1
22	1	0.0	2	1
23	93	0.0	2	0 3 90
24	778	0.0	2	28 709 41
25	51186	0.0	2	48737 2223 226
26	162	0.0	2	0 155 7
