This is cutadapt 4.4 with Python 3.7.12
Command line parameters: -g XACTCCTAYGGGRBGCASCAG -G XAGCGTGGACTACNNGGGTATCTAAT --discard-untrimmed -o trimmed/ERR2836146_1_trimmed.fastq.gz -p trimmed/ERR2836146_2_trimmed.fastq.gz ERR2836146_1.fastq.gz ERR2836146_2.fastq.gz -j 4
Processing paired-end reads on 4 cores ...
Finished in 0.584 s (13.548 µs/read; 4.43 M reads/minute).

=== Summary ===

Total read pairs processed:             43,078
  Read 1 with adapter:                     126 (0.3%)
  Read 2 with adapter:                     160 (0.4%)

== Read fate breakdown ==
Pairs discarded as untrimmed:           43,078 (100.0%)
Pairs written (passing filters):             0 (0.0%)

Total basepairs processed:    21,563,746 bp
  Read 1:    10,802,353 bp
  Read 2:    10,761,393 bp
Total written (filtered):              0 bp (0.0%)
  Read 1:             0 bp
  Read 2:             0 bp

=== First read: Adapter 1 ===

Sequence: ACTCCTAYGGGRBGCASCAG; Type: non-internal 5'; Length: 20; Trimmed: 126 times

Minimum overlap: 3
No. of allowed errors:
1-9 bp: 0; 10-19 bp: 1; 20 bp: 2

Overview of removed sequences
length	count	expect	max.err	error counts
3	3	673.1	0	3
4	90	168.3	0	90
5	21	42.1	0	21
20	8	0.0	2	8
22	4	0.0	2	0 0 4


=== Second read: Adapter 2 ===

Sequence: AGCGTGGACTACNNGGGTATCTAAT; Type: non-internal 5'; Length: 25; Trimmed: 160 times

Minimum overlap: 3
No. of allowed errors:
1-9 bp: 0; 10-19 bp: 1; 20-23 bp: 2

Overview of removed sequences
length	count	expect	max.err	error counts
3	66	673.1	0	66
4	80	168.3	0	80
5	2	42.1	0	2
6	1	10.5	0	1
25	11	0.0	2	3 3 5
