This is cutadapt 4.4 with Python 3.7.12
Command line parameters: -g XACTCCTAYGGGRBGCASCAG -G XAGCGTGGACTACNNGGGTATCTAAT --discard-untrimmed -o trimmed/ERR2836009_1_trimmed.fastq.gz -p trimmed/ERR2836009_2_trimmed.fastq.gz ERR2836009_1.fastq.gz ERR2836009_2.fastq.gz -j 4
Processing paired-end reads on 4 cores ...
Finished in 0.757 s (18.059 µs/read; 3.32 M reads/minute).

=== Summary ===

Total read pairs processed:             41,935
  Read 1 with adapter:                  41,875 (99.9%)
  Read 2 with adapter:                      15 (0.0%)

== Read fate breakdown ==
Pairs discarded as untrimmed:           41,921 (100.0%)
Pairs written (passing filters):            14 (0.0%)

Total basepairs processed:    21,035,448 bp
  Read 1:    10,513,896 bp
  Read 2:    10,521,552 bp
Total written (filtered):          6,431 bp (0.0%)
  Read 1:         3,227 bp
  Read 2:         3,204 bp

=== First read: Adapter 1 ===

Sequence: ACTCCTAYGGGRBGCASCAG; Type: non-internal 5'; Length: 20; Trimmed: 41875 times

Minimum overlap: 3
No. of allowed errors:
1-9 bp: 0; 10-19 bp: 1; 20 bp: 2

Overview of removed sequences
length	count	expect	max.err	error counts
4	1	163.8	0	1
16	3	0.0	1	3
17	2	0.0	1	0 2
18	63	0.0	1	3 7 53
19	616	0.0	1	38 555 23
20	41104	0.0	2	39630 1415 59
21	85	0.0	2	0 72 13
22	1	0.0	2	0 0 1


=== Second read: Adapter 2 ===

Sequence: AGCGTGGACTACNNGGGTATCTAAT; Type: non-internal 5'; Length: 25; Trimmed: 15 times

Minimum overlap: 3
No. of allowed errors:
1-9 bp: 0; 10-19 bp: 1; 20-23 bp: 2

Overview of removed sequences
length	count	expect	max.err	error counts
3	1	655.2	0	1
4	1	163.8	0	1
25	13	0.0	2	8 5
