This is cutadapt 4.4 with Python 3.7.12
Command line parameters: -g XACTCCTAYGGGRBGCASCAG -G XAGCGTGGACTACNNGGGTATCTAAT --discard-untrimmed -o trimmed/ERR2836095_1_trimmed.fastq.gz -p trimmed/ERR2836095_2_trimmed.fastq.gz ERR2836095_1.fastq.gz ERR2836095_2.fastq.gz -j 4
Processing paired-end reads on 4 cores ...
Finished in 0.927 s (15.795 µs/read; 3.80 M reads/minute).

=== Summary ===

Total read pairs processed:             58,689
  Read 1 with adapter:                       4 (0.0%)
  Read 2 with adapter:                  56,899 (97.0%)

== Read fate breakdown ==
Pairs discarded as untrimmed:           58,685 (100.0%)
Pairs written (passing filters):             4 (0.0%)

Total basepairs processed:    29,457,769 bp
  Read 1:    14,729,188 bp
  Read 2:    14,728,581 bp
Total written (filtered):          1,842 bp (0.0%)
  Read 1:           938 bp
  Read 2:           904 bp

=== First read: Adapter 1 ===

Sequence: ACTCCTAYGGGRBGCASCAG; Type: non-internal 5'; Length: 20; Trimmed: 4 times

Minimum overlap: 3
No. of allowed errors:
1-9 bp: 0; 10-19 bp: 1; 20 bp: 2

Overview of removed sequences
length	count	expect	max.err	error counts
4	1	229.3	0	1
20	3	0.0	2	3


=== Second read: Adapter 2 ===

Sequence: AGCGTGGACTACNNGGGTATCTAAT; Type: non-internal 5'; Length: 25; Trimmed: 56899 times

Minimum overlap: 3
No. of allowed errors:
1-9 bp: 0; 10-19 bp: 1; 20-23 bp: 2

Overview of removed sequences
length	count	expect	max.err	error counts
3	26	917.0	0	26
4	2	229.3	0	2
5	4	57.3	0	4
14	1	0.0	1	1
15	1	0.0	1	1
16	3	0.0	1	0 3
19	5	0.0	1	0 5
20	1	0.0	2	1
22	3	0.0	2	2 1
23	106	0.0	2	4 5 97
24	836	0.0	2	27 773 36
25	55746	0.0	2	53119 2224 403
26	164	0.0	2	0 160 4
27	1	0.0	2	0 0 1
