This is cutadapt 4.4 with Python 3.7.12
Command line parameters: -g XACTCCTAYGGGRBGCASCAG -G XAGCGTGGACTACNNGGGTATCTAAT --discard-untrimmed -o trimmed/ERR2836073_1_trimmed.fastq.gz -p trimmed/ERR2836073_2_trimmed.fastq.gz ERR2836073_1.fastq.gz ERR2836073_2.fastq.gz -j 4
Processing paired-end reads on 4 cores ...
Finished in 0.730 s (18.261 µs/read; 3.29 M reads/minute).

=== Summary ===

Total read pairs processed:             39,970
  Read 1 with adapter:                  39,919 (99.9%)
  Read 2 with adapter:                      17 (0.0%)

== Read fate breakdown ==
Pairs discarded as untrimmed:           39,953 (100.0%)
Pairs written (passing filters):            17 (0.0%)

Total basepairs processed:    20,041,974 bp
  Read 1:    10,012,681 bp
  Read 2:    10,029,293 bp
Total written (filtered):          7,886 bp (0.0%)
  Read 1:         3,922 bp
  Read 2:         3,964 bp

=== First read: Adapter 1 ===

Sequence: ACTCCTAYGGGRBGCASCAG; Type: non-internal 5'; Length: 20; Trimmed: 39919 times

Minimum overlap: 3
No. of allowed errors:
1-9 bp: 0; 10-19 bp: 1; 20 bp: 2

Overview of removed sequences
length	count	expect	max.err	error counts
4	1	156.1	0	1
15	1	0.0	1	0 1
16	4	0.0	1	4
18	64	0.0	1	6 6 52
19	537	0.0	1	33 498 6
20	39211	0.0	2	37950 1219 42
21	101	0.0	2	0 93 8


=== Second read: Adapter 2 ===

Sequence: AGCGTGGACTACNNGGGTATCTAAT; Type: non-internal 5'; Length: 25; Trimmed: 17 times

Minimum overlap: 3
No. of allowed errors:
1-9 bp: 0; 10-19 bp: 1; 20-23 bp: 2

Overview of removed sequences
length	count	expect	max.err	error counts
3	4	624.5	0	4
4	1	156.1	0	1
5	1	39.0	0	1
22	1	0.0	2	0 1
24	1	0.0	2	0 1
25	9	0.0	2	3 2 4
