This is cutadapt 4.4 with Python 3.7.12
Command line parameters: -g XACTCCTAYGGGRBGCASCAG -G XAGCGTGGACTACNNGGGTATCTAAT --discard-untrimmed -o trimmed/ERR2835927_1_trimmed.fastq.gz -p trimmed/ERR2835927_2_trimmed.fastq.gz ERR2835927_1.fastq.gz ERR2835927_2.fastq.gz -j 4
Processing paired-end reads on 4 cores ...
Finished in 1.072 s (15.552 µs/read; 3.86 M reads/minute).

=== Summary ===

Total read pairs processed:             68,904
  Read 1 with adapter:                       6 (0.0%)
  Read 2 with adapter:                  67,924 (98.6%)

== Read fate breakdown ==
Pairs discarded as untrimmed:           68,898 (100.0%)
Pairs written (passing filters):             6 (0.0%)

Total basepairs processed:    34,586,836 bp
  Read 1:    17,293,358 bp
  Read 2:    17,293,478 bp
Total written (filtered):          2,739 bp (0.0%)
  Read 1:         1,383 bp
  Read 2:         1,356 bp

=== First read: Adapter 1 ===

Sequence: ACTCCTAYGGGRBGCASCAG; Type: non-internal 5'; Length: 20; Trimmed: 6 times

Minimum overlap: 3
No. of allowed errors:
1-9 bp: 0; 10-19 bp: 1; 20 bp: 2

Overview of removed sequences
length	count	expect	max.err	error counts
20	6	0.0	2	5 1


=== Second read: Adapter 2 ===

Sequence: AGCGTGGACTACNNGGGTATCTAAT; Type: non-internal 5'; Length: 25; Trimmed: 67924 times

Minimum overlap: 3
No. of allowed errors:
1-9 bp: 0; 10-19 bp: 1; 20-23 bp: 2

Overview of removed sequences
length	count	expect	max.err	error counts
3	10	1076.6	0	10
14	1	0.0	1	1
15	1	0.0	1	0 1
16	1	0.0	1	0 1
18	1	0.0	1	0 1
19	3	0.0	1	0 3
21	1	0.0	2	1
22	3	0.0	2	2 1
23	114	0.0	2	11 5 98
24	1033	0.0	2	30 954 49
25	66562	0.0	2	63696 2591 275
26	192	0.0	2	0 180 12
27	2	0.0	2	0 0 2
