This is cutadapt 4.4 with Python 3.7.12
Command line parameters: -g XACTCCTAYGGGRBGCASCAG -G XAGCGTGGACTACNNGGGTATCTAAT --discard-untrimmed -o trimmed/ERR2836074_1_trimmed.fastq.gz -p trimmed/ERR2836074_2_trimmed.fastq.gz ERR2836074_1.fastq.gz ERR2836074_2.fastq.gz -j 4
Processing paired-end reads on 4 cores ...
Finished in 0.710 s (16.687 µs/read; 3.60 M reads/minute).

=== Summary ===

Total read pairs processed:             42,560
  Read 1 with adapter:                  42,494 (99.8%)
  Read 2 with adapter:                     125 (0.3%)

== Read fate breakdown ==
Pairs discarded as untrimmed:           42,436 (99.7%)
Pairs written (passing filters):           124 (0.3%)

Total basepairs processed:    21,292,008 bp
  Read 1:    10,665,351 bp
  Read 2:    10,626,657 bp
Total written (filtered):         58,801 bp (0.3%)
  Read 1:        28,598 bp
  Read 2:        30,203 bp

=== First read: Adapter 1 ===

Sequence: ACTCCTAYGGGRBGCASCAG; Type: non-internal 5'; Length: 20; Trimmed: 42494 times

Minimum overlap: 3
No. of allowed errors:
1-9 bp: 0; 10-19 bp: 1; 20 bp: 2

Overview of removed sequences
length	count	expect	max.err	error counts
13	1	0.0	1	0 1
16	2	0.0	1	2
17	1	0.0	1	0 1
18	72	0.0	1	7 9 56
19	546	0.0	1	21 517 8
20	41772	0.0	2	40449 1283 40
21	100	0.0	2	0 95 5


=== Second read: Adapter 2 ===

Sequence: AGCGTGGACTACNNGGGTATCTAAT; Type: non-internal 5'; Length: 25; Trimmed: 125 times

Minimum overlap: 3
No. of allowed errors:
1-9 bp: 0; 10-19 bp: 1; 20-23 bp: 2

Overview of removed sequences
length	count	expect	max.err	error counts
4	111	166.2	0	111
25	14	0.0	2	11 2 1
