This is cutadapt 4.4 with Python 3.7.12
Command line parameters: -g XACTCCTAYGGGRBGCASCAG -G XAGCGTGGACTACNNGGGTATCTAAT --discard-untrimmed -o trimmed/ERR2836084_1_trimmed.fastq.gz -p trimmed/ERR2836084_2_trimmed.fastq.gz ERR2836084_1.fastq.gz ERR2836084_2.fastq.gz -j 4
Processing paired-end reads on 4 cores ...
Finished in 0.750 s (13.417 µs/read; 4.47 M reads/minute).

=== Summary ===

Total read pairs processed:             55,862
  Read 1 with adapter:                     176 (0.3%)
  Read 2 with adapter:                      79 (0.1%)

== Read fate breakdown ==
Pairs discarded as untrimmed:           55,861 (100.0%)
Pairs written (passing filters):             1 (0.0%)

Total basepairs processed:    27,980,927 bp
  Read 1:    14,014,478 bp
  Read 2:    13,966,449 bp
Total written (filtered):            473 bp (0.0%)
  Read 1:           247 bp
  Read 2:           226 bp

=== First read: Adapter 1 ===

Sequence: ACTCCTAYGGGRBGCASCAG; Type: non-internal 5'; Length: 20; Trimmed: 176 times

Minimum overlap: 3
No. of allowed errors:
1-9 bp: 0; 10-19 bp: 1; 20 bp: 2

Overview of removed sequences
length	count	expect	max.err	error counts
3	8	872.8	0	8
4	133	218.2	0	133
5	23	54.6	0	23
20	9	0.0	2	7 2
21	1	0.0	2	0 1
22	2	0.0	2	0 0 2


=== Second read: Adapter 2 ===

Sequence: AGCGTGGACTACNNGGGTATCTAAT; Type: non-internal 5'; Length: 25; Trimmed: 79 times

Minimum overlap: 3
No. of allowed errors:
1-9 bp: 0; 10-19 bp: 1; 20-23 bp: 2

Overview of removed sequences
length	count	expect	max.err	error counts
3	53	872.8	0	53
4	5	218.2	0	5
19	1	0.0	1	0 1
22	1	0.0	2	1
24	1	0.0	2	0 1
25	14	0.0	2	7 4 3
26	2	0.0	2	0 2
27	2	0.0	2	0 0 2
