This is cutadapt 4.4 with Python 3.7.12
Command line parameters: -g XACTCCTAYGGGRBGCASCAG -G XAGCGTGGACTACNNGGGTATCTAAT --discard-untrimmed -o trimmed/ERR2835963_1_trimmed.fastq.gz -p trimmed/ERR2835963_2_trimmed.fastq.gz ERR2835963_1.fastq.gz ERR2835963_2.fastq.gz -j 4
Processing paired-end reads on 4 cores ...
Finished in 0.548 s (18.661 µs/read; 3.22 M reads/minute).

=== Summary ===

Total read pairs processed:             29,355
  Read 1 with adapter:                       2 (0.0%)
  Read 2 with adapter:                  28,525 (97.2%)

== Read fate breakdown ==
Pairs discarded as untrimmed:           29,353 (100.0%)
Pairs written (passing filters):             2 (0.0%)

Total basepairs processed:    14,734,032 bp
  Read 1:     7,366,956 bp
  Read 2:     7,367,076 bp
Total written (filtered):            911 bp (0.0%)
  Read 1:           460 bp
  Read 2:           451 bp

=== First read: Adapter 1 ===

Sequence: ACTCCTAYGGGRBGCASCAG; Type: non-internal 5'; Length: 20; Trimmed: 2 times

Minimum overlap: 3
No. of allowed errors:
1-9 bp: 0; 10-19 bp: 1; 20 bp: 2

Overview of removed sequences
length	count	expect	max.err	error counts
20	2	0.0	2	2


=== Second read: Adapter 2 ===

Sequence: AGCGTGGACTACNNGGGTATCTAAT; Type: non-internal 5'; Length: 25; Trimmed: 28525 times

Minimum overlap: 3
No. of allowed errors:
1-9 bp: 0; 10-19 bp: 1; 20-23 bp: 2

Overview of removed sequences
length	count	expect	max.err	error counts
3	37	458.7	0	37
14	1	0.0	1	1
16	1	0.0	1	0 1
19	1	0.0	1	0 1
21	1	0.0	2	1
22	5	0.0	2	0 4 1
23	38	0.0	2	1 2 35
24	460	0.0	2	15 412 33
25	27918	0.0	2	26187 1426 305
26	61	0.0	2	0 57 4
27	2	0.0	2	0 0 2
