This is cutadapt 4.4 with Python 3.7.12
Command line parameters: -g XACTCCTAYGGGRBGCASCAG -G XAGCGTGGACTACNNGGGTATCTAAT --discard-untrimmed -o trimmed/ERR2836130_1_trimmed.fastq.gz -p trimmed/ERR2836130_2_trimmed.fastq.gz ERR2836130_1.fastq.gz ERR2836130_2.fastq.gz -j 4
Processing paired-end reads on 4 cores ...
Finished in 0.448 s (12.901 µs/read; 4.65 M reads/minute).

=== Summary ===

Total read pairs processed:             34,763
  Read 1 with adapter:                       8 (0.0%)
  Read 2 with adapter:                     116 (0.3%)

== Read fate breakdown ==
Pairs discarded as untrimmed:           34,763 (100.0%)
Pairs written (passing filters):             0 (0.0%)

Total basepairs processed:    17,405,470 bp
  Read 1:     8,723,142 bp
  Read 2:     8,682,328 bp
Total written (filtered):              0 bp (0.0%)
  Read 1:             0 bp
  Read 2:             0 bp

=== First read: Adapter 1 ===

Sequence: ACTCCTAYGGGRBGCASCAG; Type: non-internal 5'; Length: 20; Trimmed: 8 times

Minimum overlap: 3
No. of allowed errors:
1-9 bp: 0; 10-19 bp: 1; 20 bp: 2

Overview of removed sequences
length	count	expect	max.err	error counts
20	8	0.0	2	7 1


=== Second read: Adapter 2 ===

Sequence: AGCGTGGACTACNNGGGTATCTAAT; Type: non-internal 5'; Length: 25; Trimmed: 116 times

Minimum overlap: 3
No. of allowed errors:
1-9 bp: 0; 10-19 bp: 1; 20-23 bp: 2

Overview of removed sequences
length	count	expect	max.err	error counts
3	43	543.2	0	43
4	52	135.8	0	52
5	2	33.9	0	2
25	17	0.0	2	8 5 4
27	2	0.0	2	0 0 2
