This is cutadapt 4.4 with Python 3.7.12
Command line parameters: -g XACTCCTAYGGGRBGCASCAG -G XAGCGTGGACTACNNGGGTATCTAAT --discard-untrimmed -o trimmed/ERR2836058_1_trimmed.fastq.gz -p trimmed/ERR2836058_2_trimmed.fastq.gz ERR2836058_1.fastq.gz ERR2836058_2.fastq.gz -j 4
Processing paired-end reads on 4 cores ...
Finished in 0.485 s (12.416 µs/read; 4.83 M reads/minute).

=== Summary ===

Total read pairs processed:             39,034
  Read 1 with adapter:                       1 (0.0%)
  Read 2 with adapter:                     113 (0.3%)

== Read fate breakdown ==
Pairs discarded as untrimmed:           39,034 (100.0%)
Pairs written (passing filters):             0 (0.0%)

Total basepairs processed:    19,538,848 bp
  Read 1:     9,797,113 bp
  Read 2:     9,741,735 bp
Total written (filtered):              0 bp (0.0%)
  Read 1:             0 bp
  Read 2:             0 bp

=== First read: Adapter 1 ===

Sequence: ACTCCTAYGGGRBGCASCAG; Type: non-internal 5'; Length: 20; Trimmed: 1 times

Minimum overlap: 3
No. of allowed errors:
1-9 bp: 0; 10-19 bp: 1; 20 bp: 2

Overview of removed sequences
length	count	expect	max.err	error counts
3	1	609.9	0	1


=== Second read: Adapter 2 ===

Sequence: AGCGTGGACTACNNGGGTATCTAAT; Type: non-internal 5'; Length: 25; Trimmed: 113 times

Minimum overlap: 3
No. of allowed errors:
1-9 bp: 0; 10-19 bp: 1; 20-23 bp: 2

Overview of removed sequences
length	count	expect	max.err	error counts
3	1	609.9	0	1
4	100	152.5	0	100
5	1	38.1	0	1
25	11	0.0	2	7 2 2
