This is cutadapt 4.4 with Python 3.7.12
Command line parameters: -g XACTCCTAYGGGRBGCASCAG -G XAGCGTGGACTACNNGGGTATCTAAT --discard-untrimmed -o trimmed/ERR2836078_1_trimmed.fastq.gz -p trimmed/ERR2836078_2_trimmed.fastq.gz ERR2836078_1.fastq.gz ERR2836078_2.fastq.gz -j 4
Processing paired-end reads on 4 cores ...
Finished in 0.790 s (16.792 µs/read; 3.57 M reads/minute).

=== Summary ===

Total read pairs processed:             47,042
  Read 1 with adapter:                  46,988 (99.9%)
  Read 2 with adapter:                      58 (0.1%)

== Read fate breakdown ==
Pairs discarded as untrimmed:           46,984 (99.9%)
Pairs written (passing filters):            58 (0.1%)

Total basepairs processed:    23,519,344 bp
  Read 1:    11,775,849 bp
  Read 2:    11,743,495 bp
Total written (filtered):         27,471 bp (0.1%)
  Read 1:        13,365 bp
  Read 2:        14,106 bp

=== First read: Adapter 1 ===

Sequence: ACTCCTAYGGGRBGCASCAG; Type: non-internal 5'; Length: 20; Trimmed: 46988 times

Minimum overlap: 3
No. of allowed errors:
1-9 bp: 0; 10-19 bp: 1; 20 bp: 2

Overview of removed sequences
length	count	expect	max.err	error counts
4	1	183.8	0	1
16	4	0.0	1	4
17	7	0.0	1	4 3
18	62	0.0	1	4 3 55
19	638	0.0	1	48 576 14
20	46189	0.0	2	44793 1337 59
21	85	0.0	2	0 82 3
22	2	0.0	2	0 0 2


=== Second read: Adapter 2 ===

Sequence: AGCGTGGACTACNNGGGTATCTAAT; Type: non-internal 5'; Length: 25; Trimmed: 58 times

Minimum overlap: 3
No. of allowed errors:
1-9 bp: 0; 10-19 bp: 1; 20-23 bp: 2

Overview of removed sequences
length	count	expect	max.err	error counts
3	2	735.0	0	2
4	48	183.8	0	48
25	8	0.0	2	1 5 2
