This is cutadapt 4.4 with Python 3.7.12
Command line parameters: -g XACTCCTAYGGGRBGCASCAG -G XAGCGTGGACTACNNGGGTATCTAAT --discard-untrimmed -o trimmed/ERR2836050_1_trimmed.fastq.gz -p trimmed/ERR2836050_2_trimmed.fastq.gz ERR2836050_1.fastq.gz ERR2836050_2.fastq.gz -j 4
Processing paired-end reads on 4 cores ...
Finished in 0.677 s (12.210 µs/read; 4.91 M reads/minute).

=== Summary ===

Total read pairs processed:             55,467
  Read 1 with adapter:                     153 (0.3%)
  Read 2 with adapter:                     165 (0.3%)

== Read fate breakdown ==
Pairs discarded as untrimmed:           55,467 (100.0%)
Pairs written (passing filters):             0 (0.0%)

Total basepairs processed:    27,786,713 bp
  Read 1:    13,904,966 bp
  Read 2:    13,881,747 bp
Total written (filtered):              0 bp (0.0%)
  Read 1:             0 bp
  Read 2:             0 bp

=== First read: Adapter 1 ===

Sequence: ACTCCTAYGGGRBGCASCAG; Type: non-internal 5'; Length: 20; Trimmed: 153 times

Minimum overlap: 3
No. of allowed errors:
1-9 bp: 0; 10-19 bp: 1; 20 bp: 2

Overview of removed sequences
length	count	expect	max.err	error counts
3	11	866.7	0	11
4	114	216.7	0	114
5	14	54.2	0	14
20	10	0.0	2	9 1
21	1	0.0	2	0 0 1
22	3	0.0	2	0 0 3


=== Second read: Adapter 2 ===

Sequence: AGCGTGGACTACNNGGGTATCTAAT; Type: non-internal 5'; Length: 25; Trimmed: 165 times

Minimum overlap: 3
No. of allowed errors:
1-9 bp: 0; 10-19 bp: 1; 20-23 bp: 2

Overview of removed sequences
length	count	expect	max.err	error counts
4	153	216.7	0	153
25	12	0.0	2	7 3 2
