This is cutadapt 4.4 with Python 3.7.12
Command line parameters: -g XACTCCTAYGGGRBGCASCAG -G XAGCGTGGACTACNNGGGTATCTAAT --discard-untrimmed -o trimmed/ERR2836153_1_trimmed.fastq.gz -p trimmed/ERR2836153_2_trimmed.fastq.gz ERR2836153_1.fastq.gz ERR2836153_2.fastq.gz -j 4
Processing paired-end reads on 4 cores ...
Finished in 0.503 s (13.956 µs/read; 4.30 M reads/minute).

=== Summary ===

Total read pairs processed:             36,044
  Read 1 with adapter:                       3 (0.0%)
  Read 2 with adapter:                      15 (0.0%)

== Read fate breakdown ==
Pairs discarded as untrimmed:           36,044 (100.0%)
Pairs written (passing filters):             0 (0.0%)

Total basepairs processed:    18,088,858 bp
  Read 1:     9,046,072 bp
  Read 2:     9,042,786 bp
Total written (filtered):              0 bp (0.0%)
  Read 1:             0 bp
  Read 2:             0 bp

=== First read: Adapter 1 ===

Sequence: ACTCCTAYGGGRBGCASCAG; Type: non-internal 5'; Length: 20; Trimmed: 3 times

Minimum overlap: 3
No. of allowed errors:
1-9 bp: 0; 10-19 bp: 1; 20 bp: 2

Overview of removed sequences
length	count	expect	max.err	error counts
4	3	140.8	0	3


=== Second read: Adapter 2 ===

Sequence: AGCGTGGACTACNNGGGTATCTAAT; Type: non-internal 5'; Length: 25; Trimmed: 15 times

Minimum overlap: 3
No. of allowed errors:
1-9 bp: 0; 10-19 bp: 1; 20-23 bp: 2

Overview of removed sequences
length	count	expect	max.err	error counts
4	3	140.8	0	3
5	2	35.2	0	2
23	2	0.0	2	0 0 2
25	8	0.0	2	3 2 3
