This is cutadapt 4.4 with Python 3.7.12
Command line parameters: -g XACTCCTAYGGGRBGCASCAG -G XAGCGTGGACTACNNGGGTATCTAAT --discard-untrimmed -o trimmed/ERR2835959_1_trimmed.fastq.gz -p trimmed/ERR2835959_2_trimmed.fastq.gz ERR2835959_1.fastq.gz ERR2835959_2.fastq.gz -j 4
Processing paired-end reads on 4 cores ...
Finished in 0.683 s (17.668 µs/read; 3.40 M reads/minute).

=== Summary ===

Total read pairs processed:             38,666
  Read 1 with adapter:                       6 (0.0%)
  Read 2 with adapter:                  37,938 (98.1%)

== Read fate breakdown ==
Pairs discarded as untrimmed:           38,660 (100.0%)
Pairs written (passing filters):             6 (0.0%)

Total basepairs processed:    19,407,352 bp
  Read 1:     9,703,262 bp
  Read 2:     9,704,090 bp
Total written (filtered):          2,738 bp (0.0%)
  Read 1:         1,381 bp
  Read 2:         1,357 bp

=== First read: Adapter 1 ===

Sequence: ACTCCTAYGGGRBGCASCAG; Type: non-internal 5'; Length: 20; Trimmed: 6 times

Minimum overlap: 3
No. of allowed errors:
1-9 bp: 0; 10-19 bp: 1; 20 bp: 2

Overview of removed sequences
length	count	expect	max.err	error counts
20	6	0.0	2	6


=== Second read: Adapter 2 ===

Sequence: AGCGTGGACTACNNGGGTATCTAAT; Type: non-internal 5'; Length: 25; Trimmed: 37938 times

Minimum overlap: 3
No. of allowed errors:
1-9 bp: 0; 10-19 bp: 1; 20-23 bp: 2

Overview of removed sequences
length	count	expect	max.err	error counts
3	2	604.2	0	2
15	1	0.0	1	1
16	1	0.0	1	1
18	1	0.0	1	0 1
22	3	0.0	2	0 2 1
23	51	0.0	2	2 3 46
24	547	0.0	2	18 504 25
25	37232	0.0	2	35610 1416 206
26	98	0.0	2	0 93 5
27	2	0.0	2	0 0 2
