This is cutadapt 4.4 with Python 3.7.12
Command line parameters: -g XACTCCTAYGGGRBGCASCAG -G XAGCGTGGACTACNNGGGTATCTAAT --discard-untrimmed -o trimmed/ERR2836020_1_trimmed.fastq.gz -p trimmed/ERR2836020_2_trimmed.fastq.gz ERR2836020_1.fastq.gz ERR2836020_2.fastq.gz -j 4
Processing paired-end reads on 4 cores ...
Finished in 0.855 s (13.363 µs/read; 4.49 M reads/minute).

=== Summary ===

Total read pairs processed:             63,983
  Read 1 with adapter:                     156 (0.2%)
  Read 2 with adapter:                     132 (0.2%)

== Read fate breakdown ==
Pairs discarded as untrimmed:           63,982 (100.0%)
Pairs written (passing filters):             1 (0.0%)

Total basepairs processed:    32,008,847 bp
  Read 1:    16,011,888 bp
  Read 2:    15,996,959 bp
Total written (filtered):            494 bp (0.0%)
  Read 1:           247 bp
  Read 2:           247 bp

=== First read: Adapter 1 ===

Sequence: ACTCCTAYGGGRBGCASCAG; Type: non-internal 5'; Length: 20; Trimmed: 156 times

Minimum overlap: 3
No. of allowed errors:
1-9 bp: 0; 10-19 bp: 1; 20 bp: 2

Overview of removed sequences
length	count	expect	max.err	error counts
3	7	999.7	0	7
4	126	249.9	0	126
5	8	62.5	0	8
8	1	1.0	0	1
20	8	0.0	2	5 3
22	6	0.0	2	0 0 6


=== Second read: Adapter 2 ===

Sequence: AGCGTGGACTACNNGGGTATCTAAT; Type: non-internal 5'; Length: 25; Trimmed: 132 times

Minimum overlap: 3
No. of allowed errors:
1-9 bp: 0; 10-19 bp: 1; 20-23 bp: 2

Overview of removed sequences
length	count	expect	max.err	error counts
3	93	999.7	0	93
4	6	249.9	0	6
5	1	62.5	0	1
23	2	0.0	2	0 2
24	1	0.0	2	0 1
25	15	0.0	2	6 6 3
26	5	0.0	2	0 3 2
27	9	0.0	2	0 0 9
