This is cutadapt 4.4 with Python 3.7.12
Command line parameters: -g XACTCCTAYGGGRBGCASCAG -G XAGCGTGGACTACNNGGGTATCTAAT --discard-untrimmed -o trimmed/ERR2836120_1_trimmed.fastq.gz -p trimmed/ERR2836120_2_trimmed.fastq.gz ERR2836120_1.fastq.gz ERR2836120_2.fastq.gz -j 4
Processing paired-end reads on 4 cores ...
Finished in 0.601 s (12.850 µs/read; 4.67 M reads/minute).

=== Summary ===

Total read pairs processed:             46,788
  Read 1 with adapter:                       1 (0.0%)
  Read 2 with adapter:                     199 (0.4%)

== Read fate breakdown ==
Pairs discarded as untrimmed:           46,788 (100.0%)
Pairs written (passing filters):             0 (0.0%)

Total basepairs processed:    23,440,111 bp
  Read 1:    11,742,253 bp
  Read 2:    11,697,858 bp
Total written (filtered):              0 bp (0.0%)
  Read 1:             0 bp
  Read 2:             0 bp

=== First read: Adapter 1 ===

Sequence: ACTCCTAYGGGRBGCASCAG; Type: non-internal 5'; Length: 20; Trimmed: 1 times

Minimum overlap: 3
No. of allowed errors:
1-9 bp: 0; 10-19 bp: 1; 20 bp: 2

Overview of removed sequences
length	count	expect	max.err	error counts
20	1	0.0	2	1


=== Second read: Adapter 2 ===

Sequence: AGCGTGGACTACNNGGGTATCTAAT; Type: non-internal 5'; Length: 25; Trimmed: 199 times

Minimum overlap: 3
No. of allowed errors:
1-9 bp: 0; 10-19 bp: 1; 20-23 bp: 2

Overview of removed sequences
length	count	expect	max.err	error counts
3	173	731.1	0	173
4	3	182.8	0	3
24	5	0.0	2	1 0 4
25	17	0.0	2	8 5 4
27	1	0.0	2	0 0 1
