This is cutadapt 4.4 with Python 3.7.12
Command line parameters: -g XACTCCTAYGGGRBGCASCAG -G XAGCGTGGACTACNNGGGTATCTAAT --discard-untrimmed -o trimmed/ERR2836155_1_trimmed.fastq.gz -p trimmed/ERR2836155_2_trimmed.fastq.gz ERR2836155_1.fastq.gz ERR2836155_2.fastq.gz -j 4
Processing paired-end reads on 4 cores ...
Finished in 0.595 s (17.995 µs/read; 3.33 M reads/minute).

=== Summary ===

Total read pairs processed:             33,078
  Read 1 with adapter:                       3 (0.0%)
  Read 2 with adapter:                  31,948 (96.6%)

== Read fate breakdown ==
Pairs discarded as untrimmed:           33,076 (100.0%)
Pairs written (passing filters):             2 (0.0%)

Total basepairs processed:    16,602,530 bp
  Read 1:     8,300,908 bp
  Read 2:     8,301,622 bp
Total written (filtered):            913 bp (0.0%)
  Read 1:           462 bp
  Read 2:           451 bp

=== First read: Adapter 1 ===

Sequence: ACTCCTAYGGGRBGCASCAG; Type: non-internal 5'; Length: 20; Trimmed: 3 times

Minimum overlap: 3
No. of allowed errors:
1-9 bp: 0; 10-19 bp: 1; 20 bp: 2

Overview of removed sequences
length	count	expect	max.err	error counts
20	3	0.0	2	3


=== Second read: Adapter 2 ===

Sequence: AGCGTGGACTACNNGGGTATCTAAT; Type: non-internal 5'; Length: 25; Trimmed: 31948 times

Minimum overlap: 3
No. of allowed errors:
1-9 bp: 0; 10-19 bp: 1; 20-23 bp: 2

Overview of removed sequences
length	count	expect	max.err	error counts
3	13	516.8	0	13
4	3	129.2	0	3
15	1	0.0	1	1
19	1	0.0	1	0 1
22	2	0.0	2	0 0 2
23	59	0.0	2	5 1 53
24	497	0.0	2	23 456 18
25	31292	0.0	2	29310 1648 334
26	77	0.0	2	0 71 6
27	3	0.0	2	0 0 3
