This is cutadapt 4.4 with Python 3.7.12
Command line parameters: -g XACTCCTAYGGGRBGCASCAG -G XAGCGTGGACTACNNGGGTATCTAAT --discard-untrimmed -o trimmed/ERR2836003_1_trimmed.fastq.gz -p trimmed/ERR2836003_2_trimmed.fastq.gz ERR2836003_1.fastq.gz ERR2836003_2.fastq.gz -j 4
Processing paired-end reads on 4 cores ...
Finished in 0.356 s (16.687 µs/read; 3.60 M reads/minute).

=== Summary ===

Total read pairs processed:             21,360
  Read 1 with adapter:                       1 (0.0%)
  Read 2 with adapter:                     189 (0.9%)

== Read fate breakdown ==
Pairs discarded as untrimmed:           21,359 (100.0%)
Pairs written (passing filters):             1 (0.0%)

Total basepairs processed:    10,699,909 bp
  Read 1:     5,359,457 bp
  Read 2:     5,340,452 bp
Total written (filtered):            457 bp (0.0%)
  Read 1:           231 bp
  Read 2:           226 bp

=== First read: Adapter 1 ===

Sequence: ACTCCTAYGGGRBGCASCAG; Type: non-internal 5'; Length: 20; Trimmed: 1 times

Minimum overlap: 3
No. of allowed errors:
1-9 bp: 0; 10-19 bp: 1; 20 bp: 2

Overview of removed sequences
length	count	expect	max.err	error counts
20	1	0.0	2	1


=== Second read: Adapter 2 ===

Sequence: AGCGTGGACTACNNGGGTATCTAAT; Type: non-internal 5'; Length: 25; Trimmed: 189 times

Minimum overlap: 3
No. of allowed errors:
1-9 bp: 0; 10-19 bp: 1; 20-23 bp: 2

Overview of removed sequences
length	count	expect	max.err	error counts
3	55	333.8	0	55
24	2	0.0	2	0 1 1
25	130	0.0	2	113 8 9
26	2	0.0	2	0 2
