This is cutadapt 4.4 with Python 3.7.12
Command line parameters: -g XACTCCTAYGGGRBGCASCAG -G XAGCGTGGACTACNNGGGTATCTAAT --discard-untrimmed -o trimmed/ERR2836129_1_trimmed.fastq.gz -p trimmed/ERR2836129_2_trimmed.fastq.gz ERR2836129_1.fastq.gz ERR2836129_2.fastq.gz -j 4
Processing paired-end reads on 4 cores ...
Finished in 0.510 s (14.232 µs/read; 4.22 M reads/minute).

=== Summary ===

Total read pairs processed:             35,814
  Read 1 with adapter:                       8 (0.0%)
  Read 2 with adapter:                       8 (0.0%)

== Read fate breakdown ==
Pairs discarded as untrimmed:           35,814 (100.0%)
Pairs written (passing filters):             0 (0.0%)

Total basepairs processed:    17,975,066 bp
  Read 1:     8,987,816 bp
  Read 2:     8,987,250 bp
Total written (filtered):              0 bp (0.0%)
  Read 1:             0 bp
  Read 2:             0 bp

=== First read: Adapter 1 ===

Sequence: ACTCCTAYGGGRBGCASCAG; Type: non-internal 5'; Length: 20; Trimmed: 8 times

Minimum overlap: 3
No. of allowed errors:
1-9 bp: 0; 10-19 bp: 1; 20 bp: 2

Overview of removed sequences
length	count	expect	max.err	error counts
4	4	139.9	0	4
20	4	0.0	2	4


=== Second read: Adapter 2 ===

Sequence: AGCGTGGACTACNNGGGTATCTAAT; Type: non-internal 5'; Length: 25; Trimmed: 8 times

Minimum overlap: 3
No. of allowed errors:
1-9 bp: 0; 10-19 bp: 1; 20-23 bp: 2

Overview of removed sequences
length	count	expect	max.err	error counts
4	2	139.9	0	2
5	1	35.0	0	1
25	5	0.0	2	2 2 1
