This is cutadapt 4.4 with Python 3.7.12
Command line parameters: -g XACTCCTAYGGGRBGCASCAG -G XAGCGTGGACTACNNGGGTATCTAAT --discard-untrimmed -o trimmed/ERR2836082_1_trimmed.fastq.gz -p trimmed/ERR2836082_2_trimmed.fastq.gz ERR2836082_1.fastq.gz ERR2836082_2.fastq.gz -j 4
Processing paired-end reads on 4 cores ...
Finished in 0.704 s (12.647 µs/read; 4.74 M reads/minute).

=== Summary ===

Total read pairs processed:             55,704
  Read 1 with adapter:                     180 (0.3%)
  Read 2 with adapter:                     144 (0.3%)

== Read fate breakdown ==
Pairs discarded as untrimmed:           55,704 (100.0%)
Pairs written (passing filters):             0 (0.0%)

Total basepairs processed:    27,885,352 bp
  Read 1:    13,973,313 bp
  Read 2:    13,912,039 bp
Total written (filtered):              0 bp (0.0%)
  Read 1:             0 bp
  Read 2:             0 bp

=== First read: Adapter 1 ===

Sequence: ACTCCTAYGGGRBGCASCAG; Type: non-internal 5'; Length: 20; Trimmed: 180 times

Minimum overlap: 3
No. of allowed errors:
1-9 bp: 0; 10-19 bp: 1; 20 bp: 2

Overview of removed sequences
length	count	expect	max.err	error counts
3	4	870.4	0	4
4	127	217.6	0	127
5	23	54.4	0	23
6	1	13.6	0	1
20	21	0.0	2	18 3
22	4	0.0	2	0 0 4


=== Second read: Adapter 2 ===

Sequence: AGCGTGGACTACNNGGGTATCTAAT; Type: non-internal 5'; Length: 25; Trimmed: 144 times

Minimum overlap: 3
No. of allowed errors:
1-9 bp: 0; 10-19 bp: 1; 20-23 bp: 2

Overview of removed sequences
length	count	expect	max.err	error counts
4	135	217.6	0	135
6	1	13.6	0	1
25	8	0.0	2	4 3 1
