This is cutadapt 4.4 with Python 3.7.12
Command line parameters: -g XACTCCTAYGGGRBGCASCAG -G XAGCGTGGACTACNNGGGTATCTAAT --discard-untrimmed -o trimmed/ERR2836036_1_trimmed.fastq.gz -p trimmed/ERR2836036_2_trimmed.fastq.gz ERR2836036_1.fastq.gz ERR2836036_2.fastq.gz -j 4
Processing paired-end reads on 4 cores ...
Finished in 0.498 s (13.730 µs/read; 4.37 M reads/minute).

=== Summary ===

Total read pairs processed:             36,280
  Read 1 with adapter:                       7 (0.0%)
  Read 2 with adapter:                      70 (0.2%)

== Read fate breakdown ==
Pairs discarded as untrimmed:           36,280 (100.0%)
Pairs written (passing filters):             0 (0.0%)

Total basepairs processed:    18,173,519 bp
  Read 1:     9,102,983 bp
  Read 2:     9,070,536 bp
Total written (filtered):              0 bp (0.0%)
  Read 1:             0 bp
  Read 2:             0 bp

=== First read: Adapter 1 ===

Sequence: ACTCCTAYGGGRBGCASCAG; Type: non-internal 5'; Length: 20; Trimmed: 7 times

Minimum overlap: 3
No. of allowed errors:
1-9 bp: 0; 10-19 bp: 1; 20 bp: 2

Overview of removed sequences
length	count	expect	max.err	error counts
4	1	141.7	0	1
19	2	0.0	1	0 2
20	4	0.0	2	3 0 1


=== Second read: Adapter 2 ===

Sequence: AGCGTGGACTACNNGGGTATCTAAT; Type: non-internal 5'; Length: 25; Trimmed: 70 times

Minimum overlap: 3
No. of allowed errors:
1-9 bp: 0; 10-19 bp: 1; 20-23 bp: 2

Overview of removed sequences
length	count	expect	max.err	error counts
3	46	566.9	0	46
4	3	141.7	0	3
5	1	35.4	0	1
23	2	0.0	2	2
25	11	0.0	2	8 1 2
26	5	0.0	2	0 2 3
27	2	0.0	2	0 0 2
