This is cutadapt 4.4 with Python 3.7.12
Command line parameters: -g XACTCCTAYGGGRBGCASCAG -G XAGCGTGGACTACNNGGGTATCTAAT --discard-untrimmed -o trimmed/ERR2835911_1_trimmed.fastq.gz -p trimmed/ERR2835911_2_trimmed.fastq.gz ERR2835911_1.fastq.gz ERR2835911_2.fastq.gz -j 4
Processing paired-end reads on 4 cores ...
Finished in 2.634 s (52.037 µs/read; 1.15 M reads/minute).

=== Summary ===

Total read pairs processed:             50,623
  Read 1 with adapter:                  50,492 (99.7%)
  Read 2 with adapter:                  49,858 (98.5%)

== Read fate breakdown ==
Pairs discarded as untrimmed:              896 (1.8%)
Pairs written (passing filters):        49,727 (98.2%)

Total basepairs processed:    25,378,616 bp
  Read 1:    12,673,181 bp
  Read 2:    12,705,435 bp
Total written (filtered):     22,693,557 bp (89.4%)
  Read 1:    11,454,828 bp
  Read 2:    11,238,729 bp

=== First read: Adapter 1 ===

Sequence: ACTCCTAYGGGRBGCASCAG; Type: non-internal 5'; Length: 20; Trimmed: 50492 times

Minimum overlap: 3
No. of allowed errors:
1-9 bp: 0; 10-19 bp: 1; 20 bp: 2

Overview of removed sequences
length	count	expect	max.err	error counts
16	2	0.0	1	1 1
17	3	0.0	1	0 3
18	45	0.0	1	3 5 37
19	600	0.0	1	25 561 14
20	49712	0.0	2	48041 1599 72
21	130	0.0	2	0 115 15


=== Second read: Adapter 2 ===

Sequence: AGCGTGGACTACNNGGGTATCTAAT; Type: non-internal 5'; Length: 25; Trimmed: 49858 times

Minimum overlap: 3
No. of allowed errors:
1-9 bp: 0; 10-19 bp: 1; 20-23 bp: 2

Overview of removed sequences
length	count	expect	max.err	error counts
3	2	791.0	0	2
16	3	0.0	1	0 3
21	1	0.0	2	0 1
22	2	0.0	2	2
23	76	0.0	2	0 6 70
24	729	0.0	2	17 689 23
25	48894	0.0	2	46895 1830 169
26	149	0.0	2	0 146 3
27	2	0.0	2	0 0 2
