This is cutadapt 4.4 with Python 3.7.12
Command line parameters: -g XACTCCTAYGGGRBGCASCAG -G XAGCGTGGACTACNNGGGTATCTAAT --discard-untrimmed -o trimmed/ERR2835956_1_trimmed.fastq.gz -p trimmed/ERR2835956_2_trimmed.fastq.gz ERR2835956_1.fastq.gz ERR2835956_2.fastq.gz -j 4
Processing paired-end reads on 4 cores ...
Finished in 0.776 s (13.854 µs/read; 4.33 M reads/minute).

=== Summary ===

Total read pairs processed:             56,021
  Read 1 with adapter:                     579 (1.0%)
  Read 2 with adapter:                      99 (0.2%)

== Read fate breakdown ==
Pairs discarded as untrimmed:           56,020 (100.0%)
Pairs written (passing filters):             1 (0.0%)

Total basepairs processed:    28,054,256 bp
  Read 1:    14,047,606 bp
  Read 2:    14,006,650 bp
Total written (filtered):            478 bp (0.0%)
  Read 1:           231 bp
  Read 2:           247 bp

=== First read: Adapter 1 ===

Sequence: ACTCCTAYGGGRBGCASCAG; Type: non-internal 5'; Length: 20; Trimmed: 579 times

Minimum overlap: 3
No. of allowed errors:
1-9 bp: 0; 10-19 bp: 1; 20 bp: 2

Overview of removed sequences
length	count	expect	max.err	error counts
3	2	875.3	0	2
4	101	218.8	0	101
5	16	54.7	0	16
19	5	0.0	1	0 5
20	450	0.0	2	433 17
21	2	0.0	2	0 2
22	3	0.0	2	0 0 3


=== Second read: Adapter 2 ===

Sequence: AGCGTGGACTACNNGGGTATCTAAT; Type: non-internal 5'; Length: 25; Trimmed: 99 times

Minimum overlap: 3
No. of allowed errors:
1-9 bp: 0; 10-19 bp: 1; 20-23 bp: 2

Overview of removed sequences
length	count	expect	max.err	error counts
3	56	875.3	0	56
4	1	218.8	0	1
5	14	54.7	0	14
20	1	0.0	2	1
24	1	0.0	2	1
25	13	0.0	2	8 4 1
26	8	0.0	2	0 2 6
27	5	0.0	2	0 0 5
