This is cutadapt 4.4 with Python 3.7.12
Command line parameters: -g XACTCCTAYGGGRBGCASCAG -G XAGCGTGGACTACNNGGGTATCTAAT --discard-untrimmed -o trimmed/ERR2836062_1_trimmed.fastq.gz -p trimmed/ERR2836062_2_trimmed.fastq.gz ERR2836062_1.fastq.gz ERR2836062_2.fastq.gz -j 4
Processing paired-end reads on 4 cores ...
Finished in 0.454 s (12.448 µs/read; 4.82 M reads/minute).

=== Summary ===

Total read pairs processed:             36,508
  Read 1 with adapter:                       3 (0.0%)
  Read 2 with adapter:                      71 (0.2%)

== Read fate breakdown ==
Pairs discarded as untrimmed:           36,508 (100.0%)
Pairs written (passing filters):             0 (0.0%)

Total basepairs processed:    18,291,294 bp
  Read 1:     9,163,139 bp
  Read 2:     9,128,155 bp
Total written (filtered):              0 bp (0.0%)
  Read 1:             0 bp
  Read 2:             0 bp

=== First read: Adapter 1 ===

Sequence: ACTCCTAYGGGRBGCASCAG; Type: non-internal 5'; Length: 20; Trimmed: 3 times

Minimum overlap: 3
No. of allowed errors:
1-9 bp: 0; 10-19 bp: 1; 20 bp: 2

Overview of removed sequences
length	count	expect	max.err	error counts
20	3	0.0	2	3


=== Second read: Adapter 2 ===

Sequence: AGCGTGGACTACNNGGGTATCTAAT; Type: non-internal 5'; Length: 25; Trimmed: 71 times

Minimum overlap: 3
No. of allowed errors:
1-9 bp: 0; 10-19 bp: 1; 20-23 bp: 2

Overview of removed sequences
length	count	expect	max.err	error counts
3	3	570.4	0	3
4	56	142.6	0	56
25	12	0.0	2	8 2 2
