This is cutadapt 4.4 with Python 3.7.12
Command line parameters: -g XACTCCTAYGGGRBGCASCAG -G XAGCGTGGACTACNNGGGTATCTAAT --discard-untrimmed -o trimmed/ERR2836080_1_trimmed.fastq.gz -p trimmed/ERR2836080_2_trimmed.fastq.gz ERR2836080_1.fastq.gz ERR2836080_2.fastq.gz -j 4
Processing paired-end reads on 4 cores ...
Finished in 0.754 s (13.367 µs/read; 4.49 M reads/minute).

=== Summary ===

Total read pairs processed:             56,431
  Read 1 with adapter:                     166 (0.3%)
  Read 2 with adapter:                      75 (0.1%)

== Read fate breakdown ==
Pairs discarded as untrimmed:           56,430 (100.0%)
Pairs written (passing filters):             1 (0.0%)

Total basepairs processed:    28,249,004 bp
  Read 1:    14,140,219 bp
  Read 2:    14,108,785 bp
Total written (filtered):            494 bp (0.0%)
  Read 1:           247 bp
  Read 2:           247 bp

=== First read: Adapter 1 ===

Sequence: ACTCCTAYGGGRBGCASCAG; Type: non-internal 5'; Length: 20; Trimmed: 166 times

Minimum overlap: 3
No. of allowed errors:
1-9 bp: 0; 10-19 bp: 1; 20 bp: 2

Overview of removed sequences
length	count	expect	max.err	error counts
3	5	881.7	0	5
4	127	220.4	0	127
5	15	55.1	0	15
8	1	0.9	0	1
20	15	0.0	2	13 2
22	3	0.0	2	0 0 3


=== Second read: Adapter 2 ===

Sequence: AGCGTGGACTACNNGGGTATCTAAT; Type: non-internal 5'; Length: 25; Trimmed: 75 times

Minimum overlap: 3
No. of allowed errors:
1-9 bp: 0; 10-19 bp: 1; 20-23 bp: 2

Overview of removed sequences
length	count	expect	max.err	error counts
3	50	881.7	0	50
4	2	220.4	0	2
6	1	13.8	0	1
23	2	0.0	2	0 2
24	1	0.0	2	0 1
25	10	0.0	2	2 4 4
26	5	0.0	2	0 0 5
27	4	0.0	2	0 0 4
