This is cutadapt 4.4 with Python 3.7.12
Command line parameters: -g XACTCCTAYGGGRBGCASCAG -G XAGCGTGGACTACNNGGGTATCTAAT --discard-untrimmed -o trimmed/ERR2836052_1_trimmed.fastq.gz -p trimmed/ERR2836052_2_trimmed.fastq.gz ERR2836052_1.fastq.gz ERR2836052_2.fastq.gz -j 4
Processing paired-end reads on 4 cores ...
Finished in 0.752 s (13.345 µs/read; 4.50 M reads/minute).

=== Summary ===

Total read pairs processed:             56,333
  Read 1 with adapter:                     155 (0.3%)
  Read 2 with adapter:                     102 (0.2%)

== Read fate breakdown ==
Pairs discarded as untrimmed:           56,333 (100.0%)
Pairs written (passing filters):             0 (0.0%)

Total basepairs processed:    28,214,016 bp
  Read 1:    14,129,752 bp
  Read 2:    14,084,264 bp
Total written (filtered):              0 bp (0.0%)
  Read 1:             0 bp
  Read 2:             0 bp

=== First read: Adapter 1 ===

Sequence: ACTCCTAYGGGRBGCASCAG; Type: non-internal 5'; Length: 20; Trimmed: 155 times

Minimum overlap: 3
No. of allowed errors:
1-9 bp: 0; 10-19 bp: 1; 20 bp: 2

Overview of removed sequences
length	count	expect	max.err	error counts
3	11	880.2	0	11
4	120	220.1	0	120
5	11	55.0	0	11
20	10	0.0	2	9 1
21	3	0.0	2	0 2 1


=== Second read: Adapter 2 ===

Sequence: AGCGTGGACTACNNGGGTATCTAAT; Type: non-internal 5'; Length: 25; Trimmed: 102 times

Minimum overlap: 3
No. of allowed errors:
1-9 bp: 0; 10-19 bp: 1; 20-23 bp: 2

Overview of removed sequences
length	count	expect	max.err	error counts
3	67	880.2	0	67
4	5	220.1	0	5
5	1	55.0	0	1
20	2	0.0	2	2
23	2	0.0	2	1 1
24	1	0.0	2	0 0 1
25	18	0.0	2	9 3 6
26	3	0.0	2	0 2 1
27	3	0.0	2	0 0 3
