This is cutadapt 4.4 with Python 3.7.12
Command line parameters: -g XACTCCTAYGGGRBGCASCAG -G XAGCGTGGACTACNNGGGTATCTAAT --discard-untrimmed -o trimmed/ERR2836042_1_trimmed.fastq.gz -p trimmed/ERR2836042_2_trimmed.fastq.gz ERR2836042_1.fastq.gz ERR2836042_2.fastq.gz -j 4
Processing paired-end reads on 4 cores ...
Finished in 0.675 s (17.560 µs/read; 3.42 M reads/minute).

=== Summary ===

Total read pairs processed:             38,430
  Read 1 with adapter:                  38,346 (99.8%)
  Read 2 with adapter:                     105 (0.3%)

== Read fate breakdown ==
Pairs discarded as untrimmed:           38,325 (99.7%)
Pairs written (passing filters):           105 (0.3%)

Total basepairs processed:    19,194,010 bp
  Read 1:     9,599,547 bp
  Read 2:     9,594,463 bp
Total written (filtered):         49,711 bp (0.3%)
  Read 1:        24,160 bp
  Read 2:        25,551 bp

=== First read: Adapter 1 ===

Sequence: ACTCCTAYGGGRBGCASCAG; Type: non-internal 5'; Length: 20; Trimmed: 38346 times

Minimum overlap: 3
No. of allowed errors:
1-9 bp: 0; 10-19 bp: 1; 20 bp: 2

Overview of removed sequences
length	count	expect	max.err	error counts
5	1	37.5	0	1
16	1	0.0	1	1
17	6	0.0	1	2 4
18	51	0.0	1	6 6 39
19	546	0.0	1	39 480 27
20	37650	0.0	2	36201 1400 49
21	91	0.0	2	0 85 6


=== Second read: Adapter 2 ===

Sequence: AGCGTGGACTACNNGGGTATCTAAT; Type: non-internal 5'; Length: 25; Trimmed: 105 times

Minimum overlap: 3
No. of allowed errors:
1-9 bp: 0; 10-19 bp: 1; 20-23 bp: 2

Overview of removed sequences
length	count	expect	max.err	error counts
3	3	600.5	0	3
4	89	150.1	0	89
25	12	0.0	2	11 1
27	1	0.0	2	0 0 1
