This is cutadapt 4.4 with Python 3.7.12
Command line parameters: -g XACTCCTAYGGGRBGCASCAG -G XAGCGTGGACTACNNGGGTATCTAAT --discard-untrimmed -o trimmed/ERR2835982_1_trimmed.fastq.gz -p trimmed/ERR2835982_2_trimmed.fastq.gz ERR2835982_1.fastq.gz ERR2835982_2.fastq.gz -j 4
Processing paired-end reads on 4 cores ...
Finished in 0.841 s (16.484 µs/read; 3.64 M reads/minute).

=== Summary ===

Total read pairs processed:             50,994
  Read 1 with adapter:                  50,907 (99.8%)
  Read 2 with adapter:                     145 (0.3%)

== Read fate breakdown ==
Pairs discarded as untrimmed:           50,849 (99.7%)
Pairs written (passing filters):           145 (0.3%)

Total basepairs processed:    25,517,855 bp
  Read 1:    12,783,493 bp
  Read 2:    12,734,362 bp
Total written (filtered):         68,973 bp (0.3%)
  Read 1:        33,443 bp
  Read 2:        35,530 bp

=== First read: Adapter 1 ===

Sequence: ACTCCTAYGGGRBGCASCAG; Type: non-internal 5'; Length: 20; Trimmed: 50907 times

Minimum overlap: 3
No. of allowed errors:
1-9 bp: 0; 10-19 bp: 1; 20 bp: 2

Overview of removed sequences
length	count	expect	max.err	error counts
4	1	199.2	0	1
16	1	0.0	1	1
17	2	0.0	1	0 2
18	71	0.0	1	2 8 61
19	560	0.0	1	13 534 13
20	50150	0.0	2	48584 1505 61
21	119	0.0	2	0 108 11
22	3	0.0	2	0 0 3


=== Second read: Adapter 2 ===

Sequence: AGCGTGGACTACNNGGGTATCTAAT; Type: non-internal 5'; Length: 25; Trimmed: 145 times

Minimum overlap: 3
No. of allowed errors:
1-9 bp: 0; 10-19 bp: 1; 20-23 bp: 2

Overview of removed sequences
length	count	expect	max.err	error counts
3	1	796.8	0	1
4	138	199.2	0	138
25	6	0.0	2	4 0 2
