This is cutadapt 4.4 with Python 3.7.12
Command line parameters: -g XACTCCTAYGGGRBGCASCAG -G XAGCGTGGACTACNNGGGTATCTAAT --discard-untrimmed -o trimmed/ERR2836121_1_trimmed.fastq.gz -p trimmed/ERR2836121_2_trimmed.fastq.gz ERR2836121_1.fastq.gz ERR2836121_2.fastq.gz -j 4
Processing paired-end reads on 4 cores ...
Finished in 0.568 s (13.353 µs/read; 4.49 M reads/minute).

=== Summary ===

Total read pairs processed:             42,527
  Read 1 with adapter:                       2 (0.0%)
  Read 2 with adapter:                      13 (0.0%)

== Read fate breakdown ==
Pairs discarded as untrimmed:           42,527 (100.0%)
Pairs written (passing filters):             0 (0.0%)

Total basepairs processed:    21,345,009 bp
  Read 1:    10,673,425 bp
  Read 2:    10,671,584 bp
Total written (filtered):              0 bp (0.0%)
  Read 1:             0 bp
  Read 2:             0 bp

=== First read: Adapter 1 ===

Sequence: ACTCCTAYGGGRBGCASCAG; Type: non-internal 5'; Length: 20; Trimmed: 2 times

Minimum overlap: 3
No. of allowed errors:
1-9 bp: 0; 10-19 bp: 1; 20 bp: 2

Overview of removed sequences
length	count	expect	max.err	error counts
20	2	0.0	2	1 1


=== Second read: Adapter 2 ===

Sequence: AGCGTGGACTACNNGGGTATCTAAT; Type: non-internal 5'; Length: 25; Trimmed: 13 times

Minimum overlap: 3
No. of allowed errors:
1-9 bp: 0; 10-19 bp: 1; 20-23 bp: 2

Overview of removed sequences
length	count	expect	max.err	error counts
3	1	664.5	0	1
4	1	166.1	0	1
5	1	41.5	0	1
8	1	0.6	0	1
25	8	0.0	2	3 3 2
26	1	0.0	2	0 0 1
