This is cutadapt 4.4 with Python 3.7.12
Command line parameters: -g XACTCCTAYGGGRBGCASCAG -G XAGCGTGGACTACNNGGGTATCTAAT --discard-untrimmed -o trimmed/ERR2835980_1_trimmed.fastq.gz -p trimmed/ERR2835980_2_trimmed.fastq.gz ERR2835980_1.fastq.gz ERR2835980_2.fastq.gz -j 4
Processing paired-end reads on 4 cores ...
Finished in 0.122 s (399.198 µs/read; 0.15 M reads/minute).

=== Summary ===

Total read pairs processed:                306
  Read 1 with adapter:                     304 (99.3%)
  Read 2 with adapter:                      13 (4.2%)

== Read fate breakdown ==
Pairs discarded as untrimmed:              293 (95.8%)
Pairs written (passing filters):            13 (4.2%)

Total basepairs processed:       153,282 bp
  Read 1:        76,701 bp
  Read 2:        76,581 bp
Total written (filtered):          6,117 bp (4.0%)
  Read 1:         2,993 bp
  Read 2:         3,124 bp

=== First read: Adapter 1 ===

Sequence: ACTCCTAYGGGRBGCASCAG; Type: non-internal 5'; Length: 20; Trimmed: 304 times

Minimum overlap: 3
No. of allowed errors:
1-9 bp: 0; 10-19 bp: 1; 20 bp: 2

Overview of removed sequences
length	count	expect	max.err	error counts
19	2	0.0	1	0 2
20	300	0.0	2	287 13
21	2	0.0	2	0 1 1


=== Second read: Adapter 2 ===

Sequence: AGCGTGGACTACNNGGGTATCTAAT; Type: non-internal 5'; Length: 25; Trimmed: 13 times

Minimum overlap: 3
No. of allowed errors:
1-9 bp: 0; 10-19 bp: 1; 20-23 bp: 2

Overview of removed sequences
length	count	expect	max.err	error counts
3	8	4.8	0	8
4	1	1.2	0	1
25	4	0.0	2	2 0 2
