This is cutadapt 4.4 with Python 3.7.12
Command line parameters: -g XACTCCTAYGGGRBGCASCAG -G XAGCGTGGACTACNNGGGTATCTAAT --discard-untrimmed -o trimmed/ERR2836096_1_trimmed.fastq.gz -p trimmed/ERR2836096_2_trimmed.fastq.gz ERR2836096_1.fastq.gz ERR2836096_2.fastq.gz -j 4
Processing paired-end reads on 4 cores ...
Finished in 0.721 s (11.971 µs/read; 5.01 M reads/minute).

=== Summary ===

Total read pairs processed:             60,249
  Read 1 with adapter:                       5 (0.0%)
  Read 2 with adapter:                     156 (0.3%)

== Read fate breakdown ==
Pairs discarded as untrimmed:           60,249 (100.0%)
Pairs written (passing filters):             0 (0.0%)

Total basepairs processed:    30,182,908 bp
  Read 1:    15,119,731 bp
  Read 2:    15,063,177 bp
Total written (filtered):              0 bp (0.0%)
  Read 1:             0 bp
  Read 2:             0 bp

=== First read: Adapter 1 ===

Sequence: ACTCCTAYGGGRBGCASCAG; Type: non-internal 5'; Length: 20; Trimmed: 5 times

Minimum overlap: 3
No. of allowed errors:
1-9 bp: 0; 10-19 bp: 1; 20 bp: 2

Overview of removed sequences
length	count	expect	max.err	error counts
4	1	235.3	0	1
20	4	0.0	2	3 0 1


=== Second read: Adapter 2 ===

Sequence: AGCGTGGACTACNNGGGTATCTAAT; Type: non-internal 5'; Length: 25; Trimmed: 156 times

Minimum overlap: 3
No. of allowed errors:
1-9 bp: 0; 10-19 bp: 1; 20-23 bp: 2

Overview of removed sequences
length	count	expect	max.err	error counts
3	56	941.4	0	56
4	2	235.3	0	2
23	3	0.0	2	1 0 2
24	5	0.0	2	2 2 1
25	76	0.0	2	64 4 8
26	7	0.0	2	0 3 4
27	7	0.0	2	0 0 7
