This is cutadapt 4.4 with Python 3.7.12
Command line parameters: -g XACTCCTAYGGGRBGCASCAG -G XAGCGTGGACTACNNGGGTATCTAAT --discard-untrimmed -o trimmed/ERR2835997_1_trimmed.fastq.gz -p trimmed/ERR2835997_2_trimmed.fastq.gz ERR2835997_1.fastq.gz ERR2835997_2.fastq.gz -j 4
Processing paired-end reads on 4 cores ...
Finished in 0.658 s (12.455 µs/read; 4.82 M reads/minute).

=== Summary ===

Total read pairs processed:             52,868
  Read 1 with adapter:                       7 (0.0%)
  Read 2 with adapter:                      39 (0.1%)

== Read fate breakdown ==
Pairs discarded as untrimmed:           52,868 (100.0%)
Pairs written (passing filters):             0 (0.0%)

Total basepairs processed:    26,532,322 bp
  Read 1:    13,265,757 bp
  Read 2:    13,266,565 bp
Total written (filtered):              0 bp (0.0%)
  Read 1:             0 bp
  Read 2:             0 bp

=== First read: Adapter 1 ===

Sequence: ACTCCTAYGGGRBGCASCAG; Type: non-internal 5'; Length: 20; Trimmed: 7 times

Minimum overlap: 3
No. of allowed errors:
1-9 bp: 0; 10-19 bp: 1; 20 bp: 2

Overview of removed sequences
length	count	expect	max.err	error counts
20	7	0.0	2	7


=== Second read: Adapter 2 ===

Sequence: AGCGTGGACTACNNGGGTATCTAAT; Type: non-internal 5'; Length: 25; Trimmed: 39 times

Minimum overlap: 3
No. of allowed errors:
1-9 bp: 0; 10-19 bp: 1; 20-23 bp: 2

Overview of removed sequences
length	count	expect	max.err	error counts
3	14	826.1	0	14
5	1	51.6	0	1
20	2	0.0	2	2
23	1	0.0	2	1
24	1	0.0	2	0 0 1
25	17	0.0	2	13 2 2
26	2	0.0	2	0 0 2
27	1	0.0	2	0 0 1
