This is cutadapt 4.4 with Python 3.7.12
Command line parameters: -g XACTCCTAYGGGRBGCASCAG -G XAGCGTGGACTACNNGGGTATCTAAT --discard-untrimmed -o trimmed/ERR2836067_1_trimmed.fastq.gz -p trimmed/ERR2836067_2_trimmed.fastq.gz ERR2836067_1.fastq.gz ERR2836067_2.fastq.gz -j 4
Processing paired-end reads on 4 cores ...
Finished in 0.618 s (18.425 µs/read; 3.26 M reads/minute).

=== Summary ===

Total read pairs processed:             33,526
  Read 1 with adapter:                       1 (0.0%)
  Read 2 with adapter:                  32,895 (98.1%)

== Read fate breakdown ==
Pairs discarded as untrimmed:           33,525 (100.0%)
Pairs written (passing filters):             1 (0.0%)

Total basepairs processed:    16,828,313 bp
  Read 1:     8,414,352 bp
  Read 2:     8,413,961 bp
Total written (filtered):            457 bp (0.0%)
  Read 1:           231 bp
  Read 2:           226 bp

=== First read: Adapter 1 ===

Sequence: ACTCCTAYGGGRBGCASCAG; Type: non-internal 5'; Length: 20; Trimmed: 1 times

Minimum overlap: 3
No. of allowed errors:
1-9 bp: 0; 10-19 bp: 1; 20 bp: 2

Overview of removed sequences
length	count	expect	max.err	error counts
20	1	0.0	2	1


=== Second read: Adapter 2 ===

Sequence: AGCGTGGACTACNNGGGTATCTAAT; Type: non-internal 5'; Length: 25; Trimmed: 32895 times

Minimum overlap: 3
No. of allowed errors:
1-9 bp: 0; 10-19 bp: 1; 20-23 bp: 2

Overview of removed sequences
length	count	expect	max.err	error counts
3	22	523.8	0	22
18	1	0.0	1	1
21	1	0.0	2	0 1
22	2	0.0	2	1 0 1
23	35	0.0	2	3 0 32
24	479	0.0	2	16 446 17
25	32262	0.0	2	30945 1143 174
26	91	0.0	2	0 86 5
27	2	0.0	2	0 0 2
