This is cutadapt 4.4 with Python 3.7.12
Command line parameters: -g XACTCCTAYGGGRBGCASCAG -G XAGCGTGGACTACNNGGGTATCTAAT --discard-untrimmed -o trimmed/ERR2835919_1_trimmed.fastq.gz -p trimmed/ERR2835919_2_trimmed.fastq.gz ERR2835919_1.fastq.gz ERR2835919_2.fastq.gz -j 4
Processing paired-end reads on 4 cores ...
Finished in 0.141 s (79.673 µs/read; 0.75 M reads/minute).

=== Summary ===

Total read pairs processed:              1,768
  Read 1 with adapter:                      12 (0.7%)
  Read 2 with adapter:                   1,271 (71.9%)

== Read fate breakdown ==
Pairs discarded as untrimmed:            1,759 (99.5%)
Pairs written (passing filters):             9 (0.5%)

Total basepairs processed:       886,884 bp
  Read 1:       443,581 bp
  Read 2:       443,303 bp
Total written (filtered):          4,121 bp (0.5%)
  Read 1:         2,089 bp
  Read 2:         2,032 bp

=== First read: Adapter 1 ===

Sequence: ACTCCTAYGGGRBGCASCAG; Type: non-internal 5'; Length: 20; Trimmed: 12 times

Minimum overlap: 3
No. of allowed errors:
1-9 bp: 0; 10-19 bp: 1; 20 bp: 2

Overview of removed sequences
length	count	expect	max.err	error counts
5	3	1.7	0	3
20	9	0.0	2	8 1


=== Second read: Adapter 2 ===

Sequence: AGCGTGGACTACNNGGGTATCTAAT; Type: non-internal 5'; Length: 25; Trimmed: 1271 times

Minimum overlap: 3
No. of allowed errors:
1-9 bp: 0; 10-19 bp: 1; 20-23 bp: 2

Overview of removed sequences
length	count	expect	max.err	error counts
3	3	27.6	0	3
4	1	6.9	0	1
23	1	0.0	2	0 0 1
24	23	0.0	2	0 23
25	1234	0.0	2	1145 75 14
26	9	0.0	2	0 8 1
