This is cutadapt 4.4 with Python 3.7.12
Command line parameters: -g XACTCCTAYGGGRBGCASCAG -G XAGCGTGGACTACNNGGGTATCTAAT --discard-untrimmed -o trimmed/ERR2835955_1_trimmed.fastq.gz -p trimmed/ERR2835955_2_trimmed.fastq.gz ERR2835955_1.fastq.gz ERR2835955_2.fastq.gz -j 4
Processing paired-end reads on 4 cores ...
Finished in 0.903 s (18.263 µs/read; 3.29 M reads/minute).

=== Summary ===

Total read pairs processed:             49,461
  Read 1 with adapter:                     121 (0.2%)
  Read 2 with adapter:                  48,616 (98.3%)

== Read fate breakdown ==
Pairs discarded as untrimmed:           49,343 (99.8%)
Pairs written (passing filters):           118 (0.2%)

Total basepairs processed:    24,818,800 bp
  Read 1:    12,407,171 bp
  Read 2:    12,411,629 bp
Total written (filtered):         55,586 bp (0.2%)
  Read 1:        28,924 bp
  Read 2:        26,662 bp

=== First read: Adapter 1 ===

Sequence: ACTCCTAYGGGRBGCASCAG; Type: non-internal 5'; Length: 20; Trimmed: 121 times

Minimum overlap: 3
No. of allowed errors:
1-9 bp: 0; 10-19 bp: 1; 20 bp: 2

Overview of removed sequences
length	count	expect	max.err	error counts
3	7	772.8	0	7
4	83	193.2	0	83
5	17	48.3	0	17
20	12	0.0	2	11 1
22	2	0.0	2	0 0 2


=== Second read: Adapter 2 ===

Sequence: AGCGTGGACTACNNGGGTATCTAAT; Type: non-internal 5'; Length: 25; Trimmed: 48616 times

Minimum overlap: 3
No. of allowed errors:
1-9 bp: 0; 10-19 bp: 1; 20-23 bp: 2

Overview of removed sequences
length	count	expect	max.err	error counts
3	24	772.8	0	24
15	3	0.0	1	0 3
18	1	0.0	1	0 1
19	2	0.0	1	2
20	1	0.0	2	1
21	3	0.0	2	1 2
22	3	0.0	2	0 2 1
23	68	0.0	2	2 1 65
24	717	0.0	2	30 655 32
25	47674	0.0	2	45008 2227 439
26	120	0.0	2	0 111 9
