This is cutadapt 4.4 with Python 3.7.12
Command line parameters: -g XACTCCTAYGGGRBGCASCAG -G XAGCGTGGACTACNNGGGTATCTAAT --discard-untrimmed -o trimmed/ERR2835926_1_trimmed.fastq.gz -p trimmed/ERR2835926_2_trimmed.fastq.gz ERR2835926_1.fastq.gz ERR2835926_2.fastq.gz -j 4
Processing paired-end reads on 4 cores ...
Finished in 0.741 s (12.116 µs/read; 4.95 M reads/minute).

=== Summary ===

Total read pairs processed:             61,121
  Read 1 with adapter:                     152 (0.2%)
  Read 2 with adapter:                     213 (0.3%)

== Read fate breakdown ==
Pairs discarded as untrimmed:           61,121 (100.0%)
Pairs written (passing filters):             0 (0.0%)

Total basepairs processed:    30,602,205 bp
  Read 1:    15,337,269 bp
  Read 2:    15,264,936 bp
Total written (filtered):              0 bp (0.0%)
  Read 1:             0 bp
  Read 2:             0 bp

=== First read: Adapter 1 ===

Sequence: ACTCCTAYGGGRBGCASCAG; Type: non-internal 5'; Length: 20; Trimmed: 152 times

Minimum overlap: 3
No. of allowed errors:
1-9 bp: 0; 10-19 bp: 1; 20 bp: 2

Overview of removed sequences
length	count	expect	max.err	error counts
3	8	955.0	0	8
4	116	238.8	0	116
5	15	59.7	0	15
20	11	0.0	2	11
22	2	0.0	2	0 0 2


=== Second read: Adapter 2 ===

Sequence: AGCGTGGACTACNNGGGTATCTAAT; Type: non-internal 5'; Length: 25; Trimmed: 213 times

Minimum overlap: 3
No. of allowed errors:
1-9 bp: 0; 10-19 bp: 1; 20-23 bp: 2

Overview of removed sequences
length	count	expect	max.err	error counts
3	1	955.0	0	1
4	199	238.8	0	199
25	13	0.0	2	7 2 4
