This is cutadapt 4.4 with Python 3.7.12
Command line parameters: -g XACTCCTAYGGGRBGCASCAG -G XAGCGTGGACTACNNGGGTATCTAAT --discard-untrimmed -o trimmed/ERR2835953_1_trimmed.fastq.gz -p trimmed/ERR2835953_2_trimmed.fastq.gz ERR2835953_1.fastq.gz ERR2835953_2.fastq.gz -j 4
Processing paired-end reads on 4 cores ...
Finished in 0.688 s (13.798 µs/read; 4.35 M reads/minute).

=== Summary ===

Total read pairs processed:             49,863
  Read 1 with adapter:                     128 (0.3%)
  Read 2 with adapter:                      34 (0.1%)

== Read fate breakdown ==
Pairs discarded as untrimmed:           49,863 (100.0%)
Pairs written (passing filters):             0 (0.0%)

Total basepairs processed:    25,003,470 bp
  Read 1:    12,494,156 bp
  Read 2:    12,509,314 bp
Total written (filtered):              0 bp (0.0%)
  Read 1:             0 bp
  Read 2:             0 bp

=== First read: Adapter 1 ===

Sequence: ACTCCTAYGGGRBGCASCAG; Type: non-internal 5'; Length: 20; Trimmed: 128 times

Minimum overlap: 3
No. of allowed errors:
1-9 bp: 0; 10-19 bp: 1; 20 bp: 2

Overview of removed sequences
length	count	expect	max.err	error counts
3	1	779.1	0	1
4	92	194.8	0	92
5	20	48.7	0	20
20	14	0.0	2	14
22	1	0.0	2	0 0 1


=== Second read: Adapter 2 ===

Sequence: AGCGTGGACTACNNGGGTATCTAAT; Type: non-internal 5'; Length: 25; Trimmed: 34 times

Minimum overlap: 3
No. of allowed errors:
1-9 bp: 0; 10-19 bp: 1; 20-23 bp: 2

Overview of removed sequences
length	count	expect	max.err	error counts
4	1	194.8	0	1
5	2	48.7	0	2
22	1	0.0	2	0 1
24	2	0.0	2	0 2
25	25	0.0	2	18 6 1
27	3	0.0	2	0 0 3
