This is cutadapt 4.4 with Python 3.7.12
Command line parameters: -g XACTCCTAYGGGRBGCASCAG -G XAGCGTGGACTACNNGGGTATCTAAT --discard-untrimmed -o trimmed/ERR2835944_1_trimmed.fastq.gz -p trimmed/ERR2835944_2_trimmed.fastq.gz ERR2835944_1.fastq.gz ERR2835944_2.fastq.gz -j 4
Processing paired-end reads on 4 cores ...
Finished in 0.946 s (17.778 µs/read; 3.37 M reads/minute).

=== Summary ===

Total read pairs processed:             53,201
  Read 1 with adapter:                  53,076 (99.8%)
  Read 2 with adapter:                     225 (0.4%)

== Read fate breakdown ==
Pairs discarded as untrimmed:           52,977 (99.6%)
Pairs written (passing filters):           224 (0.4%)

Total basepairs processed:    26,618,449 bp
  Read 1:    13,316,984 bp
  Read 2:    13,301,465 bp
Total written (filtered):        106,305 bp (0.4%)
  Read 1:        51,594 bp
  Read 2:        54,711 bp

=== First read: Adapter 1 ===

Sequence: ACTCCTAYGGGRBGCASCAG; Type: non-internal 5'; Length: 20; Trimmed: 53076 times

Minimum overlap: 3
No. of allowed errors:
1-9 bp: 0; 10-19 bp: 1; 20 bp: 2

Overview of removed sequences
length	count	expect	max.err	error counts
16	4	0.0	1	4
17	2	0.0	1	1 1
18	74	0.0	1	8 5 61
19	648	0.0	1	27 604 17
20	52230	0.0	2	50261 1882 87
21	118	0.0	2	0 113 5


=== Second read: Adapter 2 ===

Sequence: AGCGTGGACTACNNGGGTATCTAAT; Type: non-internal 5'; Length: 25; Trimmed: 225 times

Minimum overlap: 3
No. of allowed errors:
1-9 bp: 0; 10-19 bp: 1; 20-23 bp: 2

Overview of removed sequences
length	count	expect	max.err	error counts
3	191	831.3	0	191
4	4	207.8	0	4
8	1	0.8	0	1
24	1	0.0	2	1
25	26	0.0	2	17 6 3
27	2	0.0	2	0 0 2
