This is cutadapt 4.4 with Python 3.7.12
Command line parameters: -g XACTCCTAYGGGRBGCASCAG -G XAGCGTGGACTACNNGGGTATCTAAT --discard-untrimmed -o trimmed/ERR2836064_1_trimmed.fastq.gz -p trimmed/ERR2836064_2_trimmed.fastq.gz ERR2836064_1.fastq.gz ERR2836064_2.fastq.gz -j 4
Processing paired-end reads on 4 cores ...
Finished in 0.506 s (14.224 µs/read; 4.22 M reads/minute).

=== Summary ===

Total read pairs processed:             35,550
  Read 1 with adapter:                       2 (0.0%)
  Read 2 with adapter:                      46 (0.1%)

== Read fate breakdown ==
Pairs discarded as untrimmed:           35,550 (100.0%)
Pairs written (passing filters):             0 (0.0%)

Total basepairs processed:    17,810,320 bp
  Read 1:     8,922,257 bp
  Read 2:     8,888,063 bp
Total written (filtered):              0 bp (0.0%)
  Read 1:             0 bp
  Read 2:             0 bp

=== First read: Adapter 1 ===

Sequence: ACTCCTAYGGGRBGCASCAG; Type: non-internal 5'; Length: 20; Trimmed: 2 times

Minimum overlap: 3
No. of allowed errors:
1-9 bp: 0; 10-19 bp: 1; 20 bp: 2

Overview of removed sequences
length	count	expect	max.err	error counts
4	1	138.9	0	1
19	1	0.0	1	0 0 1


=== Second read: Adapter 2 ===

Sequence: AGCGTGGACTACNNGGGTATCTAAT; Type: non-internal 5'; Length: 25; Trimmed: 46 times

Minimum overlap: 3
No. of allowed errors:
1-9 bp: 0; 10-19 bp: 1; 20-23 bp: 2

Overview of removed sequences
length	count	expect	max.err	error counts
3	24	555.5	0	24
4	2	138.9	0	2
23	1	0.0	2	0 1
25	12	0.0	2	7 3 2
26	2	0.0	2	0 1 1
27	5	0.0	2	0 0 5
