This is cutadapt 4.4 with Python 3.7.12
Command line parameters: -g XACTCCTAYGGGRBGCASCAG -G XAGCGTGGACTACNNGGGTATCTAAT --discard-untrimmed -o trimmed/ERR2836044_1_trimmed.fastq.gz -p trimmed/ERR2836044_2_trimmed.fastq.gz ERR2836044_1.fastq.gz ERR2836044_2.fastq.gz -j 4
Processing paired-end reads on 4 cores ...
Finished in 0.948 s (18.074 µs/read; 3.32 M reads/minute).

=== Summary ===

Total read pairs processed:             52,466
  Read 1 with adapter:                  52,372 (99.8%)
  Read 2 with adapter:                      84 (0.2%)

== Read fate breakdown ==
Pairs discarded as untrimmed:           52,383 (99.8%)
Pairs written (passing filters):            83 (0.2%)

Total basepairs processed:    26,233,172 bp
  Read 1:    13,115,343 bp
  Read 2:    13,117,829 bp
Total written (filtered):         39,116 bp (0.1%)
  Read 1:        19,110 bp
  Read 2:        20,006 bp

=== First read: Adapter 1 ===

Sequence: ACTCCTAYGGGRBGCASCAG; Type: non-internal 5'; Length: 20; Trimmed: 52372 times

Minimum overlap: 3
No. of allowed errors:
1-9 bp: 0; 10-19 bp: 1; 20 bp: 2

Overview of removed sequences
length	count	expect	max.err	error counts
16	4	0.0	1	4
17	5	0.0	1	1 4
18	62	0.0	1	7 3 52
19	746	0.0	1	56 662 28
20	51415	0.0	2	49504 1826 85
21	140	0.0	2	0 136 4


=== Second read: Adapter 2 ===

Sequence: AGCGTGGACTACNNGGGTATCTAAT; Type: non-internal 5'; Length: 25; Trimmed: 84 times

Minimum overlap: 3
No. of allowed errors:
1-9 bp: 0; 10-19 bp: 1; 20-23 bp: 2

Overview of removed sequences
length	count	expect	max.err	error counts
3	56	819.8	0	56
4	4	204.9	0	4
5	1	51.2	0	1
20	1	0.0	2	0 1
24	2	0.0	2	1 0 1
25	14	0.0	2	10 3 1
26	4	0.0	2	0 1 3
27	2	0.0	2	0 0 2
