This is cutadapt 4.4 with Python 3.7.12
Command line parameters: -g XACTCCTAYGGGRBGCASCAG -G XAGCGTGGACTACNNGGGTATCTAAT --discard-untrimmed -o trimmed/ERR2836001_1_trimmed.fastq.gz -p trimmed/ERR2836001_2_trimmed.fastq.gz ERR2836001_1.fastq.gz ERR2836001_2.fastq.gz -j 4
Processing paired-end reads on 4 cores ...
Finished in 0.555 s (13.661 µs/read; 4.39 M reads/minute).

=== Summary ===

Total read pairs processed:             40,651
  Read 1 with adapter:                      10 (0.0%)
  Read 2 with adapter:                      59 (0.1%)

== Read fate breakdown ==
Pairs discarded as untrimmed:           40,651 (100.0%)
Pairs written (passing filters):             0 (0.0%)

Total basepairs processed:    20,400,329 bp
  Read 1:    10,199,729 bp
  Read 2:    10,200,600 bp
Total written (filtered):              0 bp (0.0%)
  Read 1:             0 bp
  Read 2:             0 bp

=== First read: Adapter 1 ===

Sequence: ACTCCTAYGGGRBGCASCAG; Type: non-internal 5'; Length: 20; Trimmed: 10 times

Minimum overlap: 3
No. of allowed errors:
1-9 bp: 0; 10-19 bp: 1; 20 bp: 2

Overview of removed sequences
length	count	expect	max.err	error counts
4	4	158.8	0	4
20	6	0.0	2	5 1


=== Second read: Adapter 2 ===

Sequence: AGCGTGGACTACNNGGGTATCTAAT; Type: non-internal 5'; Length: 25; Trimmed: 59 times

Minimum overlap: 3
No. of allowed errors:
1-9 bp: 0; 10-19 bp: 1; 20-23 bp: 2

Overview of removed sequences
length	count	expect	max.err	error counts
3	1	635.2	0	1
4	1	158.8	0	1
5	2	39.7	0	2
24	2	0.0	2	0 1 1
25	51	0.0	2	32 12 7
26	1	0.0	2	0 1
27	1	0.0	2	0 0 1
