This is cutadapt 4.4 with Python 3.7.12
Command line parameters: -g XACTCCTAYGGGRBGCASCAG -G XAGCGTGGACTACNNGGGTATCTAAT --discard-untrimmed -o trimmed/ERR2836107_1_trimmed.fastq.gz -p trimmed/ERR2836107_2_trimmed.fastq.gz ERR2836107_1.fastq.gz ERR2836107_2.fastq.gz -j 4
Processing paired-end reads on 4 cores ...
Finished in 2.472 s (50.501 µs/read; 1.19 M reads/minute).

=== Summary ===

Total read pairs processed:             48,940
  Read 1 with adapter:                  48,863 (99.8%)
  Read 2 with adapter:                  47,619 (97.3%)

== Read fate breakdown ==
Pairs discarded as untrimmed:            1,396 (2.9%)
Pairs written (passing filters):        47,544 (97.1%)

Total basepairs processed:    24,548,172 bp
  Read 1:    12,265,759 bp
  Read 2:    12,282,413 bp
Total written (filtered):     21,710,818 bp (88.4%)
  Read 1:    10,965,697 bp
  Read 2:    10,745,121 bp

=== First read: Adapter 1 ===

Sequence: ACTCCTAYGGGRBGCASCAG; Type: non-internal 5'; Length: 20; Trimmed: 48863 times

Minimum overlap: 3
No. of allowed errors:
1-9 bp: 0; 10-19 bp: 1; 20 bp: 2

Overview of removed sequences
length	count	expect	max.err	error counts
16	2	0.0	1	2
17	2	0.0	1	0 2
18	92	0.0	1	4 10 78
19	634	0.0	1	40 580 14
20	48017	0.0	2	46382 1554 81
21	116	0.0	2	0 107 9


=== Second read: Adapter 2 ===

Sequence: AGCGTGGACTACNNGGGTATCTAAT; Type: non-internal 5'; Length: 25; Trimmed: 47619 times

Minimum overlap: 3
No. of allowed errors:
1-9 bp: 0; 10-19 bp: 1; 20-23 bp: 2

Overview of removed sequences
length	count	expect	max.err	error counts
3	4	764.7	0	4
4	5	191.2	0	5
16	1	0.0	1	0 1
20	1	0.0	2	1
21	1	0.0	2	0 1
22	3	0.0	2	2 0 1
23	65	0.0	2	2 3 60
24	720	0.0	2	33 645 42
25	46698	0.0	2	44494 1921 283
26	119	0.0	2	0 114 5
27	2	0.0	2	0 0 2
