This is cutadapt 4.4 with Python 3.7.12
Command line parameters: -g XACTCCTAYGGGRBGCASCAG -G XAGCGTGGACTACNNGGGTATCTAAT --discard-untrimmed -o trimmed/ERR2835977_1_trimmed.fastq.gz -p trimmed/ERR2835977_2_trimmed.fastq.gz ERR2835977_1.fastq.gz ERR2835977_2.fastq.gz -j 4
Processing paired-end reads on 4 cores ...
Finished in 0.721 s (19.050 µs/read; 3.15 M reads/minute).

=== Summary ===

Total read pairs processed:             37,844
  Read 1 with adapter:                  37,786 (99.8%)
  Read 2 with adapter:                      16 (0.0%)

== Read fate breakdown ==
Pairs discarded as untrimmed:           37,828 (100.0%)
Pairs written (passing filters):            16 (0.0%)

Total basepairs processed:    18,976,454 bp
  Read 1:     9,480,412 bp
  Read 2:     9,496,042 bp
Total written (filtered):          7,322 bp (0.0%)
  Read 1:         3,687 bp
  Read 2:         3,635 bp

=== First read: Adapter 1 ===

Sequence: ACTCCTAYGGGRBGCASCAG; Type: non-internal 5'; Length: 20; Trimmed: 37786 times

Minimum overlap: 3
No. of allowed errors:
1-9 bp: 0; 10-19 bp: 1; 20 bp: 2

Overview of removed sequences
length	count	expect	max.err	error counts
15	1	0.0	1	0 1
16	1	0.0	1	0 1
17	1	0.0	1	0 1
18	37	0.0	1	2 4 31
19	465	0.0	1	23 430 12
20	37180	0.0	2	35949 1191 40
21	101	0.0	2	0 95 6


=== Second read: Adapter 2 ===

Sequence: AGCGTGGACTACNNGGGTATCTAAT; Type: non-internal 5'; Length: 25; Trimmed: 16 times

Minimum overlap: 3
No. of allowed errors:
1-9 bp: 0; 10-19 bp: 1; 20-23 bp: 2

Overview of removed sequences
length	count	expect	max.err	error counts
3	1	591.3	0	1
24	1	0.0	2	0 1
25	14	0.0	2	9 1 4
