This is cutadapt 4.4 with Python 3.7.12
Command line parameters: -g XACTCCTAYGGGRBGCASCAG -G XAGCGTGGACTACNNGGGTATCTAAT --discard-untrimmed -o trimmed/ERR2835964_1_trimmed.fastq.gz -p trimmed/ERR2835964_2_trimmed.fastq.gz ERR2835964_1.fastq.gz ERR2835964_2.fastq.gz -j 4
Processing paired-end reads on 4 cores ...
Finished in 0.626 s (13.176 µs/read; 4.55 M reads/minute).

=== Summary ===

Total read pairs processed:             47,521
  Read 1 with adapter:                     106 (0.2%)
  Read 2 with adapter:                     115 (0.2%)

== Read fate breakdown ==
Pairs discarded as untrimmed:           47,521 (100.0%)
Pairs written (passing filters):             0 (0.0%)

Total basepairs processed:    23,806,962 bp
  Read 1:    11,925,383 bp
  Read 2:    11,881,579 bp
Total written (filtered):              0 bp (0.0%)
  Read 1:             0 bp
  Read 2:             0 bp

=== First read: Adapter 1 ===

Sequence: ACTCCTAYGGGRBGCASCAG; Type: non-internal 5'; Length: 20; Trimmed: 106 times

Minimum overlap: 3
No. of allowed errors:
1-9 bp: 0; 10-19 bp: 1; 20 bp: 2

Overview of removed sequences
length	count	expect	max.err	error counts
3	2	742.5	0	2
19	4	0.0	1	0 4
20	99	0.0	2	91 8
21	1	0.0	2	0 1


=== Second read: Adapter 2 ===

Sequence: AGCGTGGACTACNNGGGTATCTAAT; Type: non-internal 5'; Length: 25; Trimmed: 115 times

Minimum overlap: 3
No. of allowed errors:
1-9 bp: 0; 10-19 bp: 1; 20-23 bp: 2

Overview of removed sequences
length	count	expect	max.err	error counts
3	83	742.5	0	83
4	7	185.6	0	7
5	11	46.4	0	11
22	1	0.0	2	1
25	8	0.0	2	6 1 1
26	2	0.0	2	0 0 2
27	3	0.0	2	0 0 3
