This is cutadapt 4.4 with Python 3.7.12
Command line parameters: -g XACTCCTAYGGGRBGCASCAG -G XAGCGTGGACTACNNGGGTATCTAAT --discard-untrimmed -o trimmed/ERR2836011_1_trimmed.fastq.gz -p trimmed/ERR2836011_2_trimmed.fastq.gz ERR2836011_1.fastq.gz ERR2836011_2.fastq.gz -j 4
Processing paired-end reads on 4 cores ...
Finished in 2.480 s (53.588 µs/read; 1.12 M reads/minute).

=== Summary ===

Total read pairs processed:             46,276
  Read 1 with adapter:                  46,195 (99.8%)
  Read 2 with adapter:                  45,381 (98.1%)

== Read fate breakdown ==
Pairs discarded as untrimmed:              972 (2.1%)
Pairs written (passing filters):        45,304 (97.9%)

Total basepairs processed:    23,203,468 bp
  Read 1:    11,589,323 bp
  Read 2:    11,614,145 bp
Total written (filtered):     20,679,672 bp (89.1%)
  Read 1:    10,440,422 bp
  Read 2:    10,239,250 bp

=== First read: Adapter 1 ===

Sequence: ACTCCTAYGGGRBGCASCAG; Type: non-internal 5'; Length: 20; Trimmed: 46195 times

Minimum overlap: 3
No. of allowed errors:
1-9 bp: 0; 10-19 bp: 1; 20 bp: 2

Overview of removed sequences
length	count	expect	max.err	error counts
16	1	0.0	1	1
17	1	0.0	1	1
18	65	0.0	1	4 10 51
19	650	0.0	1	42 586 22
20	45365	0.0	2	43775 1532 58
21	113	0.0	2	0 108 5


=== Second read: Adapter 2 ===

Sequence: AGCGTGGACTACNNGGGTATCTAAT; Type: non-internal 5'; Length: 25; Trimmed: 45381 times

Minimum overlap: 3
No. of allowed errors:
1-9 bp: 0; 10-19 bp: 1; 20-23 bp: 2

Overview of removed sequences
length	count	expect	max.err	error counts
3	19	723.1	0	19
4	1	180.8	0	1
16	1	0.0	1	0 1
20	2	0.0	2	1 1
21	1	0.0	2	1
22	6	0.0	2	5 1
23	88	0.0	2	1 6 81
24	750	0.0	2	29 690 31
25	44390	0.0	2	42018 2086 286
26	123	0.0	2	0 120 3
