This is cutadapt 4.4 with Python 3.7.12
Command line parameters: -g XACTCCTAYGGGRBGCASCAG -G XAGCGTGGACTACNNGGGTATCTAAT --discard-untrimmed -o trimmed/ERR2836039_1_trimmed.fastq.gz -p trimmed/ERR2836039_2_trimmed.fastq.gz ERR2836039_1.fastq.gz ERR2836039_2.fastq.gz -j 4
Processing paired-end reads on 4 cores ...
Finished in 3.691 s (51.991 µs/read; 1.15 M reads/minute).

=== Summary ===

Total read pairs processed:             70,992
  Read 1 with adapter:                  70,840 (99.8%)
  Read 2 with adapter:                  69,257 (97.6%)

== Read fate breakdown ==
Pairs discarded as untrimmed:            1,882 (2.7%)
Pairs written (passing filters):        69,110 (97.3%)

Total basepairs processed:    35,607,612 bp
  Read 1:    17,791,571 bp
  Read 2:    17,816,041 bp
Total written (filtered):     31,557,425 bp (88.6%)
  Read 1:    15,938,680 bp
  Read 2:    15,618,745 bp

=== First read: Adapter 1 ===

Sequence: ACTCCTAYGGGRBGCASCAG; Type: non-internal 5'; Length: 20; Trimmed: 70840 times

Minimum overlap: 3
No. of allowed errors:
1-9 bp: 0; 10-19 bp: 1; 20 bp: 2

Overview of removed sequences
length	count	expect	max.err	error counts
13	1	0.0	1	0 1
16	5	0.0	1	3 2
17	6	0.0	1	1 5
18	97	0.0	1	2 4 91
19	913	0.0	1	59 828 26
20	69648	0.0	2	67106 2448 94
21	167	0.0	2	0 147 20
22	3	0.0	2	0 0 3


=== Second read: Adapter 2 ===

Sequence: AGCGTGGACTACNNGGGTATCTAAT; Type: non-internal 5'; Length: 25; Trimmed: 69257 times

Minimum overlap: 3
No. of allowed errors:
1-9 bp: 0; 10-19 bp: 1; 20-23 bp: 2

Overview of removed sequences
length	count	expect	max.err	error counts
3	29	1109.2	0	29
4	2	277.3	0	2
5	2	69.3	0	2
19	2	0.0	1	0 2
20	5	0.0	2	3 2
21	2	0.0	2	1 1
22	1	0.0	2	1
23	112	0.0	2	1 6 105
24	929	0.0	2	34 854 41
25	68011	0.0	2	65028 2569 414
26	160	0.0	2	0 154 6
27	2	0.0	2	0 0 2
