This is cutadapt 4.4 with Python 3.7.12
Command line parameters: -g XACTCCTAYGGGRBGCASCAG -G XAGCGTGGACTACNNGGGTATCTAAT --discard-untrimmed -o trimmed/ERR2835962_1_trimmed.fastq.gz -p trimmed/ERR2835962_2_trimmed.fastq.gz ERR2835962_1.fastq.gz ERR2835962_2.fastq.gz -j 4
Processing paired-end reads on 4 cores ...
Finished in 0.506 s (11.794 µs/read; 5.09 M reads/minute).

=== Summary ===

Total read pairs processed:             42,909
  Read 1 with adapter:                      95 (0.2%)
  Read 2 with adapter:                     124 (0.3%)

== Read fate breakdown ==
Pairs discarded as untrimmed:           42,909 (100.0%)
Pairs written (passing filters):             0 (0.0%)

Total basepairs processed:    21,491,072 bp
  Read 1:    10,768,281 bp
  Read 2:    10,722,791 bp
Total written (filtered):              0 bp (0.0%)
  Read 1:             0 bp
  Read 2:             0 bp

=== First read: Adapter 1 ===

Sequence: ACTCCTAYGGGRBGCASCAG; Type: non-internal 5'; Length: 20; Trimmed: 95 times

Minimum overlap: 3
No. of allowed errors:
1-9 bp: 0; 10-19 bp: 1; 20 bp: 2

Overview of removed sequences
length	count	expect	max.err	error counts
3	1	670.5	0	1
18	1	0.0	1	0 1
19	2	0.0	1	0 2
20	91	0.0	2	85 6


=== Second read: Adapter 2 ===

Sequence: AGCGTGGACTACNNGGGTATCTAAT; Type: non-internal 5'; Length: 25; Trimmed: 124 times

Minimum overlap: 3
No. of allowed errors:
1-9 bp: 0; 10-19 bp: 1; 20-23 bp: 2

Overview of removed sequences
length	count	expect	max.err	error counts
3	1	670.5	0	1
4	54	167.6	0	54
5	1	41.9	0	1
24	2	0.0	2	0 2
25	66	0.0	2	58 7 1
