This is cutadapt 4.4 with Python 3.7.12
Command line parameters: -g XACTCCTAYGGGRBGCASCAG -G XAGCGTGGACTACNNGGGTATCTAAT --discard-untrimmed -o trimmed/ERR2835935_1_trimmed.fastq.gz -p trimmed/ERR2835935_2_trimmed.fastq.gz ERR2835935_1.fastq.gz ERR2835935_2.fastq.gz -j 4
Processing paired-end reads on 4 cores ...
Finished in 0.979 s (15.538 µs/read; 3.86 M reads/minute).

=== Summary ===

Total read pairs processed:             63,036
  Read 1 with adapter:                       9 (0.0%)
  Read 2 with adapter:                  62,179 (98.6%)

== Read fate breakdown ==
Pairs discarded as untrimmed:           63,027 (100.0%)
Pairs written (passing filters):             9 (0.0%)

Total basepairs processed:    31,639,308 bp
  Read 1:    15,818,385 bp
  Read 2:    15,820,923 bp
Total written (filtered):          4,113 bp (0.0%)
  Read 1:         2,078 bp
  Read 2:         2,035 bp

=== First read: Adapter 1 ===

Sequence: ACTCCTAYGGGRBGCASCAG; Type: non-internal 5'; Length: 20; Trimmed: 9 times

Minimum overlap: 3
No. of allowed errors:
1-9 bp: 0; 10-19 bp: 1; 20 bp: 2

Overview of removed sequences
length	count	expect	max.err	error counts
20	9	0.0	2	8 1


=== Second read: Adapter 2 ===

Sequence: AGCGTGGACTACNNGGGTATCTAAT; Type: non-internal 5'; Length: 25; Trimmed: 62179 times

Minimum overlap: 3
No. of allowed errors:
1-9 bp: 0; 10-19 bp: 1; 20-23 bp: 2

Overview of removed sequences
length	count	expect	max.err	error counts
3	2	984.9	0	2
15	1	0.0	1	1
17	2	0.0	1	0 2
22	5	0.0	2	0 3 2
23	98	0.0	2	2 5 91
24	946	0.0	2	36 875 35
25	60951	0.0	2	58638 2116 197
26	171	0.0	2	0 164 7
27	3	0.0	2	0 0 3
