This is cutadapt 4.4 with Python 3.7.12
Command line parameters: -g XACTCCTAYGGGRBGCASCAG -G XAGCGTGGACTACNNGGGTATCTAAT --discard-untrimmed -o trimmed/ERR2836069_1_trimmed.fastq.gz -p trimmed/ERR2836069_2_trimmed.fastq.gz ERR2836069_1.fastq.gz ERR2836069_2.fastq.gz -j 4
Processing paired-end reads on 4 cores ...
Finished in 0.444 s (14.913 µs/read; 4.02 M reads/minute).

=== Summary ===

Total read pairs processed:             29,791
  Read 1 with adapter:                      11 (0.0%)
  Read 2 with adapter:                      10 (0.0%)

== Read fate breakdown ==
Pairs discarded as untrimmed:           29,791 (100.0%)
Pairs written (passing filters):             0 (0.0%)

Total basepairs processed:    14,952,620 bp
  Read 1:     7,476,983 bp
  Read 2:     7,475,637 bp
Total written (filtered):              0 bp (0.0%)
  Read 1:             0 bp
  Read 2:             0 bp

=== First read: Adapter 1 ===

Sequence: ACTCCTAYGGGRBGCASCAG; Type: non-internal 5'; Length: 20; Trimmed: 11 times

Minimum overlap: 3
No. of allowed errors:
1-9 bp: 0; 10-19 bp: 1; 20 bp: 2

Overview of removed sequences
length	count	expect	max.err	error counts
4	7	116.4	0	7
20	4	0.0	2	4


=== Second read: Adapter 2 ===

Sequence: AGCGTGGACTACNNGGGTATCTAAT; Type: non-internal 5'; Length: 25; Trimmed: 10 times

Minimum overlap: 3
No. of allowed errors:
1-9 bp: 0; 10-19 bp: 1; 20-23 bp: 2

Overview of removed sequences
length	count	expect	max.err	error counts
3	3	465.5	0	3
5	1	29.1	0	1
25	6	0.0	2	2 2 2
