This is cutadapt 4.4 with Python 3.7.12
Command line parameters: -g XACTCCTAYGGGRBGCASCAG -G XAGCGTGGACTACNNGGGTATCTAAT --discard-untrimmed -o trimmed/ERR2835924_1_trimmed.fastq.gz -p trimmed/ERR2835924_2_trimmed.fastq.gz ERR2835924_1.fastq.gz ERR2835924_2.fastq.gz -j 4
Processing paired-end reads on 4 cores ...
Finished in 0.701 s (13.918 µs/read; 4.31 M reads/minute).

=== Summary ===

Total read pairs processed:             50,341
  Read 1 with adapter:                     699 (1.4%)
  Read 2 with adapter:                      97 (0.2%)

== Read fate breakdown ==
Pairs discarded as untrimmed:           50,340 (100.0%)
Pairs written (passing filters):             1 (0.0%)

Total basepairs processed:    25,211,730 bp
  Read 1:    12,625,419 bp
  Read 2:    12,586,311 bp
Total written (filtered):            472 bp (0.0%)
  Read 1:           231 bp
  Read 2:           241 bp

=== First read: Adapter 1 ===

Sequence: ACTCCTAYGGGRBGCASCAG; Type: non-internal 5'; Length: 20; Trimmed: 699 times

Minimum overlap: 3
No. of allowed errors:
1-9 bp: 0; 10-19 bp: 1; 20 bp: 2

Overview of removed sequences
length	count	expect	max.err	error counts
3	3	786.6	0	3
4	92	196.6	0	92
5	16	49.2	0	16
8	2	0.8	0	2
18	1	0.0	1	0 1
19	9	0.0	1	2 7
20	572	0.0	2	554 18
21	4	0.0	2	0 4


=== Second read: Adapter 2 ===

Sequence: AGCGTGGACTACNNGGGTATCTAAT; Type: non-internal 5'; Length: 25; Trimmed: 97 times

Minimum overlap: 3
No. of allowed errors:
1-9 bp: 0; 10-19 bp: 1; 20-23 bp: 2

Overview of removed sequences
length	count	expect	max.err	error counts
3	51	786.6	0	51
4	11	196.6	0	11
5	9	49.2	0	9
6	1	12.3	0	1
23	1	0.0	2	0 1
25	15	0.0	2	5 6 4
26	1	0.0	2	0 1
27	8	0.0	2	0 0 8
