This is cutadapt 4.4 with Python 3.7.12
Command line parameters: -g XACTCCTAYGGGRBGCASCAG -G XAGCGTGGACTACNNGGGTATCTAAT --discard-untrimmed -o trimmed/ERR2836132_1_trimmed.fastq.gz -p trimmed/ERR2836132_2_trimmed.fastq.gz ERR2836132_1.fastq.gz ERR2836132_2.fastq.gz -j 4
Processing paired-end reads on 4 cores ...
Finished in 0.529 s (13.907 µs/read; 4.31 M reads/minute).

=== Summary ===

Total read pairs processed:             38,074
  Read 1 with adapter:                       6 (0.0%)
  Read 2 with adapter:                      84 (0.2%)

== Read fate breakdown ==
Pairs discarded as untrimmed:           38,074 (100.0%)
Pairs written (passing filters):             0 (0.0%)

Total basepairs processed:    19,073,707 bp
  Read 1:     9,554,456 bp
  Read 2:     9,519,251 bp
Total written (filtered):              0 bp (0.0%)
  Read 1:             0 bp
  Read 2:             0 bp

=== First read: Adapter 1 ===

Sequence: ACTCCTAYGGGRBGCASCAG; Type: non-internal 5'; Length: 20; Trimmed: 6 times

Minimum overlap: 3
No. of allowed errors:
1-9 bp: 0; 10-19 bp: 1; 20 bp: 2

Overview of removed sequences
length	count	expect	max.err	error counts
20	6	0.0	2	5 1


=== Second read: Adapter 2 ===

Sequence: AGCGTGGACTACNNGGGTATCTAAT; Type: non-internal 5'; Length: 25; Trimmed: 84 times

Minimum overlap: 3
No. of allowed errors:
1-9 bp: 0; 10-19 bp: 1; 20-23 bp: 2

Overview of removed sequences
length	count	expect	max.err	error counts
3	58	594.9	0	58
4	2	148.7	0	2
5	1	37.2	0	1
6	1	9.3	0	1
21	2	0.0	2	2
24	1	0.0	2	0 0 1
25	8	0.0	2	4 2 2
26	7	0.0	2	0 4 3
27	4	0.0	2	0 0 4
