This is cutadapt 4.4 with Python 3.7.12
Command line parameters: -g XACTCCTAYGGGRBGCASCAG -G XAGCGTGGACTACNNGGGTATCTAAT --discard-untrimmed -o trimmed/ERR2836048_1_trimmed.fastq.gz -p trimmed/ERR2836048_2_trimmed.fastq.gz ERR2836048_1.fastq.gz ERR2836048_2.fastq.gz -j 4
Processing paired-end reads on 4 cores ...
Finished in 0.744 s (13.353 µs/read; 4.49 M reads/minute).

=== Summary ===

Total read pairs processed:             55,691
  Read 1 with adapter:                     193 (0.3%)
  Read 2 with adapter:                      70 (0.1%)

== Read fate breakdown ==
Pairs discarded as untrimmed:           55,691 (100.0%)
Pairs written (passing filters):             0 (0.0%)

Total basepairs processed:    27,894,384 bp
  Read 1:    13,970,334 bp
  Read 2:    13,924,050 bp
Total written (filtered):              0 bp (0.0%)
  Read 1:             0 bp
  Read 2:             0 bp

=== First read: Adapter 1 ===

Sequence: ACTCCTAYGGGRBGCASCAG; Type: non-internal 5'; Length: 20; Trimmed: 193 times

Minimum overlap: 3
No. of allowed errors:
1-9 bp: 0; 10-19 bp: 1; 20 bp: 2

Overview of removed sequences
length	count	expect	max.err	error counts
3	7	870.2	0	7
4	156	217.5	0	156
5	23	54.4	0	23
20	6	0.0	2	6
21	1	0.0	2	0 1


=== Second read: Adapter 2 ===

Sequence: AGCGTGGACTACNNGGGTATCTAAT; Type: non-internal 5'; Length: 25; Trimmed: 70 times

Minimum overlap: 3
No. of allowed errors:
1-9 bp: 0; 10-19 bp: 1; 20-23 bp: 2

Overview of removed sequences
length	count	expect	max.err	error counts
3	41	870.2	0	41
4	2	217.5	0	2
24	5	0.0	2	0 1 4
25	14	0.0	2	9 3 2
26	1	0.0	2	0 1
27	7	0.0	2	0 0 7
