This is cutadapt 4.4 with Python 3.7.12
Command line parameters: -g XACTCCTAYGGGRBGCASCAG -G XAGCGTGGACTACNNGGGTATCTAAT --discard-untrimmed -o trimmed/ERR2836083_1_trimmed.fastq.gz -p trimmed/ERR2836083_2_trimmed.fastq.gz ERR2836083_1.fastq.gz ERR2836083_2.fastq.gz -j 4
Processing paired-end reads on 4 cores ...
Finished in 1.072 s (17.520 µs/read; 3.42 M reads/minute).

=== Summary ===

Total read pairs processed:             61,174
  Read 1 with adapter:                     158 (0.3%)
  Read 2 with adapter:                  60,036 (98.1%)

== Read fate breakdown ==
Pairs discarded as untrimmed:           61,019 (99.7%)
Pairs written (passing filters):           155 (0.3%)

Total basepairs processed:    30,700,842 bp
  Read 1:    15,347,728 bp
  Read 2:    15,353,114 bp
Total written (filtered):         73,098 bp (0.2%)
  Read 1:        38,064 bp
  Read 2:        35,034 bp

=== First read: Adapter 1 ===

Sequence: ACTCCTAYGGGRBGCASCAG; Type: non-internal 5'; Length: 20; Trimmed: 158 times

Minimum overlap: 3
No. of allowed errors:
1-9 bp: 0; 10-19 bp: 1; 20 bp: 2

Overview of removed sequences
length	count	expect	max.err	error counts
3	6	955.8	0	6
4	124	239.0	0	124
5	17	59.7	0	17
20	4	0.0	2	4
21	1	0.0	2	0 1
22	6	0.0	2	0 0 6


=== Second read: Adapter 2 ===

Sequence: AGCGTGGACTACNNGGGTATCTAAT; Type: non-internal 5'; Length: 25; Trimmed: 60036 times

Minimum overlap: 3
No. of allowed errors:
1-9 bp: 0; 10-19 bp: 1; 20-23 bp: 2

Overview of removed sequences
length	count	expect	max.err	error counts
3	20	955.8	0	20
4	1	239.0	0	1
15	1	0.0	1	0 1
17	1	0.0	1	1
19	4	0.0	1	2 2
20	2	0.0	2	0 2
21	2	0.0	2	2
22	8	0.0	2	3 3 2
23	88	0.0	2	1 2 85
24	904	0.0	2	34 836 34
25	58848	0.0	2	55992 2439 417
26	152	0.0	2	0 140 12
27	5	0.0	2	0 0 5
