This is cutadapt 4.4 with Python 3.7.12
Command line parameters: -g XACTCCTAYGGGRBGCASCAG -G XAGCGTGGACTACNNGGGTATCTAAT --discard-untrimmed -o trimmed/ERR2836139_1_trimmed.fastq.gz -p trimmed/ERR2836139_2_trimmed.fastq.gz ERR2836139_1.fastq.gz ERR2836139_2.fastq.gz -j 4
Processing paired-end reads on 4 cores ...
Finished in 2.260 s (52.128 µs/read; 1.15 M reads/minute).

=== Summary ===

Total read pairs processed:             43,360
  Read 1 with adapter:                  43,282 (99.8%)
  Read 2 with adapter:                  42,244 (97.4%)

== Read fate breakdown ==
Pairs discarded as untrimmed:            1,190 (2.7%)
Pairs written (passing filters):        42,170 (97.3%)

Total basepairs processed:    21,747,438 bp
  Read 1:    10,865,714 bp
  Read 2:    10,881,724 bp
Total written (filtered):     19,254,935 bp (88.5%)
  Read 1:     9,724,592 bp
  Read 2:     9,530,343 bp

=== First read: Adapter 1 ===

Sequence: ACTCCTAYGGGRBGCASCAG; Type: non-internal 5'; Length: 20; Trimmed: 43282 times

Minimum overlap: 3
No. of allowed errors:
1-9 bp: 0; 10-19 bp: 1; 20 bp: 2

Overview of removed sequences
length	count	expect	max.err	error counts
13	1	0.0	1	1
18	37	0.0	1	4 6 27
19	566	0.0	1	31 521 14
20	42561	0.0	2	41071 1414 76
21	117	0.0	2	0 105 12


=== Second read: Adapter 2 ===

Sequence: AGCGTGGACTACNNGGGTATCTAAT; Type: non-internal 5'; Length: 25; Trimmed: 42244 times

Minimum overlap: 3
No. of allowed errors:
1-9 bp: 0; 10-19 bp: 1; 20-23 bp: 2

Overview of removed sequences
length	count	expect	max.err	error counts
3	9	677.5	0	9
4	6	169.4	0	6
20	1	0.0	2	1
22	2	0.0	2	0 0 2
23	57	0.0	2	4 4 49
24	608	0.0	2	24 563 21
25	41448	0.0	2	39451 1740 257
26	112	0.0	2	0 106 6
27	1	0.0	2	0 0 1
