This is cutadapt 4.4 with Python 3.7.12
Command line parameters: -g XACTCCTAYGGGRBGCASCAG -G XAGCGTGGACTACNNGGGTATCTAAT --discard-untrimmed -o trimmed/ERR2836090_1_trimmed.fastq.gz -p trimmed/ERR2836090_2_trimmed.fastq.gz ERR2836090_1.fastq.gz ERR2836090_2.fastq.gz -j 4
Processing paired-end reads on 4 cores ...
Finished in 0.597 s (11.372 µs/read; 5.28 M reads/minute).

=== Summary ===

Total read pairs processed:             52,508
  Read 1 with adapter:                       2 (0.0%)
  Read 2 with adapter:                     139 (0.3%)

== Read fate breakdown ==
Pairs discarded as untrimmed:           52,508 (100.0%)
Pairs written (passing filters):             0 (0.0%)

Total basepairs processed:    26,287,884 bp
  Read 1:    13,178,420 bp
  Read 2:    13,109,464 bp
Total written (filtered):              0 bp (0.0%)
  Read 1:             0 bp
  Read 2:             0 bp

=== First read: Adapter 1 ===

Sequence: ACTCCTAYGGGRBGCASCAG; Type: non-internal 5'; Length: 20; Trimmed: 2 times

Minimum overlap: 3
No. of allowed errors:
1-9 bp: 0; 10-19 bp: 1; 20 bp: 2

Overview of removed sequences
length	count	expect	max.err	error counts
20	2	0.0	2	2


=== Second read: Adapter 2 ===

Sequence: AGCGTGGACTACNNGGGTATCTAAT; Type: non-internal 5'; Length: 25; Trimmed: 139 times

Minimum overlap: 3
No. of allowed errors:
1-9 bp: 0; 10-19 bp: 1; 20-23 bp: 2

Overview of removed sequences
length	count	expect	max.err	error counts
3	1	820.4	0	1
4	130	205.1	0	130
25	7	0.0	2	6 0 1
27	1	0.0	2	0 0 1
