This is cutadapt 4.4 with Python 3.7.12
Command line parameters: -g XACTCCTAYGGGRBGCASCAG -G XAGCGTGGACTACNNGGGTATCTAAT --discard-untrimmed -o trimmed/ERR2836040_1_trimmed.fastq.gz -p trimmed/ERR2836040_2_trimmed.fastq.gz ERR2836040_1.fastq.gz ERR2836040_2.fastq.gz -j 4
Processing paired-end reads on 4 cores ...
Finished in 1.133 s (16.932 µs/read; 3.54 M reads/minute).

=== Summary ===

Total read pairs processed:             66,909
  Read 1 with adapter:                  66,794 (99.8%)
  Read 2 with adapter:                      90 (0.1%)

== Read fate breakdown ==
Pairs discarded as untrimmed:           66,819 (99.9%)
Pairs written (passing filters):            90 (0.1%)

Total basepairs processed:    33,490,105 bp
  Read 1:    16,761,691 bp
  Read 2:    16,728,414 bp
Total written (filtered):         42,241 bp (0.1%)
  Read 1:        20,751 bp
  Read 2:        21,490 bp

=== First read: Adapter 1 ===

Sequence: ACTCCTAYGGGRBGCASCAG; Type: non-internal 5'; Length: 20; Trimmed: 66794 times

Minimum overlap: 3
No. of allowed errors:
1-9 bp: 0; 10-19 bp: 1; 20 bp: 2

Overview of removed sequences
length	count	expect	max.err	error counts
4	2	261.4	0	2
15	1	0.0	1	0 1
16	8	0.0	1	7 1
17	1	0.0	1	0 1
18	95	0.0	1	12 10 73
19	837	0.0	1	55 759 23
20	65664	0.0	2	63299 2264 101
21	184	0.0	2	0 178 6
22	2	0.0	2	0 0 2


=== Second read: Adapter 2 ===

Sequence: AGCGTGGACTACNNGGGTATCTAAT; Type: non-internal 5'; Length: 25; Trimmed: 90 times

Minimum overlap: 3
No. of allowed errors:
1-9 bp: 0; 10-19 bp: 1; 20-23 bp: 2

Overview of removed sequences
length	count	expect	max.err	error counts
3	56	1045.5	0	56
24	1	0.0	2	1
25	19	0.0	2	11 5 3
26	4	0.0	2	0 2 2
27	10	0.0	2	0 0 10
