This is cutadapt 4.4 with Python 3.7.12
Command line parameters: -g XACTCCTAYGGGRBGCASCAG -G XAGCGTGGACTACNNGGGTATCTAAT --discard-untrimmed -o trimmed/ERR2835939_1_trimmed.fastq.gz -p trimmed/ERR2835939_2_trimmed.fastq.gz ERR2835939_1.fastq.gz ERR2835939_2.fastq.gz -j 4
Processing paired-end reads on 4 cores ...
Finished in 0.648 s (17.889 µs/read; 3.35 M reads/minute).

=== Summary ===

Total read pairs processed:             36,211
  Read 1 with adapter:                       3 (0.0%)
  Read 2 with adapter:                  35,695 (98.6%)

== Read fate breakdown ==
Pairs discarded as untrimmed:           36,208 (100.0%)
Pairs written (passing filters):             3 (0.0%)

Total basepairs processed:    18,175,188 bp
  Read 1:     9,086,906 bp
  Read 2:     9,088,282 bp
Total written (filtered):          1,368 bp (0.0%)
  Read 1:           690 bp
  Read 2:           678 bp

=== First read: Adapter 1 ===

Sequence: ACTCCTAYGGGRBGCASCAG; Type: non-internal 5'; Length: 20; Trimmed: 3 times

Minimum overlap: 3
No. of allowed errors:
1-9 bp: 0; 10-19 bp: 1; 20 bp: 2

Overview of removed sequences
length	count	expect	max.err	error counts
20	3	0.0	2	2 1


=== Second read: Adapter 2 ===

Sequence: AGCGTGGACTACNNGGGTATCTAAT; Type: non-internal 5'; Length: 25; Trimmed: 35695 times

Minimum overlap: 3
No. of allowed errors:
1-9 bp: 0; 10-19 bp: 1; 20-23 bp: 2

Overview of removed sequences
length	count	expect	max.err	error counts
3	14	565.8	0	14
5	1	35.4	0	1
15	1	0.0	1	1
17	1	0.0	1	0 1
18	2	0.0	1	2
20	1	0.0	2	0 1
21	1	0.0	2	0 1
23	48	0.0	2	1 3 44
24	560	0.0	2	13 523 24
25	34963	0.0	2	33376 1414 173
26	98	0.0	2	0 92 6
27	5	0.0	2	0 0 5
