This is cutadapt 4.4 with Python 3.7.12
Command line parameters: -g XACTCCTAYGGGRBGCASCAG -G XAGCGTGGACTACNNGGGTATCTAAT --discard-untrimmed -o trimmed/ERR2836147_1_trimmed.fastq.gz -p trimmed/ERR2836147_2_trimmed.fastq.gz ERR2836147_1.fastq.gz ERR2836147_2.fastq.gz -j 4
Processing paired-end reads on 4 cores ...
Finished in 0.853 s (18.098 µs/read; 3.32 M reads/minute).

=== Summary ===

Total read pairs processed:             47,159
  Read 1 with adapter:                     130 (0.3%)
  Read 2 with adapter:                  45,903 (97.3%)

== Read fate breakdown ==
Pairs discarded as untrimmed:           47,033 (99.7%)
Pairs written (passing filters):           126 (0.3%)

Total basepairs processed:    23,655,694 bp
  Read 1:    11,820,906 bp
  Read 2:    11,834,788 bp
Total written (filtered):         59,390 bp (0.3%)
  Read 1:        30,911 bp
  Read 2:        28,479 bp

=== First read: Adapter 1 ===

Sequence: ACTCCTAYGGGRBGCASCAG; Type: non-internal 5'; Length: 20; Trimmed: 130 times

Minimum overlap: 3
No. of allowed errors:
1-9 bp: 0; 10-19 bp: 1; 20 bp: 2

Overview of removed sequences
length	count	expect	max.err	error counts
3	5	736.9	0	5
4	98	184.2	0	98
5	17	46.1	0	17
20	6	0.0	2	6
22	4	0.0	2	0 0 4


=== Second read: Adapter 2 ===

Sequence: AGCGTGGACTACNNGGGTATCTAAT; Type: non-internal 5'; Length: 25; Trimmed: 45903 times

Minimum overlap: 3
No. of allowed errors:
1-9 bp: 0; 10-19 bp: 1; 20-23 bp: 2

Overview of removed sequences
length	count	expect	max.err	error counts
3	4	736.9	0	4
4	3	184.2	0	3
5	2	46.1	0	2
15	3	0.0	1	3
18	3	0.0	1	0 3
21	2	0.0	2	1 1
22	2	0.0	2	1 0 1
23	73	0.0	2	0 2 71
24	724	0.0	2	40 658 26
25	44971	0.0	2	42681 1951 339
26	116	0.0	2	0 110 6
