This is cutadapt 4.4 with Python 3.7.12
Command line parameters: -g XACTCCTAYGGGRBGCASCAG -G XAGCGTGGACTACNNGGGTATCTAAT --discard-untrimmed -o trimmed/ERR2835938_1_trimmed.fastq.gz -p trimmed/ERR2835938_2_trimmed.fastq.gz ERR2835938_1.fastq.gz ERR2835938_2.fastq.gz -j 4
Processing paired-end reads on 4 cores ...
Finished in 0.586 s (11.974 µs/read; 5.01 M reads/minute).

=== Summary ===

Total read pairs processed:             48,900
  Read 1 with adapter:                     132 (0.3%)
  Read 2 with adapter:                     127 (0.3%)

== Read fate breakdown ==
Pairs discarded as untrimmed:           48,900 (100.0%)
Pairs written (passing filters):             0 (0.0%)

Total basepairs processed:    24,479,936 bp
  Read 1:    12,269,835 bp
  Read 2:    12,210,101 bp
Total written (filtered):              0 bp (0.0%)
  Read 1:             0 bp
  Read 2:             0 bp

=== First read: Adapter 1 ===

Sequence: ACTCCTAYGGGRBGCASCAG; Type: non-internal 5'; Length: 20; Trimmed: 132 times

Minimum overlap: 3
No. of allowed errors:
1-9 bp: 0; 10-19 bp: 1; 20 bp: 2

Overview of removed sequences
length	count	expect	max.err	error counts
19	2	0.0	1	0 1 1
20	130	0.0	2	124 6


=== Second read: Adapter 2 ===

Sequence: AGCGTGGACTACNNGGGTATCTAAT; Type: non-internal 5'; Length: 25; Trimmed: 127 times

Minimum overlap: 3
No. of allowed errors:
1-9 bp: 0; 10-19 bp: 1; 20-23 bp: 2

Overview of removed sequences
length	count	expect	max.err	error counts
4	42	191.0	0	42
5	1	47.8	0	1
24	1	0.0	2	0 1
25	83	0.0	2	77 5 1
