This is cutadapt 4.4 with Python 3.7.12
Command line parameters: -g XACTCCTAYGGGRBGCASCAG -G XAGCGTGGACTACNNGGGTATCTAAT --discard-untrimmed -o trimmed/ERR2836119_1_trimmed.fastq.gz -p trimmed/ERR2836119_2_trimmed.fastq.gz ERR2836119_1.fastq.gz ERR2836119_2.fastq.gz -j 4
Processing paired-end reads on 4 cores ...
Finished in 0.914 s (16.448 µs/read; 3.65 M reads/minute).

=== Summary ===

Total read pairs processed:             55,555
  Read 1 with adapter:                       4 (0.0%)
  Read 2 with adapter:                  53,881 (97.0%)

== Read fate breakdown ==
Pairs discarded as untrimmed:           55,552 (100.0%)
Pairs written (passing filters):             3 (0.0%)

Total basepairs processed:    27,885,363 bp
  Read 1:    13,942,692 bp
  Read 2:    13,942,671 bp
Total written (filtered):          1,369 bp (0.0%)
  Read 1:           691 bp
  Read 2:           678 bp

=== First read: Adapter 1 ===

Sequence: ACTCCTAYGGGRBGCASCAG; Type: non-internal 5'; Length: 20; Trimmed: 4 times

Minimum overlap: 3
No. of allowed errors:
1-9 bp: 0; 10-19 bp: 1; 20 bp: 2

Overview of removed sequences
length	count	expect	max.err	error counts
20	4	0.0	2	4


=== Second read: Adapter 2 ===

Sequence: AGCGTGGACTACNNGGGTATCTAAT; Type: non-internal 5'; Length: 25; Trimmed: 53881 times

Minimum overlap: 3
No. of allowed errors:
1-9 bp: 0; 10-19 bp: 1; 20-23 bp: 2

Overview of removed sequences
length	count	expect	max.err	error counts
3	27	868.0	0	27
4	2	217.0	0	2
15	1	0.0	1	0 1
19	1	0.0	1	0 1
20	5	0.0	2	3 2
21	1	0.0	2	1
22	3	0.0	2	2 1
23	84	0.0	2	3 3 78
24	848	0.0	2	26 776 46
25	52751	0.0	2	49775 2522 454
26	154	0.0	2	0 145 9
27	4	0.0	2	0 0 4
