This is cutadapt 4.4 with Python 3.7.12
Command line parameters: -g XACTCCTAYGGGRBGCASCAG -G XAGCGTGGACTACNNGGGTATCTAAT --discard-untrimmed -o trimmed/ERR2835923_1_trimmed.fastq.gz -p trimmed/ERR2835923_2_trimmed.fastq.gz ERR2835923_1.fastq.gz ERR2835923_2.fastq.gz -j 4
Processing paired-end reads on 4 cores ...
Finished in 0.931 s (17.969 µs/read; 3.34 M reads/minute).

=== Summary ===

Total read pairs processed:             51,787
  Read 1 with adapter:                     130 (0.3%)
  Read 2 with adapter:                  50,765 (98.0%)

== Read fate breakdown ==
Pairs discarded as untrimmed:           51,661 (99.8%)
Pairs written (passing filters):           126 (0.2%)

Total basepairs processed:    25,989,779 bp
  Read 1:    12,992,785 bp
  Read 2:    12,996,994 bp
Total written (filtered):         59,351 bp (0.2%)
  Read 1:        30,878 bp
  Read 2:        28,473 bp

=== First read: Adapter 1 ===

Sequence: ACTCCTAYGGGRBGCASCAG; Type: non-internal 5'; Length: 20; Trimmed: 130 times

Minimum overlap: 3
No. of allowed errors:
1-9 bp: 0; 10-19 bp: 1; 20 bp: 2

Overview of removed sequences
length	count	expect	max.err	error counts
3	7	809.2	0	7
4	98	202.3	0	98
5	11	50.6	0	11
20	14	0.0	2	14


=== Second read: Adapter 2 ===

Sequence: AGCGTGGACTACNNGGGTATCTAAT; Type: non-internal 5'; Length: 25; Trimmed: 50765 times

Minimum overlap: 3
No. of allowed errors:
1-9 bp: 0; 10-19 bp: 1; 20-23 bp: 2

Overview of removed sequences
length	count	expect	max.err	error counts
3	16	809.2	0	16
4	1	202.3	0	1
5	1	50.6	0	1
16	2	0.0	1	1 1
18	1	0.0	1	1
19	2	0.0	1	1 1
21	1	0.0	2	1
22	5	0.0	2	3 0 2
23	79	0.0	2	2 6 71
24	791	0.0	2	31 722 38
25	49715	0.0	2	46661 2591 463
26	151	0.0	2	0 146 5
