This is cutadapt 4.4 with Python 3.7.12
Command line parameters: -g XACTCCTAYGGGRBGCASCAG -G XAGCGTGGACTACNNGGGTATCTAAT --discard-untrimmed -o trimmed/ERR2835983_1_trimmed.fastq.gz -p trimmed/ERR2835983_2_trimmed.fastq.gz ERR2835983_1.fastq.gz ERR2835983_2.fastq.gz -j 4
Processing paired-end reads on 4 cores ...
Finished in 0.861 s (17.708 µs/read; 3.39 M reads/minute).

=== Summary ===

Total read pairs processed:             48,617
  Read 1 with adapter:                     133 (0.3%)
  Read 2 with adapter:                  47,853 (98.4%)

== Read fate breakdown ==
Pairs discarded as untrimmed:           48,486 (99.7%)
Pairs written (passing filters):           131 (0.3%)

Total basepairs processed:    24,361,840 bp
  Read 1:    12,160,683 bp
  Read 2:    12,201,157 bp
Total written (filtered):         61,374 bp (0.3%)
  Read 1:        31,769 bp
  Read 2:        29,605 bp

=== First read: Adapter 1 ===

Sequence: ACTCCTAYGGGRBGCASCAG; Type: non-internal 5'; Length: 20; Trimmed: 133 times

Minimum overlap: 3
No. of allowed errors:
1-9 bp: 0; 10-19 bp: 1; 20 bp: 2

Overview of removed sequences
length	count	expect	max.err	error counts
3	4	759.6	0	4
4	87	189.9	0	87
5	14	47.5	0	14
20	25	0.0	2	23 2
21	1	0.0	2	0 0 1
22	2	0.0	2	0 0 2


=== Second read: Adapter 2 ===

Sequence: AGCGTGGACTACNNGGGTATCTAAT; Type: non-internal 5'; Length: 25; Trimmed: 47853 times

Minimum overlap: 3
No. of allowed errors:
1-9 bp: 0; 10-19 bp: 1; 20-23 bp: 2

Overview of removed sequences
length	count	expect	max.err	error counts
3	3	759.6	0	3
4	1	189.9	0	1
15	1	0.0	1	1
16	2	0.0	1	0 2
17	1	0.0	1	1
18	2	0.0	1	1 1
19	1	0.0	1	0 1
20	1	0.0	2	1
21	2	0.0	2	0 2
22	2	0.0	2	1 1
23	82	0.0	2	0 3 79
24	701	0.0	2	16 652 33
25	46945	0.0	2	44988 1762 195
26	105	0.0	2	0 98 7
27	4	0.0	2	0 0 4
