This is cutadapt 4.4 with Python 3.7.12
Command line parameters: -g XACTCCTAYGGGRBGCASCAG -G XAGCGTGGACTACNNGGGTATCTAAT --discard-untrimmed -o trimmed/ERR2835990_1_trimmed.fastq.gz -p trimmed/ERR2835990_2_trimmed.fastq.gz ERR2835990_1.fastq.gz ERR2835990_2.fastq.gz -j 4
Processing paired-end reads on 4 cores ...
Finished in 0.684 s (12.365 µs/read; 4.85 M reads/minute).

=== Summary ===

Total read pairs processed:             55,324
  Read 1 with adapter:                     117 (0.2%)
  Read 2 with adapter:                     150 (0.3%)

== Read fate breakdown ==
Pairs discarded as untrimmed:           55,323 (100.0%)
Pairs written (passing filters):             1 (0.0%)

Total basepairs processed:    27,696,395 bp
  Read 1:    13,875,248 bp
  Read 2:    13,821,147 bp
Total written (filtered):            494 bp (0.0%)
  Read 1:           247 bp
  Read 2:           247 bp

=== First read: Adapter 1 ===

Sequence: ACTCCTAYGGGRBGCASCAG; Type: non-internal 5'; Length: 20; Trimmed: 117 times

Minimum overlap: 3
No. of allowed errors:
1-9 bp: 0; 10-19 bp: 1; 20 bp: 2

Overview of removed sequences
length	count	expect	max.err	error counts
3	1	864.4	0	1
4	92	216.1	0	92
5	15	54.0	0	15
20	8	0.0	2	8
22	1	0.0	2	0 0 1


=== Second read: Adapter 2 ===

Sequence: AGCGTGGACTACNNGGGTATCTAAT; Type: non-internal 5'; Length: 25; Trimmed: 150 times

Minimum overlap: 3
No. of allowed errors:
1-9 bp: 0; 10-19 bp: 1; 20-23 bp: 2

Overview of removed sequences
length	count	expect	max.err	error counts
4	135	216.1	0	135
25	15	0.0	2	11 1 3
