This is cutadapt 4.4 with Python 3.7.12
Command line parameters: -g XACTCCTAYGGGRBGCASCAG -G XAGCGTGGACTACNNGGGTATCTAAT --discard-untrimmed -o trimmed/ERR2835916_1_trimmed.fastq.gz -p trimmed/ERR2835916_2_trimmed.fastq.gz ERR2835916_1.fastq.gz ERR2835916_2.fastq.gz -j 4
Processing paired-end reads on 4 cores ...
Finished in 0.917 s (17.479 µs/read; 3.43 M reads/minute).

=== Summary ===

Total read pairs processed:             52,456
  Read 1 with adapter:                  52,389 (99.9%)
  Read 2 with adapter:                      94 (0.2%)

== Read fate breakdown ==
Pairs discarded as untrimmed:           52,362 (99.8%)
Pairs written (passing filters):            94 (0.2%)

Total basepairs processed:    26,246,359 bp
  Read 1:    13,131,509 bp
  Read 2:    13,114,850 bp
Total written (filtered):         44,415 bp (0.2%)
  Read 1:        21,654 bp
  Read 2:        22,761 bp

=== First read: Adapter 1 ===

Sequence: ACTCCTAYGGGRBGCASCAG; Type: non-internal 5'; Length: 20; Trimmed: 52389 times

Minimum overlap: 3
No. of allowed errors:
1-9 bp: 0; 10-19 bp: 1; 20 bp: 2

Overview of removed sequences
length	count	expect	max.err	error counts
15	3	0.0	1	0 3
17	5	0.0	1	1 4
18	79	0.0	1	4 9 66
19	687	0.0	1	31 642 14
20	51493	0.0	2	49778 1642 73
21	121	0.0	2	0 111 10
22	1	0.0	2	0 0 1


=== Second read: Adapter 2 ===

Sequence: AGCGTGGACTACNNGGGTATCTAAT; Type: non-internal 5'; Length: 25; Trimmed: 94 times

Minimum overlap: 3
No. of allowed errors:
1-9 bp: 0; 10-19 bp: 1; 20-23 bp: 2

Overview of removed sequences
length	count	expect	max.err	error counts
3	60	819.6	0	60
4	1	204.9	0	1
5	13	51.2	0	13
22	1	0.0	2	1
25	12	0.0	2	6 1 5
26	2	0.0	2	0 2
27	5	0.0	2	0 0 5
