This is cutadapt 4.4 with Python 3.7.12
Command line parameters: -g XACTCCTAYGGGRBGCASCAG -G XAGCGTGGACTACNNGGGTATCTAAT --discard-untrimmed -o trimmed/ERR2836008_1_trimmed.fastq.gz -p trimmed/ERR2836008_2_trimmed.fastq.gz ERR2836008_1.fastq.gz ERR2836008_2.fastq.gz -j 4
Processing paired-end reads on 4 cores ...
Finished in 0.816 s (17.774 µs/read; 3.38 M reads/minute).

=== Summary ===

Total read pairs processed:             45,885
  Read 1 with adapter:                  45,801 (99.8%)
  Read 2 with adapter:                      46 (0.1%)

== Read fate breakdown ==
Pairs discarded as untrimmed:           45,839 (99.9%)
Pairs written (passing filters):            46 (0.1%)

Total basepairs processed:    22,973,551 bp
  Read 1:    11,501,314 bp
  Read 2:    11,472,237 bp
Total written (filtered):         21,554 bp (0.1%)
  Read 1:        10,605 bp
  Read 2:        10,949 bp

=== First read: Adapter 1 ===

Sequence: ACTCCTAYGGGRBGCASCAG; Type: non-internal 5'; Length: 20; Trimmed: 45801 times

Minimum overlap: 3
No. of allowed errors:
1-9 bp: 0; 10-19 bp: 1; 20 bp: 2

Overview of removed sequences
length	count	expect	max.err	error counts
17	1	0.0	1	0 1
18	64	0.0	1	4 6 54
19	608	0.0	1	39 554 15
20	45015	0.0	2	43480 1476 59
21	112	0.0	2	0 107 5
22	1	0.0	2	0 0 1


=== Second read: Adapter 2 ===

Sequence: AGCGTGGACTACNNGGGTATCTAAT; Type: non-internal 5'; Length: 25; Trimmed: 46 times

Minimum overlap: 3
No. of allowed errors:
1-9 bp: 0; 10-19 bp: 1; 20-23 bp: 2

Overview of removed sequences
length	count	expect	max.err	error counts
3	26	717.0	0	26
4	1	179.2	0	1
23	1	0.0	2	0 0 1
25	12	0.0	2	9 3
26	1	0.0	2	0 0 1
27	5	0.0	2	0 0 5
