This is cutadapt 4.4 with Python 3.7.12
Command line parameters: -g XACTCCTAYGGGRBGCASCAG -G XAGCGTGGACTACNNGGGTATCTAAT --discard-untrimmed -o trimmed/ERR2836007_1_trimmed.fastq.gz -p trimmed/ERR2836007_2_trimmed.fastq.gz ERR2836007_1.fastq.gz ERR2836007_2.fastq.gz -j 4
Processing paired-end reads on 4 cores ...
Finished in 1.992 s (53.723 µs/read; 1.12 M reads/minute).

=== Summary ===

Total read pairs processed:             37,071
  Read 1 with adapter:                  37,004 (99.8%)
  Read 2 with adapter:                  36,177 (97.6%)

== Read fate breakdown ==
Pairs discarded as untrimmed:              961 (2.6%)
Pairs written (passing filters):        36,110 (97.4%)

Total basepairs processed:    18,592,900 bp
  Read 1:     9,289,038 bp
  Read 2:     9,303,862 bp
Total written (filtered):     16,487,701 bp (88.7%)
  Read 1:     8,326,503 bp
  Read 2:     8,161,198 bp

=== First read: Adapter 1 ===

Sequence: ACTCCTAYGGGRBGCASCAG; Type: non-internal 5'; Length: 20; Trimmed: 37004 times

Minimum overlap: 3
No. of allowed errors:
1-9 bp: 0; 10-19 bp: 1; 20 bp: 2

Overview of removed sequences
length	count	expect	max.err	error counts
15	1	0.0	1	0 1
16	1	0.0	1	1
18	35	0.0	1	5 1 29
19	474	0.0	1	28 429 17
20	36419	0.0	2	35154 1224 41
21	72	0.0	2	0 63 9
22	2	0.0	2	0 0 2


=== Second read: Adapter 2 ===

Sequence: AGCGTGGACTACNNGGGTATCTAAT; Type: non-internal 5'; Length: 25; Trimmed: 36177 times

Minimum overlap: 3
No. of allowed errors:
1-9 bp: 0; 10-19 bp: 1; 20-23 bp: 2

Overview of removed sequences
length	count	expect	max.err	error counts
3	13	579.2	0	13
18	1	0.0	1	1
22	3	0.0	2	0 1 2
23	65	0.0	2	1 0 64
24	469	0.0	2	19 423 27
25	35550	0.0	2	33958 1368 224
26	76	0.0	2	0 72 4
