This is cutadapt 4.4 with Python 3.7.12
Command line parameters: -g XACTCCTAYGGGRBGCASCAG -G XAGCGTGGACTACNNGGGTATCTAAT --discard-untrimmed -o trimmed/ERR2836066_1_trimmed.fastq.gz -p trimmed/ERR2836066_2_trimmed.fastq.gz ERR2836066_1.fastq.gz ERR2836066_2.fastq.gz -j 4
Processing paired-end reads on 4 cores ...
Finished in 0.366 s (14.304 µs/read; 4.19 M reads/minute).

=== Summary ===

Total read pairs processed:             25,585
  Read 1 with adapter:                       7 (0.0%)
  Read 2 with adapter:                      54 (0.2%)

== Read fate breakdown ==
Pairs discarded as untrimmed:           25,585 (100.0%)
Pairs written (passing filters):             0 (0.0%)

Total basepairs processed:    12,800,931 bp
  Read 1:     6,421,084 bp
  Read 2:     6,379,847 bp
Total written (filtered):              0 bp (0.0%)
  Read 1:             0 bp
  Read 2:             0 bp

=== First read: Adapter 1 ===

Sequence: ACTCCTAYGGGRBGCASCAG; Type: non-internal 5'; Length: 20; Trimmed: 7 times

Minimum overlap: 3
No. of allowed errors:
1-9 bp: 0; 10-19 bp: 1; 20 bp: 2

Overview of removed sequences
length	count	expect	max.err	error counts
4	1	99.9	0	1
20	6	0.0	2	5 1


=== Second read: Adapter 2 ===

Sequence: AGCGTGGACTACNNGGGTATCTAAT; Type: non-internal 5'; Length: 25; Trimmed: 54 times

Minimum overlap: 3
No. of allowed errors:
1-9 bp: 0; 10-19 bp: 1; 20-23 bp: 2

Overview of removed sequences
length	count	expect	max.err	error counts
4	48	99.9	0	48
5	1	25.0	0	1
25	5	0.0	2	4 1
