This is cutadapt 4.4 with Python 3.7.12
Command line parameters: -g XACTCCTAYGGGRBGCASCAG -G XAGCGTGGACTACNNGGGTATCTAAT --discard-untrimmed -o trimmed/ERR2836125_1_trimmed.fastq.gz -p trimmed/ERR2836125_2_trimmed.fastq.gz ERR2836125_1.fastq.gz ERR2836125_2.fastq.gz -j 4
Processing paired-end reads on 4 cores ...
Finished in 0.597 s (12.975 µs/read; 4.62 M reads/minute).

=== Summary ===

Total read pairs processed:             46,028
  Read 1 with adapter:                      36 (0.1%)
  Read 2 with adapter:                      19 (0.0%)

== Read fate breakdown ==
Pairs discarded as untrimmed:           46,028 (100.0%)
Pairs written (passing filters):             0 (0.0%)

Total basepairs processed:    23,101,194 bp
  Read 1:    11,551,167 bp
  Read 2:    11,550,027 bp
Total written (filtered):              0 bp (0.0%)
  Read 1:             0 bp
  Read 2:             0 bp

=== First read: Adapter 1 ===

Sequence: ACTCCTAYGGGRBGCASCAG; Type: non-internal 5'; Length: 20; Trimmed: 36 times

Minimum overlap: 3
No. of allowed errors:
1-9 bp: 0; 10-19 bp: 1; 20 bp: 2

Overview of removed sequences
length	count	expect	max.err	error counts
4	5	179.8	0	5
20	31	0.0	2	28 3


=== Second read: Adapter 2 ===

Sequence: AGCGTGGACTACNNGGGTATCTAAT; Type: non-internal 5'; Length: 25; Trimmed: 19 times

Minimum overlap: 3
No. of allowed errors:
1-9 bp: 0; 10-19 bp: 1; 20-23 bp: 2

Overview of removed sequences
length	count	expect	max.err	error counts
6	2	11.2	0	2
23	1	0.0	2	0 1
25	16	0.0	2	11 3 2
