This is cutadapt 4.4 with Python 3.7.12
Command line parameters: -g XACTCCTAYGGGRBGCASCAG -G XAGCGTGGACTACNNGGGTATCTAAT --discard-untrimmed -o trimmed/ERR2836024_1_trimmed.fastq.gz -p trimmed/ERR2836024_2_trimmed.fastq.gz ERR2836024_1.fastq.gz ERR2836024_2.fastq.gz -j 4
Processing paired-end reads on 4 cores ...
Finished in 0.572 s (12.948 µs/read; 4.63 M reads/minute).

=== Summary ===

Total read pairs processed:             44,205
  Read 1 with adapter:                       2 (0.0%)
  Read 2 with adapter:                      73 (0.2%)

== Read fate breakdown ==
Pairs discarded as untrimmed:           44,205 (100.0%)
Pairs written (passing filters):             0 (0.0%)

Total basepairs processed:    22,146,061 bp
  Read 1:    11,094,113 bp
  Read 2:    11,051,948 bp
Total written (filtered):              0 bp (0.0%)
  Read 1:             0 bp
  Read 2:             0 bp

=== First read: Adapter 1 ===

Sequence: ACTCCTAYGGGRBGCASCAG; Type: non-internal 5'; Length: 20; Trimmed: 2 times

Minimum overlap: 3
No. of allowed errors:
1-9 bp: 0; 10-19 bp: 1; 20 bp: 2

Overview of removed sequences
length	count	expect	max.err	error counts
20	2	0.0	2	2


=== Second read: Adapter 2 ===

Sequence: AGCGTGGACTACNNGGGTATCTAAT; Type: non-internal 5'; Length: 25; Trimmed: 73 times

Minimum overlap: 3
No. of allowed errors:
1-9 bp: 0; 10-19 bp: 1; 20-23 bp: 2

Overview of removed sequences
length	count	expect	max.err	error counts
3	48	690.7	0	48
4	1	172.7	0	1
20	1	0.0	2	1
22	1	0.0	2	0 0 1
23	1	0.0	2	0 1
25	19	0.0	2	12 3 4
26	1	0.0	2	0 1
27	1	0.0	2	0 0 1
