This is cutadapt 4.4 with Python 3.7.12
Command line parameters: -g XACTCCTAYGGGRBGCASCAG -G XAGCGTGGACTACNNGGGTATCTAAT --discard-untrimmed -o trimmed/ERR2835918_1_trimmed.fastq.gz -p trimmed/ERR2835918_2_trimmed.fastq.gz ERR2835918_1.fastq.gz ERR2835918_2.fastq.gz -j 4
Processing paired-end reads on 4 cores ...
Finished in 0.854 s (16.223 µs/read; 3.70 M reads/minute).

=== Summary ===

Total read pairs processed:             52,656
  Read 1 with adapter:                  52,558 (99.8%)
  Read 2 with adapter:                     165 (0.3%)

== Read fate breakdown ==
Pairs discarded as untrimmed:           52,491 (99.7%)
Pairs written (passing filters):           165 (0.3%)

Total basepairs processed:    26,321,809 bp
  Read 1:    13,174,019 bp
  Read 2:    13,147,790 bp
Total written (filtered):         78,364 bp (0.3%)
  Read 1:        37,994 bp
  Read 2:        40,370 bp

=== First read: Adapter 1 ===

Sequence: ACTCCTAYGGGRBGCASCAG; Type: non-internal 5'; Length: 20; Trimmed: 52558 times

Minimum overlap: 3
No. of allowed errors:
1-9 bp: 0; 10-19 bp: 1; 20 bp: 2

Overview of removed sequences
length	count	expect	max.err	error counts
16	1	0.0	1	1
17	2	0.0	1	0 2
18	61	0.0	1	4 3 54
19	704	0.0	1	36 648 20
20	51660	0.0	2	49864 1713 83
21	129	0.0	2	0 124 5
22	1	0.0	2	0 0 1


=== Second read: Adapter 2 ===

Sequence: AGCGTGGACTACNNGGGTATCTAAT; Type: non-internal 5'; Length: 25; Trimmed: 165 times

Minimum overlap: 3
No. of allowed errors:
1-9 bp: 0; 10-19 bp: 1; 20-23 bp: 2

Overview of removed sequences
length	count	expect	max.err	error counts
3	5	822.8	0	5
4	150	205.7	0	150
25	10	0.0	2	7 1 2
