This is cutadapt 4.4 with Python 3.7.12
Command line parameters: -g XACTCCTAYGGGRBGCASCAG -G XAGCGTGGACTACNNGGGTATCTAAT --discard-untrimmed -o trimmed/ERR2835984_1_trimmed.fastq.gz -p trimmed/ERR2835984_2_trimmed.fastq.gz ERR2835984_1.fastq.gz ERR2835984_2.fastq.gz -j 4
Processing paired-end reads on 4 cores ...
Finished in 0.829 s (13.262 µs/read; 4.52 M reads/minute).

=== Summary ===

Total read pairs processed:             62,524
  Read 1 with adapter:                     165 (0.3%)
  Read 2 with adapter:                     280 (0.4%)

== Read fate breakdown ==
Pairs discarded as untrimmed:           62,524 (100.0%)
Pairs written (passing filters):             0 (0.0%)

Total basepairs processed:    31,313,763 bp
  Read 1:    15,681,081 bp
  Read 2:    15,632,682 bp
Total written (filtered):              0 bp (0.0%)
  Read 1:             0 bp
  Read 2:             0 bp

=== First read: Adapter 1 ===

Sequence: ACTCCTAYGGGRBGCASCAG; Type: non-internal 5'; Length: 20; Trimmed: 165 times

Minimum overlap: 3
No. of allowed errors:
1-9 bp: 0; 10-19 bp: 1; 20 bp: 2

Overview of removed sequences
length	count	expect	max.err	error counts
3	8	976.9	0	8
4	121	244.2	0	121
5	18	61.1	0	18
8	1	1.0	0	1
20	14	0.0	2	12 2
22	3	0.0	2	0 0 3


=== Second read: Adapter 2 ===

Sequence: AGCGTGGACTACNNGGGTATCTAAT; Type: non-internal 5'; Length: 25; Trimmed: 280 times

Minimum overlap: 3
No. of allowed errors:
1-9 bp: 0; 10-19 bp: 1; 20-23 bp: 2

Overview of removed sequences
length	count	expect	max.err	error counts
3	231	976.9	0	231
4	13	244.2	0	13
5	1	61.1	0	1
19	1	0.0	1	1
20	1	0.0	2	0 1
23	1	0.0	2	0 1
24	2	0.0	2	1 0 1
25	20	0.0	2	13 5 2
26	3	0.0	2	0 2 1
27	7	0.0	2	0 0 7
