This is cutadapt 4.4 with Python 3.7.12
Command line parameters: -g XACTCCTAYGGGRBGCASCAG -G XAGCGTGGACTACNNGGGTATCTAAT --discard-untrimmed -o trimmed/ERR2836088_1_trimmed.fastq.gz -p trimmed/ERR2836088_2_trimmed.fastq.gz ERR2836088_1.fastq.gz ERR2836088_2.fastq.gz -j 4
Processing paired-end reads on 4 cores ...
Finished in 0.686 s (12.039 µs/read; 4.98 M reads/minute).

=== Summary ===

Total read pairs processed:             57,019
  Read 1 with adapter:                      11 (0.0%)
  Read 2 with adapter:                      78 (0.1%)

== Read fate breakdown ==
Pairs discarded as untrimmed:           57,019 (100.0%)
Pairs written (passing filters):             0 (0.0%)

Total basepairs processed:    28,565,984 bp
  Read 1:    14,310,422 bp
  Read 2:    14,255,562 bp
Total written (filtered):              0 bp (0.0%)
  Read 1:             0 bp
  Read 2:             0 bp

=== First read: Adapter 1 ===

Sequence: ACTCCTAYGGGRBGCASCAG; Type: non-internal 5'; Length: 20; Trimmed: 11 times

Minimum overlap: 3
No. of allowed errors:
1-9 bp: 0; 10-19 bp: 1; 20 bp: 2

Overview of removed sequences
length	count	expect	max.err	error counts
20	11	0.0	2	9 1 1


=== Second read: Adapter 2 ===

Sequence: AGCGTGGACTACNNGGGTATCTAAT; Type: non-internal 5'; Length: 25; Trimmed: 78 times

Minimum overlap: 3
No. of allowed errors:
1-9 bp: 0; 10-19 bp: 1; 20-23 bp: 2

Overview of removed sequences
length	count	expect	max.err	error counts
3	51	890.9	0	51
4	1	222.7	0	1
24	1	0.0	2	1
25	17	0.0	2	0 10 7
26	4	0.0	2	0 2 2
27	4	0.0	2	0 0 4
