This is cutadapt 4.4 with Python 3.7.12
Command line parameters: -g XACTCCTAYGGGRBGCASCAG -G XAGCGTGGACTACNNGGGTATCTAAT --discard-untrimmed -o trimmed/ERR2836010_1_trimmed.fastq.gz -p trimmed/ERR2836010_2_trimmed.fastq.gz ERR2836010_1.fastq.gz ERR2836010_2.fastq.gz -j 4
Processing paired-end reads on 4 cores ...
Finished in 0.771 s (16.887 µs/read; 3.55 M reads/minute).

=== Summary ===

Total read pairs processed:             45,650
  Read 1 with adapter:                  45,571 (99.8%)
  Read 2 with adapter:                     130 (0.3%)

== Read fate breakdown ==
Pairs discarded as untrimmed:           45,520 (99.7%)
Pairs written (passing filters):           130 (0.3%)

Total basepairs processed:    22,841,378 bp
  Read 1:    11,438,500 bp
  Read 2:    11,402,878 bp
Total written (filtered):         61,724 bp (0.3%)
  Read 1:        29,962 bp
  Read 2:        31,762 bp

=== First read: Adapter 1 ===

Sequence: ACTCCTAYGGGRBGCASCAG; Type: non-internal 5'; Length: 20; Trimmed: 45571 times

Minimum overlap: 3
No. of allowed errors:
1-9 bp: 0; 10-19 bp: 1; 20 bp: 2

Overview of removed sequences
length	count	expect	max.err	error counts
15	1	0.0	1	0 1
16	5	0.0	1	5
18	52	0.0	1	3 4 45
19	575	0.0	1	34 529 12
20	44844	0.0	2	43274 1494 76
21	94	0.0	2	0 88 6


=== Second read: Adapter 2 ===

Sequence: AGCGTGGACTACNNGGGTATCTAAT; Type: non-internal 5'; Length: 25; Trimmed: 130 times

Minimum overlap: 3
No. of allowed errors:
1-9 bp: 0; 10-19 bp: 1; 20-23 bp: 2

Overview of removed sequences
length	count	expect	max.err	error counts
3	5	713.3	0	5
4	113	178.3	0	113
5	1	44.6	0	1
25	11	0.0	2	9 1 1
