This is cutadapt 4.4 with Python 3.7.12
Command line parameters: -g XACTCCTAYGGGRBGCASCAG -G XAGCGTGGACTACNNGGGTATCTAAT --discard-untrimmed -o trimmed/ERR2835925_1_trimmed.fastq.gz -p trimmed/ERR2835925_2_trimmed.fastq.gz ERR2835925_1.fastq.gz ERR2835925_2.fastq.gz -j 4
Processing paired-end reads on 4 cores ...
Finished in 0.683 s (13.634 µs/read; 4.40 M reads/minute).

=== Summary ===

Total read pairs processed:             50,106
  Read 1 with adapter:                     126 (0.3%)
  Read 2 with adapter:                      21 (0.0%)

== Read fate breakdown ==
Pairs discarded as untrimmed:           50,106 (100.0%)
Pairs written (passing filters):             0 (0.0%)

Total basepairs processed:    25,146,197 bp
  Read 1:    12,572,347 bp
  Read 2:    12,573,850 bp
Total written (filtered):              0 bp (0.0%)
  Read 1:             0 bp
  Read 2:             0 bp

=== First read: Adapter 1 ===

Sequence: ACTCCTAYGGGRBGCASCAG; Type: non-internal 5'; Length: 20; Trimmed: 126 times

Minimum overlap: 3
No. of allowed errors:
1-9 bp: 0; 10-19 bp: 1; 20 bp: 2

Overview of removed sequences
length	count	expect	max.err	error counts
3	4	782.9	0	4
4	96	195.7	0	96
5	12	48.9	0	12
20	10	0.0	2	9 1
22	4	0.0	2	0 0 4


=== Second read: Adapter 2 ===

Sequence: AGCGTGGACTACNNGGGTATCTAAT; Type: non-internal 5'; Length: 25; Trimmed: 21 times

Minimum overlap: 3
No. of allowed errors:
1-9 bp: 0; 10-19 bp: 1; 20-23 bp: 2

Overview of removed sequences
length	count	expect	max.err	error counts
3	9	782.9	0	9
4	1	195.7	0	1
5	2	48.9	0	2
23	1	0.0	2	1
25	8	0.0	2	2 4 2
