This is cutadapt 4.4 with Python 3.7.12
Command line parameters: -g XACTCCTAYGGGRBGCASCAG -G XAGCGTGGACTACNNGGGTATCTAAT --discard-untrimmed -o trimmed/ERR2836109_1_trimmed.fastq.gz -p trimmed/ERR2836109_2_trimmed.fastq.gz ERR2836109_1.fastq.gz ERR2836109_2.fastq.gz -j 4
Processing paired-end reads on 4 cores ...
Finished in 0.912 s (17.849 µs/read; 3.36 M reads/minute).

=== Summary ===

Total read pairs processed:             51,101
  Read 1 with adapter:                  51,025 (99.9%)
  Read 2 with adapter:                      27 (0.1%)

== Read fate breakdown ==
Pairs discarded as untrimmed:           51,074 (99.9%)
Pairs written (passing filters):            27 (0.1%)

Total basepairs processed:    25,613,767 bp
  Read 1:    12,790,539 bp
  Read 2:    12,823,228 bp
Total written (filtered):         12,407 bp (0.0%)
  Read 1:         6,226 bp
  Read 2:         6,181 bp

=== First read: Adapter 1 ===

Sequence: ACTCCTAYGGGRBGCASCAG; Type: non-internal 5'; Length: 20; Trimmed: 51025 times

Minimum overlap: 3
No. of allowed errors:
1-9 bp: 0; 10-19 bp: 1; 20 bp: 2

Overview of removed sequences
length	count	expect	max.err	error counts
16	1	0.0	1	1
17	2	0.0	1	0 2
18	75	0.0	1	7 11 57
19	650	0.0	1	40 595 15
20	50164	0.0	2	48271 1826 67
21	127	0.0	2	0 118 9
22	6	0.0	2	0 0 6


=== Second read: Adapter 2 ===

Sequence: AGCGTGGACTACNNGGGTATCTAAT; Type: non-internal 5'; Length: 25; Trimmed: 27 times

Minimum overlap: 3
No. of allowed errors:
1-9 bp: 0; 10-19 bp: 1; 20-23 bp: 2

Overview of removed sequences
length	count	expect	max.err	error counts
3	3	798.5	0	3
6	1	12.5	0	1
23	1	0.0	2	0 0 1
24	1	0.0	2	0 1
25	17	0.0	2	11 4 2
26	2	0.0	2	0 1 1
27	2	0.0	2	0 0 2
