This is cutadapt 4.4 with Python 3.7.12
Command line parameters: -g XACTCCTAYGGGRBGCASCAG -G XAGCGTGGACTACNNGGGTATCTAAT --discard-untrimmed -o trimmed/ERR2836079_1_trimmed.fastq.gz -p trimmed/ERR2836079_2_trimmed.fastq.gz ERR2836079_1.fastq.gz ERR2836079_2.fastq.gz -j 4
Processing paired-end reads on 4 cores ...
Finished in 0.922 s (17.966 µs/read; 3.34 M reads/minute).

=== Summary ===

Total read pairs processed:             51,324
  Read 1 with adapter:                     141 (0.3%)
  Read 2 with adapter:                  49,861 (97.1%)

== Read fate breakdown ==
Pairs discarded as untrimmed:           51,189 (99.7%)
Pairs written (passing filters):           135 (0.3%)

Total basepairs processed:    25,752,091 bp
  Read 1:    12,871,519 bp
  Read 2:    12,880,572 bp
Total written (filtered):         63,725 bp (0.2%)
  Read 1:        33,213 bp
  Read 2:        30,512 bp

=== First read: Adapter 1 ===

Sequence: ACTCCTAYGGGRBGCASCAG; Type: non-internal 5'; Length: 20; Trimmed: 141 times

Minimum overlap: 3
No. of allowed errors:
1-9 bp: 0; 10-19 bp: 1; 20 bp: 2

Overview of removed sequences
length	count	expect	max.err	error counts
3	6	801.9	0	6
4	108	200.5	0	108
5	20	50.1	0	20
20	7	0.0	2	7


=== Second read: Adapter 2 ===

Sequence: AGCGTGGACTACNNGGGTATCTAAT; Type: non-internal 5'; Length: 25; Trimmed: 49861 times

Minimum overlap: 3
No. of allowed errors:
1-9 bp: 0; 10-19 bp: 1; 20-23 bp: 2

Overview of removed sequences
length	count	expect	max.err	error counts
3	20	801.9	0	20
4	4	200.5	0	4
5	2	50.1	0	2
20	1	0.0	2	1
21	1	0.0	2	1
22	2	0.0	2	2
23	84	0.0	2	3 0 81
24	810	0.0	2	26 740 44
25	48824	0.0	2	46432 2045 347
26	112	0.0	2	0 107 5
27	1	0.0	2	0 0 1
