This is cutadapt 4.4 with Python 3.7.12
Command line parameters: -g XACTCCTAYGGGRBGCASCAG -G XAGCGTGGACTACNNGGGTATCTAAT --discard-untrimmed -o trimmed/ERR2835992_1_trimmed.fastq.gz -p trimmed/ERR2835992_2_trimmed.fastq.gz ERR2835992_1.fastq.gz ERR2835992_2.fastq.gz -j 4
Processing paired-end reads on 4 cores ...
Finished in 0.816 s (11.984 µs/read; 5.01 M reads/minute).

=== Summary ===

Total read pairs processed:             68,115
  Read 1 with adapter:                       3 (0.0%)
  Read 2 with adapter:                     310 (0.5%)

== Read fate breakdown ==
Pairs discarded as untrimmed:           68,115 (100.0%)
Pairs written (passing filters):             0 (0.0%)

Total basepairs processed:    34,125,356 bp
  Read 1:    17,095,073 bp
  Read 2:    17,030,283 bp
Total written (filtered):              0 bp (0.0%)
  Read 1:             0 bp
  Read 2:             0 bp

=== First read: Adapter 1 ===

Sequence: ACTCCTAYGGGRBGCASCAG; Type: non-internal 5'; Length: 20; Trimmed: 3 times

Minimum overlap: 3
No. of allowed errors:
1-9 bp: 0; 10-19 bp: 1; 20 bp: 2

Overview of removed sequences
length	count	expect	max.err	error counts
4	1	266.1	0	1
20	2	0.0	2	2


=== Second read: Adapter 2 ===

Sequence: AGCGTGGACTACNNGGGTATCTAAT; Type: non-internal 5'; Length: 25; Trimmed: 310 times

Minimum overlap: 3
No. of allowed errors:
1-9 bp: 0; 10-19 bp: 1; 20-23 bp: 2

Overview of removed sequences
length	count	expect	max.err	error counts
3	276	1064.3	0	276
4	11	266.1	0	11
24	2	0.0	2	0 2
25	14	0.0	2	6 6 2
26	1	0.0	2	0 0 1
27	6	0.0	2	0 0 6
