This is cutadapt 4.4 with Python 3.7.12
Command line parameters: -g XACTCCTAYGGGRBGCASCAG -G XAGCGTGGACTACNNGGGTATCTAAT --discard-untrimmed -o trimmed/ERR2836110_1_trimmed.fastq.gz -p trimmed/ERR2836110_2_trimmed.fastq.gz ERR2836110_1.fastq.gz ERR2836110_2.fastq.gz -j 4
Processing paired-end reads on 4 cores ...
Finished in 0.788 s (16.597 µs/read; 3.62 M reads/minute).

=== Summary ===

Total read pairs processed:             47,452
  Read 1 with adapter:                  47,367 (99.8%)
  Read 2 with adapter:                     117 (0.2%)

== Read fate breakdown ==
Pairs discarded as untrimmed:           47,335 (99.8%)
Pairs written (passing filters):           117 (0.2%)

Total basepairs processed:    23,740,034 bp
  Read 1:    11,889,911 bp
  Read 2:    11,850,123 bp
Total written (filtered):         55,702 bp (0.2%)
  Read 1:        26,987 bp
  Read 2:        28,715 bp

=== First read: Adapter 1 ===

Sequence: ACTCCTAYGGGRBGCASCAG; Type: non-internal 5'; Length: 20; Trimmed: 47367 times

Minimum overlap: 3
No. of allowed errors:
1-9 bp: 0; 10-19 bp: 1; 20 bp: 2

Overview of removed sequences
length	count	expect	max.err	error counts
3	1	741.4	0	1
16	3	0.0	1	2 1
17	5	0.0	1	0 5
18	68	0.0	1	6 4 58
19	688	0.0	1	41 618 29
20	46485	0.0	2	44864 1538 83
21	115	0.0	2	0 108 7
22	2	0.0	2	0 0 2


=== Second read: Adapter 2 ===

Sequence: AGCGTGGACTACNNGGGTATCTAAT; Type: non-internal 5'; Length: 25; Trimmed: 117 times

Minimum overlap: 3
No. of allowed errors:
1-9 bp: 0; 10-19 bp: 1; 20-23 bp: 2

Overview of removed sequences
length	count	expect	max.err	error counts
3	16	741.4	0	16
4	97	185.4	0	97
25	4	0.0	2	2 2
