This is cutadapt 4.4 with Python 3.7.12
Command line parameters: -g XACTCCTAYGGGRBGCASCAG -G XAGCGTGGACTACNNGGGTATCTAAT --discard-untrimmed -o trimmed/ERR2835957_1_trimmed.fastq.gz -p trimmed/ERR2835957_2_trimmed.fastq.gz ERR2835957_1.fastq.gz ERR2835957_2.fastq.gz -j 4
Processing paired-end reads on 4 cores ...
Finished in 0.716 s (14.185 µs/read; 4.23 M reads/minute).

=== Summary ===

Total read pairs processed:             50,452
  Read 1 with adapter:                     126 (0.2%)
  Read 2 with adapter:                      24 (0.0%)

== Read fate breakdown ==
Pairs discarded as untrimmed:           50,452 (100.0%)
Pairs written (passing filters):             0 (0.0%)

Total basepairs processed:    25,314,877 bp
  Read 1:    12,654,590 bp
  Read 2:    12,660,287 bp
Total written (filtered):              0 bp (0.0%)
  Read 1:             0 bp
  Read 2:             0 bp

=== First read: Adapter 1 ===

Sequence: ACTCCTAYGGGRBGCASCAG; Type: non-internal 5'; Length: 20; Trimmed: 126 times

Minimum overlap: 3
No. of allowed errors:
1-9 bp: 0; 10-19 bp: 1; 20 bp: 2

Overview of removed sequences
length	count	expect	max.err	error counts
3	3	788.3	0	3
4	88	197.1	0	88
5	18	49.3	0	18
19	1	0.0	1	1
20	15	0.0	2	14 1
21	1	0.0	2	0 1


=== Second read: Adapter 2 ===

Sequence: AGCGTGGACTACNNGGGTATCTAAT; Type: non-internal 5'; Length: 25; Trimmed: 24 times

Minimum overlap: 3
No. of allowed errors:
1-9 bp: 0; 10-19 bp: 1; 20-23 bp: 2

Overview of removed sequences
length	count	expect	max.err	error counts
3	6	788.3	0	6
4	1	197.1	0	1
5	2	49.3	0	2
25	11	0.0	2	7 0 4
26	2	0.0	2	0 1 1
27	2	0.0	2	0 0 2
