This is cutadapt 4.4 with Python 3.7.12
Command line parameters: -g XACTCCTAYGGGRBGCASCAG -G XAGCGTGGACTACNNGGGTATCTAAT --discard-untrimmed -o trimmed/ERR2836025_1_trimmed.fastq.gz -p trimmed/ERR2836025_2_trimmed.fastq.gz ERR2836025_1.fastq.gz ERR2836025_2.fastq.gz -j 4
Processing paired-end reads on 4 cores ...
Finished in 0.566 s (13.258 µs/read; 4.53 M reads/minute).

=== Summary ===

Total read pairs processed:             42,699
  Read 1 with adapter:                       6 (0.0%)
  Read 2 with adapter:                      20 (0.0%)

== Read fate breakdown ==
Pairs discarded as untrimmed:           42,699 (100.0%)
Pairs written (passing filters):             0 (0.0%)

Total basepairs processed:    21,430,449 bp
  Read 1:    10,716,439 bp
  Read 2:    10,714,010 bp
Total written (filtered):              0 bp (0.0%)
  Read 1:             0 bp
  Read 2:             0 bp

=== First read: Adapter 1 ===

Sequence: ACTCCTAYGGGRBGCASCAG; Type: non-internal 5'; Length: 20; Trimmed: 6 times

Minimum overlap: 3
No. of allowed errors:
1-9 bp: 0; 10-19 bp: 1; 20 bp: 2

Overview of removed sequences
length	count	expect	max.err	error counts
4	3	166.8	0	3
19	1	0.0	1	1
20	2	0.0	2	1 1


=== Second read: Adapter 2 ===

Sequence: AGCGTGGACTACNNGGGTATCTAAT; Type: non-internal 5'; Length: 25; Trimmed: 20 times

Minimum overlap: 3
No. of allowed errors:
1-9 bp: 0; 10-19 bp: 1; 20-23 bp: 2

Overview of removed sequences
length	count	expect	max.err	error counts
3	1	667.2	0	1
25	16	0.0	2	9 5 2
26	1	0.0	2	0 0 1
27	2	0.0	2	0 0 2
