This is cutadapt 4.4 with Python 3.7.12
Command line parameters: -g XACTCCTAYGGGRBGCASCAG -G XAGCGTGGACTACNNGGGTATCTAAT --discard-untrimmed -o trimmed/ERR2836075_1_trimmed.fastq.gz -p trimmed/ERR2836075_2_trimmed.fastq.gz ERR2836075_1.fastq.gz ERR2836075_2.fastq.gz -j 4
Processing paired-end reads on 4 cores ...
Finished in 2.495 s (50.977 µs/read; 1.18 M reads/minute).

=== Summary ===

Total read pairs processed:             48,945
  Read 1 with adapter:                  48,867 (99.8%)
  Read 2 with adapter:                  48,103 (98.3%)

== Read fate breakdown ==
Pairs discarded as untrimmed:              913 (1.9%)
Pairs written (passing filters):        48,032 (98.1%)

Total basepairs processed:    24,554,218 bp
  Read 1:    12,270,199 bp
  Read 2:    12,284,019 bp
Total written (filtered):     21,936,946 bp (89.3%)
  Read 1:    11,081,425 bp
  Read 2:    10,855,521 bp

=== First read: Adapter 1 ===

Sequence: ACTCCTAYGGGRBGCASCAG; Type: non-internal 5'; Length: 20; Trimmed: 48867 times

Minimum overlap: 3
No. of allowed errors:
1-9 bp: 0; 10-19 bp: 1; 20 bp: 2

Overview of removed sequences
length	count	expect	max.err	error counts
16	4	0.0	1	4
18	68	0.0	1	3 13 52
19	688	0.0	1	41 631 16
20	47982	0.0	2	46528 1393 61
21	125	0.0	2	0 119 6


=== Second read: Adapter 2 ===

Sequence: AGCGTGGACTACNNGGGTATCTAAT; Type: non-internal 5'; Length: 25; Trimmed: 48103 times

Minimum overlap: 3
No. of allowed errors:
1-9 bp: 0; 10-19 bp: 1; 20-23 bp: 2

Overview of removed sequences
length	count	expect	max.err	error counts
3	12	764.8	0	12
15	1	0.0	1	1
20	4	0.0	2	4
21	1	0.0	2	1
22	1	0.0	2	1
23	89	0.0	2	4 5 80
24	715	0.0	2	33 652 30
25	47146	0.0	2	44795 2077 274
26	134	0.0	2	0 130 4
