This is cutadapt 4.4 with Python 3.7.12
Command line parameters: -g XACTCCTAYGGGRBGCASCAG -G XAGCGTGGACTACNNGGGTATCTAAT --discard-untrimmed -o trimmed/ERR2836021_1_trimmed.fastq.gz -p trimmed/ERR2836021_2_trimmed.fastq.gz ERR2836021_1.fastq.gz ERR2836021_2.fastq.gz -j 4
Processing paired-end reads on 4 cores ...
Finished in 0.704 s (14.490 µs/read; 4.14 M reads/minute).

=== Summary ===

Total read pairs processed:             48,563
  Read 1 with adapter:                     130 (0.3%)
  Read 2 with adapter:                      14 (0.0%)

== Read fate breakdown ==
Pairs discarded as untrimmed:           48,563 (100.0%)
Pairs written (passing filters):             0 (0.0%)

Total basepairs processed:    24,363,619 bp
  Read 1:    12,177,663 bp
  Read 2:    12,185,956 bp
Total written (filtered):              0 bp (0.0%)
  Read 1:             0 bp
  Read 2:             0 bp

=== First read: Adapter 1 ===

Sequence: ACTCCTAYGGGRBGCASCAG; Type: non-internal 5'; Length: 20; Trimmed: 130 times

Minimum overlap: 3
No. of allowed errors:
1-9 bp: 0; 10-19 bp: 1; 20 bp: 2

Overview of removed sequences
length	count	expect	max.err	error counts
3	1	758.8	0	1
4	99	189.7	0	99
5	21	47.4	0	21
20	8	0.0	2	8
22	1	0.0	2	0 0 1


=== Second read: Adapter 2 ===

Sequence: AGCGTGGACTACNNGGGTATCTAAT; Type: non-internal 5'; Length: 25; Trimmed: 14 times

Minimum overlap: 3
No. of allowed errors:
1-9 bp: 0; 10-19 bp: 1; 20-23 bp: 2

Overview of removed sequences
length	count	expect	max.err	error counts
3	1	758.8	0	1
4	1	189.7	0	1
5	3	47.4	0	3
24	2	0.0	2	0 2
25	6	0.0	2	3 3
26	1	0.0	2	0 1
