This is cutadapt 4.4 with Python 3.7.12
Command line parameters: -g XACTCCTAYGGGRBGCASCAG -G XAGCGTGGACTACNNGGGTATCTAAT --discard-untrimmed -o trimmed/ERR2836141_1_trimmed.fastq.gz -p trimmed/ERR2836141_2_trimmed.fastq.gz ERR2836141_1.fastq.gz ERR2836141_2.fastq.gz -j 4
Processing paired-end reads on 4 cores ...
Finished in 0.119 s (624.443 µs/read; 0.10 M reads/minute).

=== Summary ===

Total read pairs processed:                190
  Read 1 with adapter:                     185 (97.4%)
  Read 2 with adapter:                      18 (9.5%)

== Read fate breakdown ==
Pairs discarded as untrimmed:              172 (90.5%)
Pairs written (passing filters):            18 (9.5%)

Total basepairs processed:        95,185 bp
  Read 1:        47,575 bp
  Read 2:        47,610 bp
Total written (filtered):          8,214 bp (8.6%)
  Read 1:         4,147 bp
  Read 2:         4,067 bp

=== First read: Adapter 1 ===

Sequence: ACTCCTAYGGGRBGCASCAG; Type: non-internal 5'; Length: 20; Trimmed: 185 times

Minimum overlap: 3
No. of allowed errors:
1-9 bp: 0; 10-19 bp: 1; 20 bp: 2

Overview of removed sequences
length	count	expect	max.err	error counts
19	1	0.0	1	0 1
20	184	0.0	2	176 7 1


=== Second read: Adapter 2 ===

Sequence: AGCGTGGACTACNNGGGTATCTAAT; Type: non-internal 5'; Length: 25; Trimmed: 18 times

Minimum overlap: 3
No. of allowed errors:
1-9 bp: 0; 10-19 bp: 1; 20-23 bp: 2

Overview of removed sequences
length	count	expect	max.err	error counts
25	18	0.0	2	16 2
