This is cutadapt 4.4 with Python 3.7.12
Command line parameters: -g XACTCCTAYGGGRBGCASCAG -G XAGCGTGGACTACNNGGGTATCTAAT --discard-untrimmed -o trimmed/ERR2836144_1_trimmed.fastq.gz -p trimmed/ERR2836144_2_trimmed.fastq.gz ERR2836144_1.fastq.gz ERR2836144_2.fastq.gz -j 4
Processing paired-end reads on 4 cores ...
Finished in 0.678 s (14.392 µs/read; 4.17 M reads/minute).

=== Summary ===

Total read pairs processed:             47,100
  Read 1 with adapter:                     161 (0.3%)
  Read 2 with adapter:                     181 (0.4%)

== Read fate breakdown ==
Pairs discarded as untrimmed:           47,100 (100.0%)
Pairs written (passing filters):             0 (0.0%)

Total basepairs processed:    23,587,409 bp
  Read 1:    11,811,371 bp
  Read 2:    11,776,038 bp
Total written (filtered):              0 bp (0.0%)
  Read 1:             0 bp
  Read 2:             0 bp

=== First read: Adapter 1 ===

Sequence: ACTCCTAYGGGRBGCASCAG; Type: non-internal 5'; Length: 20; Trimmed: 161 times

Minimum overlap: 3
No. of allowed errors:
1-9 bp: 0; 10-19 bp: 1; 20 bp: 2

Overview of removed sequences
length	count	expect	max.err	error counts
3	6	735.9	0	6
4	119	184.0	0	119
5	14	46.0	0	14
16	1	0.0	1	1
20	16	0.0	2	16
21	4	0.0	2	0 4
22	1	0.0	2	0 0 1


=== Second read: Adapter 2 ===

Sequence: AGCGTGGACTACNNGGGTATCTAAT; Type: non-internal 5'; Length: 25; Trimmed: 181 times

Minimum overlap: 3
No. of allowed errors:
1-9 bp: 0; 10-19 bp: 1; 20-23 bp: 2

Overview of removed sequences
length	count	expect	max.err	error counts
3	156	735.9	0	156
4	3	184.0	0	3
5	1	46.0	0	1
25	17	0.0	2	7 4 6
27	4	0.0	2	0 0 4
