This is cutadapt 4.4 with Python 3.7.12
Command line parameters: -g XACTCCTAYGGGRBGCASCAG -G XAGCGTGGACTACNNGGGTATCTAAT --discard-untrimmed -o trimmed/ERR2835961_1_trimmed.fastq.gz -p trimmed/ERR2835961_2_trimmed.fastq.gz ERR2835961_1.fastq.gz ERR2835961_2.fastq.gz -j 4
Processing paired-end reads on 4 cores ...
Finished in 0.509 s (13.938 µs/read; 4.30 M reads/minute).

=== Summary ===

Total read pairs processed:             36,492
  Read 1 with adapter:                       7 (0.0%)
  Read 2 with adapter:                      40 (0.1%)

== Read fate breakdown ==
Pairs discarded as untrimmed:           36,492 (100.0%)
Pairs written (passing filters):             0 (0.0%)

Total basepairs processed:    18,313,091 bp
  Read 1:     9,158,212 bp
  Read 2:     9,154,879 bp
Total written (filtered):              0 bp (0.0%)
  Read 1:             0 bp
  Read 2:             0 bp

=== First read: Adapter 1 ===

Sequence: ACTCCTAYGGGRBGCASCAG; Type: non-internal 5'; Length: 20; Trimmed: 7 times

Minimum overlap: 3
No. of allowed errors:
1-9 bp: 0; 10-19 bp: 1; 20 bp: 2

Overview of removed sequences
length	count	expect	max.err	error counts
20	7	0.0	2	7


=== Second read: Adapter 2 ===

Sequence: AGCGTGGACTACNNGGGTATCTAAT; Type: non-internal 5'; Length: 25; Trimmed: 40 times

Minimum overlap: 3
No. of allowed errors:
1-9 bp: 0; 10-19 bp: 1; 20-23 bp: 2

Overview of removed sequences
length	count	expect	max.err	error counts
5	1	35.6	0	1
25	37	0.0	2	26 7 4
27	2	0.0	2	0 0 2
