This is cutadapt 4.4 with Python 3.7.12
Command line parameters: -g XACTCCTAYGGGRBGCASCAG -G XAGCGTGGACTACNNGGGTATCTAAT --discard-untrimmed -o trimmed/ERR2835996_1_trimmed.fastq.gz -p trimmed/ERR2835996_2_trimmed.fastq.gz ERR2835996_1.fastq.gz ERR2835996_2.fastq.gz -j 4
Processing paired-end reads on 4 cores ...
Finished in 0.679 s (12.645 µs/read; 4.75 M reads/minute).

=== Summary ===

Total read pairs processed:             53,728
  Read 1 with adapter:                     142 (0.3%)
  Read 2 with adapter:                      96 (0.2%)

== Read fate breakdown ==
Pairs discarded as untrimmed:           53,728 (100.0%)
Pairs written (passing filters):             0 (0.0%)

Total basepairs processed:    26,915,714 bp
  Read 1:    13,482,709 bp
  Read 2:    13,433,005 bp
Total written (filtered):              0 bp (0.0%)
  Read 1:             0 bp
  Read 2:             0 bp

=== First read: Adapter 1 ===

Sequence: ACTCCTAYGGGRBGCASCAG; Type: non-internal 5'; Length: 20; Trimmed: 142 times

Minimum overlap: 3
No. of allowed errors:
1-9 bp: 0; 10-19 bp: 1; 20 bp: 2

Overview of removed sequences
length	count	expect	max.err	error counts
19	1	0.0	1	0 1
20	141	0.0	2	134 7


=== Second read: Adapter 2 ===

Sequence: AGCGTGGACTACNNGGGTATCTAAT; Type: non-internal 5'; Length: 25; Trimmed: 96 times

Minimum overlap: 3
No. of allowed errors:
1-9 bp: 0; 10-19 bp: 1; 20-23 bp: 2

Overview of removed sequences
length	count	expect	max.err	error counts
3	61	839.5	0	61
4	2	209.9	0	2
5	14	52.5	0	14
20	1	0.0	2	0 1
24	2	0.0	2	0 0 2
25	11	0.0	2	6 4 1
26	3	0.0	2	0 1 2
27	2	0.0	2	0 0 2
