This is cutadapt 4.4 with Python 3.7.12
Command line parameters: -g XACTCCTAYGGGRBGCASCAG -G XAGCGTGGACTACNNGGGTATCTAAT --discard-untrimmed -o trimmed/ERR2836077_1_trimmed.fastq.gz -p trimmed/ERR2836077_2_trimmed.fastq.gz ERR2836077_1.fastq.gz ERR2836077_2.fastq.gz -j 4
Processing paired-end reads on 4 cores ...
Finished in 0.881 s (18.233 µs/read; 3.29 M reads/minute).

=== Summary ===

Total read pairs processed:             48,340
  Read 1 with adapter:                  48,267 (99.8%)
  Read 2 with adapter:                      12 (0.0%)

== Read fate breakdown ==
Pairs discarded as untrimmed:           48,328 (100.0%)
Pairs written (passing filters):            12 (0.0%)

Total basepairs processed:    24,236,241 bp
  Read 1:    12,105,796 bp
  Read 2:    12,130,445 bp
Total written (filtered):          5,554 bp (0.0%)
  Read 1:         2,767 bp
  Read 2:         2,787 bp

=== First read: Adapter 1 ===

Sequence: ACTCCTAYGGGRBGCASCAG; Type: non-internal 5'; Length: 20; Trimmed: 48267 times

Minimum overlap: 3
No. of allowed errors:
1-9 bp: 0; 10-19 bp: 1; 20 bp: 2

Overview of removed sequences
length	count	expect	max.err	error counts
4	3	188.8	0	3
16	5	0.0	1	5
17	5	0.0	1	1 4
18	59	0.0	1	5 9 45
19	611	0.0	1	42 558 11
20	47466	0.0	2	45994 1414 58
21	118	0.0	2	0 112 6


=== Second read: Adapter 2 ===

Sequence: AGCGTGGACTACNNGGGTATCTAAT; Type: non-internal 5'; Length: 25; Trimmed: 12 times

Minimum overlap: 3
No. of allowed errors:
1-9 bp: 0; 10-19 bp: 1; 20-23 bp: 2

Overview of removed sequences
length	count	expect	max.err	error counts
4	3	188.8	0	3
5	1	47.2	0	1
25	6	0.0	2	1 3 2
27	2	0.0	2	0 0 2
