This is cutadapt 4.4 with Python 3.7.12
Command line parameters: -g XACTCCTAYGGGRBGCASCAG -G XAGCGTGGACTACNNGGGTATCTAAT --discard-untrimmed -o trimmed/ERR2836049_1_trimmed.fastq.gz -p trimmed/ERR2836049_2_trimmed.fastq.gz ERR2836049_1.fastq.gz ERR2836049_2.fastq.gz -j 4
Processing paired-end reads on 4 cores ...
Finished in 0.472 s (16.135 µs/read; 3.72 M reads/minute).

=== Summary ===

Total read pairs processed:             29,260
  Read 1 with adapter:                      86 (0.3%)
  Read 2 with adapter:                      19 (0.1%)

== Read fate breakdown ==
Pairs discarded as untrimmed:           29,260 (100.0%)
Pairs written (passing filters):             0 (0.0%)

Total basepairs processed:    14,682,206 bp
  Read 1:     7,341,135 bp
  Read 2:     7,341,071 bp
Total written (filtered):              0 bp (0.0%)
  Read 1:             0 bp
  Read 2:             0 bp

=== First read: Adapter 1 ===

Sequence: ACTCCTAYGGGRBGCASCAG; Type: non-internal 5'; Length: 20; Trimmed: 86 times

Minimum overlap: 3
No. of allowed errors:
1-9 bp: 0; 10-19 bp: 1; 20 bp: 2

Overview of removed sequences
length	count	expect	max.err	error counts
3	2	457.2	0	2
4	70	114.3	0	70
5	8	28.6	0	8
20	1	0.0	2	1
22	5	0.0	2	0 0 5


=== Second read: Adapter 2 ===

Sequence: AGCGTGGACTACNNGGGTATCTAAT; Type: non-internal 5'; Length: 25; Trimmed: 19 times

Minimum overlap: 3
No. of allowed errors:
1-9 bp: 0; 10-19 bp: 1; 20-23 bp: 2

Overview of removed sequences
length	count	expect	max.err	error counts
3	3	457.2	0	3
22	1	0.0	2	0 1
25	14	0.0	2	7 4 3
26	1	0.0	2	0 1
