This is cutadapt 4.4 with Python 3.7.12
Command line parameters: -g XACTCCTAYGGGRBGCASCAG -G XAGCGTGGACTACNNGGGTATCTAAT --discard-untrimmed -o trimmed/ERR2836046_1_trimmed.fastq.gz -p trimmed/ERR2836046_2_trimmed.fastq.gz ERR2836046_1.fastq.gz ERR2836046_2.fastq.gz -j 4
Processing paired-end reads on 4 cores ...
Finished in 0.856 s (16.467 µs/read; 3.64 M reads/minute).

=== Summary ===

Total read pairs processed:             51,975
  Read 1 with adapter:                  51,880 (99.8%)
  Read 2 with adapter:                      61 (0.1%)

== Read fate breakdown ==
Pairs discarded as untrimmed:           51,915 (99.9%)
Pairs written (passing filters):            60 (0.1%)

Total basepairs processed:    26,020,601 bp
  Read 1:    13,016,882 bp
  Read 2:    13,003,719 bp
Total written (filtered):         28,192 bp (0.1%)
  Read 1:        13,834 bp
  Read 2:        14,358 bp

=== First read: Adapter 1 ===

Sequence: ACTCCTAYGGGRBGCASCAG; Type: non-internal 5'; Length: 20; Trimmed: 51880 times

Minimum overlap: 3
No. of allowed errors:
1-9 bp: 0; 10-19 bp: 1; 20 bp: 2

Overview of removed sequences
length	count	expect	max.err	error counts
15	1	0.0	1	1
16	4	0.0	1	3 1
17	2	0.0	1	1 1
18	62	0.0	1	4 6 52
19	722	0.0	1	47 655 20
20	50970	0.0	2	49006 1871 93
21	118	0.0	2	0 106 12
22	1	0.0	2	0 0 1


=== Second read: Adapter 2 ===

Sequence: AGCGTGGACTACNNGGGTATCTAAT; Type: non-internal 5'; Length: 25; Trimmed: 61 times

Minimum overlap: 3
No. of allowed errors:
1-9 bp: 0; 10-19 bp: 1; 20-23 bp: 2

Overview of removed sequences
length	count	expect	max.err	error counts
4	41	203.0	0	41
24	1	0.0	2	0 1
25	19	0.0	2	9 7 3
