This is cutadapt 4.4 with Python 3.7.12
Command line parameters: -g XACTCCTAYGGGRBGCASCAG -G XAGCGTGGACTACNNGGGTATCTAAT --discard-untrimmed -o trimmed/ERR2836012_1_trimmed.fastq.gz -p trimmed/ERR2836012_2_trimmed.fastq.gz ERR2836012_1.fastq.gz ERR2836012_2.fastq.gz -j 4
Processing paired-end reads on 4 cores ...
Finished in 0.896 s (17.796 µs/read; 3.37 M reads/minute).

=== Summary ===

Total read pairs processed:             50,336
  Read 1 with adapter:                  50,261 (99.9%)
  Read 2 with adapter:                      67 (0.1%)

== Read fate breakdown ==
Pairs discarded as untrimmed:           50,271 (99.9%)
Pairs written (passing filters):            65 (0.1%)

Total basepairs processed:    25,195,426 bp
  Read 1:    12,610,663 bp
  Read 2:    12,584,763 bp
Total written (filtered):         30,710 bp (0.1%)
  Read 1:        14,976 bp
  Read 2:        15,734 bp

=== First read: Adapter 1 ===

Sequence: ACTCCTAYGGGRBGCASCAG; Type: non-internal 5'; Length: 20; Trimmed: 50261 times

Minimum overlap: 3
No. of allowed errors:
1-9 bp: 0; 10-19 bp: 1; 20 bp: 2

Overview of removed sequences
length	count	expect	max.err	error counts
17	3	0.0	1	2 1
18	67	0.0	1	10 5 52
19	659	0.0	1	35 609 15
20	49403	0.0	2	47669 1663 71
21	125	0.0	2	0 116 9
22	4	0.0	2	0 0 4


=== Second read: Adapter 2 ===

Sequence: AGCGTGGACTACNNGGGTATCTAAT; Type: non-internal 5'; Length: 25; Trimmed: 67 times

Minimum overlap: 3
No. of allowed errors:
1-9 bp: 0; 10-19 bp: 1; 20-23 bp: 2

Overview of removed sequences
length	count	expect	max.err	error counts
3	51	786.5	0	51
4	1	196.6	0	1
25	11	0.0	2	7 2 2
27	4	0.0	2	0 0 4
