This is cutadapt 4.4 with Python 3.7.12
Command line parameters: -g XACTCCTAYGGGRBGCASCAG -G XAGCGTGGACTACNNGGGTATCTAAT --discard-untrimmed -o trimmed/ERR2836016_1_trimmed.fastq.gz -p trimmed/ERR2836016_2_trimmed.fastq.gz ERR2836016_1.fastq.gz ERR2836016_2.fastq.gz -j 4
Processing paired-end reads on 4 cores ...
Finished in 0.799 s (13.370 µs/read; 4.49 M reads/minute).

=== Summary ===

Total read pairs processed:             59,769
  Read 1 with adapter:                     147 (0.2%)
  Read 2 with adapter:                      55 (0.1%)

== Read fate breakdown ==
Pairs discarded as untrimmed:           59,769 (100.0%)
Pairs written (passing filters):             0 (0.0%)

Total basepairs processed:    29,931,374 bp
  Read 1:    14,987,989 bp
  Read 2:    14,943,385 bp
Total written (filtered):              0 bp (0.0%)
  Read 1:             0 bp
  Read 2:             0 bp

=== First read: Adapter 1 ===

Sequence: ACTCCTAYGGGRBGCASCAG; Type: non-internal 5'; Length: 20; Trimmed: 147 times

Minimum overlap: 3
No. of allowed errors:
1-9 bp: 0; 10-19 bp: 1; 20 bp: 2

Overview of removed sequences
length	count	expect	max.err	error counts
3	5	933.9	0	5
4	111	233.5	0	111
5	22	58.4	0	22
20	5	0.0	2	4 1
22	4	0.0	2	0 0 4


=== Second read: Adapter 2 ===

Sequence: AGCGTGGACTACNNGGGTATCTAAT; Type: non-internal 5'; Length: 25; Trimmed: 55 times

Minimum overlap: 3
No. of allowed errors:
1-9 bp: 0; 10-19 bp: 1; 20-23 bp: 2

Overview of removed sequences
length	count	expect	max.err	error counts
3	33	933.9	0	33
19	1	0.0	1	1
24	3	0.0	2	2 0 1
25	10	0.0	2	6 1 3
26	5	0.0	2	0 2 3
27	3	0.0	2	0 0 3
