This is cutadapt 4.4 with Python 3.7.12
Command line parameters: -g XACTCCTAYGGGRBGCASCAG -G XAGCGTGGACTACNNGGGTATCTAAT --discard-untrimmed -o trimmed/ERR2836054_1_trimmed.fastq.gz -p trimmed/ERR2836054_2_trimmed.fastq.gz ERR2836054_1.fastq.gz ERR2836054_2.fastq.gz -j 4
Processing paired-end reads on 4 cores ...
Finished in 0.700 s (12.260 µs/read; 4.89 M reads/minute).

=== Summary ===

Total read pairs processed:             57,063
  Read 1 with adapter:                     184 (0.3%)
  Read 2 with adapter:                      73 (0.1%)

== Read fate breakdown ==
Pairs discarded as untrimmed:           57,061 (100.0%)
Pairs written (passing filters):             2 (0.0%)

Total basepairs processed:    28,566,077 bp
  Read 1:    14,311,296 bp
  Read 2:    14,254,781 bp
Total written (filtered):            986 bp (0.0%)
  Read 1:           493 bp
  Read 2:           493 bp

=== First read: Adapter 1 ===

Sequence: ACTCCTAYGGGRBGCASCAG; Type: non-internal 5'; Length: 20; Trimmed: 184 times

Minimum overlap: 3
No. of allowed errors:
1-9 bp: 0; 10-19 bp: 1; 20 bp: 2

Overview of removed sequences
length	count	expect	max.err	error counts
3	9	891.6	0	9
4	136	222.9	0	136
5	24	55.7	0	24
20	9	0.0	2	8 1
21	2	0.0	2	0 2
22	4	0.0	2	0 0 4


=== Second read: Adapter 2 ===

Sequence: AGCGTGGACTACNNGGGTATCTAAT; Type: non-internal 5'; Length: 25; Trimmed: 73 times

Minimum overlap: 3
No. of allowed errors:
1-9 bp: 0; 10-19 bp: 1; 20-23 bp: 2

Overview of removed sequences
length	count	expect	max.err	error counts
4	47	222.9	0	47
25	26	0.0	2	12 2 12
