This is cutadapt 4.4 with Python 3.7.12
Command line parameters: -g XACTCCTAYGGGRBGCASCAG -G XAGCGTGGACTACNNGGGTATCTAAT --discard-untrimmed -o trimmed/ERR2835930_1_trimmed.fastq.gz -p trimmed/ERR2835930_2_trimmed.fastq.gz ERR2835930_1.fastq.gz ERR2835930_2.fastq.gz -j 4
Processing paired-end reads on 4 cores ...
Finished in 0.564 s (11.630 µs/read; 5.16 M reads/minute).

=== Summary ===

Total read pairs processed:             48,491
  Read 1 with adapter:                     112 (0.2%)
  Read 2 with adapter:                     139 (0.3%)

== Read fate breakdown ==
Pairs discarded as untrimmed:           48,491 (100.0%)
Pairs written (passing filters):             0 (0.0%)

Total basepairs processed:    24,276,798 bp
  Read 1:    12,168,900 bp
  Read 2:    12,107,898 bp
Total written (filtered):              0 bp (0.0%)
  Read 1:             0 bp
  Read 2:             0 bp

=== First read: Adapter 1 ===

Sequence: ACTCCTAYGGGRBGCASCAG; Type: non-internal 5'; Length: 20; Trimmed: 112 times

Minimum overlap: 3
No. of allowed errors:
1-9 bp: 0; 10-19 bp: 1; 20 bp: 2

Overview of removed sequences
length	count	expect	max.err	error counts
19	3	0.0	1	0 3
20	109	0.0	2	103 6


=== Second read: Adapter 2 ===

Sequence: AGCGTGGACTACNNGGGTATCTAAT; Type: non-internal 5'; Length: 25; Trimmed: 139 times

Minimum overlap: 3
No. of allowed errors:
1-9 bp: 0; 10-19 bp: 1; 20-23 bp: 2

Overview of removed sequences
length	count	expect	max.err	error counts
3	2	757.7	0	2
4	35	189.4	0	35
24	1	0.0	2	0 1
25	100	0.0	2	95 5
27	1	0.0	2	0 0 1
