This is cutadapt 4.4 with Python 3.7.12
Command line parameters: -g XACTCCTAYGGGRBGCASCAG -G XAGCGTGGACTACNNGGGTATCTAAT --discard-untrimmed -o trimmed/ERR2835981_1_trimmed.fastq.gz -p trimmed/ERR2835981_2_trimmed.fastq.gz ERR2835981_1.fastq.gz ERR2835981_2.fastq.gz -j 4
Processing paired-end reads on 4 cores ...
Finished in 0.582 s (20.272 µs/read; 2.96 M reads/minute).

=== Summary ===

Total read pairs processed:             28,697
  Read 1 with adapter:                  28,657 (99.9%)
  Read 2 with adapter:                      20 (0.1%)

== Read fate breakdown ==
Pairs discarded as untrimmed:           28,677 (99.9%)
Pairs written (passing filters):            20 (0.1%)

Total basepairs processed:    14,396,851 bp
  Read 1:     7,196,611 bp
  Read 2:     7,200,240 bp
Total written (filtered):          9,250 bp (0.1%)
  Read 1:         4,609 bp
  Read 2:         4,641 bp

=== First read: Adapter 1 ===

Sequence: ACTCCTAYGGGRBGCASCAG; Type: non-internal 5'; Length: 20; Trimmed: 28657 times

Minimum overlap: 3
No. of allowed errors:
1-9 bp: 0; 10-19 bp: 1; 20 bp: 2

Overview of removed sequences
length	count	expect	max.err	error counts
4	1	112.1	0	1
16	4	0.0	1	4
17	2	0.0	1	0 2
18	35	0.0	1	2 7 26
19	366	0.0	1	26 332 8
20	28179	0.0	2	27325 821 33
21	69	0.0	2	0 63 6
22	1	0.0	2	0 0 1


=== Second read: Adapter 2 ===

Sequence: AGCGTGGACTACNNGGGTATCTAAT; Type: non-internal 5'; Length: 25; Trimmed: 20 times

Minimum overlap: 3
No. of allowed errors:
1-9 bp: 0; 10-19 bp: 1; 20-23 bp: 2

Overview of removed sequences
length	count	expect	max.err	error counts
3	4	448.4	0	4
4	1	112.1	0	1
5	1	28.0	0	1
24	1	0.0	2	0 1
25	13	0.0	2	9 4
