This is cutadapt 4.4 with Python 3.7.12
Command line parameters: -g XACTCCTAYGGGRBGCASCAG -G XAGCGTGGACTACNNGGGTATCTAAT --discard-untrimmed -o trimmed/ERR2836002_1_trimmed.fastq.gz -p trimmed/ERR2836002_2_trimmed.fastq.gz ERR2836002_1.fastq.gz ERR2836002_2.fastq.gz -j 4
Processing paired-end reads on 4 cores ...
Finished in 0.484 s (12.800 µs/read; 4.69 M reads/minute).

=== Summary ===

Total read pairs processed:             37,844
  Read 1 with adapter:                     350 (0.9%)
  Read 2 with adapter:                     129 (0.3%)

== Read fate breakdown ==
Pairs discarded as untrimmed:           37,844 (100.0%)
Pairs written (passing filters):             0 (0.0%)

Total basepairs processed:    18,949,035 bp
  Read 1:     9,495,566 bp
  Read 2:     9,453,469 bp
Total written (filtered):              0 bp (0.0%)
  Read 1:             0 bp
  Read 2:             0 bp

=== First read: Adapter 1 ===

Sequence: ACTCCTAYGGGRBGCASCAG; Type: non-internal 5'; Length: 20; Trimmed: 350 times

Minimum overlap: 3
No. of allowed errors:
1-9 bp: 0; 10-19 bp: 1; 20 bp: 2

Overview of removed sequences
length	count	expect	max.err	error counts
3	1	591.3	0	1
18	2	0.0	1	0 0 2
19	6	0.0	1	0 6
20	340	0.0	2	333 7
21	1	0.0	2	0 0 1


=== Second read: Adapter 2 ===

Sequence: AGCGTGGACTACNNGGGTATCTAAT; Type: non-internal 5'; Length: 25; Trimmed: 129 times

Minimum overlap: 3
No. of allowed errors:
1-9 bp: 0; 10-19 bp: 1; 20-23 bp: 2

Overview of removed sequences
length	count	expect	max.err	error counts
4	32	147.8	0	32
5	1	37.0	0	1
24	3	0.0	2	0 1 2
25	93	0.0	2	89 3 1
