This is cutadapt 4.4 with Python 3.7.12
Command line parameters: -g XACTCCTAYGGGRBGCASCAG -G XAGCGTGGACTACNNGGGTATCTAAT --discard-untrimmed -o trimmed/ERR2836158_1_trimmed.fastq.gz -p trimmed/ERR2836158_2_trimmed.fastq.gz ERR2836158_1.fastq.gz ERR2836158_2.fastq.gz -j 4
Processing paired-end reads on 4 cores ...
Finished in 0.453 s (12.947 µs/read; 4.63 M reads/minute).

=== Summary ===

Total read pairs processed:             34,952
  Read 1 with adapter:                       3 (0.0%)
  Read 2 with adapter:                     109 (0.3%)

== Read fate breakdown ==
Pairs discarded as untrimmed:           34,952 (100.0%)
Pairs written (passing filters):             0 (0.0%)

Total basepairs processed:    17,500,771 bp
  Read 1:     8,771,739 bp
  Read 2:     8,729,032 bp
Total written (filtered):              0 bp (0.0%)
  Read 1:             0 bp
  Read 2:             0 bp

=== First read: Adapter 1 ===

Sequence: ACTCCTAYGGGRBGCASCAG; Type: non-internal 5'; Length: 20; Trimmed: 3 times

Minimum overlap: 3
No. of allowed errors:
1-9 bp: 0; 10-19 bp: 1; 20 bp: 2

Overview of removed sequences
length	count	expect	max.err	error counts
19	2	0.0	1	0 2
20	1	0.0	2	1


=== Second read: Adapter 2 ===

Sequence: AGCGTGGACTACNNGGGTATCTAAT; Type: non-internal 5'; Length: 25; Trimmed: 109 times

Minimum overlap: 3
No. of allowed errors:
1-9 bp: 0; 10-19 bp: 1; 20-23 bp: 2

Overview of removed sequences
length	count	expect	max.err	error counts
3	15	546.1	0	15
4	84	136.5	0	84
5	1	34.1	0	1
24	1	0.0	2	1
25	8	0.0	2	4 2 2
