This is cutadapt 4.4 with Python 3.7.12
Command line parameters: -g XACTCCTAYGGGRBGCASCAG -G XAGCGTGGACTACNNGGGTATCTAAT --discard-untrimmed -o trimmed/ERR2836051_1_trimmed.fastq.gz -p trimmed/ERR2836051_2_trimmed.fastq.gz ERR2836051_1.fastq.gz ERR2836051_2.fastq.gz -j 4
Processing paired-end reads on 4 cores ...
Finished in 0.820 s (17.627 µs/read; 3.40 M reads/minute).

=== Summary ===

Total read pairs processed:             46,515
  Read 1 with adapter:                     136 (0.3%)
  Read 2 with adapter:                  45,548 (97.9%)

== Read fate breakdown ==
Pairs discarded as untrimmed:           46,382 (99.7%)
Pairs written (passing filters):           133 (0.3%)

Total basepairs processed:    23,339,350 bp
  Read 1:    11,666,685 bp
  Read 2:    11,672,665 bp
Total written (filtered):         62,616 bp (0.3%)
  Read 1:        32,572 bp
  Read 2:        30,044 bp

=== First read: Adapter 1 ===

Sequence: ACTCCTAYGGGRBGCASCAG; Type: non-internal 5'; Length: 20; Trimmed: 136 times

Minimum overlap: 3
No. of allowed errors:
1-9 bp: 0; 10-19 bp: 1; 20 bp: 2

Overview of removed sequences
length	count	expect	max.err	error counts
3	4	726.8	0	4
4	99	181.7	0	99
5	17	45.4	0	17
20	9	0.0	2	9
22	7	0.0	2	0 0 7


=== Second read: Adapter 2 ===

Sequence: AGCGTGGACTACNNGGGTATCTAAT; Type: non-internal 5'; Length: 25; Trimmed: 45548 times

Minimum overlap: 3
No. of allowed errors:
1-9 bp: 0; 10-19 bp: 1; 20-23 bp: 2

Overview of removed sequences
length	count	expect	max.err	error counts
3	26	726.8	0	26
20	2	0.0	2	0 2
21	1	0.0	2	1
22	1	0.0	2	0 1
23	69	0.0	2	2 4 63
24	671	0.0	2	30 601 40
25	44654	0.0	2	42423 1890 341
26	122	0.0	2	0 117 5
27	2	0.0	2	0 0 2
