This is cutadapt 4.4 with Python 3.7.12
Command line parameters: -g XACTCCTAYGGGRBGCASCAG -G XAGCGTGGACTACNNGGGTATCTAAT --discard-untrimmed -o trimmed/ERR2836056_1_trimmed.fastq.gz -p trimmed/ERR2836056_2_trimmed.fastq.gz ERR2836056_1.fastq.gz ERR2836056_2.fastq.gz -j 4
Processing paired-end reads on 4 cores ...
Finished in 0.554 s (13.480 µs/read; 4.45 M reads/minute).

=== Summary ===

Total read pairs processed:             41,111
  Read 1 with adapter:                       2 (0.0%)
  Read 2 with adapter:                      69 (0.2%)

== Read fate breakdown ==
Pairs discarded as untrimmed:           41,111 (100.0%)
Pairs written (passing filters):             0 (0.0%)

Total basepairs processed:    20,597,068 bp
  Read 1:    10,318,514 bp
  Read 2:    10,278,554 bp
Total written (filtered):              0 bp (0.0%)
  Read 1:             0 bp
  Read 2:             0 bp

=== First read: Adapter 1 ===

Sequence: ACTCCTAYGGGRBGCASCAG; Type: non-internal 5'; Length: 20; Trimmed: 2 times

Minimum overlap: 3
No. of allowed errors:
1-9 bp: 0; 10-19 bp: 1; 20 bp: 2

Overview of removed sequences
length	count	expect	max.err	error counts
20	2	0.0	2	2


=== Second read: Adapter 2 ===

Sequence: AGCGTGGACTACNNGGGTATCTAAT; Type: non-internal 5'; Length: 25; Trimmed: 69 times

Minimum overlap: 3
No. of allowed errors:
1-9 bp: 0; 10-19 bp: 1; 20-23 bp: 2

Overview of removed sequences
length	count	expect	max.err	error counts
3	45	642.4	0	45
4	3	160.6	0	3
18	1	0.0	1	1
25	12	0.0	2	3 2 7
26	3	0.0	2	0 0 3
27	5	0.0	2	0 0 5
