This is cutadapt 4.4 with Python 3.7.12
Command line parameters: -g XACTCCTAYGGGRBGCASCAG -G XAGCGTGGACTACNNGGGTATCTAAT --discard-untrimmed -o trimmed/ERR2835950_1_trimmed.fastq.gz -p trimmed/ERR2835950_2_trimmed.fastq.gz ERR2835950_1.fastq.gz ERR2835950_2.fastq.gz -j 4
Processing paired-end reads on 4 cores ...
Finished in 0.929 s (16.409 µs/read; 3.66 M reads/minute).

=== Summary ===

Total read pairs processed:             56,616
  Read 1 with adapter:                  56,508 (99.8%)
  Read 2 with adapter:                     147 (0.3%)

== Read fate breakdown ==
Pairs discarded as untrimmed:           56,469 (99.7%)
Pairs written (passing filters):           147 (0.3%)

Total basepairs processed:    28,331,287 bp
  Read 1:    14,189,345 bp
  Read 2:    14,141,942 bp
Total written (filtered):         69,695 bp (0.2%)
  Read 1:        33,907 bp
  Read 2:        35,788 bp

=== First read: Adapter 1 ===

Sequence: ACTCCTAYGGGRBGCASCAG; Type: non-internal 5'; Length: 20; Trimmed: 56508 times

Minimum overlap: 3
No. of allowed errors:
1-9 bp: 0; 10-19 bp: 1; 20 bp: 2

Overview of removed sequences
length	count	expect	max.err	error counts
17	3	0.0	1	0 3
18	77	0.0	1	5 4 68
19	705	0.0	1	37 653 15
20	55587	0.0	2	53548 1940 99
21	135	0.0	2	0 120 15
22	1	0.0	2	0 0 1


=== Second read: Adapter 2 ===

Sequence: AGCGTGGACTACNNGGGTATCTAAT; Type: non-internal 5'; Length: 25; Trimmed: 147 times

Minimum overlap: 3
No. of allowed errors:
1-9 bp: 0; 10-19 bp: 1; 20-23 bp: 2

Overview of removed sequences
length	count	expect	max.err	error counts
3	1	884.6	0	1
4	127	221.2	0	127
5	1	55.3	0	1
25	18	0.0	2	12 5 1
