This is cutadapt 4.4 with Python 3.7.12
Command line parameters: -g XACTCCTAYGGGRBGCASCAG -G XAGCGTGGACTACNNGGGTATCTAAT --discard-untrimmed -o trimmed/ERR2836005_1_trimmed.fastq.gz -p trimmed/ERR2836005_2_trimmed.fastq.gz ERR2836005_1.fastq.gz ERR2836005_2.fastq.gz -j 4
Processing paired-end reads on 4 cores ...
Finished in 0.738 s (12.557 µs/read; 4.78 M reads/minute).

=== Summary ===

Total read pairs processed:             58,774
  Read 1 with adapter:                       6 (0.0%)
  Read 2 with adapter:                      46 (0.1%)

== Read fate breakdown ==
Pairs discarded as untrimmed:           58,774 (100.0%)
Pairs written (passing filters):             0 (0.0%)

Total basepairs processed:    29,495,363 bp
  Read 1:    14,747,669 bp
  Read 2:    14,747,694 bp
Total written (filtered):              0 bp (0.0%)
  Read 1:             0 bp
  Read 2:             0 bp

=== First read: Adapter 1 ===

Sequence: ACTCCTAYGGGRBGCASCAG; Type: non-internal 5'; Length: 20; Trimmed: 6 times

Minimum overlap: 3
No. of allowed errors:
1-9 bp: 0; 10-19 bp: 1; 20 bp: 2

Overview of removed sequences
length	count	expect	max.err	error counts
20	6	0.0	2	5 1


=== Second read: Adapter 2 ===

Sequence: AGCGTGGACTACNNGGGTATCTAAT; Type: non-internal 5'; Length: 25; Trimmed: 46 times

Minimum overlap: 3
No. of allowed errors:
1-9 bp: 0; 10-19 bp: 1; 20-23 bp: 2

Overview of removed sequences
length	count	expect	max.err	error counts
3	6	918.3	0	6
4	4	229.6	0	4
24	2	0.0	2	1 1
25	31	0.0	2	25 3 3
26	2	0.0	2	0 2
27	1	0.0	2	0 0 1
