This is cutadapt 4.4 with Python 3.7.12
Command line parameters: -g XACTCCTAYGGGRBGCASCAG -G XAGCGTGGACTACNNGGGTATCTAAT --discard-untrimmed -o trimmed/ERR2836068_1_trimmed.fastq.gz -p trimmed/ERR2836068_2_trimmed.fastq.gz ERR2836068_1.fastq.gz ERR2836068_2.fastq.gz -j 4
Processing paired-end reads on 4 cores ...
Finished in 0.472 s (14.175 µs/read; 4.23 M reads/minute).

=== Summary ===

Total read pairs processed:             33,313
  Read 1 with adapter:                       2 (0.0%)
  Read 2 with adapter:                      62 (0.2%)

== Read fate breakdown ==
Pairs discarded as untrimmed:           33,313 (100.0%)
Pairs written (passing filters):             0 (0.0%)

Total basepairs processed:    16,689,416 bp
  Read 1:     8,360,584 bp
  Read 2:     8,328,832 bp
Total written (filtered):              0 bp (0.0%)
  Read 1:             0 bp
  Read 2:             0 bp

=== First read: Adapter 1 ===

Sequence: ACTCCTAYGGGRBGCASCAG; Type: non-internal 5'; Length: 20; Trimmed: 2 times

Minimum overlap: 3
No. of allowed errors:
1-9 bp: 0; 10-19 bp: 1; 20 bp: 2

Overview of removed sequences
length	count	expect	max.err	error counts
19	1	0.0	1	0 1
20	1	0.0	2	1


=== Second read: Adapter 2 ===

Sequence: AGCGTGGACTACNNGGGTATCTAAT; Type: non-internal 5'; Length: 25; Trimmed: 62 times

Minimum overlap: 3
No. of allowed errors:
1-9 bp: 0; 10-19 bp: 1; 20-23 bp: 2

Overview of removed sequences
length	count	expect	max.err	error counts
3	42	520.5	0	42
4	5	130.1	0	5
22	1	0.0	2	1
23	1	0.0	2	0 1
25	8	0.0	2	3 3 2
26	2	0.0	2	0 0 2
27	3	0.0	2	0 0 3
