This is cutadapt 4.4 with Python 3.7.12
Command line parameters: -g XACTCCTAYGGGRBGCASCAG -G XAGCGTGGACTACNNGGGTATCTAAT --discard-untrimmed -o trimmed/ERR2835922_1_trimmed.fastq.gz -p trimmed/ERR2835922_2_trimmed.fastq.gz ERR2835922_1.fastq.gz ERR2835922_2.fastq.gz -j 4
Processing paired-end reads on 4 cores ...
Finished in 0.702 s (12.532 µs/read; 4.79 M reads/minute).

=== Summary ===

Total read pairs processed:             56,011
  Read 1 with adapter:                     620 (1.1%)
  Read 2 with adapter:                     195 (0.3%)

== Read fate breakdown ==
Pairs discarded as untrimmed:           56,011 (100.0%)
Pairs written (passing filters):             0 (0.0%)

Total basepairs processed:    28,048,541 bp
  Read 1:    14,050,469 bp
  Read 2:    13,998,072 bp
Total written (filtered):              0 bp (0.0%)
  Read 1:             0 bp
  Read 2:             0 bp

=== First read: Adapter 1 ===

Sequence: ACTCCTAYGGGRBGCASCAG; Type: non-internal 5'; Length: 20; Trimmed: 620 times

Minimum overlap: 3
No. of allowed errors:
1-9 bp: 0; 10-19 bp: 1; 20 bp: 2

Overview of removed sequences
length	count	expect	max.err	error counts
3	2	875.2	0	2
4	84	218.8	0	84
5	17	54.7	0	17
18	1	0.0	1	0 0 1
19	9	0.0	1	2 6 1
20	502	0.0	2	479 23
21	1	0.0	2	0 0 1
22	4	0.0	2	0 0 4


=== Second read: Adapter 2 ===

Sequence: AGCGTGGACTACNNGGGTATCTAAT; Type: non-internal 5'; Length: 25; Trimmed: 195 times

Minimum overlap: 3
No. of allowed errors:
1-9 bp: 0; 10-19 bp: 1; 20-23 bp: 2

Overview of removed sequences
length	count	expect	max.err	error counts
4	67	218.8	0	67
5	1	54.7	0	1
24	2	0.0	2	0 2
25	124	0.0	2	107 16 1
27	1	0.0	2	0 0 1
