This is cutadapt 4.4 with Python 3.7.12
Command line parameters: -g XACTCCTAYGGGRBGCASCAG -G XAGCGTGGACTACNNGGGTATCTAAT --discard-untrimmed -o trimmed/ERR2836026_1_trimmed.fastq.gz -p trimmed/ERR2836026_2_trimmed.fastq.gz ERR2836026_1.fastq.gz ERR2836026_2.fastq.gz -j 4
Processing paired-end reads on 4 cores ...
Finished in 0.557 s (11.574 µs/read; 5.18 M reads/minute).

=== Summary ===

Total read pairs processed:             48,095
  Read 1 with adapter:                       0 (0.0%)
  Read 2 with adapter:                     136 (0.3%)

== Read fate breakdown ==
Pairs discarded as untrimmed:           48,095 (100.0%)
Pairs written (passing filters):             0 (0.0%)

Total basepairs processed:    24,085,533 bp
  Read 1:    12,070,196 bp
  Read 2:    12,015,337 bp
Total written (filtered):              0 bp (0.0%)
  Read 1:             0 bp
  Read 2:             0 bp

=== First read: Adapter 1 ===

Sequence: ACTCCTAYGGGRBGCASCAG; Type: non-internal 5'; Length: 20; Trimmed: 0 times

=== Second read: Adapter 2 ===

Sequence: AGCGTGGACTACNNGGGTATCTAAT; Type: non-internal 5'; Length: 25; Trimmed: 136 times

Minimum overlap: 3
No. of allowed errors:
1-9 bp: 0; 10-19 bp: 1; 20-23 bp: 2

Overview of removed sequences
length	count	expect	max.err	error counts
3	1	751.5	0	1
4	123	187.9	0	123
25	12	0.0	2	10 1 1
