This is cutadapt 4.4 with Python 3.7.12
Command line parameters: -g XACTCCTAYGGGRBGCASCAG -G XAGCGTGGACTACNNGGGTATCTAAT --discard-untrimmed -o trimmed/ERR2835948_1_trimmed.fastq.gz -p trimmed/ERR2835948_2_trimmed.fastq.gz ERR2835948_1.fastq.gz ERR2835948_2.fastq.gz -j 4
Processing paired-end reads on 4 cores ...
Finished in 1.003 s (17.645 µs/read; 3.40 M reads/minute).

=== Summary ===

Total read pairs processed:             56,865
  Read 1 with adapter:                  56,780 (99.9%)
  Read 2 with adapter:                      96 (0.2%)

== Read fate breakdown ==
Pairs discarded as untrimmed:           56,769 (99.8%)
Pairs written (passing filters):            96 (0.2%)

Total basepairs processed:    28,462,366 bp
  Read 1:    14,244,947 bp
  Read 2:    14,217,419 bp
Total written (filtered):         45,389 bp (0.2%)
  Read 1:        22,136 bp
  Read 2:        23,253 bp

=== First read: Adapter 1 ===

Sequence: ACTCCTAYGGGRBGCASCAG; Type: non-internal 5'; Length: 20; Trimmed: 56780 times

Minimum overlap: 3
No. of allowed errors:
1-9 bp: 0; 10-19 bp: 1; 20 bp: 2

Overview of removed sequences
length	count	expect	max.err	error counts
16	2	0.0	1	2
17	8	0.0	1	3 5
18	78	0.0	1	5 1 72
19	714	0.0	1	38 658 18
20	55844	0.0	2	53826 1945 73
21	131	0.0	2	0 123 8
22	3	0.0	2	0 0 3


=== Second read: Adapter 2 ===

Sequence: AGCGTGGACTACNNGGGTATCTAAT; Type: non-internal 5'; Length: 25; Trimmed: 96 times

Minimum overlap: 3
No. of allowed errors:
1-9 bp: 0; 10-19 bp: 1; 20-23 bp: 2

Overview of removed sequences
length	count	expect	max.err	error counts
3	64	888.5	0	64
4	2	222.1	0	2
5	9	55.5	0	9
20	1	0.0	2	1
23	1	0.0	2	1
24	2	0.0	2	2
25	11	0.0	2	5 3 3
26	2	0.0	2	0 0 2
27	4	0.0	2	0 0 4
