This is cutadapt 4.4 with Python 3.7.12
Command line parameters: -g XACTCCTAYGGGRBGCASCAG -G XAGCGTGGACTACNNGGGTATCTAAT --discard-untrimmed -o trimmed/ERR2836122_1_trimmed.fastq.gz -p trimmed/ERR2836122_2_trimmed.fastq.gz ERR2836122_1.fastq.gz ERR2836122_2.fastq.gz -j 4
Processing paired-end reads on 4 cores ...
Finished in 0.572 s (11.764 µs/read; 5.10 M reads/minute).

=== Summary ===

Total read pairs processed:             48,586
  Read 1 with adapter:                       3 (0.0%)
  Read 2 with adapter:                     140 (0.3%)

== Read fate breakdown ==
Pairs discarded as untrimmed:           48,586 (100.0%)
Pairs written (passing filters):             0 (0.0%)

Total basepairs processed:    24,325,386 bp
  Read 1:    12,194,179 bp
  Read 2:    12,131,207 bp
Total written (filtered):              0 bp (0.0%)
  Read 1:             0 bp
  Read 2:             0 bp

=== First read: Adapter 1 ===

Sequence: ACTCCTAYGGGRBGCASCAG; Type: non-internal 5'; Length: 20; Trimmed: 3 times

Minimum overlap: 3
No. of allowed errors:
1-9 bp: 0; 10-19 bp: 1; 20 bp: 2

Overview of removed sequences
length	count	expect	max.err	error counts
20	3	0.0	2	3


=== Second read: Adapter 2 ===

Sequence: AGCGTGGACTACNNGGGTATCTAAT; Type: non-internal 5'; Length: 25; Trimmed: 140 times

Minimum overlap: 3
No. of allowed errors:
1-9 bp: 0; 10-19 bp: 1; 20-23 bp: 2

Overview of removed sequences
length	count	expect	max.err	error counts
3	63	759.2	0	63
4	56	189.8	0	56
5	4	47.4	0	4
25	17	0.0	2	6 7 4
