This is cutadapt 4.4 with Python 3.7.12
Command line parameters: -g XACTCCTAYGGGRBGCASCAG -G XAGCGTGGACTACNNGGGTATCTAAT --discard-untrimmed -o trimmed/ERR2835942_1_trimmed.fastq.gz -p trimmed/ERR2835942_2_trimmed.fastq.gz ERR2835942_1.fastq.gz ERR2835942_2.fastq.gz -j 4
Processing paired-end reads on 4 cores ...
Finished in 0.554 s (11.832 µs/read; 5.07 M reads/minute).

=== Summary ===

Total read pairs processed:             46,806
  Read 1 with adapter:                       9 (0.0%)
  Read 2 with adapter:                     111 (0.2%)

== Read fate breakdown ==
Pairs discarded as untrimmed:           46,806 (100.0%)
Pairs written (passing filters):             0 (0.0%)

Total basepairs processed:    23,431,275 bp
  Read 1:    11,745,913 bp
  Read 2:    11,685,362 bp
Total written (filtered):              0 bp (0.0%)
  Read 1:             0 bp
  Read 2:             0 bp

=== First read: Adapter 1 ===

Sequence: ACTCCTAYGGGRBGCASCAG; Type: non-internal 5'; Length: 20; Trimmed: 9 times

Minimum overlap: 3
No. of allowed errors:
1-9 bp: 0; 10-19 bp: 1; 20 bp: 2

Overview of removed sequences
length	count	expect	max.err	error counts
20	9	0.0	2	9


=== Second read: Adapter 2 ===

Sequence: AGCGTGGACTACNNGGGTATCTAAT; Type: non-internal 5'; Length: 25; Trimmed: 111 times

Minimum overlap: 3
No. of allowed errors:
1-9 bp: 0; 10-19 bp: 1; 20-23 bp: 2

Overview of removed sequences
length	count	expect	max.err	error counts
3	1	731.3	0	1
4	97	182.8	0	97
25	12	0.0	2	3 5 4
27	1	0.0	2	0 0 1
