This is cutadapt 4.4 with Python 3.7.12
Command line parameters: -g XACTCCTAYGGGRBGCASCAG -G XAGCGTGGACTACNNGGGTATCTAAT --discard-untrimmed -o trimmed/ERR2836127_1_trimmed.fastq.gz -p trimmed/ERR2836127_2_trimmed.fastq.gz ERR2836127_1.fastq.gz ERR2836127_2.fastq.gz -j 4
Processing paired-end reads on 4 cores ...
Finished in 0.763 s (17.022 µs/read; 3.52 M reads/minute).

=== Summary ===

Total read pairs processed:             44,798
  Read 1 with adapter:                       1 (0.0%)
  Read 2 with adapter:                  43,571 (97.3%)

== Read fate breakdown ==
Pairs discarded as untrimmed:           44,797 (100.0%)
Pairs written (passing filters):             1 (0.0%)

Total basepairs processed:    22,485,552 bp
  Read 1:    11,242,251 bp
  Read 2:    11,243,301 bp
Total written (filtered):            457 bp (0.0%)
  Read 1:           231 bp
  Read 2:           226 bp

=== First read: Adapter 1 ===

Sequence: ACTCCTAYGGGRBGCASCAG; Type: non-internal 5'; Length: 20; Trimmed: 1 times

Minimum overlap: 3
No. of allowed errors:
1-9 bp: 0; 10-19 bp: 1; 20 bp: 2

Overview of removed sequences
length	count	expect	max.err	error counts
20	1	0.0	2	1


=== Second read: Adapter 2 ===

Sequence: AGCGTGGACTACNNGGGTATCTAAT; Type: non-internal 5'; Length: 25; Trimmed: 43571 times

Minimum overlap: 3
No. of allowed errors:
1-9 bp: 0; 10-19 bp: 1; 20-23 bp: 2

Overview of removed sequences
length	count	expect	max.err	error counts
3	22	700.0	0	22
4	4	175.0	0	4
16	2	0.0	1	0 2
18	1	0.0	1	0 1
19	2	0.0	1	0 2
20	3	0.0	2	2 1
21	1	0.0	2	0 1
22	2	0.0	2	1 0 1
23	73	0.0	2	3 2 68
24	669	0.0	2	22 618 29
25	42670	0.0	2	40504 1841 325
26	122	0.0	2	0 117 5
