This is cutadapt 4.4 with Python 3.7.12
Command line parameters: -g XACTCCTAYGGGRBGCASCAG -G XAGCGTGGACTACNNGGGTATCTAAT --discard-untrimmed -o trimmed/ERR2836115_1_trimmed.fastq.gz -p trimmed/ERR2836115_2_trimmed.fastq.gz ERR2836115_1.fastq.gz ERR2836115_2.fastq.gz -j 4
Processing paired-end reads on 4 cores ...
Finished in 0.949 s (17.940 µs/read; 3.34 M reads/minute).

=== Summary ===

Total read pairs processed:             52,884
  Read 1 with adapter:                     153 (0.3%)
  Read 2 with adapter:                  51,435 (97.3%)

== Read fate breakdown ==
Pairs discarded as untrimmed:           52,739 (99.7%)
Pairs written (passing filters):           145 (0.3%)

Total basepairs processed:    26,539,818 bp
  Read 1:    13,267,862 bp
  Read 2:    13,271,956 bp
Total written (filtered):         68,462 bp (0.3%)
  Read 1:        35,681 bp
  Read 2:        32,781 bp

=== First read: Adapter 1 ===

Sequence: ACTCCTAYGGGRBGCASCAG; Type: non-internal 5'; Length: 20; Trimmed: 153 times

Minimum overlap: 3
No. of allowed errors:
1-9 bp: 0; 10-19 bp: 1; 20 bp: 2

Overview of removed sequences
length	count	expect	max.err	error counts
3	4	826.3	0	4
4	122	206.6	0	122
5	19	51.6	0	19
20	6	0.0	2	5 0 1
22	2	0.0	2	0 0 2


=== Second read: Adapter 2 ===

Sequence: AGCGTGGACTACNNGGGTATCTAAT; Type: non-internal 5'; Length: 25; Trimmed: 51435 times

Minimum overlap: 3
No. of allowed errors:
1-9 bp: 0; 10-19 bp: 1; 20-23 bp: 2

Overview of removed sequences
length	count	expect	max.err	error counts
3	5	826.3	0	5
4	1	206.6	0	1
14	1	0.0	1	1
15	2	0.0	1	2
16	1	0.0	1	0 1
19	2	0.0	1	0 2
20	3	0.0	2	1 2
21	1	0.0	2	0 1
22	4	0.0	2	1 0 3
23	99	0.0	2	2 8 89
24	864	0.0	2	45 770 49
25	50324	0.0	2	47492 2428 404
26	127	0.0	2	0 116 11
27	1	0.0	2	0 0 1
