This is cutadapt 4.4 with Python 3.7.12
Command line parameters: -g XACTCCTAYGGGRBGCASCAG -G XAGCGTGGACTACNNGGGTATCTAAT --discard-untrimmed -o trimmed/ERR2835995_1_trimmed.fastq.gz -p trimmed/ERR2835995_2_trimmed.fastq.gz ERR2835995_1.fastq.gz ERR2835995_2.fastq.gz -j 4
Processing paired-end reads on 4 cores ...
Finished in 0.839 s (16.333 µs/read; 3.67 M reads/minute).

=== Summary ===

Total read pairs processed:             51,387
  Read 1 with adapter:                       1 (0.0%)
  Read 2 with adapter:                  50,529 (98.3%)

== Read fate breakdown ==
Pairs discarded as untrimmed:           51,386 (100.0%)
Pairs written (passing filters):             1 (0.0%)

Total basepairs processed:    25,790,278 bp
  Read 1:    12,895,564 bp
  Read 2:    12,894,714 bp
Total written (filtered):            457 bp (0.0%)
  Read 1:           231 bp
  Read 2:           226 bp

=== First read: Adapter 1 ===

Sequence: ACTCCTAYGGGRBGCASCAG; Type: non-internal 5'; Length: 20; Trimmed: 1 times

Minimum overlap: 3
No. of allowed errors:
1-9 bp: 0; 10-19 bp: 1; 20 bp: 2

Overview of removed sequences
length	count	expect	max.err	error counts
20	1	0.0	2	1


=== Second read: Adapter 2 ===

Sequence: AGCGTGGACTACNNGGGTATCTAAT; Type: non-internal 5'; Length: 25; Trimmed: 50529 times

Minimum overlap: 3
No. of allowed errors:
1-9 bp: 0; 10-19 bp: 1; 20-23 bp: 2

Overview of removed sequences
length	count	expect	max.err	error counts
3	19	802.9	0	19
15	1	0.0	1	0 1
16	3	0.0	1	1 2
19	2	0.0	1	1 1
22	3	0.0	2	2 1
23	73	0.0	2	1 5 67
24	745	0.0	2	17 688 40
25	49526	0.0	2	47043 2145 338
26	157	0.0	2	0 151 6
