This is cutadapt 4.4 with Python 3.7.12
Command line parameters: -g XACTCCTAYGGGRBGCASCAG -G XAGCGTGGACTACNNGGGTATCTAAT --discard-untrimmed -o trimmed/ERR2835912_1_trimmed.fastq.gz -p trimmed/ERR2835912_2_trimmed.fastq.gz ERR2835912_1.fastq.gz ERR2835912_2.fastq.gz -j 4
Processing paired-end reads on 4 cores ...
Finished in 0.930 s (17.985 µs/read; 3.34 M reads/minute).

=== Summary ===

Total read pairs processed:             51,705
  Read 1 with adapter:                  51,617 (99.8%)
  Read 2 with adapter:                     177 (0.3%)

== Read fate breakdown ==
Pairs discarded as untrimmed:           51,529 (99.7%)
Pairs written (passing filters):           176 (0.3%)

Total basepairs processed:    25,869,910 bp
  Read 1:    12,942,634 bp
  Read 2:    12,927,276 bp
Total written (filtered):         83,411 bp (0.3%)
  Read 1:        40,546 bp
  Read 2:        42,865 bp

=== First read: Adapter 1 ===

Sequence: ACTCCTAYGGGRBGCASCAG; Type: non-internal 5'; Length: 20; Trimmed: 51617 times

Minimum overlap: 3
No. of allowed errors:
1-9 bp: 0; 10-19 bp: 1; 20 bp: 2

Overview of removed sequences
length	count	expect	max.err	error counts
16	1	0.0	1	1
17	2	0.0	1	0 2
18	67	0.0	1	5 4 58
19	636	0.0	1	26 590 20
20	50775	0.0	2	49069 1641 65
21	134	0.0	2	0 125 9
22	2	0.0	2	0 0 2


=== Second read: Adapter 2 ===

Sequence: AGCGTGGACTACNNGGGTATCTAAT; Type: non-internal 5'; Length: 25; Trimmed: 177 times

Minimum overlap: 3
No. of allowed errors:
1-9 bp: 0; 10-19 bp: 1; 20-23 bp: 2

Overview of removed sequences
length	count	expect	max.err	error counts
3	145	807.9	0	145
4	4	202.0	0	4
25	18	0.0	2	12 4 2
26	1	0.0	2	0 0 1
27	9	0.0	2	0 0 9
