This is cutadapt 4.4 with Python 3.7.12
Command line parameters: -g XACTCCTAYGGGRBGCASCAG -G XAGCGTGGACTACNNGGGTATCTAAT --discard-untrimmed -o trimmed/ERR2836070_1_trimmed.fastq.gz -p trimmed/ERR2836070_2_trimmed.fastq.gz ERR2836070_1.fastq.gz ERR2836070_2.fastq.gz -j 4
Processing paired-end reads on 4 cores ...
Finished in 0.485 s (12.414 µs/read; 4.83 M reads/minute).

=== Summary ===

Total read pairs processed:             39,061
  Read 1 with adapter:                       0 (0.0%)
  Read 2 with adapter:                      44 (0.1%)

== Read fate breakdown ==
Pairs discarded as untrimmed:           39,061 (100.0%)
Pairs written (passing filters):             0 (0.0%)

Total basepairs processed:    19,559,008 bp
  Read 1:     9,802,640 bp
  Read 2:     9,756,368 bp
Total written (filtered):              0 bp (0.0%)
  Read 1:             0 bp
  Read 2:             0 bp

=== First read: Adapter 1 ===

Sequence: ACTCCTAYGGGRBGCASCAG; Type: non-internal 5'; Length: 20; Trimmed: 0 times

=== Second read: Adapter 2 ===

Sequence: AGCGTGGACTACNNGGGTATCTAAT; Type: non-internal 5'; Length: 25; Trimmed: 44 times

Minimum overlap: 3
No. of allowed errors:
1-9 bp: 0; 10-19 bp: 1; 20-23 bp: 2

Overview of removed sequences
length	count	expect	max.err	error counts
4	32	152.6	0	32
21	1	0.0	2	1
24	1	0.0	2	0 0 1
25	10	0.0	2	7 1 2
