This is cutadapt 4.4 with Python 3.7.12
Command line parameters: -g XACTCCTAYGGGRBGCASCAG -G XAGCGTGGACTACNNGGGTATCTAAT --discard-untrimmed -o trimmed/ERR2836154_1_trimmed.fastq.gz -p trimmed/ERR2836154_2_trimmed.fastq.gz ERR2836154_1.fastq.gz ERR2836154_2.fastq.gz -j 4
Processing paired-end reads on 4 cores ...
Finished in 0.435 s (12.605 µs/read; 4.76 M reads/minute).

=== Summary ===

Total read pairs processed:             34,541
  Read 1 with adapter:                       0 (0.0%)
  Read 2 with adapter:                     163 (0.5%)

== Read fate breakdown ==
Pairs discarded as untrimmed:           34,541 (100.0%)
Pairs written (passing filters):             0 (0.0%)

Total basepairs processed:    17,301,530 bp
  Read 1:     8,667,892 bp
  Read 2:     8,633,638 bp
Total written (filtered):              0 bp (0.0%)
  Read 1:             0 bp
  Read 2:             0 bp

=== First read: Adapter 1 ===

Sequence: ACTCCTAYGGGRBGCASCAG; Type: non-internal 5'; Length: 20; Trimmed: 0 times

=== Second read: Adapter 2 ===

Sequence: AGCGTGGACTACNNGGGTATCTAAT; Type: non-internal 5'; Length: 25; Trimmed: 163 times

Minimum overlap: 3
No. of allowed errors:
1-9 bp: 0; 10-19 bp: 1; 20-23 bp: 2

Overview of removed sequences
length	count	expect	max.err	error counts
3	46	539.7	0	46
4	96	134.9	0	96
5	3	33.7	0	3
25	18	0.0	2	3 10 5
