This is cutadapt 4.4 with Python 3.7.12
Command line parameters: -g XACTCCTAYGGGRBGCASCAG -G XAGCGTGGACTACNNGGGTATCTAAT --discard-untrimmed -o trimmed/ERR2835933_1_trimmed.fastq.gz -p trimmed/ERR2835933_2_trimmed.fastq.gz ERR2835933_1.fastq.gz ERR2835933_2.fastq.gz -j 4
Processing paired-end reads on 4 cores ...
Finished in 0.515 s (13.604 µs/read; 4.41 M reads/minute).

=== Summary ===

Total read pairs processed:             37,842
  Read 1 with adapter:                       6 (0.0%)
  Read 2 with adapter:                      28 (0.1%)

== Read fate breakdown ==
Pairs discarded as untrimmed:           37,842 (100.0%)
Pairs written (passing filters):             0 (0.0%)

Total basepairs processed:    18,991,125 bp
  Read 1:     9,494,683 bp
  Read 2:     9,496,442 bp
Total written (filtered):              0 bp (0.0%)
  Read 1:             0 bp
  Read 2:             0 bp

=== First read: Adapter 1 ===

Sequence: ACTCCTAYGGGRBGCASCAG; Type: non-internal 5'; Length: 20; Trimmed: 6 times

Minimum overlap: 3
No. of allowed errors:
1-9 bp: 0; 10-19 bp: 1; 20 bp: 2

Overview of removed sequences
length	count	expect	max.err	error counts
4	1	147.8	0	1
20	4	0.0	2	4
22	1	0.0	2	0 0 1


=== Second read: Adapter 2 ===

Sequence: AGCGTGGACTACNNGGGTATCTAAT; Type: non-internal 5'; Length: 25; Trimmed: 28 times

Minimum overlap: 3
No. of allowed errors:
1-9 bp: 0; 10-19 bp: 1; 20-23 bp: 2

Overview of removed sequences
length	count	expect	max.err	error counts
3	7	591.3	0	7
5	2	37.0	0	2
7	1	2.3	0	1
25	18	0.0	2	10 3 5
