This is cutadapt 4.4 with Python 3.7.12
Command line parameters: -g XACTCCTAYGGGRBGCASCAG -G XAGCGTGGACTACNNGGGTATCTAAT --discard-untrimmed -o trimmed/ERR2836112_1_trimmed.fastq.gz -p trimmed/ERR2836112_2_trimmed.fastq.gz ERR2836112_1.fastq.gz ERR2836112_2.fastq.gz -j 4
Processing paired-end reads on 4 cores ...
Finished in 0.863 s (13.205 µs/read; 4.54 M reads/minute).

=== Summary ===

Total read pairs processed:             65,320
  Read 1 with adapter:                     169 (0.3%)
  Read 2 with adapter:                     273 (0.4%)

== Read fate breakdown ==
Pairs discarded as untrimmed:           65,320 (100.0%)
Pairs written (passing filters):             0 (0.0%)

Total basepairs processed:    32,691,718 bp
  Read 1:    16,360,476 bp
  Read 2:    16,331,242 bp
Total written (filtered):              0 bp (0.0%)
  Read 1:             0 bp
  Read 2:             0 bp

=== First read: Adapter 1 ===

Sequence: ACTCCTAYGGGRBGCASCAG; Type: non-internal 5'; Length: 20; Trimmed: 169 times

Minimum overlap: 3
No. of allowed errors:
1-9 bp: 0; 10-19 bp: 1; 20 bp: 2

Overview of removed sequences
length	count	expect	max.err	error counts
3	5	1020.6	0	5
4	138	255.2	0	138
5	17	63.8	0	17
20	8	0.0	2	8
22	1	0.0	2	0 0 1


=== Second read: Adapter 2 ===

Sequence: AGCGTGGACTACNNGGGTATCTAAT; Type: non-internal 5'; Length: 25; Trimmed: 273 times

Minimum overlap: 3
No. of allowed errors:
1-9 bp: 0; 10-19 bp: 1; 20-23 bp: 2

Overview of removed sequences
length	count	expect	max.err	error counts
3	241	1020.6	0	241
4	5	255.2	0	5
22	2	0.0	2	2
23	3	0.0	2	0 2 1
24	3	0.0	2	0 0 3
25	14	0.0	2	8 2 4
26	3	0.0	2	0 1 2
27	2	0.0	2	0 0 2
