This is cutadapt 4.4 with Python 3.7.12
Command line parameters: -g XACTCCTAYGGGRBGCASCAG -G XAGCGTGGACTACNNGGGTATCTAAT --discard-untrimmed -o trimmed/ERR2835946_1_trimmed.fastq.gz -p trimmed/ERR2835946_2_trimmed.fastq.gz ERR2835946_1.fastq.gz ERR2835946_2.fastq.gz -j 4
Processing paired-end reads on 4 cores ...
Finished in 0.944 s (16.640 µs/read; 3.61 M reads/minute).

=== Summary ===

Total read pairs processed:             56,726
  Read 1 with adapter:                  56,624 (99.8%)
  Read 2 with adapter:                     181 (0.3%)

== Read fate breakdown ==
Pairs discarded as untrimmed:           56,545 (99.7%)
Pairs written (passing filters):           181 (0.3%)

Total basepairs processed:    28,383,691 bp
  Read 1:    14,222,279 bp
  Read 2:    14,161,412 bp
Total written (filtered):         83,647 bp (0.3%)
  Read 1:        41,755 bp
  Read 2:        41,892 bp

=== First read: Adapter 1 ===

Sequence: ACTCCTAYGGGRBGCASCAG; Type: non-internal 5'; Length: 20; Trimmed: 56624 times

Minimum overlap: 3
No. of allowed errors:
1-9 bp: 0; 10-19 bp: 1; 20 bp: 2

Overview of removed sequences
length	count	expect	max.err	error counts
17	2	0.0	1	0 2
18	50	0.0	1	0 8 42
19	690	0.0	1	25 648 17
20	55739	0.0	2	53559 2107 73
21	143	0.0	2	0 132 11


=== Second read: Adapter 2 ===

Sequence: AGCGTGGACTACNNGGGTATCTAAT; Type: non-internal 5'; Length: 25; Trimmed: 181 times

Minimum overlap: 3
No. of allowed errors:
1-9 bp: 0; 10-19 bp: 1; 20-23 bp: 2

Overview of removed sequences
length	count	expect	max.err	error counts
4	49	221.6	0	49
5	1	55.4	0	1
24	1	0.0	2	0 1
25	130	0.0	2	118 11 1
