This is cutadapt 4.4 with Python 3.7.12
Command line parameters: -g XACTCCTAYGGGRBGCASCAG -G XAGCGTGGACTACNNGGGTATCTAAT --discard-untrimmed -o trimmed/ERR2836148_1_trimmed.fastq.gz -p trimmed/ERR2836148_2_trimmed.fastq.gz ERR2836148_1.fastq.gz ERR2836148_2.fastq.gz -j 4
Processing paired-end reads on 4 cores ...
Finished in 0.710 s (14.262 µs/read; 4.21 M reads/minute).

=== Summary ===

Total read pairs processed:             49,790
  Read 1 with adapter:                     156 (0.3%)
  Read 2 with adapter:                      90 (0.2%)

== Read fate breakdown ==
Pairs discarded as untrimmed:           49,790 (100.0%)
Pairs written (passing filters):             0 (0.0%)

Total basepairs processed:    24,929,046 bp
  Read 1:    12,480,595 bp
  Read 2:    12,448,451 bp
Total written (filtered):              0 bp (0.0%)
  Read 1:             0 bp
  Read 2:             0 bp

=== First read: Adapter 1 ===

Sequence: ACTCCTAYGGGRBGCASCAG; Type: non-internal 5'; Length: 20; Trimmed: 156 times

Minimum overlap: 3
No. of allowed errors:
1-9 bp: 0; 10-19 bp: 1; 20 bp: 2

Overview of removed sequences
length	count	expect	max.err	error counts
3	15	778.0	0	15
4	117	194.5	0	117
5	17	48.6	0	17
20	4	0.0	2	4
22	3	0.0	2	0 0 3


=== Second read: Adapter 2 ===

Sequence: AGCGTGGACTACNNGGGTATCTAAT; Type: non-internal 5'; Length: 25; Trimmed: 90 times

Minimum overlap: 3
No. of allowed errors:
1-9 bp: 0; 10-19 bp: 1; 20-23 bp: 2

Overview of removed sequences
length	count	expect	max.err	error counts
3	55	778.0	0	55
4	7	194.5	0	7
5	3	48.6	0	3
23	1	0.0	2	0 1
24	1	0.0	2	0 0 1
25	12	0.0	2	7 2 3
27	11	0.0	2	0 0 11
