This is cutadapt 4.4 with Python 3.7.12
Command line parameters: -g XACTCCTAYGGGRBGCASCAG -G XAGCGTGGACTACNNGGGTATCTAAT --discard-untrimmed -o trimmed/ERR2836149_1_trimmed.fastq.gz -p trimmed/ERR2836149_2_trimmed.fastq.gz ERR2836149_1.fastq.gz ERR2836149_2.fastq.gz -j 4
Processing paired-end reads on 4 cores ...
Finished in 0.689 s (14.318 µs/read; 4.19 M reads/minute).

=== Summary ===

Total read pairs processed:             48,095
  Read 1 with adapter:                     218 (0.5%)
  Read 2 with adapter:                      18 (0.0%)

== Read fate breakdown ==
Pairs discarded as untrimmed:           48,095 (100.0%)
Pairs written (passing filters):             0 (0.0%)

Total basepairs processed:    24,121,830 bp
  Read 1:    12,054,416 bp
  Read 2:    12,067,414 bp
Total written (filtered):              0 bp (0.0%)
  Read 1:             0 bp
  Read 2:             0 bp

=== First read: Adapter 1 ===

Sequence: ACTCCTAYGGGRBGCASCAG; Type: non-internal 5'; Length: 20; Trimmed: 218 times

Minimum overlap: 3
No. of allowed errors:
1-9 bp: 0; 10-19 bp: 1; 20 bp: 2

Overview of removed sequences
length	count	expect	max.err	error counts
3	5	751.5	0	5
4	88	187.9	0	88
5	11	47.0	0	11
19	1	0.0	1	0 1
20	109	0.0	2	104 5
22	4	0.0	2	0 0 4


=== Second read: Adapter 2 ===

Sequence: AGCGTGGACTACNNGGGTATCTAAT; Type: non-internal 5'; Length: 25; Trimmed: 18 times

Minimum overlap: 3
No. of allowed errors:
1-9 bp: 0; 10-19 bp: 1; 20-23 bp: 2

Overview of removed sequences
length	count	expect	max.err	error counts
3	1	751.5	0	1
4	1	187.9	0	1
24	1	0.0	2	0 1
25	15	0.0	2	10 2 3
