This is cutadapt 4.4 with Python 3.7.12
Command line parameters: -g XACTCCTAYGGGRBGCASCAG -G XAGCGTGGACTACNNGGGTATCTAAT --discard-untrimmed -o trimmed/ERR2835979_1_trimmed.fastq.gz -p trimmed/ERR2835979_2_trimmed.fastq.gz ERR2835979_1.fastq.gz ERR2835979_2.fastq.gz -j 4
Processing paired-end reads on 4 cores ...
Finished in 2.202 s (55.131 µs/read; 1.09 M reads/minute).

=== Summary ===

Total read pairs processed:             39,939
  Read 1 with adapter:                  39,878 (99.8%)
  Read 2 with adapter:                  39,401 (98.7%)

== Read fate breakdown ==
Pairs discarded as untrimmed:              596 (1.5%)
Pairs written (passing filters):        39,343 (98.5%)

Total basepairs processed:    20,028,234 bp
  Read 1:    10,004,454 bp
  Read 2:    10,023,780 bp
Total written (filtered):     17,960,539 bp (89.7%)
  Read 1:     9,068,721 bp
  Read 2:     8,891,818 bp

=== First read: Adapter 1 ===

Sequence: ACTCCTAYGGGRBGCASCAG; Type: non-internal 5'; Length: 20; Trimmed: 39878 times

Minimum overlap: 3
No. of allowed errors:
1-9 bp: 0; 10-19 bp: 1; 20 bp: 2

Overview of removed sequences
length	count	expect	max.err	error counts
16	2	0.0	1	1 1
17	3	0.0	1	0 3
18	45	0.0	1	4 3 38
19	512	0.0	1	20 481 11
20	39207	0.0	2	37904 1266 37
21	109	0.0	2	0 106 3


=== Second read: Adapter 2 ===

Sequence: AGCGTGGACTACNNGGGTATCTAAT; Type: non-internal 5'; Length: 25; Trimmed: 39401 times

Minimum overlap: 3
No. of allowed errors:
1-9 bp: 0; 10-19 bp: 1; 20-23 bp: 2

Overview of removed sequences
length	count	expect	max.err	error counts
3	13	624.0	0	13
13	1	0.0	1	1
16	1	0.0	1	0 1
17	1	0.0	1	1
19	1	0.0	1	0 1
20	2	0.0	2	2
23	72	0.0	2	3 6 63
24	600	0.0	2	22 541 37
25	38636	0.0	2	36559 1773 304
26	71	0.0	2	0 66 5
27	3	0.0	2	0 0 3
