This is cutadapt 4.4 with Python 3.7.12
Command line parameters: -g XACTCCTAYGGGRBGCASCAG -G XAGCGTGGACTACNNGGGTATCTAAT --discard-untrimmed -o trimmed/ERR2836124_1_trimmed.fastq.gz -p trimmed/ERR2836124_2_trimmed.fastq.gz ERR2836124_1.fastq.gz ERR2836124_2.fastq.gz -j 4
Processing paired-end reads on 4 cores ...
Finished in 0.626 s (12.815 µs/read; 4.68 M reads/minute).

=== Summary ===

Total read pairs processed:             48,825
  Read 1 with adapter:                       1 (0.0%)
  Read 2 with adapter:                     100 (0.2%)

== Read fate breakdown ==
Pairs discarded as untrimmed:           48,825 (100.0%)
Pairs written (passing filters):             0 (0.0%)

Total basepairs processed:    24,460,039 bp
  Read 1:    12,252,989 bp
  Read 2:    12,207,050 bp
Total written (filtered):              0 bp (0.0%)
  Read 1:             0 bp
  Read 2:             0 bp

=== First read: Adapter 1 ===

Sequence: ACTCCTAYGGGRBGCASCAG; Type: non-internal 5'; Length: 20; Trimmed: 1 times

Minimum overlap: 3
No. of allowed errors:
1-9 bp: 0; 10-19 bp: 1; 20 bp: 2

Overview of removed sequences
length	count	expect	max.err	error counts
20	1	0.0	2	1


=== Second read: Adapter 2 ===

Sequence: AGCGTGGACTACNNGGGTATCTAAT; Type: non-internal 5'; Length: 25; Trimmed: 100 times

Minimum overlap: 3
No. of allowed errors:
1-9 bp: 0; 10-19 bp: 1; 20-23 bp: 2

Overview of removed sequences
length	count	expect	max.err	error counts
3	67	762.9	0	67
4	5	190.7	0	5
5	5	47.7	0	5
21	1	0.0	2	1
24	3	0.0	2	0 2 1
25	12	0.0	2	5 3 4
26	5	0.0	2	0 3 2
27	2	0.0	2	0 0 2
