This is cutadapt 4.4 with Python 3.7.12
Command line parameters: -g XACTCCTAYGGGRBGCASCAG -G XAGCGTGGACTACNNGGGTATCTAAT --discard-untrimmed -o trimmed/ERR2836164_1_trimmed.fastq.gz -p trimmed/ERR2836164_2_trimmed.fastq.gz ERR2836164_1.fastq.gz ERR2836164_2.fastq.gz -j 4
Processing paired-end reads on 4 cores ...
Finished in 0.537 s (13.518 µs/read; 4.44 M reads/minute).

=== Summary ===

Total read pairs processed:             39,737
  Read 1 with adapter:                       0 (0.0%)
  Read 2 with adapter:                      83 (0.2%)

== Read fate breakdown ==
Pairs discarded as untrimmed:           39,737 (100.0%)
Pairs written (passing filters):             0 (0.0%)

Total basepairs processed:    19,906,405 bp
  Read 1:     9,971,559 bp
  Read 2:     9,934,846 bp
Total written (filtered):              0 bp (0.0%)
  Read 1:             0 bp
  Read 2:             0 bp

=== First read: Adapter 1 ===

Sequence: ACTCCTAYGGGRBGCASCAG; Type: non-internal 5'; Length: 20; Trimmed: 0 times

=== Second read: Adapter 2 ===

Sequence: AGCGTGGACTACNNGGGTATCTAAT; Type: non-internal 5'; Length: 25; Trimmed: 83 times

Minimum overlap: 3
No. of allowed errors:
1-9 bp: 0; 10-19 bp: 1; 20-23 bp: 2

Overview of removed sequences
length	count	expect	max.err	error counts
3	50	620.9	0	50
4	9	155.2	0	9
5	3	38.8	0	3
20	1	0.0	2	0 1
24	1	0.0	2	1
25	12	0.0	2	6 2 4
26	5	0.0	2	0 2 3
27	2	0.0	2	0 0 2
