This is cutadapt 4.4 with Python 3.7.12
Command line parameters: -g XACTCCTAYGGGRBGCASCAG -G XAGCGTGGACTACNNGGGTATCTAAT --discard-untrimmed -o trimmed/ERR2836063_1_trimmed.fastq.gz -p trimmed/ERR2836063_2_trimmed.fastq.gz ERR2836063_1.fastq.gz ERR2836063_2.fastq.gz -j 4
Processing paired-end reads on 4 cores ...
Finished in 0.643 s (17.270 µs/read; 3.47 M reads/minute).

=== Summary ===

Total read pairs processed:             37,251
  Read 1 with adapter:                       2 (0.0%)
  Read 2 with adapter:                  36,053 (96.8%)

== Read fate breakdown ==
Pairs discarded as untrimmed:           37,249 (100.0%)
Pairs written (passing filters):             2 (0.0%)

Total basepairs processed:    18,698,539 bp
  Read 1:     9,349,152 bp
  Read 2:     9,349,387 bp
Total written (filtered):            930 bp (0.0%)
  Read 1:           478 bp
  Read 2:           452 bp

=== First read: Adapter 1 ===

Sequence: ACTCCTAYGGGRBGCASCAG; Type: non-internal 5'; Length: 20; Trimmed: 2 times

Minimum overlap: 3
No. of allowed errors:
1-9 bp: 0; 10-19 bp: 1; 20 bp: 2

Overview of removed sequences
length	count	expect	max.err	error counts
3	1	582.0	0	1
20	1	0.0	2	1


=== Second read: Adapter 2 ===

Sequence: AGCGTGGACTACNNGGGTATCTAAT; Type: non-internal 5'; Length: 25; Trimmed: 36053 times

Minimum overlap: 3
No. of allowed errors:
1-9 bp: 0; 10-19 bp: 1; 20-23 bp: 2

Overview of removed sequences
length	count	expect	max.err	error counts
3	14	582.0	0	14
4	3	145.5	0	3
5	1	36.4	0	1
15	2	0.0	1	1 1
20	2	0.0	2	0 2
21	1	0.0	2	1
22	4	0.0	2	2 2
23	89	0.0	2	3 8 78
24	688	0.0	2	22 626 40
25	35145	0.0	2	32915 1959 271
26	103	0.0	2	0 97 6
27	1	0.0	2	0 0 1
