This is cutadapt 4.4 with Python 3.7.12
Command line parameters: -g XACTCCTAYGGGRBGCASCAG -G XAGCGTGGACTACNNGGGTATCTAAT --discard-untrimmed -o trimmed/ERR2835960_1_trimmed.fastq.gz -p trimmed/ERR2835960_2_trimmed.fastq.gz ERR2835960_1.fastq.gz ERR2835960_2.fastq.gz -j 4
Processing paired-end reads on 4 cores ...
Finished in 0.603 s (12.691 µs/read; 4.73 M reads/minute).

=== Summary ===

Total read pairs processed:             47,548
  Read 1 with adapter:                       1 (0.0%)
  Read 2 with adapter:                     303 (0.6%)

== Read fate breakdown ==
Pairs discarded as untrimmed:           47,548 (100.0%)
Pairs written (passing filters):             0 (0.0%)

Total basepairs processed:    23,821,176 bp
  Read 1:    11,932,872 bp
  Read 2:    11,888,304 bp
Total written (filtered):              0 bp (0.0%)
  Read 1:             0 bp
  Read 2:             0 bp

=== First read: Adapter 1 ===

Sequence: ACTCCTAYGGGRBGCASCAG; Type: non-internal 5'; Length: 20; Trimmed: 1 times

Minimum overlap: 3
No. of allowed errors:
1-9 bp: 0; 10-19 bp: 1; 20 bp: 2

Overview of removed sequences
length	count	expect	max.err	error counts
20	1	0.0	2	1


=== Second read: Adapter 2 ===

Sequence: AGCGTGGACTACNNGGGTATCTAAT; Type: non-internal 5'; Length: 25; Trimmed: 303 times

Minimum overlap: 3
No. of allowed errors:
1-9 bp: 0; 10-19 bp: 1; 20-23 bp: 2

Overview of removed sequences
length	count	expect	max.err	error counts
3	250	742.9	0	250
4	11	185.7	0	11
23	1	0.0	2	0 1
25	27	0.0	2	16 6 5
26	7	0.0	2	0 2 5
27	7	0.0	2	0 0 7
