This is cutadapt 4.4 with Python 3.7.12
Command line parameters: -g XACTCCTAYGGGRBGCASCAG -G XAGCGTGGACTACNNGGGTATCTAAT --discard-untrimmed -o trimmed/ERR2836097_1_trimmed.fastq.gz -p trimmed/ERR2836097_2_trimmed.fastq.gz ERR2836097_1.fastq.gz ERR2836097_2.fastq.gz -j 4
Processing paired-end reads on 4 cores ...
Finished in 0.645 s (12.855 µs/read; 4.67 M reads/minute).

=== Summary ===

Total read pairs processed:             50,140
  Read 1 with adapter:                       6 (0.0%)
  Read 2 with adapter:                      27 (0.1%)

== Read fate breakdown ==
Pairs discarded as untrimmed:           50,140 (100.0%)
Pairs written (passing filters):             0 (0.0%)

Total basepairs processed:    25,164,749 bp
  Read 1:    12,583,377 bp
  Read 2:    12,581,372 bp
Total written (filtered):              0 bp (0.0%)
  Read 1:             0 bp
  Read 2:             0 bp

=== First read: Adapter 1 ===

Sequence: ACTCCTAYGGGRBGCASCAG; Type: non-internal 5'; Length: 20; Trimmed: 6 times

Minimum overlap: 3
No. of allowed errors:
1-9 bp: 0; 10-19 bp: 1; 20 bp: 2

Overview of removed sequences
length	count	expect	max.err	error counts
4	2	195.9	0	2
20	4	0.0	2	3 1


=== Second read: Adapter 2 ===

Sequence: AGCGTGGACTACNNGGGTATCTAAT; Type: non-internal 5'; Length: 25; Trimmed: 27 times

Minimum overlap: 3
No. of allowed errors:
1-9 bp: 0; 10-19 bp: 1; 20-23 bp: 2

Overview of removed sequences
length	count	expect	max.err	error counts
3	2	783.4	0	2
4	1	195.9	0	1
5	1	49.0	0	1
22	2	0.0	2	2
23	1	0.0	2	1
25	20	0.0	2	18 1 1
