This is cutadapt 4.4 with Python 3.7.12
Command line parameters: -g XACTCCTAYGGGRBGCASCAG -G XAGCGTGGACTACNNGGGTATCTAAT --discard-untrimmed -o trimmed/ERR2836102_1_trimmed.fastq.gz -p trimmed/ERR2836102_2_trimmed.fastq.gz ERR2836102_1.fastq.gz ERR2836102_2.fastq.gz -j 4
Processing paired-end reads on 4 cores ...
Finished in 0.747 s (10.211 µs/read; 5.88 M reads/minute).

=== Summary ===

Total read pairs processed:             73,198
  Read 1 with adapter:                       7 (0.0%)
  Read 2 with adapter:                     177 (0.2%)

== Read fate breakdown ==
Pairs discarded as untrimmed:           73,198 (100.0%)
Pairs written (passing filters):             0 (0.0%)

Total basepairs processed:    36,641,945 bp
  Read 1:    18,368,064 bp
  Read 2:    18,273,881 bp
Total written (filtered):              0 bp (0.0%)
  Read 1:             0 bp
  Read 2:             0 bp

=== First read: Adapter 1 ===

Sequence: ACTCCTAYGGGRBGCASCAG; Type: non-internal 5'; Length: 20; Trimmed: 7 times

Minimum overlap: 3
No. of allowed errors:
1-9 bp: 0; 10-19 bp: 1; 20 bp: 2

Overview of removed sequences
length	count	expect	max.err	error counts
4	1	285.9	0	1
20	6	0.0	2	4 1 1


=== Second read: Adapter 2 ===

Sequence: AGCGTGGACTACNNGGGTATCTAAT; Type: non-internal 5'; Length: 25; Trimmed: 177 times

Minimum overlap: 3
No. of allowed errors:
1-9 bp: 0; 10-19 bp: 1; 20-23 bp: 2

Overview of removed sequences
length	count	expect	max.err	error counts
3	2	1143.7	0	2
4	70	285.9	0	70
5	1	71.5	0	1
6	1	17.9	0	1
24	1	0.0	2	0 1
25	102	0.0	2	92 1 9
