This is cutadapt 4.4 with Python 3.7.12
Command line parameters: -g XACTCCTAYGGGRBGCASCAG -G XAGCGTGGACTACNNGGGTATCTAAT --discard-untrimmed -o trimmed/ERR2836157_1_trimmed.fastq.gz -p trimmed/ERR2836157_2_trimmed.fastq.gz ERR2836157_1.fastq.gz ERR2836157_2.fastq.gz -j 4
Processing paired-end reads on 4 cores ...
Finished in 0.498 s (14.584 µs/read; 4.11 M reads/minute).

=== Summary ===

Total read pairs processed:             34,160
  Read 1 with adapter:                      20 (0.1%)
  Read 2 with adapter:                      21 (0.1%)

== Read fate breakdown ==
Pairs discarded as untrimmed:           34,160 (100.0%)
Pairs written (passing filters):             0 (0.0%)

Total basepairs processed:    17,142,955 bp
  Read 1:     8,571,758 bp
  Read 2:     8,571,197 bp
Total written (filtered):              0 bp (0.0%)
  Read 1:             0 bp
  Read 2:             0 bp

=== First read: Adapter 1 ===

Sequence: ACTCCTAYGGGRBGCASCAG; Type: non-internal 5'; Length: 20; Trimmed: 20 times

Minimum overlap: 3
No. of allowed errors:
1-9 bp: 0; 10-19 bp: 1; 20 bp: 2

Overview of removed sequences
length	count	expect	max.err	error counts
20	20	0.0	2	20


=== Second read: Adapter 2 ===

Sequence: AGCGTGGACTACNNGGGTATCTAAT; Type: non-internal 5'; Length: 25; Trimmed: 21 times

Minimum overlap: 3
No. of allowed errors:
1-9 bp: 0; 10-19 bp: 1; 20-23 bp: 2

Overview of removed sequences
length	count	expect	max.err	error counts
3	2	533.8	0	2
5	2	33.4	0	2
25	17	0.0	2	12 2 3
