This is cutadapt 4.4 with Python 3.7.12
Command line parameters: -g XACTCCTAYGGGRBGCASCAG -G XAGCGTGGACTACNNGGGTATCTAAT --discard-untrimmed -o trimmed/ERR2835917_1_trimmed.fastq.gz -p trimmed/ERR2835917_2_trimmed.fastq.gz ERR2835917_1.fastq.gz ERR2835917_2.fastq.gz -j 4
Processing paired-end reads on 4 cores ...
Finished in 0.840 s (17.552 µs/read; 3.42 M reads/minute).

=== Summary ===

Total read pairs processed:             47,847
  Read 1 with adapter:                  47,771 (99.8%)
  Read 2 with adapter:                      24 (0.1%)

== Read fate breakdown ==
Pairs discarded as untrimmed:           47,823 (99.9%)
Pairs written (passing filters):            24 (0.1%)

Total basepairs processed:    23,980,311 bp
  Read 1:    11,973,316 bp
  Read 2:    12,006,995 bp
Total written (filtered):         11,079 bp (0.0%)
  Read 1:         5,532 bp
  Read 2:         5,547 bp

=== First read: Adapter 1 ===

Sequence: ACTCCTAYGGGRBGCASCAG; Type: non-internal 5'; Length: 20; Trimmed: 47771 times

Minimum overlap: 3
No. of allowed errors:
1-9 bp: 0; 10-19 bp: 1; 20 bp: 2

Overview of removed sequences
length	count	expect	max.err	error counts
16	2	0.0	1	2
18	75	0.0	1	1 7 67
19	641	0.0	1	45 576 20
20	46935	0.0	2	45308 1557 70
21	118	0.0	2	0 114 4


=== Second read: Adapter 2 ===

Sequence: AGCGTGGACTACNNGGGTATCTAAT; Type: non-internal 5'; Length: 25; Trimmed: 24 times

Minimum overlap: 3
No. of allowed errors:
1-9 bp: 0; 10-19 bp: 1; 20-23 bp: 2

Overview of removed sequences
length	count	expect	max.err	error counts
3	4	747.6	0	4
5	2	46.7	0	2
23	1	0.0	2	0 0 1
24	1	0.0	2	0 1
25	15	0.0	2	9 3 3
26	1	0.0	2	0 0 1
