This is cutadapt 4.4 with Python 3.7.12
Command line parameters: -g XACTCCTAYGGGRBGCASCAG -G XAGCGTGGACTACNNGGGTATCTAAT --discard-untrimmed -o trimmed/ERR2836151_1_trimmed.fastq.gz -p trimmed/ERR2836151_2_trimmed.fastq.gz ERR2836151_1.fastq.gz ERR2836151_2.fastq.gz -j 4
Processing paired-end reads on 4 cores ...
Finished in 0.748 s (16.644 µs/read; 3.60 M reads/minute).

=== Summary ===

Total read pairs processed:             44,923
  Read 1 with adapter:                       4 (0.0%)
  Read 2 with adapter:                  43,264 (96.3%)

== Read fate breakdown ==
Pairs discarded as untrimmed:           44,921 (100.0%)
Pairs written (passing filters):             2 (0.0%)

Total basepairs processed:    22,547,095 bp
  Read 1:    11,273,664 bp
  Read 2:    11,273,431 bp
Total written (filtered):            913 bp (0.0%)
  Read 1:           461 bp
  Read 2:           452 bp

=== First read: Adapter 1 ===

Sequence: ACTCCTAYGGGRBGCASCAG; Type: non-internal 5'; Length: 20; Trimmed: 4 times

Minimum overlap: 3
No. of allowed errors:
1-9 bp: 0; 10-19 bp: 1; 20 bp: 2

Overview of removed sequences
length	count	expect	max.err	error counts
20	4	0.0	2	3 1


=== Second read: Adapter 2 ===

Sequence: AGCGTGGACTACNNGGGTATCTAAT; Type: non-internal 5'; Length: 25; Trimmed: 43264 times

Minimum overlap: 3
No. of allowed errors:
1-9 bp: 0; 10-19 bp: 1; 20-23 bp: 2

Overview of removed sequences
length	count	expect	max.err	error counts
3	29	701.9	0	29
4	3	175.5	0	3
14	1	0.0	1	0 1
15	1	0.0	1	0 1
18	1	0.0	1	1
20	1	0.0	2	1
21	3	0.0	2	0 3
22	3	0.0	2	1 1 1
23	77	0.0	2	0 3 74
24	698	0.0	2	28 630 40
25	42349	0.0	2	39637 2193 519
26	95	0.0	2	0 92 3
27	3	0.0	2	0 0 3
