This is cutadapt 4.4 with Python 3.7.12
Command line parameters: -g XACTCCTAYGGGRBGCASCAG -G XAGCGTGGACTACNNGGGTATCTAAT --discard-untrimmed -o trimmed/ERR2836099_1_trimmed.fastq.gz -p trimmed/ERR2836099_2_trimmed.fastq.gz ERR2836099_1.fastq.gz ERR2836099_2.fastq.gz -j 4
Processing paired-end reads on 4 cores ...
Finished in 1.090 s (15.602 µs/read; 3.85 M reads/minute).

=== Summary ===

Total read pairs processed:             69,876
  Read 1 with adapter:                       2 (0.0%)
  Read 2 with adapter:                  68,428 (97.9%)

== Read fate breakdown ==
Pairs discarded as untrimmed:           69,874 (100.0%)
Pairs written (passing filters):             2 (0.0%)

Total basepairs processed:    35,072,664 bp
  Read 1:    17,535,322 bp
  Read 2:    17,537,342 bp
Total written (filtered):            947 bp (0.0%)
  Read 1:           495 bp
  Read 2:           452 bp

=== First read: Adapter 1 ===

Sequence: ACTCCTAYGGGRBGCASCAG; Type: non-internal 5'; Length: 20; Trimmed: 2 times

Minimum overlap: 3
No. of allowed errors:
1-9 bp: 0; 10-19 bp: 1; 20 bp: 2

Overview of removed sequences
length	count	expect	max.err	error counts
3	1	1091.8	0	1
4	1	273.0	0	1


=== Second read: Adapter 2 ===

Sequence: AGCGTGGACTACNNGGGTATCTAAT; Type: non-internal 5'; Length: 25; Trimmed: 68428 times

Minimum overlap: 3
No. of allowed errors:
1-9 bp: 0; 10-19 bp: 1; 20-23 bp: 2

Overview of removed sequences
length	count	expect	max.err	error counts
3	35	1091.8	0	35
15	1	0.0	1	1
16	4	0.0	1	0 4
18	5	0.0	1	3 2
19	5	0.0	1	2 3
20	2	0.0	2	2
21	2	0.0	2	1 1
22	7	0.0	2	2 2 3
23	126	0.0	2	5 4 117
24	1228	0.0	2	53 1107 68
25	66801	0.0	2	63314 3067 420
26	211	0.0	2	0 203 8
27	1	0.0	2	0 0 1
