This is cutadapt 4.4 with Python 3.7.12
Command line parameters: -g XACTCCTAYGGGRBGCASCAG -G XAGCGTGGACTACNNGGGTATCTAAT --discard-untrimmed -o trimmed/ERR2835994_1_trimmed.fastq.gz -p trimmed/ERR2835994_2_trimmed.fastq.gz ERR2835994_1.fastq.gz ERR2835994_2.fastq.gz -j 4
Processing paired-end reads on 4 cores ...
Finished in 0.126 s (166.059 µs/read; 0.36 M reads/minute).

=== Summary ===

Total read pairs processed:                759
  Read 1 with adapter:                     130 (17.1%)
  Read 2 with adapter:                     126 (16.6%)

== Read fate breakdown ==
Pairs discarded as untrimmed:              759 (100.0%)
Pairs written (passing filters):             0 (0.0%)

Total basepairs processed:       380,191 bp
  Read 1:       190,403 bp
  Read 2:       189,788 bp
Total written (filtered):              0 bp (0.0%)
  Read 1:             0 bp
  Read 2:             0 bp

=== First read: Adapter 1 ===

Sequence: ACTCCTAYGGGRBGCASCAG; Type: non-internal 5'; Length: 20; Trimmed: 130 times

Minimum overlap: 3
No. of allowed errors:
1-9 bp: 0; 10-19 bp: 1; 20 bp: 2

Overview of removed sequences
length	count	expect	max.err	error counts
19	2	0.0	1	0 2
20	127	0.0	2	123 4
21	1	0.0	2	0 1


=== Second read: Adapter 2 ===

Sequence: AGCGTGGACTACNNGGGTATCTAAT; Type: non-internal 5'; Length: 25; Trimmed: 126 times

Minimum overlap: 3
No. of allowed errors:
1-9 bp: 0; 10-19 bp: 1; 20-23 bp: 2

Overview of removed sequences
length	count	expect	max.err	error counts
4	3	3.0	0	3
5	1	0.7	0	1
24	1	0.0	2	0 1
25	121	0.0	2	111 8 2
