This is cutadapt 4.4 with Python 3.7.12
Command line parameters: -g XACTCCTAYGGGRBGCASCAG -G XAGCGTGGACTACNNGGGTATCTAAT --discard-untrimmed -o trimmed/ERR2836027_1_trimmed.fastq.gz -p trimmed/ERR2836027_2_trimmed.fastq.gz ERR2836027_1.fastq.gz ERR2836027_2.fastq.gz -j 4
Processing paired-end reads on 4 cores ...
Finished in 0.794 s (16.687 µs/read; 3.60 M reads/minute).

=== Summary ===

Total read pairs processed:             47,579
  Read 1 with adapter:                       4 (0.0%)
  Read 2 with adapter:                  46,573 (97.9%)

== Read fate breakdown ==
Pairs discarded as untrimmed:           47,575 (100.0%)
Pairs written (passing filters):             4 (0.0%)

Total basepairs processed:    23,881,604 bp
  Read 1:    11,940,547 bp
  Read 2:    11,941,057 bp
Total written (filtered):          1,823 bp (0.0%)
  Read 1:           920 bp
  Read 2:           903 bp

=== First read: Adapter 1 ===

Sequence: ACTCCTAYGGGRBGCASCAG; Type: non-internal 5'; Length: 20; Trimmed: 4 times

Minimum overlap: 3
No. of allowed errors:
1-9 bp: 0; 10-19 bp: 1; 20 bp: 2

Overview of removed sequences
length	count	expect	max.err	error counts
20	4	0.0	2	4


=== Second read: Adapter 2 ===

Sequence: AGCGTGGACTACNNGGGTATCTAAT; Type: non-internal 5'; Length: 25; Trimmed: 46573 times

Minimum overlap: 3
No. of allowed errors:
1-9 bp: 0; 10-19 bp: 1; 20-23 bp: 2

Overview of removed sequences
length	count	expect	max.err	error counts
3	17	743.4	0	17
15	1	0.0	1	0 1
17	1	0.0	1	0 1
18	5	0.0	1	5
19	2	0.0	1	0 2
21	3	0.0	2	1 2
22	4	0.0	2	2 2
23	88	0.0	2	0 2 86
24	737	0.0	2	33 679 25
25	45591	0.0	2	43420 1867 304
26	124	0.0	2	0 120 4
