This is cutadapt 4.4 with Python 3.7.12
Command line parameters: -g XACTCCTAYGGGRBGCASCAG -G XAGCGTGGACTACNNGGGTATCTAAT --discard-untrimmed -o trimmed/ERR2836138_1_trimmed.fastq.gz -p trimmed/ERR2836138_2_trimmed.fastq.gz ERR2836138_1.fastq.gz ERR2836138_2.fastq.gz -j 4
Processing paired-end reads on 4 cores ...
Finished in 0.869 s (17.087 µs/read; 3.51 M reads/minute).

=== Summary ===

Total read pairs processed:             50,837
  Read 1 with adapter:                  50,739 (99.8%)
  Read 2 with adapter:                     166 (0.3%)

== Read fate breakdown ==
Pairs discarded as untrimmed:           50,671 (99.7%)
Pairs written (passing filters):           166 (0.3%)

Total basepairs processed:    25,433,269 bp
  Read 1:    12,740,708 bp
  Read 2:    12,692,561 bp
Total written (filtered):         78,835 bp (0.3%)
  Read 1:        38,299 bp
  Read 2:        40,536 bp

=== First read: Adapter 1 ===

Sequence: ACTCCTAYGGGRBGCASCAG; Type: non-internal 5'; Length: 20; Trimmed: 50739 times

Minimum overlap: 3
No. of allowed errors:
1-9 bp: 0; 10-19 bp: 1; 20 bp: 2

Overview of removed sequences
length	count	expect	max.err	error counts
16	1	0.0	1	0 1
17	4	0.0	1	2 2
18	67	0.0	1	7 8 52
19	666	0.0	1	36 612 18
20	49883	0.0	2	47996 1804 83
21	118	0.0	2	0 108 10


=== Second read: Adapter 2 ===

Sequence: AGCGTGGACTACNNGGGTATCTAAT; Type: non-internal 5'; Length: 25; Trimmed: 166 times

Minimum overlap: 3
No. of allowed errors:
1-9 bp: 0; 10-19 bp: 1; 20-23 bp: 2

Overview of removed sequences
length	count	expect	max.err	error counts
3	65	794.3	0	65
4	81	198.6	0	81
5	2	49.6	0	2
25	18	0.0	2	8 4 6
