This is cutadapt 4.4 with Python 3.7.12
Command line parameters: -g XACTCCTAYGGGRBGCASCAG -G XAGCGTGGACTACNNGGGTATCTAAT --discard-untrimmed -o trimmed/ERR2835971_1_trimmed.fastq.gz -p trimmed/ERR2835971_2_trimmed.fastq.gz ERR2835971_1.fastq.gz ERR2835971_2.fastq.gz -j 4
Processing paired-end reads on 4 cores ...
Finished in 0.483 s (19.531 µs/read; 3.07 M reads/minute).

=== Summary ===

Total read pairs processed:             24,704
  Read 1 with adapter:                       1 (0.0%)
  Read 2 with adapter:                  24,278 (98.3%)

== Read fate breakdown ==
Pairs discarded as untrimmed:           24,703 (100.0%)
Pairs written (passing filters):             1 (0.0%)

Total basepairs processed:    12,399,414 bp
  Read 1:     6,199,313 bp
  Read 2:     6,200,101 bp
Total written (filtered):            457 bp (0.0%)
  Read 1:           231 bp
  Read 2:           226 bp

=== First read: Adapter 1 ===

Sequence: ACTCCTAYGGGRBGCASCAG; Type: non-internal 5'; Length: 20; Trimmed: 1 times

Minimum overlap: 3
No. of allowed errors:
1-9 bp: 0; 10-19 bp: 1; 20 bp: 2

Overview of removed sequences
length	count	expect	max.err	error counts
20	1	0.0	2	1


=== Second read: Adapter 2 ===

Sequence: AGCGTGGACTACNNGGGTATCTAAT; Type: non-internal 5'; Length: 25; Trimmed: 24278 times

Minimum overlap: 3
No. of allowed errors:
1-9 bp: 0; 10-19 bp: 1; 20-23 bp: 2

Overview of removed sequences
length	count	expect	max.err	error counts
3	11	386.0	0	11
20	1	0.0	2	1
22	1	0.0	2	0 1
23	37	0.0	2	2 4 31
24	379	0.0	2	15 342 22
25	23781	0.0	2	22710 929 142
26	65	0.0	2	0 61 4
27	3	0.0	2	0 0 3
