This is cutadapt 4.4 with Python 3.7.12
Command line parameters: -g XACTCCTAYGGGRBGCASCAG -G XAGCGTGGACTACNNGGGTATCTAAT --discard-untrimmed -o trimmed/ERR2835952_1_trimmed.fastq.gz -p trimmed/ERR2835952_2_trimmed.fastq.gz ERR2835952_1.fastq.gz ERR2835952_2.fastq.gz -j 4
Processing paired-end reads on 4 cores ...
Finished in 0.758 s (13.652 µs/read; 4.40 M reads/minute).

=== Summary ===

Total read pairs processed:             55,550
  Read 1 with adapter:                     119 (0.2%)
  Read 2 with adapter:                     254 (0.5%)

== Read fate breakdown ==
Pairs discarded as untrimmed:           55,549 (100.0%)
Pairs written (passing filters):             1 (0.0%)

Total basepairs processed:    27,821,591 bp
  Read 1:    13,932,650 bp
  Read 2:    13,888,941 bp
Total written (filtered):            494 bp (0.0%)
  Read 1:           246 bp
  Read 2:           248 bp

=== First read: Adapter 1 ===

Sequence: ACTCCTAYGGGRBGCASCAG; Type: non-internal 5'; Length: 20; Trimmed: 119 times

Minimum overlap: 3
No. of allowed errors:
1-9 bp: 0; 10-19 bp: 1; 20 bp: 2

Overview of removed sequences
length	count	expect	max.err	error counts
3	5	868.0	0	5
4	80	217.0	0	80
5	21	54.2	0	21
20	10	0.0	2	10
22	3	0.0	2	0 0 3


=== Second read: Adapter 2 ===

Sequence: AGCGTGGACTACNNGGGTATCTAAT; Type: non-internal 5'; Length: 25; Trimmed: 254 times

Minimum overlap: 3
No. of allowed errors:
1-9 bp: 0; 10-19 bp: 1; 20-23 bp: 2

Overview of removed sequences
length	count	expect	max.err	error counts
3	211	868.0	0	211
4	7	217.0	0	7
19	1	0.0	1	1
23	3	0.0	2	0 0 3
25	23	0.0	2	18 3 2
26	3	0.0	2	0 2 1
27	6	0.0	2	0 0 6
