This is cutadapt 4.4 with Python 3.7.12
Command line parameters: -g XACTCCTAYGGGRBGCASCAG -G XAGCGTGGACTACNNGGGTATCTAAT --discard-untrimmed -o trimmed/ERR2836055_1_trimmed.fastq.gz -p trimmed/ERR2836055_2_trimmed.fastq.gz ERR2836055_1.fastq.gz ERR2836055_2.fastq.gz -j 4
Processing paired-end reads on 4 cores ...
Finished in 0.730 s (17.538 µs/read; 3.42 M reads/minute).

=== Summary ===

Total read pairs processed:             41,636
  Read 1 with adapter:                       5 (0.0%)
  Read 2 with adapter:                  40,016 (96.1%)

== Read fate breakdown ==
Pairs discarded as untrimmed:           41,633 (100.0%)
Pairs written (passing filters):             3 (0.0%)

Total basepairs processed:    20,899,030 bp
  Read 1:    10,450,078 bp
  Read 2:    10,448,952 bp
Total written (filtered):          1,384 bp (0.0%)
  Read 1:           706 bp
  Read 2:           678 bp

=== First read: Adapter 1 ===

Sequence: ACTCCTAYGGGRBGCASCAG; Type: non-internal 5'; Length: 20; Trimmed: 5 times

Minimum overlap: 3
No. of allowed errors:
1-9 bp: 0; 10-19 bp: 1; 20 bp: 2

Overview of removed sequences
length	count	expect	max.err	error counts
3	1	650.6	0	1
20	4	0.0	2	4


=== Second read: Adapter 2 ===

Sequence: AGCGTGGACTACNNGGGTATCTAAT; Type: non-internal 5'; Length: 25; Trimmed: 40016 times

Minimum overlap: 3
No. of allowed errors:
1-9 bp: 0; 10-19 bp: 1; 20-23 bp: 2

Overview of removed sequences
length	count	expect	max.err	error counts
3	36	650.6	0	36
4	2	162.6	0	2
19	1	0.0	1	0 1
20	1	0.0	2	1
21	2	0.0	2	1 0 1
22	1	0.0	2	0 1
23	86	0.0	2	1 5 80
24	780	0.0	2	22 699 59
25	38995	0.0	2	36225 2322 448
26	108	0.0	2	0 104 4
27	4	0.0	2	0 0 4
