This is cutadapt 4.4 with Python 3.7.12
Command line parameters: -g XACTCCTAYGGGRBGCASCAG -G XAGCGTGGACTACNNGGGTATCTAAT --discard-untrimmed -o trimmed/ERR2835974_1_trimmed.fastq.gz -p trimmed/ERR2835974_2_trimmed.fastq.gz ERR2835974_1.fastq.gz ERR2835974_2.fastq.gz -j 4
Processing paired-end reads on 4 cores ...
Finished in 0.460 s (13.019 µs/read; 4.61 M reads/minute).

=== Summary ===

Total read pairs processed:             35,332
  Read 1 with adapter:                       5 (0.0%)
  Read 2 with adapter:                      82 (0.2%)

== Read fate breakdown ==
Pairs discarded as untrimmed:           35,332 (100.0%)
Pairs written (passing filters):             0 (0.0%)

Total basepairs processed:    17,693,627 bp
  Read 1:     8,865,353 bp
  Read 2:     8,828,274 bp
Total written (filtered):              0 bp (0.0%)
  Read 1:             0 bp
  Read 2:             0 bp

=== First read: Adapter 1 ===

Sequence: ACTCCTAYGGGRBGCASCAG; Type: non-internal 5'; Length: 20; Trimmed: 5 times

Minimum overlap: 3
No. of allowed errors:
1-9 bp: 0; 10-19 bp: 1; 20 bp: 2

Overview of removed sequences
length	count	expect	max.err	error counts
20	5	0.0	2	3 1 1


=== Second read: Adapter 2 ===

Sequence: AGCGTGGACTACNNGGGTATCTAAT; Type: non-internal 5'; Length: 25; Trimmed: 82 times

Minimum overlap: 3
No. of allowed errors:
1-9 bp: 0; 10-19 bp: 1; 20-23 bp: 2

Overview of removed sequences
length	count	expect	max.err	error counts
4	70	138.0	0	70
24	1	0.0	2	0 1
25	11	0.0	2	6 3 2
