This is cutadapt 4.4 with Python 3.7.12
Command line parameters: -g XACTCCTAYGGGRBGCASCAG -G XAGCGTGGACTACNNGGGTATCTAAT --discard-untrimmed -o trimmed/ERR2836103_1_trimmed.fastq.gz -p trimmed/ERR2836103_2_trimmed.fastq.gz ERR2836103_1.fastq.gz ERR2836103_2.fastq.gz -j 4
Processing paired-end reads on 4 cores ...
Finished in 1.618 s (53.109 µs/read; 1.13 M reads/minute).

=== Summary ===

Total read pairs processed:             30,475
  Read 1 with adapter:                  30,325 (99.5%)
  Read 2 with adapter:                  28,936 (94.9%)

== Read fate breakdown ==
Pairs discarded as untrimmed:            1,595 (5.2%)
Pairs written (passing filters):        28,880 (94.8%)

Total basepairs processed:    15,271,949 bp
  Read 1:     7,623,814 bp
  Read 2:     7,648,135 bp
Total written (filtered):     13,175,203 bp (86.3%)
  Read 1:     6,647,778 bp
  Read 2:     6,527,425 bp

=== First read: Adapter 1 ===

Sequence: ACTCCTAYGGGRBGCASCAG; Type: non-internal 5'; Length: 20; Trimmed: 30325 times

Minimum overlap: 3
No. of allowed errors:
1-9 bp: 0; 10-19 bp: 1; 20 bp: 2

Overview of removed sequences
length	count	expect	max.err	error counts
15	1	0.0	1	0 1
16	49	0.0	1	47 2
17	2	0.0	1	0 2
18	49	0.0	1	16 4 29
19	598	0.0	1	52 503 43
20	29509	0.0	2	27205 2195 109
21	115	0.0	2	0 100 15
22	2	0.0	2	0 0 2


=== Second read: Adapter 2 ===

Sequence: AGCGTGGACTACNNGGGTATCTAAT; Type: non-internal 5'; Length: 25; Trimmed: 28936 times

Minimum overlap: 3
No. of allowed errors:
1-9 bp: 0; 10-19 bp: 1; 20-23 bp: 2

Overview of removed sequences
length	count	expect	max.err	error counts
3	14	476.2	0	14
4	6	119.0	0	6
15	1	0.0	1	1
17	1	0.0	1	0 1
19	1	0.0	1	1
20	3	0.0	2	3
21	5	0.0	2	4 1
22	5	0.0	2	3 2
23	52	0.0	2	4 6 42
24	486	0.0	2	41 391 54
25	28278	0.0	2	24267 3591 420
26	78	0.0	2	0 66 12
27	6	0.0	2	0 0 6
