This is cutadapt 4.4 with Python 3.7.12
Command line parameters: -g XACTCCTAYGGGRBGCASCAG -G XAGCGTGGACTACNNGGGTATCTAAT --discard-untrimmed -o trimmed/ERR2836061_1_trimmed.fastq.gz -p trimmed/ERR2836061_2_trimmed.fastq.gz ERR2836061_1.fastq.gz ERR2836061_2.fastq.gz -j 4
Processing paired-end reads on 4 cores ...
Finished in 0.540 s (13.326 µs/read; 4.50 M reads/minute).

=== Summary ===

Total read pairs processed:             40,524
  Read 1 with adapter:                       4 (0.0%)
  Read 2 with adapter:                      12 (0.0%)

== Read fate breakdown ==
Pairs discarded as untrimmed:           40,524 (100.0%)
Pairs written (passing filters):             0 (0.0%)

Total basepairs processed:    20,338,347 bp
  Read 1:    10,171,005 bp
  Read 2:    10,167,342 bp
Total written (filtered):              0 bp (0.0%)
  Read 1:             0 bp
  Read 2:             0 bp

=== First read: Adapter 1 ===

Sequence: ACTCCTAYGGGRBGCASCAG; Type: non-internal 5'; Length: 20; Trimmed: 4 times

Minimum overlap: 3
No. of allowed errors:
1-9 bp: 0; 10-19 bp: 1; 20 bp: 2

Overview of removed sequences
length	count	expect	max.err	error counts
4	3	158.3	0	3
20	1	0.0	2	0 1


=== Second read: Adapter 2 ===

Sequence: AGCGTGGACTACNNGGGTATCTAAT; Type: non-internal 5'; Length: 25; Trimmed: 12 times

Minimum overlap: 3
No. of allowed errors:
1-9 bp: 0; 10-19 bp: 1; 20-23 bp: 2

Overview of removed sequences
length	count	expect	max.err	error counts
3	2	633.2	0	2
4	1	158.3	0	1
5	2	39.6	0	2
25	6	0.0	2	2 3 1
27	1	0.0	2	0 0 1
