This is cutadapt 4.4 with Python 3.7.12
Command line parameters: -g XACTCCTAYGGGRBGCASCAG -G XAGCGTGGACTACNNGGGTATCTAAT --discard-untrimmed -o trimmed/ERR2836028_1_trimmed.fastq.gz -p trimmed/ERR2836028_2_trimmed.fastq.gz ERR2836028_1.fastq.gz ERR2836028_2.fastq.gz -j 4
Processing paired-end reads on 4 cores ...
Finished in 0.609 s (13.203 µs/read; 4.54 M reads/minute).

=== Summary ===

Total read pairs processed:             46,130
  Read 1 with adapter:                       2 (0.0%)
  Read 2 with adapter:                      87 (0.2%)

== Read fate breakdown ==
Pairs discarded as untrimmed:           46,129 (100.0%)
Pairs written (passing filters):             1 (0.0%)

Total basepairs processed:    23,108,544 bp
  Read 1:    11,575,299 bp
  Read 2:    11,533,245 bp
Total written (filtered):            476 bp (0.0%)
  Read 1:           229 bp
  Read 2:           247 bp

=== First read: Adapter 1 ===

Sequence: ACTCCTAYGGGRBGCASCAG; Type: non-internal 5'; Length: 20; Trimmed: 2 times

Minimum overlap: 3
No. of allowed errors:
1-9 bp: 0; 10-19 bp: 1; 20 bp: 2

Overview of removed sequences
length	count	expect	max.err	error counts
20	2	0.0	2	1 1


=== Second read: Adapter 2 ===

Sequence: AGCGTGGACTACNNGGGTATCTAAT; Type: non-internal 5'; Length: 25; Trimmed: 87 times

Minimum overlap: 3
No. of allowed errors:
1-9 bp: 0; 10-19 bp: 1; 20-23 bp: 2

Overview of removed sequences
length	count	expect	max.err	error counts
3	56	720.8	0	56
4	6	180.2	0	6
5	1	45.0	0	1
24	1	0.0	2	0 1
25	15	0.0	2	7 5 3
26	4	0.0	2	0 3 1
27	4	0.0	2	0 0 4
