This is cutadapt 4.4 with Python 3.7.12
Command line parameters: -g XACTCCTAYGGGRBGCASCAG -G XAGCGTGGACTACNNGGGTATCTAAT --discard-untrimmed -o trimmed/ERR2836092_1_trimmed.fastq.gz -p trimmed/ERR2836092_2_trimmed.fastq.gz ERR2836092_1.fastq.gz ERR2836092_2.fastq.gz -j 4
Processing paired-end reads on 4 cores ...
Finished in 0.625 s (12.451 µs/read; 4.82 M reads/minute).

=== Summary ===

Total read pairs processed:             50,219
  Read 1 with adapter:                       1 (0.0%)
  Read 2 with adapter:                      97 (0.2%)

== Read fate breakdown ==
Pairs discarded as untrimmed:           50,219 (100.0%)
Pairs written (passing filters):             0 (0.0%)

Total basepairs processed:    25,158,454 bp
  Read 1:    12,602,817 bp
  Read 2:    12,555,637 bp
Total written (filtered):              0 bp (0.0%)
  Read 1:             0 bp
  Read 2:             0 bp

=== First read: Adapter 1 ===

Sequence: ACTCCTAYGGGRBGCASCAG; Type: non-internal 5'; Length: 20; Trimmed: 1 times

Minimum overlap: 3
No. of allowed errors:
1-9 bp: 0; 10-19 bp: 1; 20 bp: 2

Overview of removed sequences
length	count	expect	max.err	error counts
20	1	0.0	2	1


=== Second read: Adapter 2 ===

Sequence: AGCGTGGACTACNNGGGTATCTAAT; Type: non-internal 5'; Length: 25; Trimmed: 97 times

Minimum overlap: 3
No. of allowed errors:
1-9 bp: 0; 10-19 bp: 1; 20-23 bp: 2

Overview of removed sequences
length	count	expect	max.err	error counts
3	67	784.7	0	67
4	6	196.2	0	6
23	1	0.0	2	1
24	1	0.0	2	0 1
25	19	0.0	2	14 2 3
26	3	0.0	2	0 0 3
