This is cutadapt 4.4 with Python 3.7.12
Command line parameters: -g XACTCCTAYGGGRBGCASCAG -G XAGCGTGGACTACNNGGGTATCTAAT --discard-untrimmed -o trimmed/ERR2835934_1_trimmed.fastq.gz -p trimmed/ERR2835934_2_trimmed.fastq.gz ERR2835934_1.fastq.gz ERR2835934_2.fastq.gz -j 4
Processing paired-end reads on 4 cores ...
Finished in 0.566 s (11.937 µs/read; 5.03 M reads/minute).

=== Summary ===

Total read pairs processed:             47,450
  Read 1 with adapter:                       7 (0.0%)
  Read 2 with adapter:                     131 (0.3%)

== Read fate breakdown ==
Pairs discarded as untrimmed:           47,447 (100.0%)
Pairs written (passing filters):             3 (0.0%)

Total basepairs processed:    23,760,362 bp
  Read 1:    11,907,295 bp
  Read 2:    11,853,067 bp
Total written (filtered):          1,368 bp (0.0%)
  Read 1:           690 bp
  Read 2:           678 bp

=== First read: Adapter 1 ===

Sequence: ACTCCTAYGGGRBGCASCAG; Type: non-internal 5'; Length: 20; Trimmed: 7 times

Minimum overlap: 3
No. of allowed errors:
1-9 bp: 0; 10-19 bp: 1; 20 bp: 2

Overview of removed sequences
length	count	expect	max.err	error counts
4	1	185.4	0	1
20	6	0.0	2	6


=== Second read: Adapter 2 ===

Sequence: AGCGTGGACTACNNGGGTATCTAAT; Type: non-internal 5'; Length: 25; Trimmed: 131 times

Minimum overlap: 3
No. of allowed errors:
1-9 bp: 0; 10-19 bp: 1; 20-23 bp: 2

Overview of removed sequences
length	count	expect	max.err	error counts
3	1	741.4	0	1
4	109	185.4	0	109
25	21	0.0	2	15 4 2
