This is cutadapt 4.4 with Python 3.7.12
Command line parameters: -g XACTCCTAYGGGRBGCASCAG -G XAGCGTGGACTACNNGGGTATCTAAT --discard-untrimmed -o trimmed/ERR2835978_1_trimmed.fastq.gz -p trimmed/ERR2835978_2_trimmed.fastq.gz ERR2835978_1.fastq.gz ERR2835978_2.fastq.gz -j 4
Processing paired-end reads on 4 cores ...
Finished in 0.782 s (16.577 µs/read; 3.62 M reads/minute).

=== Summary ===

Total read pairs processed:             47,203
  Read 1 with adapter:                  47,120 (99.8%)
  Read 2 with adapter:                     126 (0.3%)

== Read fate breakdown ==
Pairs discarded as untrimmed:           47,078 (99.7%)
Pairs written (passing filters):           125 (0.3%)

Total basepairs processed:    23,615,391 bp
  Read 1:    11,823,639 bp
  Read 2:    11,791,752 bp
Total written (filtered):         57,968 bp (0.2%)
  Read 1:        28,836 bp
  Read 2:        29,132 bp

=== First read: Adapter 1 ===

Sequence: ACTCCTAYGGGRBGCASCAG; Type: non-internal 5'; Length: 20; Trimmed: 47120 times

Minimum overlap: 3
No. of allowed errors:
1-9 bp: 0; 10-19 bp: 1; 20 bp: 2

Overview of removed sequences
length	count	expect	max.err	error counts
16	1	0.0	1	1
17	4	0.0	1	2 2
18	65	0.0	1	4 8 53
19	568	0.0	1	39 511 18
20	46362	0.0	2	44843 1457 62
21	119	0.0	2	0 113 6
22	1	0.0	2	0 0 1


=== Second read: Adapter 2 ===

Sequence: AGCGTGGACTACNNGGGTATCTAAT; Type: non-internal 5'; Length: 25; Trimmed: 126 times

Minimum overlap: 3
No. of allowed errors:
1-9 bp: 0; 10-19 bp: 1; 20-23 bp: 2

Overview of removed sequences
length	count	expect	max.err	error counts
4	44	184.4	0	44
5	1	46.1	0	1
19	1	0.0	1	1
24	4	0.0	2	0 3 1
25	75	0.0	2	67 6 2
26	1	0.0	2	0 1
