This is cutadapt 4.4 with Python 3.7.12
Command line parameters: -g XACTCCTAYGGGRBGCASCAG -G XAGCGTGGACTACNNGGGTATCTAAT --discard-untrimmed -o trimmed/ERR2835943_1_trimmed.fastq.gz -p trimmed/ERR2835943_2_trimmed.fastq.gz ERR2835943_1.fastq.gz ERR2835943_2.fastq.gz -j 4
Processing paired-end reads on 4 cores ...
Finished in 3.453 s (52.788 µs/read; 1.14 M reads/minute).

=== Summary ===

Total read pairs processed:             65,419
  Read 1 with adapter:                  65,291 (99.8%)
  Read 2 with adapter:                  64,594 (98.7%)

== Read fate breakdown ==
Pairs discarded as untrimmed:              952 (1.5%)
Pairs written (passing filters):        64,467 (98.5%)

Total basepairs processed:    32,792,133 bp
  Read 1:    16,373,179 bp
  Read 2:    16,418,954 bp
Total written (filtered):     29,416,282 bp (89.7%)
  Read 1:    14,846,342 bp
  Read 2:    14,569,940 bp

=== First read: Adapter 1 ===

Sequence: ACTCCTAYGGGRBGCASCAG; Type: non-internal 5'; Length: 20; Trimmed: 65291 times

Minimum overlap: 3
No. of allowed errors:
1-9 bp: 0; 10-19 bp: 1; 20 bp: 2

Overview of removed sequences
length	count	expect	max.err	error counts
16	2	0.0	1	2
17	3	0.0	1	0 3
18	101	0.0	1	5 21 75
19	837	0.0	1	38 772 27
20	64171	0.0	2	61841 2209 121
21	174	0.0	2	0 168 6
22	3	0.0	2	0 0 3


=== Second read: Adapter 2 ===

Sequence: AGCGTGGACTACNNGGGTATCTAAT; Type: non-internal 5'; Length: 25; Trimmed: 64594 times

Minimum overlap: 3
No. of allowed errors:
1-9 bp: 0; 10-19 bp: 1; 20-23 bp: 2

Overview of removed sequences
length	count	expect	max.err	error counts
3	4	1022.2	0	4
18	1	0.0	1	1
19	1	0.0	1	0 1
20	2	0.0	2	2
21	2	0.0	2	0 2
22	6	0.0	2	4 1 1
23	102	0.0	2	3 9 90
24	936	0.0	2	34 872 30
25	63335	0.0	2	60620 2486 229
26	201	0.0	2	0 191 10
27	4	0.0	2	0 0 4
