This is cutadapt 4.4 with Python 3.7.12
Command line parameters: -g XACTCCTAYGGGRBGCASCAG -G XAGCGTGGACTACNNGGGTATCTAAT --discard-untrimmed -o trimmed/ERR2836131_1_trimmed.fastq.gz -p trimmed/ERR2836131_2_trimmed.fastq.gz ERR2836131_1.fastq.gz ERR2836131_2.fastq.gz -j 4
Processing paired-end reads on 4 cores ...
Finished in 0.668 s (17.216 µs/read; 3.49 M reads/minute).

=== Summary ===

Total read pairs processed:             38,826
  Read 1 with adapter:                       5 (0.0%)
  Read 2 with adapter:                  37,902 (97.6%)

== Read fate breakdown ==
Pairs discarded as untrimmed:           38,822 (100.0%)
Pairs written (passing filters):             4 (0.0%)

Total basepairs processed:    19,488,248 bp
  Read 1:     9,744,038 bp
  Read 2:     9,744,210 bp
Total written (filtered):          1,825 bp (0.0%)
  Read 1:           921 bp
  Read 2:           904 bp

=== First read: Adapter 1 ===

Sequence: ACTCCTAYGGGRBGCASCAG; Type: non-internal 5'; Length: 20; Trimmed: 5 times

Minimum overlap: 3
No. of allowed errors:
1-9 bp: 0; 10-19 bp: 1; 20 bp: 2

Overview of removed sequences
length	count	expect	max.err	error counts
20	5	0.0	2	5


=== Second read: Adapter 2 ===

Sequence: AGCGTGGACTACNNGGGTATCTAAT; Type: non-internal 5'; Length: 25; Trimmed: 37902 times

Minimum overlap: 3
No. of allowed errors:
1-9 bp: 0; 10-19 bp: 1; 20-23 bp: 2

Overview of removed sequences
length	count	expect	max.err	error counts
3	8	606.7	0	8
4	3	151.7	0	3
15	3	0.0	1	3
17	1	0.0	1	1
18	1	0.0	1	0 1
19	1	0.0	1	0 1
20	3	0.0	2	2 1
22	2	0.0	2	0 2
23	66	0.0	2	2 3 61
24	569	0.0	2	16 523 30
25	37145	0.0	2	35522 1406 217
26	97	0.0	2	0 96 1
27	3	0.0	2	0 0 3
