This is cutadapt 4.4 with Python 3.7.12
Command line parameters: -g XACTCCTAYGGGRBGCASCAG -G XAGCGTGGACTACNNGGGTATCTAAT --discard-untrimmed -o trimmed/ERR2835972_1_trimmed.fastq.gz -p trimmed/ERR2835972_2_trimmed.fastq.gz ERR2835972_1.fastq.gz ERR2835972_2.fastq.gz -j 4
Processing paired-end reads on 4 cores ...
Finished in 0.524 s (13.634 µs/read; 4.40 M reads/minute).

=== Summary ===

Total read pairs processed:             38,413
  Read 1 with adapter:                     149 (0.4%)
  Read 2 with adapter:                      68 (0.2%)

== Read fate breakdown ==
Pairs discarded as untrimmed:           38,413 (100.0%)
Pairs written (passing filters):             0 (0.0%)

Total basepairs processed:    19,242,126 bp
  Read 1:     9,638,236 bp
  Read 2:     9,603,890 bp
Total written (filtered):              0 bp (0.0%)
  Read 1:             0 bp
  Read 2:             0 bp

=== First read: Adapter 1 ===

Sequence: ACTCCTAYGGGRBGCASCAG; Type: non-internal 5'; Length: 20; Trimmed: 149 times

Minimum overlap: 3
No. of allowed errors:
1-9 bp: 0; 10-19 bp: 1; 20 bp: 2

Overview of removed sequences
length	count	expect	max.err	error counts
19	1	0.0	1	0 1
20	148	0.0	2	141 6 1


=== Second read: Adapter 2 ===

Sequence: AGCGTGGACTACNNGGGTATCTAAT; Type: non-internal 5'; Length: 25; Trimmed: 68 times

Minimum overlap: 3
No. of allowed errors:
1-9 bp: 0; 10-19 bp: 1; 20-23 bp: 2

Overview of removed sequences
length	count	expect	max.err	error counts
3	42	600.2	0	42
4	1	150.1	0	1
5	9	37.5	0	9
24	2	0.0	2	0 0 2
25	10	0.0	2	6 3 1
26	3	0.0	2	0 1 2
27	1	0.0	2	0 0 1
