This is cutadapt 4.4 with Python 3.7.12
Command line parameters: -g XACTCCTAYGGGRBGCASCAG -G XAGCGTGGACTACNNGGGTATCTAAT --discard-untrimmed -o trimmed/ERR2836071_1_trimmed.fastq.gz -p trimmed/ERR2836071_2_trimmed.fastq.gz ERR2836071_1.fastq.gz ERR2836071_2.fastq.gz -j 4
Processing paired-end reads on 4 cores ...
Finished in 2.163 s (48.321 µs/read; 1.24 M reads/minute).

=== Summary ===

Total read pairs processed:             44,755
  Read 1 with adapter:                  44,691 (99.9%)
  Read 2 with adapter:                  43,617 (97.5%)

== Read fate breakdown ==
Pairs discarded as untrimmed:            1,197 (2.7%)
Pairs written (passing filters):        43,558 (97.3%)

Total basepairs processed:    22,449,897 bp
  Read 1:    11,217,007 bp
  Read 2:    11,232,890 bp
Total written (filtered):     19,891,590 bp (88.6%)
  Read 1:    10,046,411 bp
  Read 2:     9,845,179 bp

=== First read: Adapter 1 ===

Sequence: ACTCCTAYGGGRBGCASCAG; Type: non-internal 5'; Length: 20; Trimmed: 44691 times

Minimum overlap: 3
No. of allowed errors:
1-9 bp: 0; 10-19 bp: 1; 20 bp: 2

Overview of removed sequences
length	count	expect	max.err	error counts
16	2	0.0	1	2
17	3	0.0	1	0 3
18	47	0.0	1	6 3 38
19	615	0.0	1	37 561 17
20	43878	0.0	2	42392 1439 47
21	146	0.0	2	0 111 35


=== Second read: Adapter 2 ===

Sequence: AGCGTGGACTACNNGGGTATCTAAT; Type: non-internal 5'; Length: 25; Trimmed: 43617 times

Minimum overlap: 3
No. of allowed errors:
1-9 bp: 0; 10-19 bp: 1; 20-23 bp: 2

Overview of removed sequences
length	count	expect	max.err	error counts
3	13	699.3	0	13
4	3	174.8	0	3
5	4	43.7	0	4
15	2	0.0	1	1 1
16	2	0.0	1	0 2
17	2	0.0	1	0 2
18	2	0.0	1	0 2
20	5	0.0	2	1 4
22	6	0.0	2	4 2
23	77	0.0	2	1 7 69
24	771	0.0	2	28 716 27
25	42583	0.0	2	40348 1961 274
26	141	0.0	2	0 131 10
27	6	0.0	2	0 0 6
