This is cutadapt 4.4 with Python 3.7.12
Command line parameters: -g XACTCCTAYGGGRBGCASCAG -G XAGCGTGGACTACNNGGGTATCTAAT --discard-untrimmed -o trimmed/ERR2836014_1_trimmed.fastq.gz -p trimmed/ERR2836014_2_trimmed.fastq.gz ERR2836014_1.fastq.gz ERR2836014_2.fastq.gz -j 4
Processing paired-end reads on 4 cores ...
Finished in 0.875 s (16.159 µs/read; 3.71 M reads/minute).

=== Summary ===

Total read pairs processed:             54,151
  Read 1 with adapter:                  54,063 (99.8%)
  Read 2 with adapter:                      50 (0.1%)

== Read fate breakdown ==
Pairs discarded as untrimmed:           54,101 (99.9%)
Pairs written (passing filters):            50 (0.1%)

Total basepairs processed:    27,092,597 bp
  Read 1:    13,570,245 bp
  Read 2:    13,522,352 bp
Total written (filtered):         23,613 bp (0.1%)
  Read 1:        11,524 bp
  Read 2:        12,089 bp

=== First read: Adapter 1 ===

Sequence: ACTCCTAYGGGRBGCASCAG; Type: non-internal 5'; Length: 20; Trimmed: 54063 times

Minimum overlap: 3
No. of allowed errors:
1-9 bp: 0; 10-19 bp: 1; 20 bp: 2

Overview of removed sequences
length	count	expect	max.err	error counts
16	2	0.0	1	2
17	5	0.0	1	2 3
18	67	0.0	1	6 6 55
19	764	0.0	1	56 689 19
20	53078	0.0	2	51066 1925 87
21	146	0.0	2	0 132 14
22	1	0.0	2	0 0 1


=== Second read: Adapter 2 ===

Sequence: AGCGTGGACTACNNGGGTATCTAAT; Type: non-internal 5'; Length: 25; Trimmed: 50 times

Minimum overlap: 3
No. of allowed errors:
1-9 bp: 0; 10-19 bp: 1; 20-23 bp: 2

Overview of removed sequences
length	count	expect	max.err	error counts
4	39	211.5	0	39
6	1	13.2	0	1
25	9	0.0	2	5 2 2
27	1	0.0	2	0 0 1
