This is cutadapt 4.4 with Python 3.7.12
Command line parameters: -g XACTCCTAYGGGRBGCASCAG -G XAGCGTGGACTACNNGGGTATCTAAT --discard-untrimmed -o trimmed/ERR2836140_1_trimmed.fastq.gz -p trimmed/ERR2836140_2_trimmed.fastq.gz ERR2836140_1.fastq.gz ERR2836140_2.fastq.gz -j 4
Processing paired-end reads on 4 cores ...
Finished in 0.766 s (18.280 µs/read; 3.28 M reads/minute).

=== Summary ===

Total read pairs processed:             41,893
  Read 1 with adapter:                  41,809 (99.8%)
  Read 2 with adapter:                      65 (0.2%)

== Read fate breakdown ==
Pairs discarded as untrimmed:           41,828 (99.8%)
Pairs written (passing filters):            65 (0.2%)

Total basepairs processed:    20,964,085 bp
  Read 1:    10,490,028 bp
  Read 2:    10,474,057 bp
Total written (filtered):         30,545 bp (0.1%)
  Read 1:        14,987 bp
  Read 2:        15,558 bp

=== First read: Adapter 1 ===

Sequence: ACTCCTAYGGGRBGCASCAG; Type: non-internal 5'; Length: 20; Trimmed: 41809 times

Minimum overlap: 3
No. of allowed errors:
1-9 bp: 0; 10-19 bp: 1; 20 bp: 2

Overview of removed sequences
length	count	expect	max.err	error counts
16	2	0.0	1	2
17	4	0.0	1	2 2
18	56	0.0	1	5 5 46
19	514	0.0	1	25 463 26
20	41115	0.0	2	39582 1477 56
21	118	0.0	2	0 107 11


=== Second read: Adapter 2 ===

Sequence: AGCGTGGACTACNNGGGTATCTAAT; Type: non-internal 5'; Length: 25; Trimmed: 65 times

Minimum overlap: 3
No. of allowed errors:
1-9 bp: 0; 10-19 bp: 1; 20-23 bp: 2

Overview of removed sequences
length	count	expect	max.err	error counts
3	38	654.6	0	38
4	2	163.6	0	2
5	2	40.9	0	2
23	3	0.0	2	1 2
25	13	0.0	2	11 1 1
26	1	0.0	2	0 1
27	6	0.0	2	0 0 6
