This is cutadapt 4.4 with Python 3.7.12
Command line parameters: -g XACTCCTAYGGGRBGCASCAG -G XAGCGTGGACTACNNGGGTATCTAAT --discard-untrimmed -o trimmed/ERR2835928_1_trimmed.fastq.gz -p trimmed/ERR2835928_2_trimmed.fastq.gz ERR2835928_1.fastq.gz ERR2835928_2.fastq.gz -j 4
Processing paired-end reads on 4 cores ...
Finished in 0.799 s (11.988 µs/read; 5.00 M reads/minute).

=== Summary ===

Total read pairs processed:             66,635
  Read 1 with adapter:                       7 (0.0%)
  Read 2 with adapter:                     297 (0.4%)

== Read fate breakdown ==
Pairs discarded as untrimmed:           66,635 (100.0%)
Pairs written (passing filters):             0 (0.0%)

Total basepairs processed:    33,382,243 bp
  Read 1:    16,721,991 bp
  Read 2:    16,660,252 bp
Total written (filtered):              0 bp (0.0%)
  Read 1:             0 bp
  Read 2:             0 bp

=== First read: Adapter 1 ===

Sequence: ACTCCTAYGGGRBGCASCAG; Type: non-internal 5'; Length: 20; Trimmed: 7 times

Minimum overlap: 3
No. of allowed errors:
1-9 bp: 0; 10-19 bp: 1; 20 bp: 2

Overview of removed sequences
length	count	expect	max.err	error counts
4	1	260.3	0	1
20	6	0.0	2	6


=== Second read: Adapter 2 ===

Sequence: AGCGTGGACTACNNGGGTATCTAAT; Type: non-internal 5'; Length: 25; Trimmed: 297 times

Minimum overlap: 3
No. of allowed errors:
1-9 bp: 0; 10-19 bp: 1; 20-23 bp: 2

Overview of removed sequences
length	count	expect	max.err	error counts
3	240	1041.2	0	240
4	5	260.3	0	5
23	1	0.0	2	0 1
24	2	0.0	2	1 1
25	33	0.0	2	27 1 5
26	5	0.0	2	0 3 2
27	11	0.0	2	0 0 11
