This is cutadapt 4.4 with Python 3.7.12
Command line parameters: -g XACTCCTAYGGGRBGCASCAG -G XAGCGTGGACTACNNGGGTATCTAAT --discard-untrimmed -o trimmed/ERR2836104_1_trimmed.fastq.gz -p trimmed/ERR2836104_2_trimmed.fastq.gz ERR2836104_1.fastq.gz ERR2836104_2.fastq.gz -j 4
Processing paired-end reads on 4 cores ...
Finished in 0.881 s (18.288 µs/read; 3.28 M reads/minute).

=== Summary ===

Total read pairs processed:             48,173
  Read 1 with adapter:                  48,068 (99.8%)
  Read 2 with adapter:                     193 (0.4%)

== Read fate breakdown ==
Pairs discarded as untrimmed:           47,980 (99.6%)
Pairs written (passing filters):           193 (0.4%)

Total basepairs processed:    24,111,629 bp
  Read 1:    12,067,624 bp
  Read 2:    12,044,005 bp
Total written (filtered):         91,577 bp (0.4%)
  Read 1:        44,472 bp
  Read 2:        47,105 bp

=== First read: Adapter 1 ===

Sequence: ACTCCTAYGGGRBGCASCAG; Type: non-internal 5'; Length: 20; Trimmed: 48068 times

Minimum overlap: 3
No. of allowed errors:
1-9 bp: 0; 10-19 bp: 1; 20 bp: 2

Overview of removed sequences
length	count	expect	max.err	error counts
16	1	0.0	1	1
18	60	0.0	1	5 7 48
19	624	0.0	1	34 571 19
20	47266	0.0	2	45643 1552 71
21	116	0.0	2	0 105 11
22	1	0.0	2	0 0 1


=== Second read: Adapter 2 ===

Sequence: AGCGTGGACTACNNGGGTATCTAAT; Type: non-internal 5'; Length: 25; Trimmed: 193 times

Minimum overlap: 3
No. of allowed errors:
1-9 bp: 0; 10-19 bp: 1; 20-23 bp: 2

Overview of removed sequences
length	count	expect	max.err	error counts
3	163	752.7	0	163
4	3	188.2	0	3
24	3	0.0	2	1 1 1
25	18	0.0	2	10 3 5
26	3	0.0	2	0 2 1
27	3	0.0	2	0 0 3
