This is cutadapt 4.4 with Python 3.7.12
Command line parameters: -g XACTCCTAYGGGRBGCASCAG -G XAGCGTGGACTACNNGGGTATCTAAT --discard-untrimmed -o trimmed/ERR2835998_1_trimmed.fastq.gz -p trimmed/ERR2835998_2_trimmed.fastq.gz ERR2835998_1.fastq.gz ERR2835998_2.fastq.gz -j 4
Processing paired-end reads on 4 cores ...
Finished in 0.413 s (13.735 µs/read; 4.37 M reads/minute).

=== Summary ===

Total read pairs processed:             30,052
  Read 1 with adapter:                       3 (0.0%)
  Read 2 with adapter:                      89 (0.3%)

== Read fate breakdown ==
Pairs discarded as untrimmed:           30,052 (100.0%)
Pairs written (passing filters):             0 (0.0%)

Total basepairs processed:    15,051,657 bp
  Read 1:     7,541,717 bp
  Read 2:     7,509,940 bp
Total written (filtered):              0 bp (0.0%)
  Read 1:             0 bp
  Read 2:             0 bp

=== First read: Adapter 1 ===

Sequence: ACTCCTAYGGGRBGCASCAG; Type: non-internal 5'; Length: 20; Trimmed: 3 times

Minimum overlap: 3
No. of allowed errors:
1-9 bp: 0; 10-19 bp: 1; 20 bp: 2

Overview of removed sequences
length	count	expect	max.err	error counts
20	3	0.0	2	3


=== Second read: Adapter 2 ===

Sequence: AGCGTGGACTACNNGGGTATCTAAT; Type: non-internal 5'; Length: 25; Trimmed: 89 times

Minimum overlap: 3
No. of allowed errors:
1-9 bp: 0; 10-19 bp: 1; 20-23 bp: 2

Overview of removed sequences
length	count	expect	max.err	error counts
4	73	117.4	0	73
23	1	0.0	2	0 0 1
25	15	0.0	2	10 2 3
