This is cutadapt 4.4 with Python 3.7.12
Command line parameters: -g XACTCCTAYGGGRBGCASCAG -G XAGCGTGGACTACNNGGGTATCTAAT --discard-untrimmed -o trimmed/ERR2836045_1_trimmed.fastq.gz -p trimmed/ERR2836045_2_trimmed.fastq.gz ERR2836045_1.fastq.gz ERR2836045_2.fastq.gz -j 4
Processing paired-end reads on 4 cores ...
Finished in 0.806 s (17.763 µs/read; 3.38 M reads/minute).

=== Summary ===

Total read pairs processed:             45,392
  Read 1 with adapter:                  45,318 (99.8%)
  Read 2 with adapter:                      27 (0.1%)

== Read fate breakdown ==
Pairs discarded as untrimmed:           45,365 (99.9%)
Pairs written (passing filters):            27 (0.1%)

Total basepairs processed:    22,777,146 bp
  Read 1:    11,386,657 bp
  Read 2:    11,390,489 bp
Total written (filtered):         12,378 bp (0.1%)
  Read 1:         6,220 bp
  Read 2:         6,158 bp

=== First read: Adapter 1 ===

Sequence: ACTCCTAYGGGRBGCASCAG; Type: non-internal 5'; Length: 20; Trimmed: 45318 times

Minimum overlap: 3
No. of allowed errors:
1-9 bp: 0; 10-19 bp: 1; 20 bp: 2

Overview of removed sequences
length	count	expect	max.err	error counts
4	11	177.3	0	11
16	5	0.0	1	5
17	4	0.0	1	3 1
18	54	0.0	1	7 5 42
19	671	0.0	1	33 614 24
20	44455	0.0	2	42615 1737 103
21	118	0.0	2	0 100 18


=== Second read: Adapter 2 ===

Sequence: AGCGTGGACTACNNGGGTATCTAAT; Type: non-internal 5'; Length: 25; Trimmed: 27 times

Minimum overlap: 3
No. of allowed errors:
1-9 bp: 0; 10-19 bp: 1; 20-23 bp: 2

Overview of removed sequences
length	count	expect	max.err	error counts
4	2	177.3	0	2
5	1	44.3	0	1
25	23	0.0	2	15 3 5
27	1	0.0	2	0 0 1
