This is cutadapt 4.4 with Python 3.7.12
Command line parameters: -g XACTCCTAYGGGRBGCASCAG -G XAGCGTGGACTACNNGGGTATCTAAT --discard-untrimmed -o trimmed/ERR2836031_1_trimmed.fastq.gz -p trimmed/ERR2836031_2_trimmed.fastq.gz ERR2836031_1.fastq.gz ERR2836031_2.fastq.gz -j 4
Processing paired-end reads on 4 cores ...
Finished in 0.675 s (17.754 µs/read; 3.38 M reads/minute).

=== Summary ===

Total read pairs processed:             38,004
  Read 1 with adapter:                       2 (0.0%)
  Read 2 with adapter:                  36,973 (97.3%)

== Read fate breakdown ==
Pairs discarded as untrimmed:           38,002 (100.0%)
Pairs written (passing filters):             2 (0.0%)

Total basepairs processed:    19,074,487 bp
  Read 1:     9,536,470 bp
  Read 2:     9,538,017 bp
Total written (filtered):            911 bp (0.0%)
  Read 1:           459 bp
  Read 2:           452 bp

=== First read: Adapter 1 ===

Sequence: ACTCCTAYGGGRBGCASCAG; Type: non-internal 5'; Length: 20; Trimmed: 2 times

Minimum overlap: 3
No. of allowed errors:
1-9 bp: 0; 10-19 bp: 1; 20 bp: 2

Overview of removed sequences
length	count	expect	max.err	error counts
20	2	0.0	2	1 1


=== Second read: Adapter 2 ===

Sequence: AGCGTGGACTACNNGGGTATCTAAT; Type: non-internal 5'; Length: 25; Trimmed: 36973 times

Minimum overlap: 3
No. of allowed errors:
1-9 bp: 0; 10-19 bp: 1; 20-23 bp: 2

Overview of removed sequences
length	count	expect	max.err	error counts
3	15	593.8	0	15
4	1	148.5	0	1
14	1	0.0	1	0 1
17	1	0.0	1	0 1
20	1	0.0	2	0 1
21	1	0.0	2	1
22	1	0.0	2	0 1
23	62	0.0	2	1 2 59
24	570	0.0	2	22 525 23
25	36220	0.0	2	34547 1432 241
26	100	0.0	2	0 98 2
