This is cutadapt 4.4 with Python 3.7.12
Command line parameters: -g XACTCCTAYGGGRBGCASCAG -G XAGCGTGGACTACNNGGGTATCTAAT --discard-untrimmed -o trimmed/ERR2836035_1_trimmed.fastq.gz -p trimmed/ERR2836035_2_trimmed.fastq.gz ERR2836035_1.fastq.gz ERR2836035_2.fastq.gz -j 4
Processing paired-end reads on 4 cores ...
Finished in 0.767 s (17.277 µs/read; 3.47 M reads/minute).

=== Summary ===

Total read pairs processed:             44,394
  Read 1 with adapter:                       5 (0.0%)
  Read 2 with adapter:                  43,534 (98.1%)

== Read fate breakdown ==
Pairs discarded as untrimmed:           44,389 (100.0%)
Pairs written (passing filters):             5 (0.0%)

Total basepairs processed:    22,281,780 bp
  Read 1:    11,139,843 bp
  Read 2:    11,141,937 bp
Total written (filtered):          2,282 bp (0.0%)
  Read 1:         1,152 bp
  Read 2:         1,130 bp

=== First read: Adapter 1 ===

Sequence: ACTCCTAYGGGRBGCASCAG; Type: non-internal 5'; Length: 20; Trimmed: 5 times

Minimum overlap: 3
No. of allowed errors:
1-9 bp: 0; 10-19 bp: 1; 20 bp: 2

Overview of removed sequences
length	count	expect	max.err	error counts
20	5	0.0	2	5


=== Second read: Adapter 2 ===

Sequence: AGCGTGGACTACNNGGGTATCTAAT; Type: non-internal 5'; Length: 25; Trimmed: 43534 times

Minimum overlap: 3
No. of allowed errors:
1-9 bp: 0; 10-19 bp: 1; 20-23 bp: 2

Overview of removed sequences
length	count	expect	max.err	error counts
3	23	693.7	0	23
4	1	173.4	0	1
15	2	0.0	1	2
16	1	0.0	1	0 1
18	2	0.0	1	0 2
20	3	0.0	2	3
21	1	0.0	2	1
22	4	0.0	2	2 0 2
23	75	0.0	2	1 3 71
24	705	0.0	2	36 637 32
25	42574	0.0	2	40515 1810 249
26	142	0.0	2	0 135 7
27	1	0.0	2	0 0 1
