This is cutadapt 4.4 with Python 3.7.12
Command line parameters: -g XACTCCTAYGGGRBGCASCAG -G XAGCGTGGACTACNNGGGTATCTAAT --discard-untrimmed -o trimmed/ERR2835932_1_trimmed.fastq.gz -p trimmed/ERR2835932_2_trimmed.fastq.gz ERR2835932_1.fastq.gz ERR2835932_2.fastq.gz -j 4
Processing paired-end reads on 4 cores ...
Finished in 0.670 s (12.464 µs/read; 4.81 M reads/minute).

=== Summary ===

Total read pairs processed:             53,776
  Read 1 with adapter:                     130 (0.2%)
  Read 2 with adapter:                      88 (0.2%)

== Read fate breakdown ==
Pairs discarded as untrimmed:           53,776 (100.0%)
Pairs written (passing filters):             0 (0.0%)

Total basepairs processed:    26,940,687 bp
  Read 1:    13,495,663 bp
  Read 2:    13,445,024 bp
Total written (filtered):              0 bp (0.0%)
  Read 1:             0 bp
  Read 2:             0 bp

=== First read: Adapter 1 ===

Sequence: ACTCCTAYGGGRBGCASCAG; Type: non-internal 5'; Length: 20; Trimmed: 130 times

Minimum overlap: 3
No. of allowed errors:
1-9 bp: 0; 10-19 bp: 1; 20 bp: 2

Overview of removed sequences
length	count	expect	max.err	error counts
20	130	0.0	2	126 4


=== Second read: Adapter 2 ===

Sequence: AGCGTGGACTACNNGGGTATCTAAT; Type: non-internal 5'; Length: 25; Trimmed: 88 times

Minimum overlap: 3
No. of allowed errors:
1-9 bp: 0; 10-19 bp: 1; 20-23 bp: 2

Overview of removed sequences
length	count	expect	max.err	error counts
3	58	840.2	0	58
4	1	210.1	0	1
5	10	52.5	0	10
23	3	0.0	2	2 1
24	1	0.0	2	0 0 1
25	11	0.0	2	6 3 2
26	3	0.0	2	0 1 2
27	1	0.0	2	0 0 1
