This is cutadapt 4.4 with Python 3.7.12
Command line parameters: -g XACTCCTAYGGGRBGCASCAG -G XAGCGTGGACTACNNGGGTATCTAAT --discard-untrimmed -o trimmed/ERR2835915_1_trimmed.fastq.gz -p trimmed/ERR2835915_2_trimmed.fastq.gz ERR2835915_1.fastq.gz ERR2835915_2.fastq.gz -j 4
Processing paired-end reads on 4 cores ...
Finished in 2.430 s (51.932 µs/read; 1.16 M reads/minute).

=== Summary ===

Total read pairs processed:             46,784
  Read 1 with adapter:                  46,713 (99.8%)
  Read 2 with adapter:                  46,115 (98.6%)

== Read fate breakdown ==
Pairs discarded as untrimmed:              734 (1.6%)
Pairs written (passing filters):        46,050 (98.4%)

Total basepairs processed:    23,456,534 bp
  Read 1:    11,714,821 bp
  Read 2:    11,741,713 bp
Total written (filtered):     21,018,177 bp (89.6%)
  Read 1:    10,610,536 bp
  Read 2:    10,407,641 bp

=== First read: Adapter 1 ===

Sequence: ACTCCTAYGGGRBGCASCAG; Type: non-internal 5'; Length: 20; Trimmed: 46713 times

Minimum overlap: 3
No. of allowed errors:
1-9 bp: 0; 10-19 bp: 1; 20 bp: 2

Overview of removed sequences
length	count	expect	max.err	error counts
15	1	0.0	1	0 1
16	2	0.0	1	1 1
17	4	0.0	1	0 4
18	46	0.0	1	1 1 44
19	561	0.0	1	30 515 16
20	45994	0.0	2	44443 1478 73
21	104	0.0	2	0 102 2
22	1	0.0	2	0 0 1


=== Second read: Adapter 2 ===

Sequence: AGCGTGGACTACNNGGGTATCTAAT; Type: non-internal 5'; Length: 25; Trimmed: 46115 times

Minimum overlap: 3
No. of allowed errors:
1-9 bp: 0; 10-19 bp: 1; 20-23 bp: 2

Overview of removed sequences
length	count	expect	max.err	error counts
3	17	731.0	0	17
5	1	45.7	0	1
20	2	0.0	2	2
22	4	0.0	2	2 1 1
23	58	0.0	2	3 7 48
24	625	0.0	2	21 573 31
25	45296	0.0	2	43109 1911 276
26	109	0.0	2	0 103 6
27	3	0.0	2	0 0 3
