This is cutadapt 4.4 with Python 3.7.12
Command line parameters: -g XACTCCTAYGGGRBGCASCAG -G XAGCGTGGACTACNNGGGTATCTAAT --discard-untrimmed -o trimmed/ERR2835991_1_trimmed.fastq.gz -p trimmed/ERR2835991_2_trimmed.fastq.gz ERR2835991_1.fastq.gz ERR2835991_2.fastq.gz -j 4
Processing paired-end reads on 4 cores ...
Finished in 0.938 s (16.193 µs/read; 3.71 M reads/minute).

=== Summary ===

Total read pairs processed:             57,940
  Read 1 with adapter:                       2 (0.0%)
  Read 2 with adapter:                  56,984 (98.4%)

== Read fate breakdown ==
Pairs discarded as untrimmed:           57,938 (100.0%)
Pairs written (passing filters):             2 (0.0%)

Total basepairs processed:    29,083,289 bp
  Read 1:    14,542,022 bp
  Read 2:    14,541,267 bp
Total written (filtered):            914 bp (0.0%)
  Read 1:           462 bp
  Read 2:           452 bp

=== First read: Adapter 1 ===

Sequence: ACTCCTAYGGGRBGCASCAG; Type: non-internal 5'; Length: 20; Trimmed: 2 times

Minimum overlap: 3
No. of allowed errors:
1-9 bp: 0; 10-19 bp: 1; 20 bp: 2

Overview of removed sequences
length	count	expect	max.err	error counts
20	2	0.0	2	2


=== Second read: Adapter 2 ===

Sequence: AGCGTGGACTACNNGGGTATCTAAT; Type: non-internal 5'; Length: 25; Trimmed: 56984 times

Minimum overlap: 3
No. of allowed errors:
1-9 bp: 0; 10-19 bp: 1; 20-23 bp: 2

Overview of removed sequences
length	count	expect	max.err	error counts
3	5	905.3	0	5
4	1	226.3	0	1
15	1	0.0	1	0 1
20	2	0.0	2	2
21	1	0.0	2	0 1
22	8	0.0	2	4 0 4
23	118	0.0	2	2 4 112
24	918	0.0	2	32 845 41
25	55757	0.0	2	53246 2282 229
26	170	0.0	2	0 163 7
27	3	0.0	2	0 0 3
