This is cutadapt 4.4 with Python 3.7.12
Command line parameters: -g XACTCCTAYGGGRBGCASCAG -G XAGCGTGGACTACNNGGGTATCTAAT --discard-untrimmed -o trimmed/ERR2836159_1_trimmed.fastq.gz -p trimmed/ERR2836159_2_trimmed.fastq.gz ERR2836159_1.fastq.gz ERR2836159_2.fastq.gz -j 4
Processing paired-end reads on 4 cores ...
Finished in 0.580 s (17.542 µs/read; 3.42 M reads/minute).

=== Summary ===

Total read pairs processed:             33,059
  Read 1 with adapter:                       3 (0.0%)
  Read 2 with adapter:                  32,072 (97.0%)

== Read fate breakdown ==
Pairs discarded as untrimmed:           33,057 (100.0%)
Pairs written (passing filters):             2 (0.0%)

Total basepairs processed:    16,592,352 bp
  Read 1:     8,295,604 bp
  Read 2:     8,296,748 bp
Total written (filtered):            930 bp (0.0%)
  Read 1:           478 bp
  Read 2:           452 bp

=== First read: Adapter 1 ===

Sequence: ACTCCTAYGGGRBGCASCAG; Type: non-internal 5'; Length: 20; Trimmed: 3 times

Minimum overlap: 3
No. of allowed errors:
1-9 bp: 0; 10-19 bp: 1; 20 bp: 2

Overview of removed sequences
length	count	expect	max.err	error counts
3	1	516.5	0	1
20	2	0.0	2	1 1


=== Second read: Adapter 2 ===

Sequence: AGCGTGGACTACNNGGGTATCTAAT; Type: non-internal 5'; Length: 25; Trimmed: 32072 times

Minimum overlap: 3
No. of allowed errors:
1-9 bp: 0; 10-19 bp: 1; 20-23 bp: 2

Overview of removed sequences
length	count	expect	max.err	error counts
3	9	516.5	0	9
4	2	129.1	0	2
15	1	0.0	1	0 1
16	1	0.0	1	0 1
18	1	0.0	1	1
20	1	0.0	2	1
21	1	0.0	2	0 0 1
23	56	0.0	2	1 3 52
24	474	0.0	2	12 440 22
25	31440	0.0	2	29917 1291 232
26	86	0.0	2	0 83 3
