This is cutadapt 4.4 with Python 3.7.12
Command line parameters: -g XACTCCTAYGGGRBGCASCAG -G XAGCGTGGACTACNNGGGTATCTAAT --discard-untrimmed -o trimmed/ERR2836108_1_trimmed.fastq.gz -p trimmed/ERR2836108_2_trimmed.fastq.gz ERR2836108_1.fastq.gz ERR2836108_2.fastq.gz -j 4
Processing paired-end reads on 4 cores ...
Finished in 0.997 s (17.323 µs/read; 3.46 M reads/minute).

=== Summary ===

Total read pairs processed:             57,557
  Read 1 with adapter:                  57,437 (99.8%)
  Read 2 with adapter:                     104 (0.2%)

== Read fate breakdown ==
Pairs discarded as untrimmed:           57,453 (99.8%)
Pairs written (passing filters):           104 (0.2%)

Total basepairs processed:    28,806,133 bp
  Read 1:    14,415,837 bp
  Read 2:    14,390,296 bp
Total written (filtered):         49,119 bp (0.2%)
  Read 1:        23,958 bp
  Read 2:        25,161 bp

=== First read: Adapter 1 ===

Sequence: ACTCCTAYGGGRBGCASCAG; Type: non-internal 5'; Length: 20; Trimmed: 57437 times

Minimum overlap: 3
No. of allowed errors:
1-9 bp: 0; 10-19 bp: 1; 20 bp: 2

Overview of removed sequences
length	count	expect	max.err	error counts
16	13	0.0	1	12 1
17	3	0.0	1	0 3
18	95	0.0	1	9 11 75
19	836	0.0	1	48 766 22
20	56319	0.0	2	54158 2062 99
21	168	0.0	2	0 158 10
22	3	0.0	2	0 0 3


=== Second read: Adapter 2 ===

Sequence: AGCGTGGACTACNNGGGTATCTAAT; Type: non-internal 5'; Length: 25; Trimmed: 104 times

Minimum overlap: 3
No. of allowed errors:
1-9 bp: 0; 10-19 bp: 1; 20-23 bp: 2

Overview of removed sequences
length	count	expect	max.err	error counts
3	69	899.3	0	69
4	6	224.8	0	6
5	4	56.2	0	4
20	2	0.0	2	0 2
21	2	0.0	2	1 1
23	1	0.0	2	1
24	2	0.0	2	0 0 2
25	10	0.0	2	6 2 2
26	5	0.0	2	0 1 4
27	3	0.0	2	0 0 3
