This is cutadapt 4.4 with Python 3.7.12
Command line parameters: -g XACTCCTAYGGGRBGCASCAG -G XAGCGTGGACTACNNGGGTATCTAAT --discard-untrimmed -o trimmed/ERR2836111_1_trimmed.fastq.gz -p trimmed/ERR2836111_2_trimmed.fastq.gz ERR2836111_1.fastq.gz ERR2836111_2.fastq.gz -j 4
Processing paired-end reads on 4 cores ...
Finished in 0.541 s (20.755 µs/read; 2.89 M reads/minute).

=== Summary ===

Total read pairs processed:             26,062
  Read 1 with adapter:                      71 (0.3%)
  Read 2 with adapter:                  24,872 (95.4%)

== Read fate breakdown ==
Pairs discarded as untrimmed:           25,994 (99.7%)
Pairs written (passing filters):            68 (0.3%)

Total basepairs processed:    13,070,285 bp
  Read 1:     6,529,973 bp
  Read 2:     6,540,312 bp
Total written (filtered):         32,033 bp (0.2%)
  Read 1:        16,643 bp
  Read 2:        15,390 bp

=== First read: Adapter 1 ===

Sequence: ACTCCTAYGGGRBGCASCAG; Type: non-internal 5'; Length: 20; Trimmed: 71 times

Minimum overlap: 3
No. of allowed errors:
1-9 bp: 0; 10-19 bp: 1; 20 bp: 2

Overview of removed sequences
length	count	expect	max.err	error counts
3	5	407.2	0	5
4	54	101.8	0	54
5	1	25.5	0	1
8	1	0.4	0	1
19	1	0.0	1	0 1
20	6	0.0	2	3 3
22	3	0.0	2	0 0 3


=== Second read: Adapter 2 ===

Sequence: AGCGTGGACTACNNGGGTATCTAAT; Type: non-internal 5'; Length: 25; Trimmed: 24872 times

Minimum overlap: 3
No. of allowed errors:
1-9 bp: 0; 10-19 bp: 1; 20-23 bp: 2

Overview of removed sequences
length	count	expect	max.err	error counts
3	18	407.2	0	18
4	3	101.8	0	3
21	2	0.0	2	0 2
23	35	0.0	2	1 1 33
24	402	0.0	2	12 374 16
25	24343	0.0	2	22745 1329 269
26	68	0.0	2	0 66 2
27	1	0.0	2	0 0 1
