This is cutadapt 4.4 with Python 3.7.12
Command line parameters: -g XACTCCTAYGGGRBGCASCAG -G XAGCGTGGACTACNNGGGTATCTAAT --discard-untrimmed -o trimmed/ERR2836137_1_trimmed.fastq.gz -p trimmed/ERR2836137_2_trimmed.fastq.gz ERR2836137_1.fastq.gz ERR2836137_2.fastq.gz -j 4
Processing paired-end reads on 4 cores ...
Finished in 0.794 s (18.427 µs/read; 3.26 M reads/minute).

=== Summary ===

Total read pairs processed:             43,103
  Read 1 with adapter:                  43,012 (99.8%)
  Read 2 with adapter:                      17 (0.0%)

== Read fate breakdown ==
Pairs discarded as untrimmed:           43,086 (100.0%)
Pairs written (passing filters):            17 (0.0%)

Total basepairs processed:    21,620,187 bp
  Read 1:    10,804,257 bp
  Read 2:    10,815,930 bp
Total written (filtered):          7,958 bp (0.0%)
  Read 1:         3,921 bp
  Read 2:         4,037 bp

=== First read: Adapter 1 ===

Sequence: ACTCCTAYGGGRBGCASCAG; Type: non-internal 5'; Length: 20; Trimmed: 43012 times

Minimum overlap: 3
No. of allowed errors:
1-9 bp: 0; 10-19 bp: 1; 20 bp: 2

Overview of removed sequences
length	count	expect	max.err	error counts
16	4	0.0	1	4
17	3	0.0	1	0 3
18	53	0.0	1	5 9 39
19	615	0.0	1	33 569 13
20	42237	0.0	2	40634 1545 58
21	100	0.0	2	0 93 7


=== Second read: Adapter 2 ===

Sequence: AGCGTGGACTACNNGGGTATCTAAT; Type: non-internal 5'; Length: 25; Trimmed: 17 times

Minimum overlap: 3
No. of allowed errors:
1-9 bp: 0; 10-19 bp: 1; 20-23 bp: 2

Overview of removed sequences
length	count	expect	max.err	error counts
3	2	673.5	0	2
5	8	42.1	0	8
23	1	0.0	2	0 0 1
25	6	0.0	2	5 0 1
