This is cutadapt 4.4 with Python 3.7.12
Command line parameters: -g XACTCCTAYGGGRBGCASCAG -G XAGCGTGGACTACNNGGGTATCTAAT --discard-untrimmed -o trimmed/ERR2835970_1_trimmed.fastq.gz -p trimmed/ERR2835970_2_trimmed.fastq.gz ERR2835970_1.fastq.gz ERR2835970_2.fastq.gz -j 4
Processing paired-end reads on 4 cores ...
Finished in 0.420 s (13.294 µs/read; 4.51 M reads/minute).

=== Summary ===

Total read pairs processed:             31,614
  Read 1 with adapter:                     153 (0.5%)
  Read 2 with adapter:                     108 (0.3%)

== Read fate breakdown ==
Pairs discarded as untrimmed:           31,614 (100.0%)
Pairs written (passing filters):             0 (0.0%)

Total basepairs processed:    15,834,366 bp
  Read 1:     7,932,308 bp
  Read 2:     7,902,058 bp
Total written (filtered):              0 bp (0.0%)
  Read 1:             0 bp
  Read 2:             0 bp

=== First read: Adapter 1 ===

Sequence: ACTCCTAYGGGRBGCASCAG; Type: non-internal 5'; Length: 20; Trimmed: 153 times

Minimum overlap: 3
No. of allowed errors:
1-9 bp: 0; 10-19 bp: 1; 20 bp: 2

Overview of removed sequences
length	count	expect	max.err	error counts
4	2	123.5	0	2
19	2	0.0	1	1 1
20	148	0.0	2	140 7 1
21	1	0.0	2	0 1


=== Second read: Adapter 2 ===

Sequence: AGCGTGGACTACNNGGGTATCTAAT; Type: non-internal 5'; Length: 25; Trimmed: 108 times

Minimum overlap: 3
No. of allowed errors:
1-9 bp: 0; 10-19 bp: 1; 20-23 bp: 2

Overview of removed sequences
length	count	expect	max.err	error counts
4	25	123.5	0	25
5	2	30.9	0	2
24	1	0.0	2	0 1
25	79	0.0	2	71 4 4
26	1	0.0	2	0 1
