This is cutadapt 4.4 with Python 3.7.12
Command line parameters: -g XACTCCTAYGGGRBGCASCAG -G XAGCGTGGACTACNNGGGTATCTAAT --discard-untrimmed -o trimmed/ERR2836094_1_trimmed.fastq.gz -p trimmed/ERR2836094_2_trimmed.fastq.gz ERR2836094_1.fastq.gz ERR2836094_2.fastq.gz -j 4
Processing paired-end reads on 4 cores ...
Finished in 0.586 s (11.239 µs/read; 5.34 M reads/minute).

=== Summary ===

Total read pairs processed:             52,153
  Read 1 with adapter:                       2 (0.0%)
  Read 2 with adapter:                      52 (0.1%)

== Read fate breakdown ==
Pairs discarded as untrimmed:           52,153 (100.0%)
Pairs written (passing filters):             0 (0.0%)

Total basepairs processed:    26,115,727 bp
  Read 1:    13,088,436 bp
  Read 2:    13,027,291 bp
Total written (filtered):              0 bp (0.0%)
  Read 1:             0 bp
  Read 2:             0 bp

=== First read: Adapter 1 ===

Sequence: ACTCCTAYGGGRBGCASCAG; Type: non-internal 5'; Length: 20; Trimmed: 2 times

Minimum overlap: 3
No. of allowed errors:
1-9 bp: 0; 10-19 bp: 1; 20 bp: 2

Overview of removed sequences
length	count	expect	max.err	error counts
20	2	0.0	2	1 1


=== Second read: Adapter 2 ===

Sequence: AGCGTGGACTACNNGGGTATCTAAT; Type: non-internal 5'; Length: 25; Trimmed: 52 times

Minimum overlap: 3
No. of allowed errors:
1-9 bp: 0; 10-19 bp: 1; 20-23 bp: 2

Overview of removed sequences
length	count	expect	max.err	error counts
4	33	203.7	0	33
6	2	12.7	0	2
25	17	0.0	2	9 3 5
