This is cutadapt 4.4 with Python 3.7.12
Command line parameters: -g XACTCCTAYGGGRBGCASCAG -G XAGCGTGGACTACNNGGGTATCTAAT --discard-untrimmed -o trimmed/ERR2836059_1_trimmed.fastq.gz -p trimmed/ERR2836059_2_trimmed.fastq.gz ERR2836059_1.fastq.gz ERR2836059_2.fastq.gz -j 4
Processing paired-end reads on 4 cores ...
Finished in 0.735 s (16.848 µs/read; 3.56 M reads/minute).

=== Summary ===

Total read pairs processed:             43,653
  Read 1 with adapter:                       3 (0.0%)
  Read 2 with adapter:                  42,408 (97.1%)

== Read fate breakdown ==
Pairs discarded as untrimmed:           43,650 (100.0%)
Pairs written (passing filters):             3 (0.0%)

Total basepairs processed:    21,911,329 bp
  Read 1:    10,956,582 bp
  Read 2:    10,954,747 bp
Total written (filtered):          1,367 bp (0.0%)
  Read 1:           689 bp
  Read 2:           678 bp

=== First read: Adapter 1 ===

Sequence: ACTCCTAYGGGRBGCASCAG; Type: non-internal 5'; Length: 20; Trimmed: 3 times

Minimum overlap: 3
No. of allowed errors:
1-9 bp: 0; 10-19 bp: 1; 20 bp: 2

Overview of removed sequences
length	count	expect	max.err	error counts
20	3	0.0	2	2 1


=== Second read: Adapter 2 ===

Sequence: AGCGTGGACTACNNGGGTATCTAAT; Type: non-internal 5'; Length: 25; Trimmed: 42408 times

Minimum overlap: 3
No. of allowed errors:
1-9 bp: 0; 10-19 bp: 1; 20-23 bp: 2

Overview of removed sequences
length	count	expect	max.err	error counts
3	36	682.1	0	36
4	1	170.5	0	1
15	1	0.0	1	1
16	1	0.0	1	1
18	1	0.0	1	0 1
19	3	0.0	1	0 3
21	6	0.0	2	1 5
22	6	0.0	2	3 1 2
23	83	0.0	2	3 6 74
24	717	0.0	2	25 644 48
25	41462	0.0	2	38796 2252 414
26	89	0.0	2	0 87 2
27	2	0.0	2	0 0 2
