This is cutadapt 4.4 with Python 3.7.12
Command line parameters: -g XACTCCTAYGGGRBGCASCAG -G XAGCGTGGACTACNNGGGTATCTAAT --discard-untrimmed -o trimmed/ERR2836150_1_trimmed.fastq.gz -p trimmed/ERR2836150_2_trimmed.fastq.gz ERR2836150_1.fastq.gz ERR2836150_2.fastq.gz -j 4
Processing paired-end reads on 4 cores ...
Finished in 0.637 s (12.541 µs/read; 4.78 M reads/minute).

=== Summary ===

Total read pairs processed:             50,753
  Read 1 with adapter:                     156 (0.3%)
  Read 2 with adapter:                     142 (0.3%)

== Read fate breakdown ==
Pairs discarded as untrimmed:           50,753 (100.0%)
Pairs written (passing filters):             0 (0.0%)

Total basepairs processed:    25,411,580 bp
  Read 1:    12,730,934 bp
  Read 2:    12,680,646 bp
Total written (filtered):              0 bp (0.0%)
  Read 1:             0 bp
  Read 2:             0 bp

=== First read: Adapter 1 ===

Sequence: ACTCCTAYGGGRBGCASCAG; Type: non-internal 5'; Length: 20; Trimmed: 156 times

Minimum overlap: 3
No. of allowed errors:
1-9 bp: 0; 10-19 bp: 1; 20 bp: 2

Overview of removed sequences
length	count	expect	max.err	error counts
3	3	793.0	0	3
4	121	198.3	0	121
5	14	49.6	0	14
20	10	0.0	2	10
21	1	0.0	2	0 1
22	7	0.0	2	0 0 7


=== Second read: Adapter 2 ===

Sequence: AGCGTGGACTACNNGGGTATCTAAT; Type: non-internal 5'; Length: 25; Trimmed: 142 times

Minimum overlap: 3
No. of allowed errors:
1-9 bp: 0; 10-19 bp: 1; 20-23 bp: 2

Overview of removed sequences
length	count	expect	max.err	error counts
3	20	793.0	0	20
4	109	198.3	0	109
25	13	0.0	2	5 4 4
