This is cutadapt 4.4 with Python 3.7.12
Command line parameters: -g XACTCCTAYGGGRBGCASCAG -G XAGCGTGGACTACNNGGGTATCTAAT --discard-untrimmed -o trimmed/ERR2836017_1_trimmed.fastq.gz -p trimmed/ERR2836017_2_trimmed.fastq.gz ERR2836017_1.fastq.gz ERR2836017_2.fastq.gz -j 4
Processing paired-end reads on 4 cores ...
Finished in 0.665 s (14.554 µs/read; 4.12 M reads/minute).

=== Summary ===

Total read pairs processed:             45,667
  Read 1 with adapter:                      96 (0.2%)
  Read 2 with adapter:                      18 (0.0%)

== Read fate breakdown ==
Pairs discarded as untrimmed:           45,667 (100.0%)
Pairs written (passing filters):             0 (0.0%)

Total basepairs processed:    22,910,542 bp
  Read 1:    11,451,501 bp
  Read 2:    11,459,041 bp
Total written (filtered):              0 bp (0.0%)
  Read 1:             0 bp
  Read 2:             0 bp

=== First read: Adapter 1 ===

Sequence: ACTCCTAYGGGRBGCASCAG; Type: non-internal 5'; Length: 20; Trimmed: 96 times

Minimum overlap: 3
No. of allowed errors:
1-9 bp: 0; 10-19 bp: 1; 20 bp: 2

Overview of removed sequences
length	count	expect	max.err	error counts
3	1	713.5	0	1
4	85	178.4	0	85
5	8	44.6	0	8
20	1	0.0	2	1
22	1	0.0	2	0 0 1


=== Second read: Adapter 2 ===

Sequence: AGCGTGGACTACNNGGGTATCTAAT; Type: non-internal 5'; Length: 25; Trimmed: 18 times

Minimum overlap: 3
No. of allowed errors:
1-9 bp: 0; 10-19 bp: 1; 20-23 bp: 2

Overview of removed sequences
length	count	expect	max.err	error counts
5	1	44.6	0	1
23	1	0.0	2	1
25	14	0.0	2	10 3 1
26	2	0.0	2	0 2
