This is cutadapt 4.4 with Python 3.7.12
Command line parameters: -g XACTCCTAYGGGRBGCASCAG -G XAGCGTGGACTACNNGGGTATCTAAT --discard-untrimmed -o trimmed/ERR2835947_1_trimmed.fastq.gz -p trimmed/ERR2835947_2_trimmed.fastq.gz ERR2835947_1.fastq.gz ERR2835947_2.fastq.gz -j 4
Processing paired-end reads on 4 cores ...
Finished in 2.662 s (52.868 µs/read; 1.13 M reads/minute).

=== Summary ===

Total read pairs processed:             50,348
  Read 1 with adapter:                  50,246 (99.8%)
  Read 2 with adapter:                  49,519 (98.4%)

== Read fate breakdown ==
Pairs discarded as untrimmed:              928 (1.8%)
Pairs written (passing filters):        49,420 (98.2%)

Total basepairs processed:    25,256,728 bp
  Read 1:    12,621,507 bp
  Read 2:    12,635,221 bp
Total written (filtered):     22,569,516 bp (89.4%)
  Read 1:    11,401,192 bp
  Read 2:    11,168,324 bp

=== First read: Adapter 1 ===

Sequence: ACTCCTAYGGGRBGCASCAG; Type: non-internal 5'; Length: 20; Trimmed: 50246 times

Minimum overlap: 3
No. of allowed errors:
1-9 bp: 0; 10-19 bp: 1; 20 bp: 2

Overview of removed sequences
length	count	expect	max.err	error counts
16	3	0.0	1	2 1
17	4	0.0	1	2 2
18	63	0.0	1	5 6 52
19	637	0.0	1	26 595 16
20	49420	0.0	2	47574 1755 91
21	119	0.0	2	0 105 14


=== Second read: Adapter 2 ===

Sequence: AGCGTGGACTACNNGGGTATCTAAT; Type: non-internal 5'; Length: 25; Trimmed: 49519 times

Minimum overlap: 3
No. of allowed errors:
1-9 bp: 0; 10-19 bp: 1; 20-23 bp: 2

Overview of removed sequences
length	count	expect	max.err	error counts
3	10	786.7	0	10
4	1	196.7	0	1
15	1	0.0	1	1
20	1	0.0	2	0 1
21	6	0.0	2	2 4
22	4	0.0	2	2 2
23	70	0.0	2	3 7 60
24	778	0.0	2	24 706 48
25	48517	0.0	2	45817 2359 341
26	130	0.0	2	0 120 10
27	1	0.0	2	0 0 1
