This is cutadapt 4.4 with Python 3.7.12
Command line parameters: -g XACTCCTAYGGGRBGCASCAG -G XAGCGTGGACTACNNGGGTATCTAAT --discard-untrimmed -o trimmed/ERR2835921_1_trimmed.fastq.gz -p trimmed/ERR2835921_2_trimmed.fastq.gz ERR2835921_1.fastq.gz ERR2835921_2.fastq.gz -j 4
Processing paired-end reads on 4 cores ...
Finished in 0.669 s (14.092 µs/read; 4.26 M reads/minute).

=== Summary ===

Total read pairs processed:             47,477
  Read 1 with adapter:                      99 (0.2%)
  Read 2 with adapter:                      29 (0.1%)

== Read fate breakdown ==
Pairs discarded as untrimmed:           47,477 (100.0%)
Pairs written (passing filters):             0 (0.0%)

Total basepairs processed:    23,823,212 bp
  Read 1:    11,909,807 bp
  Read 2:    11,913,405 bp
Total written (filtered):              0 bp (0.0%)
  Read 1:             0 bp
  Read 2:             0 bp

=== First read: Adapter 1 ===

Sequence: ACTCCTAYGGGRBGCASCAG; Type: non-internal 5'; Length: 20; Trimmed: 99 times

Minimum overlap: 3
No. of allowed errors:
1-9 bp: 0; 10-19 bp: 1; 20 bp: 2

Overview of removed sequences
length	count	expect	max.err	error counts
3	3	741.8	0	3
4	72	185.5	0	72
5	11	46.4	0	11
19	1	0.0	1	1
20	9	0.0	2	9
22	3	0.0	2	0 0 3


=== Second read: Adapter 2 ===

Sequence: AGCGTGGACTACNNGGGTATCTAAT; Type: non-internal 5'; Length: 25; Trimmed: 29 times

Minimum overlap: 3
No. of allowed errors:
1-9 bp: 0; 10-19 bp: 1; 20-23 bp: 2

Overview of removed sequences
length	count	expect	max.err	error counts
3	1	741.8	0	1
24	1	0.0	2	0 0 1
25	27	0.0	2	16 4 7
