This is cutadapt 4.4 with Python 3.7.12
Command line parameters: -g XACTCCTAYGGGRBGCASCAG -G XAGCGTGGACTACNNGGGTATCTAAT --discard-untrimmed -o trimmed/ERR2836019_1_trimmed.fastq.gz -p trimmed/ERR2836019_2_trimmed.fastq.gz ERR2836019_1.fastq.gz ERR2836019_2.fastq.gz -j 4
Processing paired-end reads on 4 cores ...
Finished in 1.000 s (17.591 µs/read; 3.41 M reads/minute).

=== Summary ===

Total read pairs processed:             56,864
  Read 1 with adapter:                     150 (0.3%)
  Read 2 with adapter:                  55,604 (97.8%)

== Read fate breakdown ==
Pairs discarded as untrimmed:           56,717 (99.7%)
Pairs written (passing filters):           147 (0.3%)

Total basepairs processed:    28,512,673 bp
  Read 1:    14,241,672 bp
  Read 2:    14,271,001 bp
Total written (filtered):         69,221 bp (0.2%)
  Read 1:        36,004 bp
  Read 2:        33,217 bp

=== First read: Adapter 1 ===

Sequence: ACTCCTAYGGGRBGCASCAG; Type: non-internal 5'; Length: 20; Trimmed: 150 times

Minimum overlap: 3
No. of allowed errors:
1-9 bp: 0; 10-19 bp: 1; 20 bp: 2

Overview of removed sequences
length	count	expect	max.err	error counts
3	4	888.5	0	4
4	117	222.1	0	117
5	16	55.5	0	16
20	9	0.0	2	7 2
21	3	0.0	2	0 0 3
22	1	0.0	2	0 0 1


=== Second read: Adapter 2 ===

Sequence: AGCGTGGACTACNNGGGTATCTAAT; Type: non-internal 5'; Length: 25; Trimmed: 55604 times

Minimum overlap: 3
No. of allowed errors:
1-9 bp: 0; 10-19 bp: 1; 20-23 bp: 2

Overview of removed sequences
length	count	expect	max.err	error counts
3	31	888.5	0	31
4	1	222.1	0	1
20	5	0.0	2	4 1
21	3	0.0	2	1 2
22	5	0.0	2	2 2 1
23	92	0.0	2	2 5 85
24	801	0.0	2	21 740 40
25	54502	0.0	2	51406 2614 482
26	163	0.0	2	0 155 8
27	1	0.0	2	0 0 1
