This is cutadapt 4.4 with Python 3.7.12
Command line parameters: -g XACTCCTAYGGGRBGCASCAG -G XAGCGTGGACTACNNGGGTATCTAAT --discard-untrimmed -o trimmed/ERR2836029_1_trimmed.fastq.gz -p trimmed/ERR2836029_2_trimmed.fastq.gz ERR2836029_1.fastq.gz ERR2836029_2.fastq.gz -j 4
Processing paired-end reads on 4 cores ...
Finished in 0.613 s (12.839 µs/read; 4.67 M reads/minute).

=== Summary ===

Total read pairs processed:             47,775
  Read 1 with adapter:                       3 (0.0%)
  Read 2 with adapter:                      23 (0.0%)

== Read fate breakdown ==
Pairs discarded as untrimmed:           47,775 (100.0%)
Pairs written (passing filters):             0 (0.0%)

Total basepairs processed:    23,977,803 bp
  Read 1:    11,990,121 bp
  Read 2:    11,987,682 bp
Total written (filtered):              0 bp (0.0%)
  Read 1:             0 bp
  Read 2:             0 bp

=== First read: Adapter 1 ===

Sequence: ACTCCTAYGGGRBGCASCAG; Type: non-internal 5'; Length: 20; Trimmed: 3 times

Minimum overlap: 3
No. of allowed errors:
1-9 bp: 0; 10-19 bp: 1; 20 bp: 2

Overview of removed sequences
length	count	expect	max.err	error counts
4	1	186.6	0	1
20	2	0.0	2	2


=== Second read: Adapter 2 ===

Sequence: AGCGTGGACTACNNGGGTATCTAAT; Type: non-internal 5'; Length: 25; Trimmed: 23 times

Minimum overlap: 3
No. of allowed errors:
1-9 bp: 0; 10-19 bp: 1; 20-23 bp: 2

Overview of removed sequences
length	count	expect	max.err	error counts
3	1	746.5	0	1
4	4	186.6	0	4
5	3	46.7	0	3
25	13	0.0	2	5 5 3
26	2	0.0	2	0 0 2
