This is cutadapt 4.4 with Python 3.7.12
Command line parameters: -g XACTCCTAYGGGRBGCASCAG -G XAGCGTGGACTACNNGGGTATCTAAT --discard-untrimmed -o trimmed/ERR2836076_1_trimmed.fastq.gz -p trimmed/ERR2836076_2_trimmed.fastq.gz ERR2836076_1.fastq.gz ERR2836076_2.fastq.gz -j 4
Processing paired-end reads on 4 cores ...
Finished in 0.909 s (18.031 µs/read; 3.33 M reads/minute).

=== Summary ===

Total read pairs processed:             50,423
  Read 1 with adapter:                  50,356 (99.9%)
  Read 2 with adapter:                      59 (0.1%)

== Read fate breakdown ==
Pairs discarded as untrimmed:           50,365 (99.9%)
Pairs written (passing filters):            58 (0.1%)

Total basepairs processed:    25,244,230 bp
  Read 1:    12,637,768 bp
  Read 2:    12,606,462 bp
Total written (filtered):         27,237 bp (0.1%)
  Read 1:        13,372 bp
  Read 2:        13,865 bp

=== First read: Adapter 1 ===

Sequence: ACTCCTAYGGGRBGCASCAG; Type: non-internal 5'; Length: 20; Trimmed: 50356 times

Minimum overlap: 3
No. of allowed errors:
1-9 bp: 0; 10-19 bp: 1; 20 bp: 2

Overview of removed sequences
length	count	expect	max.err	error counts
4	1	197.0	0	1
15	1	0.0	1	0 1
16	4	0.0	1	4
17	3	0.0	1	2 1
18	70	0.0	1	5 12 53
19	672	0.0	1	34 623 15
20	49490	0.0	2	48018 1418 54
21	113	0.0	2	0 103 10
22	2	0.0	2	0 0 2


=== Second read: Adapter 2 ===

Sequence: AGCGTGGACTACNNGGGTATCTAAT; Type: non-internal 5'; Length: 25; Trimmed: 59 times

Minimum overlap: 3
No. of allowed errors:
1-9 bp: 0; 10-19 bp: 1; 20-23 bp: 2

Overview of removed sequences
length	count	expect	max.err	error counts
3	34	787.9	0	34
4	1	197.0	0	1
5	1	49.2	0	1
20	1	0.0	2	0 1
25	19	0.0	2	8 9 2
26	2	0.0	2	0 0 2
27	1	0.0	2	0 0 1
