This is cutadapt 4.4 with Python 3.7.12
Command line parameters: -g XACTCCTAYGGGRBGCASCAG -G XAGCGTGGACTACNNGGGTATCTAAT --discard-untrimmed -o trimmed/ERR2835966_1_trimmed.fastq.gz -p trimmed/ERR2835966_2_trimmed.fastq.gz ERR2835966_1.fastq.gz ERR2835966_2.fastq.gz -j 4
Processing paired-end reads on 4 cores ...
Finished in 0.539 s (11.790 µs/read; 5.09 M reads/minute).

=== Summary ===

Total read pairs processed:             45,673
  Read 1 with adapter:                       8 (0.0%)
  Read 2 with adapter:                     177 (0.4%)

== Read fate breakdown ==
Pairs discarded as untrimmed:           45,672 (100.0%)
Pairs written (passing filters):             1 (0.0%)

Total basepairs processed:    22,867,206 bp
  Read 1:    11,462,656 bp
  Read 2:    11,404,550 bp
Total written (filtered):            477 bp (0.0%)
  Read 1:           231 bp
  Read 2:           246 bp

=== First read: Adapter 1 ===

Sequence: ACTCCTAYGGGRBGCASCAG; Type: non-internal 5'; Length: 20; Trimmed: 8 times

Minimum overlap: 3
No. of allowed errors:
1-9 bp: 0; 10-19 bp: 1; 20 bp: 2

Overview of removed sequences
length	count	expect	max.err	error counts
20	8	0.0	2	5 3


=== Second read: Adapter 2 ===

Sequence: AGCGTGGACTACNNGGGTATCTAAT; Type: non-internal 5'; Length: 25; Trimmed: 177 times

Minimum overlap: 3
No. of allowed errors:
1-9 bp: 0; 10-19 bp: 1; 20-23 bp: 2

Overview of removed sequences
length	count	expect	max.err	error counts
4	164	178.4	0	164
5	1	44.6	0	1
25	11	0.0	2	8 1 2
27	1	0.0	2	0 0 1
