This is cutadapt 4.4 with Python 3.7.12
Command line parameters: -g XACTCCTAYGGGRBGCASCAG -G XAGCGTGGACTACNNGGGTATCTAAT --discard-untrimmed -o trimmed/ERR2836006_1_trimmed.fastq.gz -p trimmed/ERR2836006_2_trimmed.fastq.gz ERR2836006_1.fastq.gz ERR2836006_2.fastq.gz -j 4
Processing paired-end reads on 4 cores ...
Finished in 0.775 s (10.343 µs/read; 5.80 M reads/minute).

=== Summary ===

Total read pairs processed:             74,911
  Read 1 with adapter:                       7 (0.0%)
  Read 2 with adapter:                     454 (0.6%)

== Read fate breakdown ==
Pairs discarded as untrimmed:           74,911 (100.0%)
Pairs written (passing filters):             0 (0.0%)

Total basepairs processed:    37,514,668 bp
  Read 1:    18,796,908 bp
  Read 2:    18,717,760 bp
Total written (filtered):              0 bp (0.0%)
  Read 1:             0 bp
  Read 2:             0 bp

=== First read: Adapter 1 ===

Sequence: ACTCCTAYGGGRBGCASCAG; Type: non-internal 5'; Length: 20; Trimmed: 7 times

Minimum overlap: 3
No. of allowed errors:
1-9 bp: 0; 10-19 bp: 1; 20 bp: 2

Overview of removed sequences
length	count	expect	max.err	error counts
3	1	1170.5	0	1
4	3	292.6	0	3
20	3	0.0	2	2 1


=== Second read: Adapter 2 ===

Sequence: AGCGTGGACTACNNGGGTATCTAAT; Type: non-internal 5'; Length: 25; Trimmed: 454 times

Minimum overlap: 3
No. of allowed errors:
1-9 bp: 0; 10-19 bp: 1; 20-23 bp: 2

Overview of removed sequences
length	count	expect	max.err	error counts
3	1	1170.5	0	1
4	164	292.6	0	164
15	1	0.0	1	1
23	1	0.0	2	0 0 1
24	11	0.0	2	0 10 1
25	275	0.0	2	257 9 9
26	1	0.0	2	0 1
