This is cutadapt 4.4 with Python 3.7.12
Command line parameters: -g XACTCCTAYGGGRBGCASCAG -G XAGCGTGGACTACNNGGGTATCTAAT --discard-untrimmed -o trimmed/ERR2836106_1_trimmed.fastq.gz -p trimmed/ERR2836106_2_trimmed.fastq.gz ERR2836106_1.fastq.gz ERR2836106_2.fastq.gz -j 4
Processing paired-end reads on 4 cores ...
Finished in 0.835 s (16.905 µs/read; 3.55 M reads/minute).

=== Summary ===

Total read pairs processed:             49,381
  Read 1 with adapter:                  49,288 (99.8%)
  Read 2 with adapter:                     191 (0.4%)

== Read fate breakdown ==
Pairs discarded as untrimmed:           49,191 (99.6%)
Pairs written (passing filters):           190 (0.4%)

Total basepairs processed:    24,700,918 bp
  Read 1:    12,375,309 bp
  Read 2:    12,325,609 bp
Total written (filtered):         90,254 bp (0.4%)
  Read 1:        43,818 bp
  Read 2:        46,436 bp

=== First read: Adapter 1 ===

Sequence: ACTCCTAYGGGRBGCASCAG; Type: non-internal 5'; Length: 20; Trimmed: 49288 times

Minimum overlap: 3
No. of allowed errors:
1-9 bp: 0; 10-19 bp: 1; 20 bp: 2

Overview of removed sequences
length	count	expect	max.err	error counts
16	2	0.0	1	2
17	4	0.0	1	4
18	67	0.0	1	4 13 50
19	762	0.0	1	49 679 34
20	48314	0.0	2	46672 1582 60
21	139	0.0	2	0 130 9


=== Second read: Adapter 2 ===

Sequence: AGCGTGGACTACNNGGGTATCTAAT; Type: non-internal 5'; Length: 25; Trimmed: 191 times

Minimum overlap: 3
No. of allowed errors:
1-9 bp: 0; 10-19 bp: 1; 20-23 bp: 2

Overview of removed sequences
length	count	expect	max.err	error counts
3	88	771.6	0	88
4	81	192.9	0	81
5	2	48.2	0	2
25	19	0.0	2	9 5 5
27	1	0.0	2	0 0 1
