This is cutadapt 4.4 with Python 3.7.12
Command line parameters: -g XACTCCTAYGGGRBGCASCAG -G XAGCGTGGACTACNNGGGTATCTAAT --discard-untrimmed -o trimmed/ERR2836136_1_trimmed.fastq.gz -p trimmed/ERR2836136_2_trimmed.fastq.gz ERR2836136_1.fastq.gz ERR2836136_2.fastq.gz -j 4
Processing paired-end reads on 4 cores ...
Finished in 0.897 s (18.174 µs/read; 3.30 M reads/minute).

=== Summary ===

Total read pairs processed:             49,331
  Read 1 with adapter:                  49,240 (99.8%)
  Read 2 with adapter:                     192 (0.4%)

== Read fate breakdown ==
Pairs discarded as untrimmed:           49,139 (99.6%)
Pairs written (passing filters):           192 (0.4%)

Total basepairs processed:    24,704,357 bp
  Read 1:    12,370,628 bp
  Read 2:    12,333,729 bp
Total written (filtered):         91,339 bp (0.4%)
  Read 1:        44,284 bp
  Read 2:        47,055 bp

=== First read: Adapter 1 ===

Sequence: ACTCCTAYGGGRBGCASCAG; Type: non-internal 5'; Length: 20; Trimmed: 49240 times

Minimum overlap: 3
No. of allowed errors:
1-9 bp: 0; 10-19 bp: 1; 20 bp: 2

Overview of removed sequences
length	count	expect	max.err	error counts
16	4	0.0	1	4
18	60	0.0	1	8 10 42
19	706	0.0	1	47 629 30
20	48340	0.0	2	46593 1675 72
21	129	0.0	2	0 112 17
22	1	0.0	2	0 0 1


=== Second read: Adapter 2 ===

Sequence: AGCGTGGACTACNNGGGTATCTAAT; Type: non-internal 5'; Length: 25; Trimmed: 192 times

Minimum overlap: 3
No. of allowed errors:
1-9 bp: 0; 10-19 bp: 1; 20-23 bp: 2

Overview of removed sequences
length	count	expect	max.err	error counts
3	170	770.8	0	170
4	4	192.7	0	4
23	2	0.0	2	1 1
25	10	0.0	2	9 0 1
26	4	0.0	2	0 3 1
27	2	0.0	2	0 0 2
