This is cutadapt 4.4 with Python 3.7.12
Command line parameters: -g XACTCCTAYGGGRBGCASCAG -G XAGCGTGGACTACNNGGGTATCTAAT --discard-untrimmed -o trimmed/ERR2836105_1_trimmed.fastq.gz -p trimmed/ERR2836105_2_trimmed.fastq.gz ERR2836105_1.fastq.gz ERR2836105_2.fastq.gz -j 4
Processing paired-end reads on 4 cores ...
Finished in 0.790 s (18.281 µs/read; 3.28 M reads/minute).

=== Summary ===

Total read pairs processed:             43,191
  Read 1 with adapter:                  43,115 (99.8%)
  Read 2 with adapter:                      13 (0.0%)

== Read fate breakdown ==
Pairs discarded as untrimmed:           43,178 (100.0%)
Pairs written (passing filters):            13 (0.0%)

Total basepairs processed:    21,662,871 bp
  Read 1:    10,825,058 bp
  Read 2:    10,837,813 bp
Total written (filtered):          6,080 bp (0.0%)
  Read 1:         2,999 bp
  Read 2:         3,081 bp

=== First read: Adapter 1 ===

Sequence: ACTCCTAYGGGRBGCASCAG; Type: non-internal 5'; Length: 20; Trimmed: 43115 times

Minimum overlap: 3
No. of allowed errors:
1-9 bp: 0; 10-19 bp: 1; 20 bp: 2

Overview of removed sequences
length	count	expect	max.err	error counts
4	1	168.7	0	1
16	1	0.0	1	1
17	6	0.0	1	3 3
18	64	0.0	1	3 3 58
19	545	0.0	1	39 497 9
20	42404	0.0	2	40999 1352 53
21	92	0.0	2	0 84 8
22	2	0.0	2	0 0 2


=== Second read: Adapter 2 ===

Sequence: AGCGTGGACTACNNGGGTATCTAAT; Type: non-internal 5'; Length: 25; Trimmed: 13 times

Minimum overlap: 3
No. of allowed errors:
1-9 bp: 0; 10-19 bp: 1; 20-23 bp: 2

Overview of removed sequences
length	count	expect	max.err	error counts
3	3	674.9	0	3
4	3	168.7	0	3
6	1	10.5	0	1
24	1	0.0	2	0 1
25	5	0.0	2	2 1 2
