This is cutadapt 4.4 with Python 3.7.12
Command line parameters: -g XACTCCTAYGGGRBGCASCAG -G XAGCGTGGACTACNNGGGTATCTAAT --discard-untrimmed -o trimmed/ERR2835954_1_trimmed.fastq.gz -p trimmed/ERR2835954_2_trimmed.fastq.gz ERR2835954_1.fastq.gz ERR2835954_2.fastq.gz -j 4
Processing paired-end reads on 4 cores ...
Finished in 0.669 s (12.581 µs/read; 4.77 M reads/minute).

=== Summary ===

Total read pairs processed:             53,141
  Read 1 with adapter:                     574 (1.1%)
  Read 2 with adapter:                     196 (0.4%)

== Read fate breakdown ==
Pairs discarded as untrimmed:           53,141 (100.0%)
Pairs written (passing filters):             0 (0.0%)

Total basepairs processed:    26,581,038 bp
  Read 1:    13,312,555 bp
  Read 2:    13,268,483 bp
Total written (filtered):              0 bp (0.0%)
  Read 1:             0 bp
  Read 2:             0 bp

=== First read: Adapter 1 ===

Sequence: ACTCCTAYGGGRBGCASCAG; Type: non-internal 5'; Length: 20; Trimmed: 574 times

Minimum overlap: 3
No. of allowed errors:
1-9 bp: 0; 10-19 bp: 1; 20 bp: 2

Overview of removed sequences
length	count	expect	max.err	error counts
3	1	830.3	0	1
4	98	207.6	0	98
5	21	51.9	0	21
19	6	0.0	1	1 5
20	444	0.0	2	425 19
21	3	0.0	2	0 3
22	1	0.0	2	0 0 1


=== Second read: Adapter 2 ===

Sequence: AGCGTGGACTACNNGGGTATCTAAT; Type: non-internal 5'; Length: 25; Trimmed: 196 times

Minimum overlap: 3
No. of allowed errors:
1-9 bp: 0; 10-19 bp: 1; 20-23 bp: 2

Overview of removed sequences
length	count	expect	max.err	error counts
4	54	207.6	0	54
23	1	0.0	2	0 0 1
24	1	0.0	2	0 1
25	137	0.0	2	124 10 3
26	3	0.0	2	0 2 1
