This is cutadapt 4.4 with Python 3.7.12
Command line parameters: -g XACTCCTAYGGGRBGCASCAG -G XAGCGTGGACTACNNGGGTATCTAAT --discard-untrimmed -o trimmed/ERR2835920_1_trimmed.fastq.gz -p trimmed/ERR2835920_2_trimmed.fastq.gz ERR2835920_1.fastq.gz ERR2835920_2.fastq.gz -j 4
Processing paired-end reads on 4 cores ...
Finished in 0.561 s (14.937 µs/read; 4.02 M reads/minute).

=== Summary ===

Total read pairs processed:             37,589
  Read 1 with adapter:                      86 (0.2%)
  Read 2 with adapter:                     208 (0.6%)

== Read fate breakdown ==
Pairs discarded as untrimmed:           37,589 (100.0%)
Pairs written (passing filters):             0 (0.0%)

Total basepairs processed:    18,830,380 bp
  Read 1:     9,432,301 bp
  Read 2:     9,398,079 bp
Total written (filtered):              0 bp (0.0%)
  Read 1:             0 bp
  Read 2:             0 bp

=== First read: Adapter 1 ===

Sequence: ACTCCTAYGGGRBGCASCAG; Type: non-internal 5'; Length: 20; Trimmed: 86 times

Minimum overlap: 3
No. of allowed errors:
1-9 bp: 0; 10-19 bp: 1; 20 bp: 2

Overview of removed sequences
length	count	expect	max.err	error counts
3	3	587.3	0	3
4	73	146.8	0	73
5	5	36.7	0	5
20	3	0.0	2	2 1
21	1	0.0	2	0 0 1
22	1	0.0	2	0 0 1


=== Second read: Adapter 2 ===

Sequence: AGCGTGGACTACNNGGGTATCTAAT; Type: non-internal 5'; Length: 25; Trimmed: 208 times

Minimum overlap: 3
No. of allowed errors:
1-9 bp: 0; 10-19 bp: 1; 20-23 bp: 2

Overview of removed sequences
length	count	expect	max.err	error counts
3	184	587.3	0	184
4	7	146.8	0	7
25	16	0.0	2	9 3 4
27	1	0.0	2	0 0 1
