This is cutadapt 4.4 with Python 3.7.12
Command line parameters: -g XACTCCTAYGGGRBGCASCAG -G XAGCGTGGACTACNNGGGTATCTAAT --discard-untrimmed -o trimmed/ERR2835985_1_trimmed.fastq.gz -p trimmed/ERR2835985_2_trimmed.fastq.gz ERR2835985_1.fastq.gz ERR2835985_2.fastq.gz -j 4
Processing paired-end reads on 4 cores ...
Finished in 0.667 s (13.794 µs/read; 4.35 M reads/minute).

=== Summary ===

Total read pairs processed:             48,374
  Read 1 with adapter:                     126 (0.3%)
  Read 2 with adapter:                      42 (0.1%)

== Read fate breakdown ==
Pairs discarded as untrimmed:           48,373 (100.0%)
Pairs written (passing filters):             1 (0.0%)

Total basepairs processed:    24,271,130 bp
  Read 1:    12,132,679 bp
  Read 2:    12,138,451 bp
Total written (filtered):            475 bp (0.0%)
  Read 1:           247 bp
  Read 2:           228 bp

=== First read: Adapter 1 ===

Sequence: ACTCCTAYGGGRBGCASCAG; Type: non-internal 5'; Length: 20; Trimmed: 126 times

Minimum overlap: 3
No. of allowed errors:
1-9 bp: 0; 10-19 bp: 1; 20 bp: 2

Overview of removed sequences
length	count	expect	max.err	error counts
3	4	755.8	0	4
4	90	189.0	0	90
5	19	47.2	0	19
8	1	0.7	0	1
20	12	0.0	2	12


=== Second read: Adapter 2 ===

Sequence: AGCGTGGACTACNNGGGTATCTAAT; Type: non-internal 5'; Length: 25; Trimmed: 42 times

Minimum overlap: 3
No. of allowed errors:
1-9 bp: 0; 10-19 bp: 1; 20-23 bp: 2

Overview of removed sequences
length	count	expect	max.err	error counts
3	2	755.8	0	2
5	3	47.2	0	3
22	1	0.0	2	0 1
24	1	0.0	2	0 1
25	32	0.0	2	16 5 11
26	1	0.0	2	0 0 1
27	2	0.0	2	0 0 2
