This is cutadapt 4.4 with Python 3.7.12
Command line parameters: -g XACTCCTAYGGGRBGCASCAG -G XAGCGTGGACTACNNGGGTATCTAAT --discard-untrimmed -o trimmed/ERR2835976_1_trimmed.fastq.gz -p trimmed/ERR2835976_2_trimmed.fastq.gz ERR2835976_1.fastq.gz ERR2835976_2.fastq.gz -j 4
Processing paired-end reads on 4 cores ...
Finished in 0.971 s (18.057 µs/read; 3.32 M reads/minute).

=== Summary ===

Total read pairs processed:             53,758
  Read 1 with adapter:                  53,656 (99.8%)
  Read 2 with adapter:                     199 (0.4%)

== Read fate breakdown ==
Pairs discarded as untrimmed:           53,559 (99.6%)
Pairs written (passing filters):           199 (0.4%)

Total basepairs processed:    26,910,850 bp
  Read 1:    13,470,297 bp
  Read 2:    13,440,553 bp
Total written (filtered):         94,371 bp (0.4%)
  Read 1:        45,876 bp
  Read 2:        48,495 bp

=== First read: Adapter 1 ===

Sequence: ACTCCTAYGGGRBGCASCAG; Type: non-internal 5'; Length: 20; Trimmed: 53656 times

Minimum overlap: 3
No. of allowed errors:
1-9 bp: 0; 10-19 bp: 1; 20 bp: 2

Overview of removed sequences
length	count	expect	max.err	error counts
15	1	0.0	1	0 1
16	2	0.0	1	2
17	4	0.0	1	1 3
18	61	0.0	1	7 5 49
19	661	0.0	1	29 620 12
20	52815	0.0	2	51099 1638 78
21	111	0.0	2	0 95 16
22	1	0.0	2	0 0 1


=== Second read: Adapter 2 ===

Sequence: AGCGTGGACTACNNGGGTATCTAAT; Type: non-internal 5'; Length: 25; Trimmed: 199 times

Minimum overlap: 3
No. of allowed errors:
1-9 bp: 0; 10-19 bp: 1; 20-23 bp: 2

Overview of removed sequences
length	count	expect	max.err	error counts
3	165	840.0	0	165
4	3	210.0	0	3
22	1	0.0	2	0 0 1
25	21	0.0	2	12 4 5
26	5	0.0	2	0 2 3
27	4	0.0	2	0 0 4
