This is cutadapt 4.4 with Python 3.7.12
Command line parameters: -g XACTCCTAYGGGRBGCASCAG -G XAGCGTGGACTACNNGGGTATCTAAT --discard-untrimmed -o trimmed/ERR2836143_1_trimmed.fastq.gz -p trimmed/ERR2836143_2_trimmed.fastq.gz ERR2836143_1.fastq.gz ERR2836143_2.fastq.gz -j 4
Processing paired-end reads on 4 cores ...
Finished in 0.938 s (18.160 µs/read; 3.30 M reads/minute).

=== Summary ===

Total read pairs processed:             51,632
  Read 1 with adapter:                     117 (0.2%)
  Read 2 with adapter:                  50,112 (97.1%)

== Read fate breakdown ==
Pairs discarded as untrimmed:           51,521 (99.8%)
Pairs written (passing filters):           111 (0.2%)

Total basepairs processed:    25,894,281 bp
  Read 1:    12,936,661 bp
  Read 2:    12,957,620 bp
Total written (filtered):         52,303 bp (0.2%)
  Read 1:        27,228 bp
  Read 2:        25,075 bp

=== First read: Adapter 1 ===

Sequence: ACTCCTAYGGGRBGCASCAG; Type: non-internal 5'; Length: 20; Trimmed: 117 times

Minimum overlap: 3
No. of allowed errors:
1-9 bp: 0; 10-19 bp: 1; 20 bp: 2

Overview of removed sequences
length	count	expect	max.err	error counts
3	5	806.8	0	5
4	87	201.7	0	87
5	13	50.4	0	13
20	12	0.0	2	10 2


=== Second read: Adapter 2 ===

Sequence: AGCGTGGACTACNNGGGTATCTAAT; Type: non-internal 5'; Length: 25; Trimmed: 50112 times

Minimum overlap: 3
No. of allowed errors:
1-9 bp: 0; 10-19 bp: 1; 20-23 bp: 2

Overview of removed sequences
length	count	expect	max.err	error counts
3	25	806.8	0	25
4	4	201.7	0	4
19	4	0.0	1	0 4
20	2	0.0	2	1 1
21	3	0.0	2	0 3
22	1	0.0	2	0 1
23	66	0.0	2	3 0 63
24	665	0.0	2	26 606 33
25	49194	0.0	2	46312 2418 464
26	146	0.0	2	0 139 7
27	2	0.0	2	0 0 2
