This is cutadapt 4.4 with Python 3.7.12
Command line parameters: -g XACTCCTAYGGGRBGCASCAG -G XAGCGTGGACTACNNGGGTATCTAAT --discard-untrimmed -o trimmed/ERR2836047_1_trimmed.fastq.gz -p trimmed/ERR2836047_2_trimmed.fastq.gz ERR2836047_1.fastq.gz ERR2836047_2.fastq.gz -j 4
Processing paired-end reads on 4 cores ...
Finished in 0.970 s (16.973 µs/read; 3.53 M reads/minute).

=== Summary ===

Total read pairs processed:             57,129
  Read 1 with adapter:                     176 (0.3%)
  Read 2 with adapter:                  55,213 (96.6%)

== Read fate breakdown ==
Pairs discarded as untrimmed:           56,958 (99.7%)
Pairs written (passing filters):           171 (0.3%)

Total basepairs processed:    28,675,959 bp
  Read 1:    14,337,689 bp
  Read 2:    14,338,270 bp
Total written (filtered):         80,743 bp (0.3%)
  Read 1:        42,095 bp
  Read 2:        38,648 bp

=== First read: Adapter 1 ===

Sequence: ACTCCTAYGGGRBGCASCAG; Type: non-internal 5'; Length: 20; Trimmed: 176 times

Minimum overlap: 3
No. of allowed errors:
1-9 bp: 0; 10-19 bp: 1; 20 bp: 2

Overview of removed sequences
length	count	expect	max.err	error counts
3	9	892.6	0	9
4	135	223.2	0	135
5	24	55.8	0	24
8	1	0.9	0	1
20	4	0.0	2	4
21	2	0.0	2	0 2
22	1	0.0	2	0 0 1


=== Second read: Adapter 2 ===

Sequence: AGCGTGGACTACNNGGGTATCTAAT; Type: non-internal 5'; Length: 25; Trimmed: 55213 times

Minimum overlap: 3
No. of allowed errors:
1-9 bp: 0; 10-19 bp: 1; 20-23 bp: 2

Overview of removed sequences
length	count	expect	max.err	error counts
3	38	892.6	0	38
4	2	223.2	0	2
5	2	55.8	0	2
15	1	0.0	1	0 1
16	1	0.0	1	0 1
20	1	0.0	2	0 1
21	1	0.0	2	1
22	2	0.0	2	2
23	117	0.0	2	5 1 111
24	936	0.0	2	28 855 53
25	53958	0.0	2	50585 2884 489
26	152	0.0	2	0 140 12
27	2	0.0	2	0 0 2
