This is cutadapt 4.4 with Python 3.7.12
Command line parameters: -g XACTCCTAYGGGRBGCASCAG -G XAGCGTGGACTACNNGGGTATCTAAT --discard-untrimmed -o trimmed/ERR2836057_1_trimmed.fastq.gz -p trimmed/ERR2836057_2_trimmed.fastq.gz ERR2836057_1.fastq.gz ERR2836057_2.fastq.gz -j 4
Processing paired-end reads on 4 cores ...
Finished in 0.456 s (14.916 µs/read; 4.02 M reads/minute).

=== Summary ===

Total read pairs processed:             30,586
  Read 1 with adapter:                       6 (0.0%)
  Read 2 with adapter:                      18 (0.1%)

== Read fate breakdown ==
Pairs discarded as untrimmed:           30,586 (100.0%)
Pairs written (passing filters):             0 (0.0%)

Total basepairs processed:    15,349,923 bp
  Read 1:     7,676,572 bp
  Read 2:     7,673,351 bp
Total written (filtered):              0 bp (0.0%)
  Read 1:             0 bp
  Read 2:             0 bp

=== First read: Adapter 1 ===

Sequence: ACTCCTAYGGGRBGCASCAG; Type: non-internal 5'; Length: 20; Trimmed: 6 times

Minimum overlap: 3
No. of allowed errors:
1-9 bp: 0; 10-19 bp: 1; 20 bp: 2

Overview of removed sequences
length	count	expect	max.err	error counts
4	3	119.5	0	3
20	3	0.0	2	2 1


=== Second read: Adapter 2 ===

Sequence: AGCGTGGACTACNNGGGTATCTAAT; Type: non-internal 5'; Length: 25; Trimmed: 18 times

Minimum overlap: 3
No. of allowed errors:
1-9 bp: 0; 10-19 bp: 1; 20-23 bp: 2

Overview of removed sequences
length	count	expect	max.err	error counts
3	2	477.9	0	2
23	2	0.0	2	2
24	1	0.0	2	0 1
25	12	0.0	2	7 1 4
26	1	0.0	2	0 1
