This is cutadapt 4.4 with Python 3.7.12
Command line parameters: -g XACTCCTAYGGGRBGCASCAG -G XAGCGTGGACTACNNGGGTATCTAAT --discard-untrimmed -o trimmed/ERR2836142_1_trimmed.fastq.gz -p trimmed/ERR2836142_2_trimmed.fastq.gz ERR2836142_1.fastq.gz ERR2836142_2.fastq.gz -j 4
Processing paired-end reads on 4 cores ...
Finished in 0.792 s (16.686 µs/read; 3.60 M reads/minute).

=== Summary ===

Total read pairs processed:             47,449
  Read 1 with adapter:                  47,357 (99.8%)
  Read 2 with adapter:                     105 (0.2%)

== Read fate breakdown ==
Pairs discarded as untrimmed:           47,344 (99.8%)
Pairs written (passing filters):           105 (0.2%)

Total basepairs processed:    23,736,462 bp
  Read 1:    11,891,047 bp
  Read 2:    11,845,415 bp
Total written (filtered):         49,933 bp (0.2%)
  Read 1:        24,214 bp
  Read 2:        25,719 bp

=== First read: Adapter 1 ===

Sequence: ACTCCTAYGGGRBGCASCAG; Type: non-internal 5'; Length: 20; Trimmed: 47357 times

Minimum overlap: 3
No. of allowed errors:
1-9 bp: 0; 10-19 bp: 1; 20 bp: 2

Overview of removed sequences
length	count	expect	max.err	error counts
16	4	0.0	1	3 1
17	1	0.0	1	0 1
18	65	0.0	1	6 9 50
19	675	0.0	1	29 621 25
20	46479	0.0	2	44676 1737 66
21	132	0.0	2	0 126 6
22	1	0.0	2	0 0 1


=== Second read: Adapter 2 ===

Sequence: AGCGTGGACTACNNGGGTATCTAAT; Type: non-internal 5'; Length: 25; Trimmed: 105 times

Minimum overlap: 3
No. of allowed errors:
1-9 bp: 0; 10-19 bp: 1; 20-23 bp: 2

Overview of removed sequences
length	count	expect	max.err	error counts
3	24	741.4	0	24
4	75	185.3	0	75
25	6	0.0	2	5 1
