This is cutadapt 4.4 with Python 3.7.12
Command line parameters: -g XACTCCTAYGGGRBGCASCAG -G XAGCGTGGACTACNNGGGTATCTAAT --discard-untrimmed -o trimmed/ERR2836038_1_trimmed.fastq.gz -p trimmed/ERR2836038_2_trimmed.fastq.gz ERR2836038_1.fastq.gz ERR2836038_2.fastq.gz -j 4
Processing paired-end reads on 4 cores ...
Finished in 0.487 s (12.752 µs/read; 4.71 M reads/minute).

=== Summary ===

Total read pairs processed:             38,202
  Read 1 with adapter:                       4 (0.0%)
  Read 2 with adapter:                      40 (0.1%)

== Read fate breakdown ==
Pairs discarded as untrimmed:           38,202 (100.0%)
Pairs written (passing filters):             0 (0.0%)

Total basepairs processed:    19,129,172 bp
  Read 1:     9,585,697 bp
  Read 2:     9,543,475 bp
Total written (filtered):              0 bp (0.0%)
  Read 1:             0 bp
  Read 2:             0 bp

=== First read: Adapter 1 ===

Sequence: ACTCCTAYGGGRBGCASCAG; Type: non-internal 5'; Length: 20; Trimmed: 4 times

Minimum overlap: 3
No. of allowed errors:
1-9 bp: 0; 10-19 bp: 1; 20 bp: 2

Overview of removed sequences
length	count	expect	max.err	error counts
20	4	0.0	2	4


=== Second read: Adapter 2 ===

Sequence: AGCGTGGACTACNNGGGTATCTAAT; Type: non-internal 5'; Length: 25; Trimmed: 40 times

Minimum overlap: 3
No. of allowed errors:
1-9 bp: 0; 10-19 bp: 1; 20-23 bp: 2

Overview of removed sequences
length	count	expect	max.err	error counts
4	26	149.2	0	26
25	14	0.0	2	7 3 4
