This is cutadapt 4.4 with Python 3.7.12
Command line parameters: -g XACTCCTAYGGGRBGCASCAG -G XAGCGTGGACTACNNGGGTATCTAAT --discard-untrimmed -o trimmed/ERR2836089_1_trimmed.fastq.gz -p trimmed/ERR2836089_2_trimmed.fastq.gz ERR2836089_1.fastq.gz ERR2836089_2.fastq.gz -j 4
Processing paired-end reads on 4 cores ...
Finished in 0.556 s (13.340 µs/read; 4.50 M reads/minute).

=== Summary ===

Total read pairs processed:             41,643
  Read 1 with adapter:                       3 (0.0%)
  Read 2 with adapter:                      20 (0.0%)

== Read fate breakdown ==
Pairs discarded as untrimmed:           41,643 (100.0%)
Pairs written (passing filters):             0 (0.0%)

Total basepairs processed:    20,899,832 bp
  Read 1:    10,451,040 bp
  Read 2:    10,448,792 bp
Total written (filtered):              0 bp (0.0%)
  Read 1:             0 bp
  Read 2:             0 bp

=== First read: Adapter 1 ===

Sequence: ACTCCTAYGGGRBGCASCAG; Type: non-internal 5'; Length: 20; Trimmed: 3 times

Minimum overlap: 3
No. of allowed errors:
1-9 bp: 0; 10-19 bp: 1; 20 bp: 2

Overview of removed sequences
length	count	expect	max.err	error counts
20	3	0.0	2	3


=== Second read: Adapter 2 ===

Sequence: AGCGTGGACTACNNGGGTATCTAAT; Type: non-internal 5'; Length: 25; Trimmed: 20 times

Minimum overlap: 3
No. of allowed errors:
1-9 bp: 0; 10-19 bp: 1; 20-23 bp: 2

Overview of removed sequences
length	count	expect	max.err	error counts
3	4	650.7	0	4
5	1	40.7	0	1
24	1	0.0	2	0 1
25	13	0.0	2	11 2
27	1	0.0	2	0 0 1
