This is cutadapt 4.4 with Python 3.7.12
Command line parameters: -g XACTCCTAYGGGRBGCASCAG -G XAGCGTGGACTACNNGGGTATCTAAT --discard-untrimmed -o trimmed/ERR2835986_1_trimmed.fastq.gz -p trimmed/ERR2835986_2_trimmed.fastq.gz ERR2835986_1.fastq.gz ERR2835986_2.fastq.gz -j 4
Processing paired-end reads on 4 cores ...
Finished in 0.692 s (12.562 µs/read; 4.78 M reads/minute).

=== Summary ===

Total read pairs processed:             55,092
  Read 1 with adapter:                     927 (1.7%)
  Read 2 with adapter:                     170 (0.3%)

== Read fate breakdown ==
Pairs discarded as untrimmed:           55,092 (100.0%)
Pairs written (passing filters):             0 (0.0%)

Total basepairs processed:    27,569,458 bp
  Read 1:    13,805,501 bp
  Read 2:    13,763,957 bp
Total written (filtered):              0 bp (0.0%)
  Read 1:             0 bp
  Read 2:             0 bp

=== First read: Adapter 1 ===

Sequence: ACTCCTAYGGGRBGCASCAG; Type: non-internal 5'; Length: 20; Trimmed: 927 times

Minimum overlap: 3
No. of allowed errors:
1-9 bp: 0; 10-19 bp: 1; 20 bp: 2

Overview of removed sequences
length	count	expect	max.err	error counts
3	7	860.8	0	7
4	102	215.2	0	102
5	8	53.8	0	8
16	2	0.0	1	2
18	1	0.0	1	0 0 1
19	9	0.0	1	0 9
20	794	0.0	2	773 20 1
21	1	0.0	2	0 1
22	3	0.0	2	0 0 3


=== Second read: Adapter 2 ===

Sequence: AGCGTGGACTACNNGGGTATCTAAT; Type: non-internal 5'; Length: 25; Trimmed: 170 times

Minimum overlap: 3
No. of allowed errors:
1-9 bp: 0; 10-19 bp: 1; 20-23 bp: 2

Overview of removed sequences
length	count	expect	max.err	error counts
4	56	215.2	0	56
6	1	13.5	0	1
25	113	0.0	2	103 7 3
