This is cutadapt 4.4 with Python 3.7.12
Command line parameters: -g XACTCCTAYGGGRBGCASCAG -G XAGCGTGGACTACNNGGGTATCTAAT --discard-untrimmed -o trimmed/ERR2835929_1_trimmed.fastq.gz -p trimmed/ERR2835929_2_trimmed.fastq.gz ERR2835929_1.fastq.gz ERR2835929_2.fastq.gz -j 4
Processing paired-end reads on 4 cores ...
Finished in 0.661 s (12.568 µs/read; 4.77 M reads/minute).

=== Summary ===

Total read pairs processed:             52,620
  Read 1 with adapter:                       4 (0.0%)
  Read 2 with adapter:                      42 (0.1%)

== Read fate breakdown ==
Pairs discarded as untrimmed:           52,620 (100.0%)
Pairs written (passing filters):             0 (0.0%)

Total basepairs processed:    26,408,531 bp
  Read 1:    13,204,383 bp
  Read 2:    13,204,148 bp
Total written (filtered):              0 bp (0.0%)
  Read 1:             0 bp
  Read 2:             0 bp

=== First read: Adapter 1 ===

Sequence: ACTCCTAYGGGRBGCASCAG; Type: non-internal 5'; Length: 20; Trimmed: 4 times

Minimum overlap: 3
No. of allowed errors:
1-9 bp: 0; 10-19 bp: 1; 20 bp: 2

Overview of removed sequences
length	count	expect	max.err	error counts
4	1	205.5	0	1
20	3	0.0	2	3


=== Second read: Adapter 2 ===

Sequence: AGCGTGGACTACNNGGGTATCTAAT; Type: non-internal 5'; Length: 25; Trimmed: 42 times

Minimum overlap: 3
No. of allowed errors:
1-9 bp: 0; 10-19 bp: 1; 20-23 bp: 2

Overview of removed sequences
length	count	expect	max.err	error counts
4	2	205.5	0	2
5	1	51.4	0	1
23	1	0.0	2	0 1
25	36	0.0	2	22 10 4
26	2	0.0	2	0 1 1
