This is cutadapt 4.4 with Python 3.7.12
Command line parameters: -g XACTCCTAYGGGRBGCASCAG -G XAGCGTGGACTACNNGGGTATCTAAT --discard-untrimmed -o trimmed/ERR2836091_1_trimmed.fastq.gz -p trimmed/ERR2836091_2_trimmed.fastq.gz ERR2836091_1.fastq.gz ERR2836091_2.fastq.gz -j 4
Processing paired-end reads on 4 cores ...
Finished in 0.849 s (16.100 µs/read; 3.73 M reads/minute).

=== Summary ===

Total read pairs processed:             52,715
  Read 1 with adapter:                       2 (0.0%)
  Read 2 with adapter:                  51,670 (98.0%)

== Read fate breakdown ==
Pairs discarded as untrimmed:           52,714 (100.0%)
Pairs written (passing filters):             1 (0.0%)

Total basepairs processed:    26,460,462 bp
  Read 1:    13,230,609 bp
  Read 2:    13,229,853 bp
Total written (filtered):            457 bp (0.0%)
  Read 1:           231 bp
  Read 2:           226 bp

=== First read: Adapter 1 ===

Sequence: ACTCCTAYGGGRBGCASCAG; Type: non-internal 5'; Length: 20; Trimmed: 2 times

Minimum overlap: 3
No. of allowed errors:
1-9 bp: 0; 10-19 bp: 1; 20 bp: 2

Overview of removed sequences
length	count	expect	max.err	error counts
20	2	0.0	2	2


=== Second read: Adapter 2 ===

Sequence: AGCGTGGACTACNNGGGTATCTAAT; Type: non-internal 5'; Length: 25; Trimmed: 51670 times

Minimum overlap: 3
No. of allowed errors:
1-9 bp: 0; 10-19 bp: 1; 20-23 bp: 2

Overview of removed sequences
length	count	expect	max.err	error counts
3	48	823.7	0	48
5	1	51.5	0	1
14	1	0.0	1	0 1
16	4	0.0	1	1 3
19	1	0.0	1	1
21	1	0.0	2	0 1
22	2	0.0	2	0 2
23	77	0.0	2	1 4 72
24	783	0.0	2	32 723 28
25	50627	0.0	2	48063 2190 374
26	124	0.0	2	0 118 6
27	1	0.0	2	0 0 1
