This is cutadapt 4.4 with Python 3.7.12
Command line parameters: -g XACTCCTAYGGGRBGCASCAG -G XAGCGTGGACTACNNGGGTATCTAAT --discard-untrimmed -o trimmed/ERR2835967_1_trimmed.fastq.gz -p trimmed/ERR2835967_2_trimmed.fastq.gz ERR2835967_1.fastq.gz ERR2835967_2.fastq.gz -j 4
Processing paired-end reads on 4 cores ...
Finished in 0.611 s (17.996 µs/read; 3.33 M reads/minute).

=== Summary ===

Total read pairs processed:             33,927
  Read 1 with adapter:                       6 (0.0%)
  Read 2 with adapter:                  33,329 (98.2%)

== Read fate breakdown ==
Pairs discarded as untrimmed:           33,922 (100.0%)
Pairs written (passing filters):             5 (0.0%)

Total basepairs processed:    17,028,236 bp
  Read 1:     8,513,370 bp
  Read 2:     8,514,866 bp
Total written (filtered):          2,300 bp (0.0%)
  Read 1:         1,169 bp
  Read 2:         1,131 bp

=== First read: Adapter 1 ===

Sequence: ACTCCTAYGGGRBGCASCAG; Type: non-internal 5'; Length: 20; Trimmed: 6 times

Minimum overlap: 3
No. of allowed errors:
1-9 bp: 0; 10-19 bp: 1; 20 bp: 2

Overview of removed sequences
length	count	expect	max.err	error counts
5	1	33.1	0	1
20	5	0.0	2	5


=== Second read: Adapter 2 ===

Sequence: AGCGTGGACTACNNGGGTATCTAAT; Type: non-internal 5'; Length: 25; Trimmed: 33329 times

Minimum overlap: 3
No. of allowed errors:
1-9 bp: 0; 10-19 bp: 1; 20-23 bp: 2

Overview of removed sequences
length	count	expect	max.err	error counts
3	2	530.1	0	2
15	1	0.0	1	1
19	1	0.0	1	0 1
21	4	0.0	2	1 3
23	64	0.0	2	1 5 58
24	555	0.0	2	22 512 21
25	32606	0.0	2	31441 1063 102
26	96	0.0	2	0 92 4
