This is cutadapt 4.4 with Python 3.7.12
Command line parameters: -g XACTCCTAYGGGRBGCASCAG -G XAGCGTGGACTACNNGGGTATCTAAT --discard-untrimmed -o trimmed/ERR2835958_1_trimmed.fastq.gz -p trimmed/ERR2835958_2_trimmed.fastq.gz ERR2835958_1.fastq.gz ERR2835958_2.fastq.gz -j 4
Processing paired-end reads on 4 cores ...
Finished in 0.671 s (12.267 µs/read; 4.89 M reads/minute).

=== Summary ===

Total read pairs processed:             54,683
  Read 1 with adapter:                     194 (0.4%)
  Read 2 with adapter:                     184 (0.3%)

== Read fate breakdown ==
Pairs discarded as untrimmed:           54,683 (100.0%)
Pairs written (passing filters):             0 (0.0%)

Total basepairs processed:    27,376,559 bp
  Read 1:    13,713,733 bp
  Read 2:    13,662,826 bp
Total written (filtered):              0 bp (0.0%)
  Read 1:             0 bp
  Read 2:             0 bp

=== First read: Adapter 1 ===

Sequence: ACTCCTAYGGGRBGCASCAG; Type: non-internal 5'; Length: 20; Trimmed: 194 times

Minimum overlap: 3
No. of allowed errors:
1-9 bp: 0; 10-19 bp: 1; 20 bp: 2

Overview of removed sequences
length	count	expect	max.err	error counts
3	2	854.4	0	2
4	155	213.6	0	155
5	22	53.4	0	22
20	11	0.0	2	10 1
21	1	0.0	2	0 1
22	3	0.0	2	0 0 3


=== Second read: Adapter 2 ===

Sequence: AGCGTGGACTACNNGGGTATCTAAT; Type: non-internal 5'; Length: 25; Trimmed: 184 times

Minimum overlap: 3
No. of allowed errors:
1-9 bp: 0; 10-19 bp: 1; 20-23 bp: 2

Overview of removed sequences
length	count	expect	max.err	error counts
4	164	213.6	0	164
24	1	0.0	2	0 1
25	19	0.0	2	12 4 3
