This is cutadapt 4.4 with Python 3.7.12
Command line parameters: -g XACTCCTAYGGGRBGCASCAG -G XAGCGTGGACTACNNGGGTATCTAAT --discard-untrimmed -o trimmed/ERR2836128_1_trimmed.fastq.gz -p trimmed/ERR2836128_2_trimmed.fastq.gz ERR2836128_1.fastq.gz ERR2836128_2.fastq.gz -j 4
Processing paired-end reads on 4 cores ...
Finished in 0.588 s (13.354 µs/read; 4.49 M reads/minute).

=== Summary ===

Total read pairs processed:             44,043
  Read 1 with adapter:                       7 (0.0%)
  Read 2 with adapter:                     164 (0.4%)

== Read fate breakdown ==
Pairs discarded as untrimmed:           44,043 (100.0%)
Pairs written (passing filters):             0 (0.0%)

Total basepairs processed:    22,063,769 bp
  Read 1:    11,052,226 bp
  Read 2:    11,011,543 bp
Total written (filtered):              0 bp (0.0%)
  Read 1:             0 bp
  Read 2:             0 bp

=== First read: Adapter 1 ===

Sequence: ACTCCTAYGGGRBGCASCAG; Type: non-internal 5'; Length: 20; Trimmed: 7 times

Minimum overlap: 3
No. of allowed errors:
1-9 bp: 0; 10-19 bp: 1; 20 bp: 2

Overview of removed sequences
length	count	expect	max.err	error counts
4	1	172.0	0	1
20	6	0.0	2	6


=== Second read: Adapter 2 ===

Sequence: AGCGTGGACTACNNGGGTATCTAAT; Type: non-internal 5'; Length: 25; Trimmed: 164 times

Minimum overlap: 3
No. of allowed errors:
1-9 bp: 0; 10-19 bp: 1; 20-23 bp: 2

Overview of removed sequences
length	count	expect	max.err	error counts
3	147	688.2	0	147
4	1	172.0	0	1
22	1	0.0	2	1
24	1	0.0	2	0 0 1
25	11	0.0	2	6 1 4
26	1	0.0	2	0 1
27	2	0.0	2	0 0 2
