This is cutadapt 4.4 with Python 3.7.12
Command line parameters: -g XACTCCTAYGGGRBGCASCAG -G XAGCGTGGACTACNNGGGTATCTAAT --discard-untrimmed -o trimmed/ERR2835973_1_trimmed.fastq.gz -p trimmed/ERR2835973_2_trimmed.fastq.gz ERR2835973_1.fastq.gz ERR2835973_2.fastq.gz -j 4
Processing paired-end reads on 4 cores ...
Finished in 0.478 s (14.093 µs/read; 4.26 M reads/minute).

=== Summary ===

Total read pairs processed:             33,911
  Read 1 with adapter:                       7 (0.0%)
  Read 2 with adapter:                      18 (0.1%)

== Read fate breakdown ==
Pairs discarded as untrimmed:           33,911 (100.0%)
Pairs written (passing filters):             0 (0.0%)

Total basepairs processed:    17,018,516 bp
  Read 1:     8,508,692 bp
  Read 2:     8,509,824 bp
Total written (filtered):              0 bp (0.0%)
  Read 1:             0 bp
  Read 2:             0 bp

=== First read: Adapter 1 ===

Sequence: ACTCCTAYGGGRBGCASCAG; Type: non-internal 5'; Length: 20; Trimmed: 7 times

Minimum overlap: 3
No. of allowed errors:
1-9 bp: 0; 10-19 bp: 1; 20 bp: 2

Overview of removed sequences
length	count	expect	max.err	error counts
4	6	132.5	0	6
20	1	0.0	2	1


=== Second read: Adapter 2 ===

Sequence: AGCGTGGACTACNNGGGTATCTAAT; Type: non-internal 5'; Length: 25; Trimmed: 18 times

Minimum overlap: 3
No. of allowed errors:
1-9 bp: 0; 10-19 bp: 1; 20-23 bp: 2

Overview of removed sequences
length	count	expect	max.err	error counts
3	6	529.9	0	6
5	1	33.1	0	1
25	10	0.0	2	6 1 3
27	1	0.0	2	0 0 1
