This is cutadapt 4.4 with Python 3.7.12
Command line parameters: -g XACTCCTAYGGGRBGCASCAG -G XAGCGTGGACTACNNGGGTATCTAAT --discard-untrimmed -o trimmed/ERR2836117_1_trimmed.fastq.gz -p trimmed/ERR2836117_2_trimmed.fastq.gz ERR2836117_1.fastq.gz ERR2836117_2.fastq.gz -j 4
Processing paired-end reads on 4 cores ...
Finished in 0.770 s (13.903 µs/read; 4.32 M reads/minute).

=== Summary ===

Total read pairs processed:             55,402
  Read 1 with adapter:                     276 (0.5%)
  Read 2 with adapter:                       7 (0.0%)

== Read fate breakdown ==
Pairs discarded as untrimmed:           55,402 (100.0%)
Pairs written (passing filters):             0 (0.0%)

Total basepairs processed:    27,791,655 bp
  Read 1:    13,890,090 bp
  Read 2:    13,901,565 bp
Total written (filtered):              0 bp (0.0%)
  Read 1:             0 bp
  Read 2:             0 bp

=== First read: Adapter 1 ===

Sequence: ACTCCTAYGGGRBGCASCAG; Type: non-internal 5'; Length: 20; Trimmed: 276 times

Minimum overlap: 3
No. of allowed errors:
1-9 bp: 0; 10-19 bp: 1; 20 bp: 2

Overview of removed sequences
length	count	expect	max.err	error counts
3	4	865.7	0	4
4	115	216.4	0	115
5	20	54.1	0	20
18	2	0.0	1	0 0 2
19	2	0.0	1	0 2
20	130	0.0	2	124 6
21	1	0.0	2	0 0 1
22	2	0.0	2	0 0 2


=== Second read: Adapter 2 ===

Sequence: AGCGTGGACTACNNGGGTATCTAAT; Type: non-internal 5'; Length: 25; Trimmed: 7 times

Minimum overlap: 3
No. of allowed errors:
1-9 bp: 0; 10-19 bp: 1; 20-23 bp: 2

Overview of removed sequences
length	count	expect	max.err	error counts
24	1	0.0	2	0 1
25	6	0.0	2	2 1 3
