This is cutadapt 4.4 with Python 3.7.12
Command line parameters: -g XACTCCTAYGGGRBGCASCAG -G XAGCGTGGACTACNNGGGTATCTAAT --discard-untrimmed -o trimmed/ERR2836163_1_trimmed.fastq.gz -p trimmed/ERR2836163_2_trimmed.fastq.gz ERR2836163_1.fastq.gz ERR2836163_2.fastq.gz -j 4
Processing paired-end reads on 4 cores ...
Finished in 0.597 s (17.737 µs/read; 3.38 M reads/minute).

=== Summary ===

Total read pairs processed:             33,641
  Read 1 with adapter:                       9 (0.0%)
  Read 2 with adapter:                  32,799 (97.5%)

== Read fate breakdown ==
Pairs discarded as untrimmed:           33,632 (100.0%)
Pairs written (passing filters):             9 (0.0%)

Total basepairs processed:    16,885,133 bp
  Read 1:     8,442,131 bp
  Read 2:     8,443,002 bp
Total written (filtered):          4,141 bp (0.0%)
  Read 1:         2,107 bp
  Read 2:         2,034 bp

=== First read: Adapter 1 ===

Sequence: ACTCCTAYGGGRBGCASCAG; Type: non-internal 5'; Length: 20; Trimmed: 9 times

Minimum overlap: 3
No. of allowed errors:
1-9 bp: 0; 10-19 bp: 1; 20 bp: 2

Overview of removed sequences
length	count	expect	max.err	error counts
3	2	525.6	0	2
20	7	0.0	2	6 1


=== Second read: Adapter 2 ===

Sequence: AGCGTGGACTACNNGGGTATCTAAT; Type: non-internal 5'; Length: 25; Trimmed: 32799 times

Minimum overlap: 3
No. of allowed errors:
1-9 bp: 0; 10-19 bp: 1; 20-23 bp: 2

Overview of removed sequences
length	count	expect	max.err	error counts
3	3	525.6	0	3
4	1	131.4	0	1
5	1	32.9	0	1
15	1	0.0	1	0 1
16	1	0.0	1	0 1
19	1	0.0	1	0 1
20	1	0.0	2	1
23	46	0.0	2	4 3 39
24	505	0.0	2	14 475 16
25	32155	0.0	2	30776 1202 177
26	82	0.0	2	0 78 4
27	2	0.0	2	0 0 2
