This is cutadapt 4.4 with Python 3.7.12
Command line parameters: -g XACTCCTAYGGGRBGCASCAG -G XAGCGTGGACTACNNGGGTATCTAAT --discard-untrimmed -o trimmed/ERR2836043_1_trimmed.fastq.gz -p trimmed/ERR2836043_2_trimmed.fastq.gz ERR2836043_1.fastq.gz ERR2836043_2.fastq.gz -j 4
Processing paired-end reads on 4 cores ...
Finished in 2.706 s (50.862 µs/read; 1.18 M reads/minute).

=== Summary ===

Total read pairs processed:             53,205
  Read 1 with adapter:                  53,096 (99.8%)
  Read 2 with adapter:                  52,180 (98.1%)

== Read fate breakdown ==
Pairs discarded as untrimmed:            1,133 (2.1%)
Pairs written (passing filters):        52,072 (97.9%)

Total basepairs processed:    26,663,471 bp
  Read 1:    13,311,402 bp
  Read 2:    13,352,069 bp
Total written (filtered):     23,754,793 bp (89.1%)
  Read 1:    11,987,068 bp
  Read 2:    11,767,725 bp

=== First read: Adapter 1 ===

Sequence: ACTCCTAYGGGRBGCASCAG; Type: non-internal 5'; Length: 20; Trimmed: 53096 times

Minimum overlap: 3
No. of allowed errors:
1-9 bp: 0; 10-19 bp: 1; 20 bp: 2

Overview of removed sequences
length	count	expect	max.err	error counts
15	1	0.0	1	1
16	3	0.0	1	3
17	5	0.0	1	0 5
18	76	0.0	1	3 6 67
19	668	0.0	1	49 606 13
20	52216	0.0	2	50253 1876 87
21	126	0.0	2	0 119 7
22	1	0.0	2	0 0 1


=== Second read: Adapter 2 ===

Sequence: AGCGTGGACTACNNGGGTATCTAAT; Type: non-internal 5'; Length: 25; Trimmed: 52180 times

Minimum overlap: 3
No. of allowed errors:
1-9 bp: 0; 10-19 bp: 1; 20-23 bp: 2

Overview of removed sequences
length	count	expect	max.err	error counts
3	16	831.3	0	16
18	1	0.0	1	1
21	5	0.0	2	1 4
22	6	0.0	2	4 1 1
23	94	0.0	2	2 3 89
24	905	0.0	2	26 835 44
25	51007	0.0	2	48350 2330 327
26	141	0.0	2	0 136 5
27	5	0.0	2	0 0 5
