This is cutadapt 4.4 with Python 3.7.12
Command line parameters: -g XACTCCTAYGGGRBGCASCAG -G XAGCGTGGACTACNNGGGTATCTAAT --discard-untrimmed -o trimmed/ERR2835931_1_trimmed.fastq.gz -p trimmed/ERR2835931_2_trimmed.fastq.gz ERR2835931_1.fastq.gz ERR2835931_2.fastq.gz -j 4
Processing paired-end reads on 4 cores ...
Finished in 0.748 s (16.756 µs/read; 3.58 M reads/minute).

=== Summary ===

Total read pairs processed:             44,614
  Read 1 with adapter:                       6 (0.0%)
  Read 2 with adapter:                  43,879 (98.4%)

== Read fate breakdown ==
Pairs discarded as untrimmed:           44,610 (100.0%)
Pairs written (passing filters):             4 (0.0%)

Total basepairs processed:    22,392,784 bp
  Read 1:    11,195,803 bp
  Read 2:    11,196,981 bp
Total written (filtered):          1,827 bp (0.0%)
  Read 1:           923 bp
  Read 2:           904 bp

=== First read: Adapter 1 ===

Sequence: ACTCCTAYGGGRBGCASCAG; Type: non-internal 5'; Length: 20; Trimmed: 6 times

Minimum overlap: 3
No. of allowed errors:
1-9 bp: 0; 10-19 bp: 1; 20 bp: 2

Overview of removed sequences
length	count	expect	max.err	error counts
20	6	0.0	2	6


=== Second read: Adapter 2 ===

Sequence: AGCGTGGACTACNNGGGTATCTAAT; Type: non-internal 5'; Length: 25; Trimmed: 43879 times

Minimum overlap: 3
No. of allowed errors:
1-9 bp: 0; 10-19 bp: 1; 20-23 bp: 2

Overview of removed sequences
length	count	expect	max.err	error counts
3	20	697.1	0	20
16	4	0.0	1	2 2
21	1	0.0	2	0 1
22	1	0.0	2	0 0 1
23	69	0.0	2	1 2 66
24	694	0.0	2	21 626 47
25	42983	0.0	2	40665 1997 321
26	107	0.0	2	0 97 10
