This is cutadapt 4.4 with Python 3.7.12
Command line parameters: -g XACTCCTAYGGGRBGCASCAG -G XAGCGTGGACTACNNGGGTATCTAAT --discard-untrimmed -o trimmed/ERR2835987_1_trimmed.fastq.gz -p trimmed/ERR2835987_2_trimmed.fastq.gz ERR2835987_1.fastq.gz ERR2835987_2.fastq.gz -j 4
Processing paired-end reads on 4 cores ...
Finished in 0.874 s (18.236 µs/read; 3.29 M reads/minute).

=== Summary ===

Total read pairs processed:             47,937
  Read 1 with adapter:                     132 (0.3%)
  Read 2 with adapter:                  47,162 (98.4%)

== Read fate breakdown ==
Pairs discarded as untrimmed:           47,809 (99.7%)
Pairs written (passing filters):           128 (0.3%)

Total basepairs processed:    24,051,127 bp
  Read 1:    12,020,814 bp
  Read 2:    12,030,313 bp
Total written (filtered):         60,211 bp (0.3%)
  Read 1:        31,285 bp
  Read 2:        28,926 bp

=== First read: Adapter 1 ===

Sequence: ACTCCTAYGGGRBGCASCAG; Type: non-internal 5'; Length: 20; Trimmed: 132 times

Minimum overlap: 3
No. of allowed errors:
1-9 bp: 0; 10-19 bp: 1; 20 bp: 2

Overview of removed sequences
length	count	expect	max.err	error counts
3	3	749.0	0	3
4	91	187.3	0	91
5	18	46.8	0	18
8	3	0.7	0	3
20	12	0.0	2	11 1
22	5	0.0	2	0 0 5


=== Second read: Adapter 2 ===

Sequence: AGCGTGGACTACNNGGGTATCTAAT; Type: non-internal 5'; Length: 25; Trimmed: 47162 times

Minimum overlap: 3
No. of allowed errors:
1-9 bp: 0; 10-19 bp: 1; 20-23 bp: 2

Overview of removed sequences
length	count	expect	max.err	error counts
3	21	749.0	0	21
14	1	0.0	1	0 1
16	1	0.0	1	0 1
17	1	0.0	1	0 1
19	3	0.0	1	0 3
20	1	0.0	2	1
21	2	0.0	2	1 1
22	4	0.0	2	2 2
23	68	0.0	2	1 3 64
24	671	0.0	2	15 627 29
25	46256	0.0	2	43908 1986 362
26	131	0.0	2	0 122 9
27	2	0.0	2	0 0 2
