This is cutadapt 4.4 with Python 3.7.12
Command line parameters: -g XACTCCTAYGGGRBGCASCAG -G XAGCGTGGACTACNNGGGTATCTAAT --discard-untrimmed -o trimmed/ERR2835913_1_trimmed.fastq.gz -p trimmed/ERR2835913_2_trimmed.fastq.gz ERR2835913_1.fastq.gz ERR2835913_2.fastq.gz -j 4
Processing paired-end reads on 4 cores ...
Finished in 0.780 s (18.706 µs/read; 3.21 M reads/minute).

=== Summary ===

Total read pairs processed:             41,693
  Read 1 with adapter:                  41,634 (99.9%)
  Read 2 with adapter:                      28 (0.1%)

== Read fate breakdown ==
Pairs discarded as untrimmed:           41,665 (99.9%)
Pairs written (passing filters):            28 (0.1%)

Total basepairs processed:    20,894,328 bp
  Read 1:    10,432,130 bp
  Read 2:    10,462,198 bp
Total written (filtered):         12,810 bp (0.1%)
  Read 1:         6,445 bp
  Read 2:         6,365 bp

=== First read: Adapter 1 ===

Sequence: ACTCCTAYGGGRBGCASCAG; Type: non-internal 5'; Length: 20; Trimmed: 41634 times

Minimum overlap: 3
No. of allowed errors:
1-9 bp: 0; 10-19 bp: 1; 20 bp: 2

Overview of removed sequences
length	count	expect	max.err	error counts
4	2	162.9	0	2
16	3	0.0	1	3
17	3	0.0	1	1 2
18	54	0.0	1	6 4 44
19	590	0.0	1	32 533 25
20	40866	0.0	2	39337 1451 78
21	111	0.0	2	0 106 5
22	5	0.0	2	0 0 5


=== Second read: Adapter 2 ===

Sequence: AGCGTGGACTACNNGGGTATCTAAT; Type: non-internal 5'; Length: 25; Trimmed: 28 times

Minimum overlap: 3
No. of allowed errors:
1-9 bp: 0; 10-19 bp: 1; 20-23 bp: 2

Overview of removed sequences
length	count	expect	max.err	error counts
3	1	651.5	0	1
5	1	40.7	0	1
25	26	0.0	2	13 8 5
