This is cutadapt 4.4 with Python 3.7.12
Command line parameters: -g XACTCCTAYGGGRBGCASCAG -G XAGCGTGGACTACNNGGGTATCTAAT --discard-untrimmed -o trimmed/ERR2836118_1_trimmed.fastq.gz -p trimmed/ERR2836118_2_trimmed.fastq.gz ERR2836118_1.fastq.gz ERR2836118_2.fastq.gz -j 4
Processing paired-end reads on 4 cores ...
Finished in 0.736 s (13.022 µs/read; 4.61 M reads/minute).

=== Summary ===

Total read pairs processed:             56,483
  Read 1 with adapter:                     126 (0.2%)
  Read 2 with adapter:                     154 (0.3%)

== Read fate breakdown ==
Pairs discarded as untrimmed:           56,483 (100.0%)
Pairs written (passing filters):             0 (0.0%)

Total basepairs processed:    28,267,358 bp
  Read 1:    14,161,986 bp
  Read 2:    14,105,372 bp
Total written (filtered):              0 bp (0.0%)
  Read 1:             0 bp
  Read 2:             0 bp

=== First read: Adapter 1 ===

Sequence: ACTCCTAYGGGRBGCASCAG; Type: non-internal 5'; Length: 20; Trimmed: 126 times

Minimum overlap: 3
No. of allowed errors:
1-9 bp: 0; 10-19 bp: 1; 20 bp: 2

Overview of removed sequences
length	count	expect	max.err	error counts
3	5	882.5	0	5
4	103	220.6	0	103
5	12	55.2	0	12
20	1	0.0	2	1
21	3	0.0	2	0 2 1
22	2	0.0	2	0 0 2


=== Second read: Adapter 2 ===

Sequence: AGCGTGGACTACNNGGGTATCTAAT; Type: non-internal 5'; Length: 25; Trimmed: 154 times

Minimum overlap: 3
No. of allowed errors:
1-9 bp: 0; 10-19 bp: 1; 20-23 bp: 2

Overview of removed sequences
length	count	expect	max.err	error counts
3	15	882.5	0	15
4	128	220.6	0	128
25	11	0.0	2	4 5 2
