This is cutadapt 4.4 with Python 3.7.12
Command line parameters: -g XACTCCTAYGGGRBGCASCAG -G XAGCGTGGACTACNNGGGTATCTAAT --discard-untrimmed -o trimmed/ERR2836085_1_trimmed.fastq.gz -p trimmed/ERR2836085_2_trimmed.fastq.gz ERR2836085_1.fastq.gz ERR2836085_2.fastq.gz -j 4
Processing paired-end reads on 4 cores ...
Finished in 0.777 s (13.615 µs/read; 4.41 M reads/minute).

=== Summary ===

Total read pairs processed:             57,072
  Read 1 with adapter:                     160 (0.3%)
  Read 2 with adapter:                      33 (0.1%)

== Read fate breakdown ==
Pairs discarded as untrimmed:           57,072 (100.0%)
Pairs written (passing filters):             0 (0.0%)

Total basepairs processed:    28,632,651 bp
  Read 1:    14,311,773 bp
  Read 2:    14,320,878 bp
Total written (filtered):              0 bp (0.0%)
  Read 1:             0 bp
  Read 2:             0 bp

=== First read: Adapter 1 ===

Sequence: ACTCCTAYGGGRBGCASCAG; Type: non-internal 5'; Length: 20; Trimmed: 160 times

Minimum overlap: 3
No. of allowed errors:
1-9 bp: 0; 10-19 bp: 1; 20 bp: 2

Overview of removed sequences
length	count	expect	max.err	error counts
3	8	891.8	0	8
4	128	222.9	0	128
5	19	55.7	0	19
20	5	0.0	2	4 1


=== Second read: Adapter 2 ===

Sequence: AGCGTGGACTACNNGGGTATCTAAT; Type: non-internal 5'; Length: 25; Trimmed: 33 times

Minimum overlap: 3
No. of allowed errors:
1-9 bp: 0; 10-19 bp: 1; 20-23 bp: 2

Overview of removed sequences
length	count	expect	max.err	error counts
3	4	891.8	0	4
4	8	222.9	0	8
22	1	0.0	2	0 1
23	1	0.0	2	0 0 1
25	16	0.0	2	6 3 7
27	3	0.0	2	0 0 3
