This is cutadapt 4.4 with Python 3.7.12
Command line parameters: -g XACTCCTAYGGGRBGCASCAG -G XAGCGTGGACTACNNGGGTATCTAAT --discard-untrimmed -o trimmed/ERR2836156_1_trimmed.fastq.gz -p trimmed/ERR2836156_2_trimmed.fastq.gz ERR2836156_1.fastq.gz ERR2836156_2.fastq.gz -j 4
Processing paired-end reads on 4 cores ...
Finished in 0.179 s (38.088 µs/read; 1.58 M reads/minute).

=== Summary ===

Total read pairs processed:              4,706
  Read 1 with adapter:                       1 (0.0%)
  Read 2 with adapter:                      20 (0.4%)

== Read fate breakdown ==
Pairs discarded as untrimmed:            4,706 (100.0%)
Pairs written (passing filters):             0 (0.0%)

Total basepairs processed:     2,357,578 bp
  Read 1:     1,180,969 bp
  Read 2:     1,176,609 bp
Total written (filtered):              0 bp (0.0%)
  Read 1:             0 bp
  Read 2:             0 bp

=== First read: Adapter 1 ===

Sequence: ACTCCTAYGGGRBGCASCAG; Type: non-internal 5'; Length: 20; Trimmed: 1 times

Minimum overlap: 3
No. of allowed errors:
1-9 bp: 0; 10-19 bp: 1; 20 bp: 2

Overview of removed sequences
length	count	expect	max.err	error counts
20	1	0.0	2	1


=== Second read: Adapter 2 ===

Sequence: AGCGTGGACTACNNGGGTATCTAAT; Type: non-internal 5'; Length: 25; Trimmed: 20 times

Minimum overlap: 3
No. of allowed errors:
1-9 bp: 0; 10-19 bp: 1; 20-23 bp: 2

Overview of removed sequences
length	count	expect	max.err	error counts
3	16	73.5	0	16
4	3	18.4	0	3
25	1	0.0	2	0 1
