This is cutadapt 4.4 with Python 3.7.12
Command line parameters: -g XACTCCTAYGGGRBGCASCAG -G XAGCGTGGACTACNNGGGTATCTAAT --discard-untrimmed -o trimmed/ERR2836023_1_trimmed.fastq.gz -p trimmed/ERR2836023_2_trimmed.fastq.gz ERR2836023_1.fastq.gz ERR2836023_2.fastq.gz -j 4
Processing paired-end reads on 4 cores ...
Finished in 0.780 s (17.074 µs/read; 3.51 M reads/minute).

=== Summary ===

Total read pairs processed:             45,658
  Read 1 with adapter:                       1 (0.0%)
  Read 2 with adapter:                  44,265 (96.9%)

== Read fate breakdown ==
Pairs discarded as untrimmed:           45,657 (100.0%)
Pairs written (passing filters):             1 (0.0%)

Total basepairs processed:    22,917,059 bp
  Read 1:    11,458,720 bp
  Read 2:    11,458,339 bp
Total written (filtered):            457 bp (0.0%)
  Read 1:           231 bp
  Read 2:           226 bp

=== First read: Adapter 1 ===

Sequence: ACTCCTAYGGGRBGCASCAG; Type: non-internal 5'; Length: 20; Trimmed: 1 times

Minimum overlap: 3
No. of allowed errors:
1-9 bp: 0; 10-19 bp: 1; 20 bp: 2

Overview of removed sequences
length	count	expect	max.err	error counts
20	1	0.0	2	1


=== Second read: Adapter 2 ===

Sequence: AGCGTGGACTACNNGGGTATCTAAT; Type: non-internal 5'; Length: 25; Trimmed: 44265 times

Minimum overlap: 3
No. of allowed errors:
1-9 bp: 0; 10-19 bp: 1; 20-23 bp: 2

Overview of removed sequences
length	count	expect	max.err	error counts
3	21	713.4	0	21
4	1	178.4	0	1
5	1	44.6	0	1
16	1	0.0	1	0 1
19	4	0.0	1	2 2
20	1	0.0	2	1
21	1	0.0	2	1
23	86	0.0	2	3 10 73
24	659	0.0	2	23 610 26
25	43374	0.0	2	41303 1769 302
26	113	0.0	2	0 109 4
27	3	0.0	2	0 0 3
