This is cutadapt 4.4 with Python 3.7.12
Command line parameters: -g XACTCCTAYGGGRBGCASCAG -G XAGCGTGGACTACNNGGGTATCTAAT --discard-untrimmed -o trimmed/ERR2836126_1_trimmed.fastq.gz -p trimmed/ERR2836126_2_trimmed.fastq.gz ERR2836126_1.fastq.gz ERR2836126_2.fastq.gz -j 4
Processing paired-end reads on 4 cores ...
Finished in 0.638 s (10.925 µs/read; 5.49 M reads/minute).

=== Summary ===

Total read pairs processed:             58,405
  Read 1 with adapter:                       5 (0.0%)
  Read 2 with adapter:                     124 (0.2%)

== Read fate breakdown ==
Pairs discarded as untrimmed:           58,405 (100.0%)
Pairs written (passing filters):             0 (0.0%)

Total basepairs processed:    29,243,589 bp
  Read 1:    14,657,113 bp
  Read 2:    14,586,476 bp
Total written (filtered):              0 bp (0.0%)
  Read 1:             0 bp
  Read 2:             0 bp

=== First read: Adapter 1 ===

Sequence: ACTCCTAYGGGRBGCASCAG; Type: non-internal 5'; Length: 20; Trimmed: 5 times

Minimum overlap: 3
No. of allowed errors:
1-9 bp: 0; 10-19 bp: 1; 20 bp: 2

Overview of removed sequences
length	count	expect	max.err	error counts
5	1	57.0	0	1
20	4	0.0	2	4


=== Second read: Adapter 2 ===

Sequence: AGCGTGGACTACNNGGGTATCTAAT; Type: non-internal 5'; Length: 25; Trimmed: 124 times

Minimum overlap: 3
No. of allowed errors:
1-9 bp: 0; 10-19 bp: 1; 20-23 bp: 2

Overview of removed sequences
length	count	expect	max.err	error counts
3	18	912.6	0	18
4	91	228.1	0	91
8	1	0.9	0	1
24	1	0.0	2	0 0 1
25	11	0.0	2	6 3 2
27	2	0.0	2	0 0 2
