This is cutadapt 4.4 with Python 3.7.12
Command line parameters: -g XACTCCTAYGGGRBGCASCAG -G XAGCGTGGACTACNNGGGTATCTAAT --discard-untrimmed -o trimmed/ERR2835989_1_trimmed.fastq.gz -p trimmed/ERR2835989_2_trimmed.fastq.gz ERR2835989_1.fastq.gz ERR2835989_2.fastq.gz -j 4
Processing paired-end reads on 4 cores ...
Finished in 0.735 s (14.256 µs/read; 4.21 M reads/minute).

=== Summary ===

Total read pairs processed:             51,575
  Read 1 with adapter:                     156 (0.3%)
  Read 2 with adapter:                      24 (0.0%)

== Read fate breakdown ==
Pairs discarded as untrimmed:           51,575 (100.0%)
Pairs written (passing filters):             0 (0.0%)

Total basepairs processed:    25,876,821 bp
  Read 1:    12,934,684 bp
  Read 2:    12,942,137 bp
Total written (filtered):              0 bp (0.0%)
  Read 1:             0 bp
  Read 2:             0 bp

=== First read: Adapter 1 ===

Sequence: ACTCCTAYGGGRBGCASCAG; Type: non-internal 5'; Length: 20; Trimmed: 156 times

Minimum overlap: 3
No. of allowed errors:
1-9 bp: 0; 10-19 bp: 1; 20 bp: 2

Overview of removed sequences
length	count	expect	max.err	error counts
3	7	805.9	0	7
4	102	201.5	0	102
5	17	50.4	0	17
18	1	0.0	1	0 1
20	25	0.0	2	23 2
22	4	0.0	2	0 0 4


=== Second read: Adapter 2 ===

Sequence: AGCGTGGACTACNNGGGTATCTAAT; Type: non-internal 5'; Length: 25; Trimmed: 24 times

Minimum overlap: 3
No. of allowed errors:
1-9 bp: 0; 10-19 bp: 1; 20-23 bp: 2

Overview of removed sequences
length	count	expect	max.err	error counts
3	9	805.9	0	9
5	1	50.4	0	1
25	14	0.0	2	11 2 1
