This is cutadapt 4.4 with Python 3.7.12
Command line parameters: -g XACTCCTAYGGGRBGCASCAG -G XAGCGTGGACTACNNGGGTATCTAAT --discard-untrimmed -o trimmed/ERR2835940_1_trimmed.fastq.gz -p trimmed/ERR2835940_2_trimmed.fastq.gz ERR2835940_1.fastq.gz ERR2835940_2.fastq.gz -j 4
Processing paired-end reads on 4 cores ...
Finished in 0.549 s (13.322 µs/read; 4.50 M reads/minute).

=== Summary ===

Total read pairs processed:             41,189
  Read 1 with adapter:                     134 (0.3%)
  Read 2 with adapter:                     106 (0.3%)

== Read fate breakdown ==
Pairs discarded as untrimmed:           41,188 (100.0%)
Pairs written (passing filters):             1 (0.0%)

Total basepairs processed:    20,633,467 bp
  Read 1:    10,335,425 bp
  Read 2:    10,298,042 bp
Total written (filtered):            478 bp (0.0%)
  Read 1:           231 bp
  Read 2:           247 bp

=== First read: Adapter 1 ===

Sequence: ACTCCTAYGGGRBGCASCAG; Type: non-internal 5'; Length: 20; Trimmed: 134 times

Minimum overlap: 3
No. of allowed errors:
1-9 bp: 0; 10-19 bp: 1; 20 bp: 2

Overview of removed sequences
length	count	expect	max.err	error counts
18	1	0.0	1	0 0 1
19	3	0.0	1	0 3
20	130	0.0	2	125 5


=== Second read: Adapter 2 ===

Sequence: AGCGTGGACTACNNGGGTATCTAAT; Type: non-internal 5'; Length: 25; Trimmed: 106 times

Minimum overlap: 3
No. of allowed errors:
1-9 bp: 0; 10-19 bp: 1; 20-23 bp: 2

Overview of removed sequences
length	count	expect	max.err	error counts
3	72	643.6	0	72
4	6	160.9	0	6
5	9	40.2	0	9
19	1	0.0	1	0 1
24	3	0.0	2	0 0 3
25	8	0.0	2	5 1 2
26	5	0.0	2	0 4 1
27	2	0.0	2	0 0 2
