This is cutadapt 4.4 with Python 3.7.12
Command line parameters: -g XACTCCTAYGGGRBGCASCAG -G XAGCGTGGACTACNNGGGTATCTAAT --discard-untrimmed -o trimmed/ERR2835988_1_trimmed.fastq.gz -p trimmed/ERR2835988_2_trimmed.fastq.gz ERR2835988_1.fastq.gz ERR2835988_2.fastq.gz -j 4
Processing paired-end reads on 4 cores ...
Finished in 0.760 s (13.643 µs/read; 4.40 M reads/minute).

=== Summary ===

Total read pairs processed:             55,724
  Read 1 with adapter:                   1,051 (1.9%)
  Read 2 with adapter:                     105 (0.2%)

== Read fate breakdown ==
Pairs discarded as untrimmed:           55,720 (100.0%)
Pairs written (passing filters):             4 (0.0%)

Total basepairs processed:    27,906,035 bp
  Read 1:    13,974,060 bp
  Read 2:    13,931,975 bp
Total written (filtered):          1,885 bp (0.0%)
  Read 1:           923 bp
  Read 2:           962 bp

=== First read: Adapter 1 ===

Sequence: ACTCCTAYGGGRBGCASCAG; Type: non-internal 5'; Length: 20; Trimmed: 1051 times

Minimum overlap: 3
No. of allowed errors:
1-9 bp: 0; 10-19 bp: 1; 20 bp: 2

Overview of removed sequences
length	count	expect	max.err	error counts
3	3	870.7	0	3
4	102	217.7	0	102
5	14	54.4	0	14
8	1	0.9	0	1
18	2	0.0	1	0 0 2
19	17	0.0	1	0 17
20	907	0.0	2	869 34 4
21	5	0.0	2	0 5


=== Second read: Adapter 2 ===

Sequence: AGCGTGGACTACNNGGGTATCTAAT; Type: non-internal 5'; Length: 25; Trimmed: 105 times

Minimum overlap: 3
No. of allowed errors:
1-9 bp: 0; 10-19 bp: 1; 20-23 bp: 2

Overview of removed sequences
length	count	expect	max.err	error counts
3	69	870.7	0	69
4	3	217.7	0	3
5	11	54.4	0	11
22	1	0.0	2	0 1
24	1	0.0	2	0 0 1
25	12	0.0	2	6 5 1
27	8	0.0	2	0 0 8
