This is cutadapt 4.4 with Python 3.7.12
Command line parameters: -g XACTCCTAYGGGRBGCASCAG -G XAGCGTGGACTACNNGGGTATCTAAT --discard-untrimmed -o trimmed/ERR2835937_1_trimmed.fastq.gz -p trimmed/ERR2835937_2_trimmed.fastq.gz ERR2835937_1.fastq.gz ERR2835937_2.fastq.gz -j 4
Processing paired-end reads on 4 cores ...
Finished in 0.713 s (12.085 µs/read; 4.96 M reads/minute).

=== Summary ===

Total read pairs processed:             58,957
  Read 1 with adapter:                       5 (0.0%)
  Read 2 with adapter:                      28 (0.0%)

== Read fate breakdown ==
Pairs discarded as untrimmed:           58,957 (100.0%)
Pairs written (passing filters):             0 (0.0%)

Total basepairs processed:    29,588,392 bp
  Read 1:    14,794,171 bp
  Read 2:    14,794,221 bp
Total written (filtered):              0 bp (0.0%)
  Read 1:             0 bp
  Read 2:             0 bp

=== First read: Adapter 1 ===

Sequence: ACTCCTAYGGGRBGCASCAG; Type: non-internal 5'; Length: 20; Trimmed: 5 times

Minimum overlap: 3
No. of allowed errors:
1-9 bp: 0; 10-19 bp: 1; 20 bp: 2

Overview of removed sequences
length	count	expect	max.err	error counts
4	2	230.3	0	2
20	2	0.0	2	2
22	1	0.0	2	0 0 1


=== Second read: Adapter 2 ===

Sequence: AGCGTGGACTACNNGGGTATCTAAT; Type: non-internal 5'; Length: 25; Trimmed: 28 times

Minimum overlap: 3
No. of allowed errors:
1-9 bp: 0; 10-19 bp: 1; 20-23 bp: 2

Overview of removed sequences
length	count	expect	max.err	error counts
4	2	230.3	0	2
25	26	0.0	2	21 3 2
