This is cutadapt 4.4 with Python 3.7.12
Command line parameters: -g XACTCCTAYGGGRBGCASCAG -G XAGCGTGGACTACNNGGGTATCTAAT --discard-untrimmed -o trimmed/ERR2836032_1_trimmed.fastq.gz -p trimmed/ERR2836032_2_trimmed.fastq.gz ERR2836032_1.fastq.gz ERR2836032_2.fastq.gz -j 4
Processing paired-end reads on 4 cores ...
Finished in 0.688 s (12.697 µs/read; 4.73 M reads/minute).

=== Summary ===

Total read pairs processed:             54,215
  Read 1 with adapter:                       5 (0.0%)
  Read 2 with adapter:                      70 (0.1%)

== Read fate breakdown ==
Pairs discarded as untrimmed:           54,215 (100.0%)
Pairs written (passing filters):             0 (0.0%)

Total basepairs processed:    27,159,185 bp
  Read 1:    13,604,580 bp
  Read 2:    13,554,605 bp
Total written (filtered):              0 bp (0.0%)
  Read 1:             0 bp
  Read 2:             0 bp

=== First read: Adapter 1 ===

Sequence: ACTCCTAYGGGRBGCASCAG; Type: non-internal 5'; Length: 20; Trimmed: 5 times

Minimum overlap: 3
No. of allowed errors:
1-9 bp: 0; 10-19 bp: 1; 20 bp: 2

Overview of removed sequences
length	count	expect	max.err	error counts
4	1	211.8	0	1
20	4	0.0	2	4


=== Second read: Adapter 2 ===

Sequence: AGCGTGGACTACNNGGGTATCTAAT; Type: non-internal 5'; Length: 25; Trimmed: 70 times

Minimum overlap: 3
No. of allowed errors:
1-9 bp: 0; 10-19 bp: 1; 20-23 bp: 2

Overview of removed sequences
length	count	expect	max.err	error counts
3	44	847.1	0	44
4	2	211.8	0	2
24	2	0.0	2	0 1 1
25	12	0.0	2	6 1 5
26	5	0.0	2	0 5
27	5	0.0	2	0 0 5
