This is cutadapt 4.4 with Python 3.7.12
Command line parameters: -g CCTACGGGAGGCAGCAG -a GACTACNVGGGTWTCTAAT --rc --minimum-length 50 -o trimmed/SRR1687016_trimmed.fastq.gz SRR1687016.fastq.gz -j 4
Processing single-end reads on 4 cores ...
Finished in 0.507 s (61.842 µs/read; 0.97 M reads/minute).

=== Summary ===

Total reads processed:                   8,191
Reads with adapters:                     4,617 (56.4%)
Reverse-complemented:                    4,119 (50.3%)

== Read fate breakdown ==
Reads that were too short:               4,122 (50.3%)
Reads written (passing filters):         4,069 (49.7%)

Total basepairs processed:     3,690,970 bp
Total written (filtered):      1,819,626 bp (49.3%)

=== Adapter 1 ===

Sequence: CCTACGGGAGGCAGCAG; Type: regular 5'; Length: 17; Trimmed: 500 times; Reverse-complemented: 4 times

Minimum overlap: 3
No. of allowed errors:
1-9 bp: 0; 10-17 bp: 1

Overview of removed sequences
length	count	expect	max.err	error counts
5	2	8.0	0	2
10	4	0.0	1	2 2
11	474	0.0	1	470 4
12	16	0.0	1	11 5
13	2	0.0	1	0 2
14	2	0.0	1	0 2


=== Adapter 2 ===

Sequence: GACTACNVGGGTWTCTAAT; Type: regular 3'; Length: 19; Trimmed: 4117 times; Reverse-complemented: 4115 times

Minimum overlap: 3
No. of allowed errors:
1-9 bp: 0; 10-18 bp: 1

Bases preceding removed adapters:
  A: 99.5%
  C: 0.4%
  G: 0.1%
  T: 0.0%
  none/other: 0.0%
WARNING:
    The adapter is preceded by 'A' extremely often.
    The provided adapter sequence could be incomplete at its 5' end.
    Ignore this warning when trimming primers.

Overview of removed sequences
length	count	expect	max.err	error counts
431	13	0.0	1	0 13
432	201	0.0	1	0 201
433	541	0.0	1	0 541
434	235	0.0	1	0 235
435	482	0.0	1	1 481
436	588	0.0	1	0 588
437	84	0.0	1	0 84
438	34	0.0	1	0 34
439	13	0.0	1	0 13
440	10	0.0	1	0 10
441	1	0.0	1	0 1
442	4	0.0	1	0 4
443	1	0.0	1	0 1
444	1	0.0	1	0 1
445	1	0.0	1	0 1
447	1	0.0	1	0 1
448	2	0.0	1	0 2
449	8	0.0	1	0 8
450	13	0.0	1	0 13
451	49	0.0	1	0 49
452	349	0.0	1	0 349
453	463	0.0	1	0 463
454	122	0.0	1	1 121
455	26	0.0	1	0 26
456	11	0.0	1	0 11
457	57	0.0	1	0 57
458	657	0.0	1	0 657
459	89	0.0	1	1 88
460	40	0.0	1	0 40
461	14	0.0	1	0 14
462	3	0.0	1	0 3
463	2	0.0	1	0 2
464	1	0.0	1	0 1
468	1	0.0	1	0 1


WARNING:
    One or more of your adapter sequences may be incomplete.
    Please see the detailed output above.
