This is cutadapt 4.4 with Python 3.7.12
Command line parameters: -g CCTACGGGAGGCAGCAG -a GACTACNVGGGTWTCTAAT --rc --discard-untrimmed --minimum-length 50 -o trimmed/SRR1687010_trimmed.fastq.gz SRR1687010.fastq.gz -j 4
Processing single-end reads on 4 cores ...
Finished in 0.760 s (47.668 µs/read; 1.26 M reads/minute).

=== Summary ===

Total reads processed:                  15,946
Reads with adapters:                     9,511 (59.6%)
Reverse-complemented:                    7,779 (48.8%)

== Read fate breakdown ==
Reads that were too short:               7,818 (49.0%)
Reads discarded as untrimmed:            6,417 (40.2%)
Reads written (passing filters):         1,711 (10.7%)

Total basepairs processed:     7,205,543 bp
Total written (filtered):        740,819 bp (10.3%)

=== Adapter 1 ===

Sequence: CCTACGGGAGGCAGCAG; Type: regular 5'; Length: 17; Trimmed: 1733 times; Reverse-complemented: 2 times

Minimum overlap: 3
No. of allowed errors:
1-9 bp: 0; 10-17 bp: 1

Overview of removed sequences
length	count	expect	max.err	error counts
5	1	15.6	0	1
10	8	0.0	1	1 7
11	1713	0.0	1	1707 6
12	10	0.0	1	1 9
13	1	0.0	1	0 1


=== Adapter 2 ===

Sequence: GACTACNVGGGTWTCTAAT; Type: regular 3'; Length: 19; Trimmed: 7778 times; Reverse-complemented: 7777 times

Minimum overlap: 3
No. of allowed errors:
1-9 bp: 0; 10-18 bp: 1

Bases preceding removed adapters:
  A: 0.1%
  C: 0.7%
  G: 0.7%
  T: 98.5%
  none/other: 0.0%
WARNING:
    The adapter is preceded by 'T' extremely often.
    The provided adapter sequence could be incomplete at its 5' end.
    Ignore this warning when trimming primers.

Overview of removed sequences
length	count	expect	max.err	error counts
3	1	249.2	0	1
147	2	0.0	1	0 2
426	1	0.0	1	0 1
430	3	0.0	1	0 3
431	2	0.0	1	0 2
432	22	0.0	1	0 22
433	313	0.0	1	0 313
434	843	0.0	1	0 843
435	408	0.0	1	0 408
436	942	0.0	1	0 942
437	800	0.0	1	0 800
438	163	0.0	1	0 163
439	42	0.0	1	0 42
440	19	0.0	1	0 19
441	6	0.0	1	0 6
442	2	0.0	1	0 2
443	2	0.0	1	0 2
444	3	0.0	1	0 3
445	1	0.0	1	0 1
446	1	0.0	1	0 1
447	1	0.0	1	0 1
449	2	0.0	1	0 2
450	22	0.0	1	0 22
451	26	0.0	1	0 26
452	155	0.0	1	0 155
453	737	0.0	1	0 737
454	1206	0.0	1	0 1206
455	392	0.0	1	0 392
456	85	0.0	1	0 85
457	34	0.0	1	0 34
458	133	0.0	1	0 133
459	1053	0.0	1	0 1053
460	237	0.0	1	0 237
461	70	0.0	1	0 70
462	32	0.0	1	0 32
463	8	0.0	1	0 8
464	3	0.0	1	0 3
465	4	0.0	1	0 4
466	1	0.0	1	0 1
468	1	0.0	1	0 1


WARNING:
    One or more of your adapter sequences may be incomplete.
    Please see the detailed output above.
