This is cutadapt 4.4 with Python 3.7.12
Command line parameters: -g CCTACGGGAGGCAGCAG -a GACTACNVGGGTWTCTAAT --rc --minimum-length 50 -o trimmed/SRR1687036_trimmed.fastq.gz SRR1687036.fastq.gz -j 4
Processing single-end reads on 4 cores ...
Finished in 0.471 s (53.003 µs/read; 1.13 M reads/minute).

=== Summary ===

Total reads processed:                   8,884
Reads with adapters:                     5,143 (57.9%)
Reverse-complemented:                    4,717 (53.1%)

== Read fate breakdown ==
Reads that were too short:               4,721 (53.1%)
Reads written (passing filters):         4,163 (46.9%)

Total basepairs processed:     4,045,305 bp
Total written (filtered):      1,890,563 bp (46.7%)

=== Adapter 1 ===

Sequence: CCTACGGGAGGCAGCAG; Type: regular 5'; Length: 17; Trimmed: 427 times; Reverse-complemented: 1 times

Minimum overlap: 3
No. of allowed errors:
1-9 bp: 0; 10-17 bp: 1

Overview of removed sequences
length	count	expect	max.err	error counts
10	1	0.0	1	0 1
11	419	0.0	1	418 1
12	7	0.0	1	0 7


=== Adapter 2 ===

Sequence: GACTACNVGGGTWTCTAAT; Type: regular 3'; Length: 19; Trimmed: 4716 times; Reverse-complemented: 4716 times

Minimum overlap: 3
No. of allowed errors:
1-9 bp: 0; 10-18 bp: 1

Bases preceding removed adapters:
  A: 0.0%
  C: 0.3%
  G: 0.1%
  T: 99.6%
  none/other: 0.0%
WARNING:
    The adapter is preceded by 'T' extremely often.
    The provided adapter sequence could be incomplete at its 5' end.
    Ignore this warning when trimming primers.

Overview of removed sequences
length	count	expect	max.err	error counts
312	1	0.0	1	0 1
431	2	0.0	1	0 2
432	10	0.0	1	0 10
433	135	0.0	1	0 135
434	1344	0.0	1	0 1344
435	167	0.0	1	0 167
436	178	0.0	1	0 178
437	163	0.0	1	0 163
438	15	0.0	1	0 15
439	10	0.0	1	0 10
440	4	0.0	1	0 4
441	5	0.0	1	0 5
442	2	0.0	1	0 2
443	5	0.0	1	0 5
444	1	0.0	1	0 1
445	2	0.0	1	0 2
449	1	0.0	1	0 1
450	16	0.0	1	0 16
451	8	0.0	1	0 8
452	1	0.0	1	0 1
453	57	0.0	1	0 57
454	447	0.0	1	0 447
455	35	0.0	1	0 35
456	6	0.0	1	0 6
457	9	0.0	1	0 9
458	90	0.0	1	0 90
459	1637	0.0	1	0 1637
460	252	0.0	1	0 252
461	68	0.0	1	0 68
462	19	0.0	1	0 19
463	15	0.0	1	0 15
464	4	0.0	1	0 4
465	5	0.0	1	0 5
467	1	0.0	1	0 1
472	1	0.0	1	0 1


WARNING:
    One or more of your adapter sequences may be incomplete.
    Please see the detailed output above.
