This is cutadapt 4.4 with Python 3.7.12
Command line parameters: -g CCTACGGGAGGCAGCAG -a GACTACNVGGGTWTCTAAT --rc --minimum-length 50 -o trimmed/SRR1687008_trimmed.fastq.gz SRR1687008.fastq.gz -j 4
Processing single-end reads on 4 cores ...
Finished in 1.185 s (82.123 µs/read; 0.73 M reads/minute).

=== Summary ===

Total reads processed:                  14,432
Reads with adapters:                     8,348 (57.8%)
Reverse-complemented:                      101 (0.7%)

== Read fate breakdown ==
Reads that were too short:                 123 (0.9%)
Reads written (passing filters):        14,309 (99.1%)

Total basepairs processed:     6,521,123 bp
Total written (filtered):      6,386,306 bp (97.9%)

=== Adapter 1 ===

Sequence: CCTACGGGAGGCAGCAG; Type: regular 5'; Length: 17; Trimmed: 8253 times; Reverse-complemented: 6 times

Minimum overlap: 3
No. of allowed errors:
1-9 bp: 0; 10-17 bp: 1

Overview of removed sequences
length	count	expect	max.err	error counts
3	5	225.5	0	5
5	1	14.1	0	1
8	1	0.2	0	1
9	1	0.1	0	0 1
10	35	0.0	1	6 29
11	8163	0.0	1	8080 83
12	46	0.0	1	4 42
13	1	0.0	1	0 1


=== Adapter 2 ===

Sequence: GACTACNVGGGTWTCTAAT; Type: regular 3'; Length: 19; Trimmed: 95 times; Reverse-complemented: 95 times

Minimum overlap: 3
No. of allowed errors:
1-9 bp: 0; 10-18 bp: 1

Bases preceding removed adapters:
  A: 92.6%
  C: 6.3%
  G: 1.1%
  T: 0.0%
  none/other: 0.0%
WARNING:
    The adapter is preceded by 'A' extremely often.
    The provided adapter sequence could be incomplete at its 5' end.
    Ignore this warning when trimming primers.

Overview of removed sequences
length	count	expect	max.err	error counts
12	1	0.0	1	0 1
431	1	0.0	1	0 1
433	3	0.0	1	0 3
434	4	0.0	1	0 4
435	6	0.0	1	0 6
436	5	0.0	1	0 5
437	8	0.0	1	0 8
438	4	0.0	1	0 4
439	2	0.0	1	0 2
452	1	0.0	1	0 1
453	8	0.0	1	0 8
454	12	0.0	1	0 12
455	19	0.0	1	0 19
456	3	0.0	1	0 3
458	1	0.0	1	0 1
459	1	0.0	1	0 1
460	11	0.0	1	0 11
461	3	0.0	1	0 3
462	2	0.0	1	0 2


WARNING:
    One or more of your adapter sequences may be incomplete.
    Please see the detailed output above.
