This is cutadapt 4.4 with Python 3.7.12
Command line parameters: -g CCTACGGGAGGCAGCAG -a GACTACNVGGGTWTCTAAT --rc --minimum-length 50 -o trimmed/SRR1686995_trimmed.fastq.gz SRR1686995.fastq.gz -j 4
Processing single-end reads on 4 cores ...
Finished in 0.378 s (87.854 µs/read; 0.68 M reads/minute).

=== Summary ===

Total reads processed:                   4,299
Reads with adapters:                     2,436 (56.7%)
Reverse-complemented:                    2,092 (48.7%)

== Read fate breakdown ==
Reads that were too short:               2,091 (48.6%)
Reads written (passing filters):         2,208 (51.4%)

Total basepairs processed:     1,907,627 bp
Total written (filtered):        969,374 bp (50.8%)

=== Adapter 1 ===

Sequence: CCTACGGGAGGCAGCAG; Type: regular 5'; Length: 17; Trimmed: 343 times; Reverse-complemented: 1 times

Minimum overlap: 3
No. of allowed errors:
1-9 bp: 0; 10-17 bp: 1

Overview of removed sequences
length	count	expect	max.err	error counts
9	1	0.0	0	1
10	5	0.0	1	0 5
11	333	0.0	1	333
12	4	0.0	1	1 3


=== Adapter 2 ===

Sequence: GACTACNVGGGTWTCTAAT; Type: regular 3'; Length: 19; Trimmed: 2093 times; Reverse-complemented: 2091 times

Minimum overlap: 3
No. of allowed errors:
1-9 bp: 0; 10-18 bp: 1

Bases preceding removed adapters:
  A: 0.0%
  C: 99.6%
  G: 0.1%
  T: 0.2%
  none/other: 0.0%
WARNING:
    The adapter is preceded by 'C' extremely often.
    The provided adapter sequence could be incomplete at its 5' end.
    Ignore this warning when trimming primers.

Overview of removed sequences
length	count	expect	max.err	error counts
3	1	67.2	0	1
7	1	0.3	0	1
430	1	0.0	1	0 1
431	2	0.0	1	0 2
432	12	0.0	1	0 12
433	190	0.0	1	0 190
434	505	0.0	1	0 505
435	230	0.0	1	0 230
436	198	0.0	1	0 198
437	413	0.0	1	0 413
438	147	0.0	1	0 147
439	20	0.0	1	0 20
440	9	0.0	1	0 9
441	2	0.0	1	0 2
443	3	0.0	1	0 3
451	4	0.0	1	0 4
452	7	0.0	1	0 7
453	122	0.0	1	0 122
454	75	0.0	1	0 75
455	10	0.0	1	0 10
456	5	0.0	1	0 5
457	2	0.0	1	0 2
458	7	0.0	1	0 7
459	109	0.0	1	0 109
460	10	0.0	1	0 10
461	5	0.0	1	0 5
462	2	0.0	1	0 2
464	1	0.0	1	0 1


WARNING:
    One or more of your adapter sequences may be incomplete.
    Please see the detailed output above.
