This is cutadapt 4.4 with Python 3.7.12
Command line parameters: -g CCTACGGGAGGCAGCAG -a GACTACNVGGGTWTCTAAT --rc --minimum-length 50 -o trimmed/SRR1663485_trimmed.fastq.gz SRR1663485.fastq.gz -j 4
Processing single-end reads on 4 cores ...
Finished in 0.315 s (96.632 µs/read; 0.62 M reads/minute).

=== Summary ===

Total reads processed:                   3,261
Reads with adapters:                         3 (0.1%)
Reverse-complemented:                        2 (0.1%)

== Read fate breakdown ==
Reads that were too short:                   2 (0.1%)
Reads written (passing filters):         3,259 (99.9%)

Total basepairs processed:     1,492,572 bp
Total written (filtered):      1,491,662 bp (99.9%)

=== Adapter 1 ===

Sequence: CCTACGGGAGGCAGCAG; Type: regular 5'; Length: 17; Trimmed: 0 times; Reverse-complemented: 0 times

=== Adapter 2 ===

Sequence: GACTACNVGGGTWTCTAAT; Type: regular 3'; Length: 19; Trimmed: 3 times; Reverse-complemented: 2 times

Minimum overlap: 3
No. of allowed errors:
1-9 bp: 0; 10-18 bp: 1

Bases preceding removed adapters:
  A: 66.7%
  C: 0.0%
  G: 33.3%
  T: 0.0%
  none/other: 0.0%

Overview of removed sequences
length	count	expect	max.err	error counts
8	1	0.0	0	1
441	1	0.0	1	0 1
443	1	0.0	1	0 1
