This is cutadapt 4.4 with Python 3.7.12
Command line parameters: -g CCTACGGGAGGCAGCAG -a GACTACNVGGGTWTCTAAT --rc --minimum-length 50 -o trimmed/SRR1687027_trimmed.fastq.gz SRR1687027.fastq.gz -j 4
Processing single-end reads on 4 cores ...
Finished in 0.362 s (120.910 µs/read; 0.50 M reads/minute).

=== Summary ===

Total reads processed:                   2,995
Reads with adapters:                     1,615 (53.9%)
Reverse-complemented:                       12 (0.4%)

== Read fate breakdown ==
Reads that were too short:                   9 (0.3%)
Reads written (passing filters):         2,986 (99.7%)

Total basepairs processed:     1,362,248 bp
Total written (filtered):      1,340,985 bp (98.4%)

=== Adapter 1 ===

Sequence: CCTACGGGAGGCAGCAG; Type: regular 5'; Length: 17; Trimmed: 1607 times; Reverse-complemented: 4 times

Minimum overlap: 3
No. of allowed errors:
1-9 bp: 0; 10-17 bp: 1

Overview of removed sequences
length	count	expect	max.err	error counts
3	4	46.8	0	4
10	8	0.0	1	5 3
11	1586	0.0	1	1578 8
12	9	0.0	1	3 6


=== Adapter 2 ===

Sequence: GACTACNVGGGTWTCTAAT; Type: regular 3'; Length: 19; Trimmed: 8 times; Reverse-complemented: 8 times

Minimum overlap: 3
No. of allowed errors:
1-9 bp: 0; 10-18 bp: 1

Bases preceding removed adapters:
  A: 75.0%
  C: 0.0%
  G: 25.0%
  T: 0.0%
  none/other: 0.0%

Overview of removed sequences
length	count	expect	max.err	error counts
434	2	0.0	1	0 2
435	2	0.0	1	0 2
437	1	0.0	1	0 1
453	1	0.0	1	0 1
454	1	0.0	1	0 1
459	1	0.0	1	0 1
