This is cutadapt 4.4 with Python 3.7.12
Command line parameters: -g CCTACGGGAGGCAGCAG -a GACTACNVGGGTWTCTAAT --rc --minimum-length 50 -o trimmed/SRR1687031_trimmed.fastq.gz SRR1687031.fastq.gz -j 4
Processing single-end reads on 4 cores ...
Finished in 0.300 s (91.957 µs/read; 0.65 M reads/minute).

=== Summary ===

Total reads processed:                   3,257
Reads with adapters:                     1,810 (55.6%)
Reverse-complemented:                    1,704 (52.3%)

== Read fate breakdown ==
Reads that were too short:               1,704 (52.3%)
Reads written (passing filters):         1,553 (47.7%)

Total basepairs processed:     1,473,968 bp
Total written (filtered):        700,476 bp (47.5%)

=== Adapter 1 ===

Sequence: CCTACGGGAGGCAGCAG; Type: regular 5'; Length: 17; Trimmed: 106 times; Reverse-complemented: 0 times

Minimum overlap: 3
No. of allowed errors:
1-9 bp: 0; 10-17 bp: 1

Overview of removed sequences
length	count	expect	max.err	error counts
10	1	0.0	1	1
11	103	0.0	1	101 2
12	2	0.0	1	0 2


=== Adapter 2 ===

Sequence: GACTACNVGGGTWTCTAAT; Type: regular 3'; Length: 19; Trimmed: 1704 times; Reverse-complemented: 1704 times

Minimum overlap: 3
No. of allowed errors:
1-9 bp: 0; 10-18 bp: 1

Bases preceding removed adapters:
  A: 99.9%
  C: 0.0%
  G: 0.0%
  T: 0.1%
  none/other: 0.0%
WARNING:
    The adapter is preceded by 'A' extremely often.
    The provided adapter sequence could be incomplete at its 5' end.
    Ignore this warning when trimming primers.

Overview of removed sequences
length	count	expect	max.err	error counts
146	2	0.0	1	0 2
147	21	0.0	1	0 21
148	2	0.0	1	0 2
433	34	0.0	1	0 34
434	172	0.0	1	0 172
435	64	0.0	1	0 64
436	116	0.0	1	0 116
437	154	0.0	1	0 154
438	9	0.0	1	0 9
439	6	0.0	1	0 6
440	3	0.0	1	0 3
442	1	0.0	1	0 1
451	2	0.0	1	0 2
452	13	0.0	1	0 13
453	137	0.0	1	0 137
454	284	0.0	1	0 284
455	84	0.0	1	0 84
456	8	0.0	1	0 8
457	4	0.0	1	0 4
458	27	0.0	1	0 27
459	437	0.0	1	0 437
460	102	0.0	1	0 102
461	13	0.0	1	0 13
462	3	0.0	1	0 3
463	1	0.0	1	0 1
464	4	0.0	1	0 4
466	1	0.0	1	0 1


WARNING:
    One or more of your adapter sequences may be incomplete.
    Please see the detailed output above.
