This is cutadapt 4.4 with Python 3.7.12
Command line parameters: -g CCTACGGGAGGCAGCAG -a GACTACNVGGGTWTCTAAT --rc --discard-untrimmed --minimum-length 50 -o trimmed/SRR1687011_trimmed.fastq.gz SRR1687011.fastq.gz -j 4
Processing single-end reads on 4 cores ...
Finished in 0.962 s (60.344 µs/read; 0.99 M reads/minute).

=== Summary ===

Total reads processed:                  15,938
Reads with adapters:                     9,445 (59.3%)
Reverse-complemented:                       79 (0.5%)

== Read fate breakdown ==
Reads that were too short:                 108 (0.7%)
Reads discarded as untrimmed:            6,486 (40.7%)
Reads written (passing filters):         9,344 (58.6%)

Total basepairs processed:     7,168,475 bp
Total written (filtered):      4,100,970 bp (57.2%)

=== Adapter 1 ===

Sequence: CCTACGGGAGGCAGCAG; Type: regular 5'; Length: 17; Trimmed: 9369 times; Reverse-complemented: 4 times

Minimum overlap: 3
No. of allowed errors:
1-9 bp: 0; 10-17 bp: 1

Overview of removed sequences
length	count	expect	max.err	error counts
3	1	249.0	0	1
4	1	62.3	0	1
6	1	3.9	0	1
8	1	0.2	0	1
9	2	0.1	0	0 2
10	51	0.0	1	13 38
11	9257	0.0	1	9198 59
12	51	0.0	1	11 40
13	2	0.0	1	1 1
15	2	0.0	1	0 2


=== Adapter 2 ===

Sequence: GACTACNVGGGTWTCTAAT; Type: regular 3'; Length: 19; Trimmed: 76 times; Reverse-complemented: 75 times

Minimum overlap: 3
No. of allowed errors:
1-9 bp: 0; 10-18 bp: 1

Bases preceding removed adapters:
  A: 13.2%
  C: 85.5%
  G: 0.0%
  T: 0.0%
  none/other: 1.3%
WARNING:
    The adapter is preceded by 'C' extremely often.
    The provided adapter sequence could be incomplete at its 5' end.
    Ignore this warning when trimming primers.

Overview of removed sequences
length	count	expect	max.err	error counts
433	7	0.0	1	0 7
434	9	0.0	1	0 9
435	4	0.0	1	0 4
436	6	0.0	1	0 6
437	6	0.0	1	0 6
438	3	0.0	1	0 3
450	1	0.0	1	0 1
452	3	0.0	1	0 3
453	4	0.0	1	0 4
454	8	0.0	1	0 8
455	5	0.0	1	0 5
456	1	0.0	1	0 1
458	1	0.0	1	0 1
459	13	0.0	1	0 13
460	3	0.0	1	0 3
461	1	0.0	1	0 1
468	1	0.0	1	0 1


WARNING:
    One or more of your adapter sequences may be incomplete.
    Please see the detailed output above.
