This is cutadapt 4.4 with Python 3.7.12
Command line parameters: -g CCTACGGGAGGCAGCAG -a GACTACNVGGGTWTCTAAT --rc --minimum-length 50 -o trimmed/SRR1687037_trimmed.fastq.gz SRR1687037.fastq.gz -j 4
Processing single-end reads on 4 cores ...
Finished in 0.748 s (69.339 µs/read; 0.87 M reads/minute).

=== Summary ===

Total reads processed:                  10,790
Reads with adapters:                     6,316 (58.5%)
Reverse-complemented:                       12 (0.1%)

== Read fate breakdown ==
Reads that were too short:                  16 (0.1%)
Reads written (passing filters):        10,774 (99.9%)

Total basepairs processed:     4,922,461 bp
Total written (filtered):      4,847,433 bp (98.5%)

=== Adapter 1 ===

Sequence: CCTACGGGAGGCAGCAG; Type: regular 5'; Length: 17; Trimmed: 6304 times; Reverse-complemented: 0 times

Minimum overlap: 3
No. of allowed errors:
1-9 bp: 0; 10-17 bp: 1

Overview of removed sequences
length	count	expect	max.err	error counts
8	1	0.2	0	1
9	1	0.0	0	0 1
10	25	0.0	1	13 12
11	6237	0.0	1	6222 15
12	39	0.0	1	7 32
13	1	0.0	1	0 1


=== Adapter 2 ===

Sequence: GACTACNVGGGTWTCTAAT; Type: regular 3'; Length: 19; Trimmed: 12 times; Reverse-complemented: 12 times

Minimum overlap: 3
No. of allowed errors:
1-9 bp: 0; 10-18 bp: 1

Bases preceding removed adapters:
  A: 25.0%
  C: 41.7%
  G: 16.7%
  T: 16.7%
  none/other: 0.0%

Overview of removed sequences
length	count	expect	max.err	error counts
435	1	0.0	1	0 1
436	1	0.0	1	0 1
437	2	0.0	1	0 2
453	2	0.0	1	0 2
457	1	0.0	1	0 1
458	2	0.0	1	0 2
459	3	0.0	1	0 3
