This is cutadapt 4.4 with Python 3.7.12
Command line parameters: -g CCTACGGGAGGCAGCAG -a GACTACNVGGGTWTCTAAT --rc --discard-untrimmed --minimum-length 50 -o trimmed/SRR1663487_trimmed.fastq.gz SRR1663487.fastq.gz -j 4
Processing single-end reads on 4 cores ...
Finished in 0.308 s (83.583 µs/read; 0.72 M reads/minute).

=== Summary ===

Total reads processed:                   3,690
Reads with adapters:                     3,398 (92.1%)
Reverse-complemented:                    2,316 (62.8%)

== Read fate breakdown ==
Reads that were too short:               3,398 (92.1%)
Reads discarded as untrimmed:              292 (7.9%)
Reads written (passing filters):             0 (0.0%)

Total basepairs processed:     1,686,420 bp
Total written (filtered):              0 bp (0.0%)

=== Adapter 1 ===

Sequence: CCTACGGGAGGCAGCAG; Type: regular 5'; Length: 17; Trimmed: 0 times; Reverse-complemented: 0 times

=== Adapter 2 ===

Sequence: GACTACNVGGGTWTCTAAT; Type: regular 3'; Length: 19; Trimmed: 3398 times; Reverse-complemented: 2316 times

Minimum overlap: 3
No. of allowed errors:
1-9 bp: 0; 10-18 bp: 1

Bases preceding removed adapters:
  A: 99.7%
  C: 0.2%
  G: 0.0%
  T: 0.1%
  none/other: 0.0%
WARNING:
    The adapter is preceded by 'A' extremely often.
    The provided adapter sequence could be incomplete at its 5' end.
    Ignore this warning when trimming primers.

Overview of removed sequences
length	count	expect	max.err	error counts
280	2	0.0	1	0 2
400	1	0.0	1	0 1
402	1	0.0	1	0 1
433	2	0.0	1	0 2
434	1	0.0	1	0 1
435	1	0.0	1	0 1
436	2	0.0	1	0 2
438	1	0.0	1	0 1
440	4	0.0	1	0 4
441	31	0.0	1	0 31
442	437	0.0	1	0 437
443	989	0.0	1	0 989
444	383	0.0	1	0 383
445	292	0.0	1	0 292
446	326	0.0	1	0 326
447	90	0.0	1	0 90
448	32	0.0	1	0 32
449	11	0.0	1	0 11
450	9	0.0	1	0 9
451	3	0.0	1	0 3
452	8	0.0	1	0 8
453	3	0.0	1	0 3
455	1	0.0	1	0 1
459	1	0.0	1	0 1
460	4	0.0	1	0 4
461	9	0.0	1	0 9
462	61	0.0	1	0 61
463	66	0.0	1	0 66
464	10	0.0	1	0 10
465	7	0.0	1	0 7
466	6	0.0	1	0 6
467	38	0.0	1	0 38
468	428	0.0	1	0 428
469	75	0.0	1	0 75
470	25	0.0	1	0 25
471	5	0.0	1	0 5
472	8	0.0	1	0 8
473	6	0.0	1	0 6
474	3	0.0	1	0 3
476	2	0.0	1	0 2
477	1	0.0	1	0 1
481	2	0.0	1	0 2
484	1	0.0	1	0 1
485	1	0.0	1	0 1
486	2	0.0	1	0 2
487	1	0.0	1	0 1
490	1	0.0	1	0 1
491	1	0.0	1	0 1
499	1	0.0	1	0 1
511	2	0.0	1	0 2
513	1	0.0	1	0 1


WARNING:
    One or more of your adapter sequences may be incomplete.
    Please see the detailed output above.
