This is cutadapt 4.4 with Python 3.7.12
Command line parameters: -g CCTACGGGAGGCAGCAG -a GACTACNVGGGTWTCTAAT --rc --discard-untrimmed --minimum-length 50 -o trimmed/SRR1687014_trimmed.fastq.gz SRR1687014.fastq.gz -j 4
Processing single-end reads on 4 cores ...
Finished in 0.215 s (94.190 µs/read; 0.64 M reads/minute).

=== Summary ===

Total reads processed:                   2,284
Reads with adapters:                       348 (15.2%)
Reverse-complemented:                      301 (13.2%)

== Read fate breakdown ==
Reads that were too short:                 301 (13.2%)
Reads discarded as untrimmed:            1,936 (84.8%)
Reads written (passing filters):            47 (2.1%)

Total basepairs processed:     1,025,114 bp
Total written (filtered):         18,340 bp (1.8%)

=== Adapter 1 ===

Sequence: CCTACGGGAGGCAGCAG; Type: regular 5'; Length: 17; Trimmed: 47 times; Reverse-complemented: 2 times

Minimum overlap: 3
No. of allowed errors:
1-9 bp: 0; 10-17 bp: 1

Overview of removed sequences
length	count	expect	max.err	error counts
10	2	0.0	1	1 1
11	40	0.0	1	26 14
12	5	0.0	1	1 4


=== Adapter 2 ===

Sequence: GACTACNVGGGTWTCTAAT; Type: regular 3'; Length: 19; Trimmed: 301 times; Reverse-complemented: 299 times

Minimum overlap: 3
No. of allowed errors:
1-9 bp: 0; 10-18 bp: 1

Bases preceding removed adapters:
  A: 98.3%
  C: 1.0%
  G: 0.0%
  T: 0.0%
  none/other: 0.7%
WARNING:
    The adapter is preceded by 'A' extremely often.
    The provided adapter sequence could be incomplete at its 5' end.
    Ignore this warning when trimming primers.

Overview of removed sequences
length	count	expect	max.err	error counts
431	1	0.0	1	0 1
433	18	0.0	1	0 18
434	35	0.0	1	0 35
435	14	0.0	1	0 14
436	57	0.0	1	0 57
437	54	0.0	1	0 54
438	27	0.0	1	0 27
439	7	0.0	1	0 7
440	4	0.0	1	0 4
441	2	0.0	1	0 2
445	1	0.0	1	0 1
447	1	0.0	1	0 1
452	2	0.0	1	0 2
453	15	0.0	1	0 15
454	19	0.0	1	0 19
455	10	0.0	1	0 10
456	3	0.0	1	0 3
457	3	0.0	1	0 3
458	3	0.0	1	0 3
459	19	0.0	1	0 19
460	3	0.0	1	0 3
461	2	0.0	1	0 2
462	1	0.0	1	0 1


WARNING:
    One or more of your adapter sequences may be incomplete.
    Please see the detailed output above.
