This is cutadapt 4.4 with Python 3.7.12
Command line parameters: -g CCTACGGGAGGCAGCAG -a GACTACNVGGGTWTCTAAT --rc --minimum-length 50 -o trimmed/SRR1663661_trimmed.fastq.gz SRR1663661.fastq.gz -j 4
Processing single-end reads on 4 cores ...
Finished in 0.527 s (92.625 µs/read; 0.65 M reads/minute).

=== Summary ===

Total reads processed:                   5,688
Reads with adapters:                     3,223 (56.7%)
Reverse-complemented:                       12 (0.2%)

== Read fate breakdown ==
Reads that were too short:                  11 (0.2%)
Reads written (passing filters):         5,677 (99.8%)

Total basepairs processed:     2,570,100 bp
Total written (filtered):      2,530,662 bp (98.5%)

=== Adapter 1 ===

Sequence: CCTACGGGAGGCAGCAG; Type: regular 5'; Length: 17; Trimmed: 3214 times; Reverse-complemented: 3 times

Minimum overlap: 3
No. of allowed errors:
1-9 bp: 0; 10-17 bp: 1

Overview of removed sequences
length	count	expect	max.err	error counts
3	3	88.9	0	3
10	15	0.0	1	8 7
11	3187	0.0	1	3166 21
12	8	0.0	1	1 7
13	1	0.0	1	0 1


=== Adapter 2 ===

Sequence: GACTACNVGGGTWTCTAAT; Type: regular 3'; Length: 19; Trimmed: 9 times; Reverse-complemented: 9 times

Minimum overlap: 3
No. of allowed errors:
1-9 bp: 0; 10-18 bp: 1

Bases preceding removed adapters:
  A: 100.0%
  C: 0.0%
  G: 0.0%
  T: 0.0%
  none/other: 0.0%

Overview of removed sequences
length	count	expect	max.err	error counts
432	1	0.0	1	0 1
433	1	0.0	1	0 1
434	2	0.0	1	0 2
436	1	0.0	1	0 1
457	1	0.0	1	0 1
459	3	0.0	1	0 3
