This is cutadapt 4.4 with Python 3.7.12
Command line parameters: -g CCTACGGGAGGCAGCAG -a GACTACNVGGGTWTCTAAT --rc --minimum-length 50 -o trimmed/SRR1663615_trimmed.fastq.gz SRR1663615.fastq.gz -j 4
Processing single-end reads on 4 cores ...
Finished in 0.742 s (56.347 µs/read; 1.06 M reads/minute).

=== Summary ===

Total reads processed:                  13,165
Reads with adapters:                     7,760 (58.9%)
Reverse-complemented:                    7,202 (54.7%)

== Read fate breakdown ==
Reads that were too short:               7,213 (54.8%)
Reads written (passing filters):         5,952 (45.2%)

Total basepairs processed:     5,926,978 bp
Total written (filtered):      2,667,980 bp (45.0%)

=== Adapter 1 ===

Sequence: CCTACGGGAGGCAGCAG; Type: regular 5'; Length: 17; Trimmed: 556 times; Reverse-complemented: 0 times

Minimum overlap: 3
No. of allowed errors:
1-9 bp: 0; 10-17 bp: 1

Overview of removed sequences
length	count	expect	max.err	error counts
9	1	0.1	0	0 1
10	2	0.0	1	0 2
11	550	0.0	1	549 1
12	3	0.0	1	0 3


=== Adapter 2 ===

Sequence: GACTACNVGGGTWTCTAAT; Type: regular 3'; Length: 19; Trimmed: 7204 times; Reverse-complemented: 7202 times

Minimum overlap: 3
No. of allowed errors:
1-9 bp: 0; 10-18 bp: 1

Bases preceding removed adapters:
  A: 0.0%
  C: 99.8%
  G: 0.0%
  T: 0.2%
  none/other: 0.0%
WARNING:
    The adapter is preceded by 'C' extremely often.
    The provided adapter sequence could be incomplete at its 5' end.
    Ignore this warning when trimming primers.

Overview of removed sequences
length	count	expect	max.err	error counts
96	1	0.0	1	0 1
140	1	0.0	1	0 1
367	1	0.0	1	0 1
429	1	0.0	1	0 1
431	1	0.0	1	0 1
432	9	0.0	1	0 9
433	342	0.0	1	0 342
434	2124	0.0	1	0 2124
435	640	0.0	1	0 640
436	617	0.0	1	0 617
437	651	0.0	1	0 651
438	51	0.0	1	0 51
439	15	0.0	1	0 15
440	11	0.0	1	0 11
441	4	0.0	1	0 4
442	4	0.0	1	0 4
443	4	0.0	1	0 4
445	1	0.0	1	0 1
448	1	0.0	1	0 1
450	2	0.0	1	0 2
452	19	0.0	1	0 19
453	274	0.0	1	0 274
454	276	0.0	1	0 276
455	43	0.0	1	0 43
456	15	0.0	1	0 15
457	6	0.0	1	0 6
458	59	0.0	1	0 59
459	1847	0.0	1	0 1847
460	140	0.0	1	0 140
461	26	0.0	1	0 26
462	9	0.0	1	0 9
463	3	0.0	1	0 3
464	4	0.0	1	0 4
465	2	0.0	1	0 2


WARNING:
    One or more of your adapter sequences may be incomplete.
    Please see the detailed output above.
