This is cutadapt 4.4 with Python 3.7.12
Command line parameters: -g CCTACGGGAGGCAGCAG -a GACTACNVGGGTWTCTAAT --rc --minimum-length 50 -o trimmed/SRR1687015_trimmed.fastq.gz SRR1687015.fastq.gz -j 4
Processing single-end reads on 4 cores ...
Finished in 0.248 s (119.293 µs/read; 0.50 M reads/minute).

=== Summary ===

Total reads processed:                   2,078
Reads with adapters:                       542 (26.1%)
Reverse-complemented:                        0 (0.0%)

== Read fate breakdown ==
Reads that were too short:                   2 (0.1%)
Reads written (passing filters):         2,076 (99.9%)

Total basepairs processed:       935,360 bp
Total written (filtered):        929,326 bp (99.4%)

=== Adapter 1 ===

Sequence: CCTACGGGAGGCAGCAG; Type: regular 5'; Length: 17; Trimmed: 542 times; Reverse-complemented: 0 times

Minimum overlap: 3
No. of allowed errors:
1-9 bp: 0; 10-17 bp: 1

Overview of removed sequences
length	count	expect	max.err	error counts
10	16	0.0	1	5 11
11	517	0.0	1	390 127
12	9	0.0	1	2 7


=== Adapter 2 ===

Sequence: GACTACNVGGGTWTCTAAT; Type: regular 3'; Length: 19; Trimmed: 0 times; Reverse-complemented: 0 times
