This is cutadapt 4.4 with Python 3.7.12
Command line parameters: -g CCTACGGGAGGCAGCAG -a GACTACNVGGGTWTCTAAT --rc --minimum-length 50 -o trimmed/SRR1686998_trimmed.fastq.gz SRR1686998.fastq.gz -j 4
Processing single-end reads on 4 cores ...
Finished in 0.403 s (82.910 µs/read; 0.72 M reads/minute).

=== Summary ===

Total reads processed:                   4,865
Reads with adapters:                     2,625 (54.0%)
Reverse-complemented:                    2,142 (44.0%)

== Read fate breakdown ==
Reads that were too short:               2,144 (44.1%)
Reads written (passing filters):         2,721 (55.9%)

Total basepairs processed:     2,163,815 bp
Total written (filtered):      1,202,732 bp (55.6%)

=== Adapter 1 ===

Sequence: CCTACGGGAGGCAGCAG; Type: regular 5'; Length: 17; Trimmed: 473 times; Reverse-complemented: 1 times

Minimum overlap: 3
No. of allowed errors:
1-9 bp: 0; 10-17 bp: 1

Overview of removed sequences
length	count	expect	max.err	error counts
3	1	76.0	0	1
6	1	1.2	0	1
10	2	0.0	1	1 1
11	464	0.0	1	458 6
12	5	0.0	1	3 2


=== Adapter 2 ===

Sequence: GACTACNVGGGTWTCTAAT; Type: regular 3'; Length: 19; Trimmed: 2152 times; Reverse-complemented: 2141 times

Minimum overlap: 3
No. of allowed errors:
1-9 bp: 0; 10-18 bp: 1

Bases preceding removed adapters:
  A: 99.3%
  C: 0.2%
  G: 0.0%
  T: 0.5%
  none/other: 0.0%
WARNING:
    The adapter is preceded by 'A' extremely often.
    The provided adapter sequence could be incomplete at its 5' end.
    Ignore this warning when trimming primers.

Overview of removed sequences
length	count	expect	max.err	error counts
8	11	0.1	0	11
427	1	0.0	1	0 1
428	3	0.0	1	0 3
431	1	0.0	1	0 1
432	23	0.0	1	0 23
433	400	0.0	1	0 400
434	801	0.0	1	1 800
435	188	0.0	1	0 188
436	120	0.0	1	0 120
437	141	0.0	1	0 141
438	33	0.0	1	0 33
439	17	0.0	1	0 17
440	4	0.0	1	0 4
450	1	0.0	1	0 1
451	3	0.0	1	0 3
452	17	0.0	1	0 17
453	173	0.0	1	0 173
454	65	0.0	1	0 65
455	10	0.0	1	0 10
456	3	0.0	1	0 3
457	3	0.0	1	0 3
458	7	0.0	1	0 7
459	104	0.0	1	0 104
460	17	0.0	1	0 17
461	5	0.0	1	0 5
462	1	0.0	1	0 1


WARNING:
    One or more of your adapter sequences may be incomplete.
    Please see the detailed output above.
