This is cutadapt 4.4 with Python 3.7.12
Command line parameters: -g CCTACGGGAGGCAGCAG -a GACTACNVGGGTWTCTAAT --rc --discard-untrimmed --minimum-length 50 -o trimmed/SRR1687028_trimmed.fastq.gz SRR1687028.fastq.gz -j 4
Processing single-end reads on 4 cores ...
Finished in 0.259 s (94.832 µs/read; 0.63 M reads/minute).

=== Summary ===

Total reads processed:                   2,731
Reads with adapters:                     1,478 (54.1%)
Reverse-complemented:                    1,368 (50.1%)

== Read fate breakdown ==
Reads that were too short:               1,369 (50.1%)
Reads discarded as untrimmed:            1,253 (45.9%)
Reads written (passing filters):           109 (4.0%)

Total basepairs processed:     1,246,478 bp
Total written (filtered):         44,571 bp (3.6%)

=== Adapter 1 ===

Sequence: CCTACGGGAGGCAGCAG; Type: regular 5'; Length: 17; Trimmed: 110 times; Reverse-complemented: 0 times

Minimum overlap: 3
No. of allowed errors:
1-9 bp: 0; 10-17 bp: 1

Overview of removed sequences
length	count	expect	max.err	error counts
11	109	0.0	1	109
12	1	0.0	1	0 1


=== Adapter 2 ===

Sequence: GACTACNVGGGTWTCTAAT; Type: regular 3'; Length: 19; Trimmed: 1368 times; Reverse-complemented: 1368 times

Minimum overlap: 3
No. of allowed errors:
1-9 bp: 0; 10-18 bp: 1

Bases preceding removed adapters:
  A: 0.2%
  C: 0.2%
  G: 99.3%
  T: 0.3%
  none/other: 0.0%
WARNING:
    The adapter is preceded by 'G' extremely often.
    The provided adapter sequence could be incomplete at its 5' end.
    Ignore this warning when trimming primers.

Overview of removed sequences
length	count	expect	max.err	error counts
367	1	0.0	1	0 1
369	1	0.0	1	0 1
432	2	0.0	1	0 2
433	34	0.0	1	0 34
434	127	0.0	1	0 127
435	55	0.0	1	0 55
436	93	0.0	1	0 93
437	94	0.0	1	0 94
438	14	0.0	1	0 14
439	9	0.0	1	0 9
440	1	0.0	1	0 1
441	1	0.0	1	0 1
450	1	0.0	1	0 1
451	1	0.0	1	0 1
452	20	0.0	1	0 20
453	89	0.0	1	0 89
454	270	0.0	1	1 269
455	43	0.0	1	0 43
456	12	0.0	1	0 12
457	2	0.0	1	0 2
458	13	0.0	1	0 13
459	207	0.0	1	1 206
460	164	0.0	1	0 164
461	76	0.0	1	0 76
462	26	0.0	1	0 26
463	6	0.0	1	0 6
464	2	0.0	1	0 2
466	2	0.0	1	0 2
467	2	0.0	1	0 2


WARNING:
    One or more of your adapter sequences may be incomplete.
    Please see the detailed output above.
