This is cutadapt 4.4 with Python 3.7.12
Command line parameters: -g CCTACGGGAGGCAGCAG -a GACTACNVGGGTWTCTAAT --rc --minimum-length 50 -o trimmed/SRR1687004_trimmed.fastq.gz SRR1687004.fastq.gz -j 4
Processing single-end reads on 4 cores ...
Finished in 0.234 s (107.940 µs/read; 0.56 M reads/minute).

=== Summary ===

Total reads processed:                   2,170
Reads with adapters:                     1,257 (57.9%)
Reverse-complemented:                    1,043 (48.1%)

== Read fate breakdown ==
Reads that were too short:               1,044 (48.1%)
Reads written (passing filters):         1,126 (51.9%)

Total basepairs processed:       976,715 bp
Total written (filtered):        499,694 bp (51.2%)

=== Adapter 1 ===

Sequence: CCTACGGGAGGCAGCAG; Type: regular 5'; Length: 17; Trimmed: 214 times; Reverse-complemented: 0 times

Minimum overlap: 3
No. of allowed errors:
1-9 bp: 0; 10-17 bp: 1

Overview of removed sequences
length	count	expect	max.err	error counts
10	3	0.0	1	2 1
11	211	0.0	1	210 1


=== Adapter 2 ===

Sequence: GACTACNVGGGTWTCTAAT; Type: regular 3'; Length: 19; Trimmed: 1043 times; Reverse-complemented: 1043 times

Minimum overlap: 3
No. of allowed errors:
1-9 bp: 0; 10-18 bp: 1

Bases preceding removed adapters:
  A: 100.0%
  C: 0.0%
  G: 0.0%
  T: 0.0%
  none/other: 0.0%
WARNING:
    The adapter is preceded by 'A' extremely often.
    The provided adapter sequence could be incomplete at its 5' end.
    Ignore this warning when trimming primers.

Overview of removed sequences
length	count	expect	max.err	error counts
430	1	0.0	1	0 1
431	1	0.0	1	0 1
432	3	0.0	1	0 3
433	58	0.0	1	0 58
434	129	0.0	1	0 129
435	52	0.0	1	0 52
436	116	0.0	1	0 116
437	94	0.0	1	0 94
438	13	0.0	1	0 13
439	3	0.0	1	0 3
440	4	0.0	1	0 4
450	1	0.0	1	0 1
451	4	0.0	1	0 4
452	17	0.0	1	0 17
453	84	0.0	1	0 84
454	97	0.0	1	0 97
455	26	0.0	1	0 26
456	8	0.0	1	0 8
457	1	0.0	1	0 1
458	10	0.0	1	0 10
459	252	0.0	1	0 252
460	51	0.0	1	0 51
461	12	0.0	1	0 12
462	3	0.0	1	0 3
463	1	0.0	1	0 1
465	1	0.0	1	0 1
466	1	0.0	1	0 1


WARNING:
    One or more of your adapter sequences may be incomplete.
    Please see the detailed output above.
