This is cutadapt 4.4 with Python 3.7.12
Command line parameters: -g CCTACGGGAGGCAGCAG -a GACTACNVGGGTWTCTAAT --rc --minimum-length 50 -o trimmed/SRR1687003_trimmed.fastq.gz SRR1687003.fastq.gz -j 4
Processing single-end reads on 4 cores ...
Finished in 0.307 s (91.120 µs/read; 0.66 M reads/minute).

=== Summary ===

Total reads processed:                   3,366
Reads with adapters:                     1,851 (55.0%)
Reverse-complemented:                    1,698 (50.4%)

== Read fate breakdown ==
Reads that were too short:               1,698 (50.4%)
Reads written (passing filters):         1,668 (49.6%)

Total basepairs processed:     1,531,778 bp
Total written (filtered):        754,719 bp (49.3%)

=== Adapter 1 ===

Sequence: CCTACGGGAGGCAGCAG; Type: regular 5'; Length: 17; Trimmed: 153 times; Reverse-complemented: 0 times

Minimum overlap: 3
No. of allowed errors:
1-9 bp: 0; 10-17 bp: 1

Overview of removed sequences
length	count	expect	max.err	error counts
10	1	0.0	1	0 1
11	151	0.0	1	151
12	1	0.0	1	0 1


=== Adapter 2 ===

Sequence: GACTACNVGGGTWTCTAAT; Type: regular 3'; Length: 19; Trimmed: 1698 times; Reverse-complemented: 1698 times

Minimum overlap: 3
No. of allowed errors:
1-9 bp: 0; 10-18 bp: 1

Bases preceding removed adapters:
  A: 0.2%
  C: 99.7%
  G: 0.1%
  T: 0.1%
  none/other: 0.0%
WARNING:
    The adapter is preceded by 'C' extremely often.
    The provided adapter sequence could be incomplete at its 5' end.
    Ignore this warning when trimming primers.

Overview of removed sequences
length	count	expect	max.err	error counts
427	2	0.0	1	0 2
432	3	0.0	1	0 3
433	65	0.0	1	0 65
434	154	0.0	1	0 154
435	58	0.0	1	0 58
436	188	0.0	1	0 188
437	149	0.0	1	0 149
438	21	0.0	1	0 21
439	4	0.0	1	0 4
441	1	0.0	1	0 1
443	7	0.0	1	0 7
451	4	0.0	1	0 4
452	28	0.0	1	0 28
453	197	0.0	1	0 197
454	182	0.0	1	0 182
455	17	0.0	1	0 17
456	6	0.0	1	0 6
458	20	0.0	1	0 20
459	482	0.0	1	0 482
460	68	0.0	1	0 68
461	26	0.0	1	0 26
462	12	0.0	1	0 12
463	2	0.0	1	0 2
465	1	0.0	1	0 1
466	1	0.0	1	0 1


WARNING:
    One or more of your adapter sequences may be incomplete.
    Please see the detailed output above.
