This is cutadapt 4.4 with Python 3.7.12
Command line parameters: -g CCTACGGGAGGCAGCAG -a GACTACNVGGGTWTCTAAT --rc --minimum-length 50 -o trimmed/SRR1687033_trimmed.fastq.gz SRR1687033.fastq.gz -j 4
Processing single-end reads on 4 cores ...
Finished in 0.633 s (60.249 µs/read; 1.00 M reads/minute).

=== Summary ===

Total reads processed:                  10,511
Reads with adapters:                     6,020 (57.3%)
Reverse-complemented:                    5,443 (51.8%)

== Read fate breakdown ==
Reads that were too short:               5,448 (51.8%)
Reads written (passing filters):         5,063 (48.2%)

Total basepairs processed:     4,729,096 bp
Total written (filtered):      2,269,752 bp (48.0%)

=== Adapter 1 ===

Sequence: CCTACGGGAGGCAGCAG; Type: regular 5'; Length: 17; Trimmed: 583 times; Reverse-complemented: 6 times

Minimum overlap: 3
No. of allowed errors:
1-9 bp: 0; 10-17 bp: 1

Overview of removed sequences
length	count	expect	max.err	error counts
4	1	41.1	0	1
9	2	0.0	0	2
10	2	0.0	1	0 2
11	568	0.0	1	555 13
12	8	0.0	1	4 4
13	1	0.0	1	0 1
15	1	0.0	1	0 1


=== Adapter 2 ===

Sequence: GACTACNVGGGTWTCTAAT; Type: regular 3'; Length: 19; Trimmed: 5437 times; Reverse-complemented: 5437 times

Minimum overlap: 3
No. of allowed errors:
1-9 bp: 0; 10-18 bp: 1

Bases preceding removed adapters:
  A: 0.1%
  C: 0.3%
  G: 0.0%
  T: 99.5%
  none/other: 0.0%
WARNING:
    The adapter is preceded by 'T' extremely often.
    The provided adapter sequence could be incomplete at its 5' end.
    Ignore this warning when trimming primers.

Overview of removed sequences
length	count	expect	max.err	error counts
176	1	0.0	1	0 1
242	1	0.0	1	0 1
383	1	0.0	1	0 1
421	1	0.0	1	0 1
428	1	0.0	1	0 1
429	1	0.0	1	0 1
430	3	0.0	1	0 3
431	15	0.0	1	0 15
432	367	0.0	1	0 367
433	1399	0.0	1	0 1399
434	592	0.0	1	1 591
435	429	0.0	1	0 429
436	486	0.0	1	0 486
437	74	0.0	1	0 74
438	17	0.0	1	0 17
439	8	0.0	1	0 8
440	3	0.0	1	0 3
441	3	0.0	1	0 3
442	18	0.0	1	0 18
443	3	0.0	1	0 3
445	1	0.0	1	0 1
447	1	0.0	1	0 1
448	1	0.0	1	0 1
449	3	0.0	1	0 3
450	3	0.0	1	0 3
451	36	0.0	1	0 36
452	383	0.0	1	0 383
453	252	0.0	1	0 252
454	44	0.0	1	0 44
455	26	0.0	1	0 26
456	8	0.0	1	0 8
457	63	0.0	1	0 63
458	1019	0.0	1	0 1019
459	121	0.0	1	0 121
460	34	0.0	1	0 34
461	10	0.0	1	0 10
462	6	0.0	1	0 6
463	1	0.0	1	0 1
464	1	0.0	1	0 1
465	1	0.0	1	0 1


WARNING:
    One or more of your adapter sequences may be incomplete.
    Please see the detailed output above.
