This is cutadapt 4.4 with Python 3.7.12
Command line parameters: -g CCTACGGGAGGCAGCAG -a GACTACNVGGGTWTCTAAT --rc --minimum-length 50 -o trimmed/SRR1687019_trimmed.fastq.gz SRR1687019.fastq.gz -j 4
Processing single-end reads on 4 cores ...
Finished in 0.687 s (78.124 µs/read; 0.77 M reads/minute).

=== Summary ===

Total reads processed:                   8,789
Reads with adapters:                     5,046 (57.4%)
Reverse-complemented:                       21 (0.2%)

== Read fate breakdown ==
Reads that were too short:                  31 (0.4%)
Reads written (passing filters):         8,758 (99.6%)

Total basepairs processed:     3,966,368 bp
Total written (filtered):      3,902,634 bp (98.4%)

=== Adapter 1 ===

Sequence: CCTACGGGAGGCAGCAG; Type: regular 5'; Length: 17; Trimmed: 5029 times; Reverse-complemented: 4 times

Minimum overlap: 3
No. of allowed errors:
1-9 bp: 0; 10-17 bp: 1

Overview of removed sequences
length	count	expect	max.err	error counts
3	1	137.3	0	1
10	20	0.0	1	9 11
11	4978	0.0	1	4941 37
12	27	0.0	1	5 22
14	3	0.0	1	0 3


=== Adapter 2 ===

Sequence: GACTACNVGGGTWTCTAAT; Type: regular 3'; Length: 19; Trimmed: 17 times; Reverse-complemented: 17 times

Minimum overlap: 3
No. of allowed errors:
1-9 bp: 0; 10-18 bp: 1

Bases preceding removed adapters:
  A: 29.4%
  C: 52.9%
  G: 0.0%
  T: 17.6%
  none/other: 0.0%

Overview of removed sequences
length	count	expect	max.err	error counts
433	2	0.0	1	0 2
437	2	0.0	1	0 2
452	1	0.0	1	0 1
453	4	0.0	1	0 4
454	1	0.0	1	0 1
455	1	0.0	1	0 1
458	2	0.0	1	0 2
459	4	0.0	1	0 4
