This is cutadapt 4.4 with Python 3.7.12
Command line parameters: -g CCTACGGGAGGCAGCAG -a GACTACNVGGGTWTCTAAT --rc --minimum-length 50 -o trimmed/SRR1687021_trimmed.fastq.gz SRR1687021.fastq.gz -j 4
Processing single-end reads on 4 cores ...
Finished in 0.454 s (58.292 µs/read; 1.03 M reads/minute).

=== Summary ===

Total reads processed:                   7,790
Reads with adapters:                     4,435 (56.9%)
Reverse-complemented:                    3,811 (48.9%)

== Read fate breakdown ==
Reads that were too short:               3,813 (48.9%)
Reads written (passing filters):         3,977 (51.1%)

Total basepairs processed:     3,615,131 bp
Total written (filtered):      1,841,737 bp (50.9%)

=== Adapter 1 ===

Sequence: CCTACGGGAGGCAGCAG; Type: regular 5'; Length: 17; Trimmed: 620 times; Reverse-complemented: 1 times

Minimum overlap: 3
No. of allowed errors:
1-9 bp: 0; 10-17 bp: 1

Overview of removed sequences
length	count	expect	max.err	error counts
9	1	0.0	0	1
10	3	0.0	1	0 3
11	599	0.0	1	596 3
12	17	0.0	1	2 15


=== Adapter 2 ===

Sequence: GACTACNVGGGTWTCTAAT; Type: regular 3'; Length: 19; Trimmed: 3815 times; Reverse-complemented: 3810 times

Minimum overlap: 3
No. of allowed errors:
1-9 bp: 0; 10-18 bp: 1

Bases preceding removed adapters:
  A: 0.0%
  C: 99.6%
  G: 0.0%
  T: 0.3%
  none/other: 0.1%
WARNING:
    The adapter is preceded by 'C' extremely often.
    The provided adapter sequence could be incomplete at its 5' end.
    Ignore this warning when trimming primers.

Overview of removed sequences
length	count	expect	max.err	error counts
3	2	121.7	0	2
275	1	0.0	1	0 1
431	1	0.0	1	0 1
432	12	0.0	1	0 12
433	204	0.0	1	0 204
434	162	0.0	1	0 162
435	20	0.0	1	0 20
436	25	0.0	1	0 25
437	21	0.0	1	0 21
438	14	0.0	1	0 14
439	57	0.0	1	0 57
440	11	0.0	1	0 11
441	2	0.0	1	0 2
442	1	0.0	1	0 1
443	2	0.0	1	0 2
447	1	0.0	1	0 1
449	3	0.0	1	0 3
450	3	0.0	1	0 3
451	21	0.0	1	0 21
452	11	0.0	1	0 11
453	86	0.0	1	0 86
454	168	0.0	1	0 168
455	22	0.0	1	0 22
456	9	0.0	1	0 9
457	20	0.0	1	0 20
458	134	0.0	1	0 134
459	2345	0.0	1	0 2345
460	303	0.0	1	0 303
461	73	0.0	1	0 73
462	35	0.0	1	0 35
463	18	0.0	1	0 18
464	14	0.0	1	0 14
465	4	0.0	1	0 4
466	1	0.0	1	0 1
467	2	0.0	1	0 2
468	4	0.0	1	0 4
470	2	0.0	1	0 2
473	1	0.0	1	0 1


WARNING:
    One or more of your adapter sequences may be incomplete.
    Please see the detailed output above.
