This is cutadapt 4.4 with Python 3.7.12
Command line parameters: -g CCTACGGGAGGCAGCAG -a GACTACNVGGGTWTCTAAT --rc --minimum-length 50 -o trimmed/SRR1687022_trimmed.fastq.gz SRR1687022.fastq.gz -j 4
Processing single-end reads on 4 cores ...
Finished in 0.520 s (85.968 µs/read; 0.70 M reads/minute).

=== Summary ===

Total reads processed:                   6,051
Reads with adapters:                     2,950 (48.8%)
Reverse-complemented:                       19 (0.3%)

== Read fate breakdown ==
Reads that were too short:                  22 (0.4%)
Reads written (passing filters):         6,029 (99.6%)

Total basepairs processed:     2,735,609 bp
Total written (filtered):      2,695,794 bp (98.5%)

=== Adapter 1 ===

Sequence: CCTACGGGAGGCAGCAG; Type: regular 5'; Length: 17; Trimmed: 2933 times; Reverse-complemented: 2 times

Minimum overlap: 3
No. of allowed errors:
1-9 bp: 0; 10-17 bp: 1

Overview of removed sequences
length	count	expect	max.err	error counts
4	1	23.6	0	1
6	1	1.5	0	1
7	2	0.4	0	2
10	33	0.0	1	8 25
11	2851	0.0	1	2792 59
12	45	0.0	1	21 24


=== Adapter 2 ===

Sequence: GACTACNVGGGTWTCTAAT; Type: regular 3'; Length: 19; Trimmed: 17 times; Reverse-complemented: 17 times

Minimum overlap: 3
No. of allowed errors:
1-9 bp: 0; 10-18 bp: 1

Bases preceding removed adapters:
  A: 5.9%
  C: 5.9%
  G: 0.0%
  T: 88.2%
  none/other: 0.0%

Overview of removed sequences
length	count	expect	max.err	error counts
12	1	0.0	1	0 1
434	1	0.0	1	0 1
435	1	0.0	1	0 1
436	2	0.0	1	0 2
437	1	0.0	1	0 1
439	1	0.0	1	0 1
441	1	0.0	1	0 1
453	1	0.0	1	0 1
455	1	0.0	1	0 1
458	1	0.0	1	0 1
459	3	0.0	1	0 3
460	1	0.0	1	0 1
461	1	0.0	1	0 1
462	1	0.0	1	0 1
