This is cutadapt 4.4 with Python 3.7.12
Command line parameters: -g CCTACGGGAGGCAGCAG -a GACTACNVGGGTWTCTAAT --rc --minimum-length 50 -o trimmed/SRR1686993_trimmed.fastq.gz SRR1686993.fastq.gz -j 4
Processing single-end reads on 4 cores ...
Finished in 0.506 s (97.681 µs/read; 0.61 M reads/minute).

=== Summary ===

Total reads processed:                   5,180
Reads with adapters:                     2,943 (56.8%)
Reverse-complemented:                        4 (0.1%)

== Read fate breakdown ==
Reads that were too short:                   9 (0.2%)
Reads written (passing filters):         5,171 (99.8%)

Total basepairs processed:     2,334,868 bp
Total written (filtered):      2,300,094 bp (98.5%)

=== Adapter 1 ===

Sequence: CCTACGGGAGGCAGCAG; Type: regular 5'; Length: 17; Trimmed: 2938 times; Reverse-complemented: 0 times

Minimum overlap: 3
No. of allowed errors:
1-9 bp: 0; 10-17 bp: 1

Overview of removed sequences
length	count	expect	max.err	error counts
10	7	0.0	1	1 6
11	2911	0.0	1	2898 13
12	20	0.0	1	6 14


=== Adapter 2 ===

Sequence: GACTACNVGGGTWTCTAAT; Type: regular 3'; Length: 19; Trimmed: 5 times; Reverse-complemented: 4 times

Minimum overlap: 3
No. of allowed errors:
1-9 bp: 0; 10-18 bp: 1

Bases preceding removed adapters:
  A: 40.0%
  C: 40.0%
  G: 0.0%
  T: 0.0%
  none/other: 20.0%

Overview of removed sequences
length	count	expect	max.err	error counts
433	1	0.0	1	0 1
434	2	0.0	1	0 2
444	1	0.0	1	0 1
461	1	0.0	1	0 1
