This is cutadapt 4.4 with Python 3.7.12
Command line parameters: -g CCTACGGGAGGCAGCAG -a GACTACNVGGGTWTCTAAT --rc --discard-untrimmed --minimum-length 50 -o trimmed/SRR1687005_trimmed.fastq.gz SRR1687005.fastq.gz -j 4
Processing single-end reads on 4 cores ...
Finished in 0.426 s (50.347 µs/read; 1.19 M reads/minute).

=== Summary ===

Total reads processed:                   8,453
Reads with adapters:                     5,616 (66.4%)
Reverse-complemented:                    4,524 (53.5%)

== Read fate breakdown ==
Reads that were too short:               4,523 (53.5%)
Reads discarded as untrimmed:            2,837 (33.6%)
Reads written (passing filters):         1,093 (12.9%)

Total basepairs processed:     3,805,193 bp
Total written (filtered):        467,753 bp (12.3%)

=== Adapter 1 ===

Sequence: CCTACGGGAGGCAGCAG; Type: regular 5'; Length: 17; Trimmed: 1092 times; Reverse-complemented: 2 times

Minimum overlap: 3
No. of allowed errors:
1-9 bp: 0; 10-17 bp: 1

Overview of removed sequences
length	count	expect	max.err	error counts
6	1	2.1	0	1
7	1	0.5	0	1
9	1	0.0	0	1
10	19	0.0	1	6 13
11	1051	0.0	1	1007 44
12	19	0.0	1	11 8


=== Adapter 2 ===

Sequence: GACTACNVGGGTWTCTAAT; Type: regular 3'; Length: 19; Trimmed: 4524 times; Reverse-complemented: 4522 times

Minimum overlap: 3
No. of allowed errors:
1-9 bp: 0; 10-18 bp: 1

Bases preceding removed adapters:
  A: 98.6%
  C: 1.1%
  G: 0.1%
  T: 0.0%
  none/other: 0.0%
WARNING:
    The adapter is preceded by 'A' extremely often.
    The provided adapter sequence could be incomplete at its 5' end.
    Ignore this warning when trimming primers.

Overview of removed sequences
length	count	expect	max.err	error counts
429	2	0.0	1	0 2
430	4	0.0	1	0 4
431	14	0.0	1	0 14
432	349	0.0	1	0 349
433	727	0.0	1	2 725
434	326	0.0	1	0 326
435	437	0.0	1	2 435
436	550	0.0	1	1 549
437	178	0.0	1	0 178
438	59	0.0	1	0 59
439	26	0.0	1	0 26
440	7	0.0	1	0 7
441	6	0.0	1	0 6
442	18	0.0	1	0 18
443	1	0.0	1	0 1
444	1	0.0	1	0 1
449	1	0.0	1	0 1
450	1	0.0	1	0 1
451	50	0.0	1	0 50
452	238	0.0	1	0 238
453	235	0.0	1	0 235
454	67	0.0	1	1 66
455	27	0.0	1	0 27
456	17	0.0	1	0 17
457	56	0.0	1	0 56
458	792	0.0	1	0 792
459	202	0.0	1	3 199
460	73	0.0	1	0 73
461	31	0.0	1	1 30
462	14	0.0	1	0 14
463	6	0.0	1	0 6
464	3	0.0	1	0 3
466	4	0.0	1	1 3
469	1	0.0	1	0 1
496	1	0.0	1	0 1


WARNING:
    One or more of your adapter sequences may be incomplete.
    Please see the detailed output above.
