This is cutadapt 4.4 with Python 3.7.12
Command line parameters: -g CCTACGGGAGGCAGCAG -a GACTACNVGGGTWTCTAAT --rc --discard-untrimmed --minimum-length 50 -o trimmed/SRR1687000_trimmed.fastq.gz SRR1687000.fastq.gz -j 4
Processing single-end reads on 4 cores ...
Finished in 0.226 s (105.525 µs/read; 0.57 M reads/minute).

=== Summary ===

Total reads processed:                   2,145
Reads with adapters:                     1,233 (57.5%)
Reverse-complemented:                    1,087 (50.7%)

== Read fate breakdown ==
Reads that were too short:               1,082 (50.4%)
Reads discarded as untrimmed:              912 (42.5%)
Reads written (passing filters):           151 (7.0%)

Total basepairs processed:       971,812 bp
Total written (filtered):         66,381 bp (6.8%)

=== Adapter 1 ===

Sequence: CCTACGGGAGGCAGCAG; Type: regular 5'; Length: 17; Trimmed: 151 times; Reverse-complemented: 5 times

Minimum overlap: 3
No. of allowed errors:
1-9 bp: 0; 10-17 bp: 1

Overview of removed sequences
length	count	expect	max.err	error counts
3	5	33.5	0	5
11	143	0.0	1	143
12	3	0.0	1	1 2


=== Adapter 2 ===

Sequence: GACTACNVGGGTWTCTAAT; Type: regular 3'; Length: 19; Trimmed: 1082 times; Reverse-complemented: 1082 times

Minimum overlap: 3
No. of allowed errors:
1-9 bp: 0; 10-18 bp: 1

Bases preceding removed adapters:
  A: 0.3%
  C: 0.2%
  G: 0.3%
  T: 99.3%
  none/other: 0.0%
WARNING:
    The adapter is preceded by 'T' extremely often.
    The provided adapter sequence could be incomplete at its 5' end.
    Ignore this warning when trimming primers.

Overview of removed sequences
length	count	expect	max.err	error counts
432	82	0.0	1	0 82
433	294	0.0	1	0 294
434	99	0.0	1	0 99
435	52	0.0	1	0 52
436	46	0.0	1	0 46
437	5	0.0	1	0 5
438	6	0.0	1	0 6
439	5	0.0	1	0 5
440	1	0.0	1	0 1
441	1	0.0	1	0 1
442	4	0.0	1	0 4
451	1	0.0	1	0 1
452	5	0.0	1	0 5
453	13	0.0	1	0 13
454	2	0.0	1	0 2
455	2	0.0	1	0 2
456	2	0.0	1	0 2
457	8	0.0	1	0 8
458	374	0.0	1	0 374
459	60	0.0	1	0 60
460	11	0.0	1	0 11
461	5	0.0	1	0 5
462	2	0.0	1	0 2
463	2	0.0	1	0 2


WARNING:
    One or more of your adapter sequences may be incomplete.
    Please see the detailed output above.
