This is cutadapt 4.4 with Python 3.7.12
Command line parameters: -g CCTACGGGAGGCAGCAG -a GACTACNVGGGTWTCTAAT --rc --discard-untrimmed --minimum-length 50 -o trimmed/SRR1663659_trimmed.fastq.gz SRR1663659.fastq.gz -j 4
Processing single-end reads on 4 cores ...
Finished in 0.459 s (46.718 µs/read; 1.28 M reads/minute).

=== Summary ===

Total reads processed:                   9,833
Reads with adapters:                     5,237 (53.3%)
Reverse-complemented:                    4,762 (48.4%)

== Read fate breakdown ==
Reads that were too short:               4,756 (48.4%)
Reads discarded as untrimmed:            4,596 (46.7%)
Reads written (passing filters):           481 (4.9%)

Total basepairs processed:     4,395,787 bp
Total written (filtered):        183,553 bp (4.2%)

=== Adapter 1 ===

Sequence: CCTACGGGAGGCAGCAG; Type: regular 5'; Length: 17; Trimmed: 483 times; Reverse-complemented: 10 times

Minimum overlap: 3
No. of allowed errors:
1-9 bp: 0; 10-17 bp: 1

Overview of removed sequences
length	count	expect	max.err	error counts
3	10	153.6	0	10
10	1	0.0	1	0 1
11	466	0.0	1	460 6
12	6	0.0	1	2 4


=== Adapter 2 ===

Sequence: GACTACNVGGGTWTCTAAT; Type: regular 3'; Length: 19; Trimmed: 4754 times; Reverse-complemented: 4752 times

Minimum overlap: 3
No. of allowed errors:
1-9 bp: 0; 10-18 bp: 1

Bases preceding removed adapters:
  A: 0.1%
  C: 0.1%
  G: 0.2%
  T: 99.5%
  none/other: 0.1%
WARNING:
    The adapter is preceded by 'T' extremely often.
    The provided adapter sequence could be incomplete at its 5' end.
    Ignore this warning when trimming primers.

Overview of removed sequences
length	count	expect	max.err	error counts
65	1	0.0	1	0 1
370	1	0.0	1	0 1
428	2	0.0	1	0 2
429	2	0.0	1	0 2
430	2	0.0	1	0 2
431	14	0.0	1	0 14
432	395	0.0	1	0 395
433	1254	0.0	1	0 1254
434	429	0.0	1	0 429
435	332	0.0	1	0 332
436	635	0.0	1	0 635
437	147	0.0	1	0 147
438	21	0.0	1	0 21
439	2	0.0	1	0 2
441	2	0.0	1	0 2
442	22	0.0	1	0 22
443	1	0.0	1	0 1
445	1	0.0	1	0 1
449	2	0.0	1	0 2
450	4	0.0	1	0 4
451	13	0.0	1	0 13
452	184	0.0	1	0 184
453	104	0.0	1	0 104
454	19	0.0	1	0 19
455	12	0.0	1	0 12
456	4	0.0	1	0 4
457	39	0.0	1	0 39
458	981	0.0	1	0 981
459	101	0.0	1	0 101
460	19	0.0	1	0 19
461	5	0.0	1	0 5
462	1	0.0	1	0 1
463	2	0.0	1	0 2
464	1	0.0	1	0 1


WARNING:
    One or more of your adapter sequences may be incomplete.
    Please see the detailed output above.
