This is cutadapt 4.4 with Python 3.7.12
Command line parameters: -g CCTACGGGAGGCAGCAG -a GACTACNVGGGTWTCTAAT --rc --discard-untrimmed --minimum-length 50 -o trimmed/SRR1686992_trimmed.fastq.gz SRR1686992.fastq.gz -j 4
Processing single-end reads on 4 cores ...
Finished in 0.276 s (93.446 µs/read; 0.64 M reads/minute).

=== Summary ===

Total reads processed:                   2,949
Reads with adapters:                     1,761 (59.7%)
Reverse-complemented:                    1,455 (49.3%)

== Read fate breakdown ==
Reads that were too short:               1,457 (49.4%)
Reads discarded as untrimmed:            1,187 (40.3%)
Reads written (passing filters):           305 (10.3%)

Total basepairs processed:     1,331,508 bp
Total written (filtered):        129,286 bp (9.7%)

=== Adapter 1 ===

Sequence: CCTACGGGAGGCAGCAG; Type: regular 5'; Length: 17; Trimmed: 295 times; Reverse-complemented: 2 times

Minimum overlap: 3
No. of allowed errors:
1-9 bp: 0; 10-17 bp: 1

Overview of removed sequences
length	count	expect	max.err	error counts
3	1	46.1	0	1
5	1	2.9	0	1
10	4	0.0	1	1 3
11	274	0.0	1	270 4
12	15	0.0	1	9 6


=== Adapter 2 ===

Sequence: GACTACNVGGGTWTCTAAT; Type: regular 3'; Length: 19; Trimmed: 1466 times; Reverse-complemented: 1453 times

Minimum overlap: 3
No. of allowed errors:
1-9 bp: 0; 10-18 bp: 1

Bases preceding removed adapters:
  A: 0.1%
  C: 99.0%
  G: 0.0%
  T: 0.8%
  none/other: 0.1%
WARNING:
    The adapter is preceded by 'C' extremely often.
    The provided adapter sequence could be incomplete at its 5' end.
    Ignore this warning when trimming primers.

Overview of removed sequences
length	count	expect	max.err	error counts
4	11	11.5	0	11
431	2	0.0	1	0 2
432	68	0.0	1	0 68
433	294	0.0	1	0 294
434	106	0.0	1	0 106
435	84	0.0	1	0 84
436	124	0.0	1	0 124
437	42	0.0	1	0 42
438	10	0.0	1	0 10
439	3	0.0	1	0 3
440	6	0.0	1	0 6
441	8	0.0	1	0 8
442	22	0.0	1	0 22
443	3	0.0	1	0 3
449	2	0.0	1	0 2
451	6	0.0	1	0 6
452	117	0.0	1	0 117
453	65	0.0	1	0 65
454	18	0.0	1	0 18
455	2	0.0	1	0 2
456	6	0.0	1	0 6
457	14	0.0	1	0 14
458	363	0.0	1	0 363
459	49	0.0	1	0 49
460	19	0.0	1	0 19
461	12	0.0	1	0 12
462	6	0.0	1	0 6
463	3	0.0	1	0 3
464	1	0.0	1	0 1


WARNING:
    One or more of your adapter sequences may be incomplete.
    Please see the detailed output above.
