This is cutadapt 4.4 with Python 3.7.12
Command line parameters: -g CCTACGGGAGGCAGCAG -a GACTACNVGGGTWTCTAAT --rc --discard-untrimmed --minimum-length 50 -o trimmed/SRR1687001_trimmed.fastq.gz SRR1687001.fastq.gz -j 4
Processing single-end reads on 4 cores ...
Finished in 0.652 s (61.592 µs/read; 0.97 M reads/minute).

=== Summary ===

Total reads processed:                  10,590
Reads with adapters:                     5,987 (56.5%)
Reverse-complemented:                       84 (0.8%)

== Read fate breakdown ==
Reads that were too short:                  81 (0.8%)
Reads discarded as untrimmed:            4,601 (43.4%)
Reads written (passing filters):         5,908 (55.8%)

Total basepairs processed:     4,766,036 bp
Total written (filtered):      2,593,350 bp (54.4%)

=== Adapter 1 ===

Sequence: CCTACGGGAGGCAGCAG; Type: regular 5'; Length: 17; Trimmed: 5917 times; Reverse-complemented: 14 times

Minimum overlap: 3
No. of allowed errors:
1-9 bp: 0; 10-17 bp: 1

Overview of removed sequences
length	count	expect	max.err	error counts
3	12	165.5	0	12
8	1	0.2	0	1
9	2	0.0	0	1 1
10	52	0.0	1	14 38
11	5823	0.0	1	5758 65
12	26	0.0	1	3 23
13	1	0.0	1	0 1


=== Adapter 2 ===

Sequence: GACTACNVGGGTWTCTAAT; Type: regular 3'; Length: 19; Trimmed: 70 times; Reverse-complemented: 70 times

Minimum overlap: 3
No. of allowed errors:
1-9 bp: 0; 10-18 bp: 1

Bases preceding removed adapters:
  A: 87.1%
  C: 12.9%
  G: 0.0%
  T: 0.0%
  none/other: 0.0%
WARNING:
    The adapter is preceded by 'A' extremely often.
    The provided adapter sequence could be incomplete at its 5' end.
    Ignore this warning when trimming primers.

Overview of removed sequences
length	count	expect	max.err	error counts
433	3	0.0	1	0 3
434	7	0.0	1	0 7
435	4	0.0	1	0 4
436	8	0.0	1	0 8
437	6	0.0	1	0 6
439	2	0.0	1	0 2
452	6	0.0	1	0 6
453	8	0.0	1	0 8
454	10	0.0	1	0 10
455	4	0.0	1	0 4
459	10	0.0	1	0 10
460	1	0.0	1	0 1
463	1	0.0	1	0 1


WARNING:
    One or more of your adapter sequences may be incomplete.
    Please see the detailed output above.
