This is cutadapt 4.4 with Python 3.7.12
Command line parameters: -g CCTACGGGAGGCAGCAG -G GGACTACNVGGGTWTCTAAT --discard-untrimmed -o trimmed/SRR5816732_1_trimmed.fastq.gz -p trimmed/SRR5816732_2_trimmed.fastq.gz SRR5816732_1.fastq.gz SRR5816732_2.fastq.gz -j 4
Processing paired-end reads on 4 cores ...
Finished in 7.883 s (39.828 µs/read; 1.51 M reads/minute).

=== Summary ===

Total read pairs processed:            197,914
  Read 1 with adapter:                  99,994 (50.5%)
  Read 2 with adapter:                 191,950 (97.0%)

== Read fate breakdown ==
Pairs discarded as untrimmed:          100,650 (50.9%)
Pairs written (passing filters):        97,264 (49.1%)

Total basepairs processed:    99,352,828 bp
  Read 1:    49,676,414 bp
  Read 2:    49,676,414 bp
Total written (filtered):     45,327,462 bp (45.6%)
  Read 1:    22,760,904 bp
  Read 2:    22,566,558 bp

=== First read: Adapter 1 ===

Sequence: CCTACGGGAGGCAGCAG; Type: regular 5'; Length: 17; Trimmed: 99994 times

Minimum overlap: 3
No. of allowed errors:
1-9 bp: 0; 10-17 bp: 1

Overview of removed sequences
length	count	expect	max.err	error counts
3	1	3092.4	0	1
10	1	0.2	1	0 1
11	6	0.0	1	2 4
12	5	0.0	1	0 5
13	8	0.0	1	1 7
14	12	0.0	1	1 11
15	23	0.0	1	7 16
16	1076	0.0	1	44 1032
17	98836	0.0	1	19203 79633
18	24	0.0	1	1 23
51	2	0.0	1	0 2


=== Second read: Adapter 2 ===

Sequence: GGACTACNVGGGTWTCTAAT; Type: regular 5'; Length: 20; Trimmed: 191950 times

Minimum overlap: 3
No. of allowed errors:
1-9 bp: 0; 10-19 bp: 1

Overview of removed sequences
length	count	expect	max.err	error counts
3	17	3092.4	0	17
4	4	773.1	0	4
10	3	0.2	1	2 1
11	2	0.0	1	2
12	3	0.0	1	1 2
13	11	0.0	1	7 4
14	15	0.0	1	0 15
15	19	0.0	1	7 12
16	37	0.0	1	6 31
17	30	0.0	1	18 12
18	2057	0.0	1	247 1810
19	189644	0.0	1	175817 13827
20	106	0.0	1	10 96
54	1	0.0	1	1
57	1	0.0	1	0 1
