This is cutadapt 4.4 with Python 3.7.12
Command line parameters: -g CCTACGGGAGGCAGCAG -G GGACTACNVGGGTWTCTAAT --discard-untrimmed -o trimmed/SRR5816768_1_trimmed.fastq.gz -p trimmed/SRR5816768_2_trimmed.fastq.gz SRR5816768_1.fastq.gz SRR5816768_2.fastq.gz -j 4
Processing paired-end reads on 4 cores ...
Finished in 5.794 s (37.771 µs/read; 1.59 M reads/minute).

=== Summary ===

Total read pairs processed:            153,411
  Read 1 with adapter:                  75,026 (48.9%)
  Read 2 with adapter:                 147,421 (96.1%)

== Read fate breakdown ==
Pairs discarded as untrimmed:           81,091 (52.9%)
Pairs written (passing filters):        72,320 (47.1%)

Total basepairs processed:    77,012,322 bp
  Read 1:    38,506,161 bp
  Read 2:    38,506,161 bp
Total written (filtered):     33,702,861 bp (43.8%)
  Read 1:    16,923,661 bp
  Read 2:    16,779,200 bp

=== First read: Adapter 1 ===

Sequence: CCTACGGGAGGCAGCAG; Type: regular 5'; Length: 17; Trimmed: 75026 times

Minimum overlap: 3
No. of allowed errors:
1-9 bp: 0; 10-17 bp: 1

Overview of removed sequences
length	count	expect	max.err	error counts
3	8	2397.0	0	8
10	2	0.1	1	0 2
11	5	0.0	1	1 4
12	3	0.0	1	0 3
13	8	0.0	1	0 8
14	7	0.0	1	0 7
15	5	0.0	1	0 5
16	712	0.0	1	31 681
17	74269	0.0	1	13475 60794
18	7	0.0	1	0 7


=== Second read: Adapter 2 ===

Sequence: GGACTACNVGGGTWTCTAAT; Type: regular 5'; Length: 20; Trimmed: 147421 times

Minimum overlap: 3
No. of allowed errors:
1-9 bp: 0; 10-19 bp: 1

Overview of removed sequences
length	count	expect	max.err	error counts
3	14	2397.0	0	14
4	4	599.3	0	4
10	1	0.1	1	1
11	2	0.0	1	2
12	4	0.0	1	0 4
13	5	0.0	1	3 2
14	11	0.0	1	4 7
15	2	0.0	1	2
16	23	0.0	1	2 21
17	32	0.0	1	23 9
18	1531	0.0	1	155 1376
19	145718	0.0	1	131351 14367
20	74	0.0	1	18 56
