This is cutadapt 4.4 with Python 3.7.12
Command line parameters: -g CCTACGGGAGGCAGCAG -G GGACTACNVGGGTWTCTAAT --discard-untrimmed -o trimmed/SRR5816765_1_trimmed.fastq.gz -p trimmed/SRR5816765_2_trimmed.fastq.gz SRR5816765_1.fastq.gz SRR5816765_2.fastq.gz -j 4
Processing paired-end reads on 4 cores ...
Finished in 5.441 s (39.368 µs/read; 1.52 M reads/minute).

=== Summary ===

Total read pairs processed:            138,209
  Read 1 with adapter:                  69,486 (50.3%)
  Read 2 with adapter:                 134,233 (97.1%)

== Read fate breakdown ==
Pairs discarded as untrimmed:           70,617 (51.1%)
Pairs written (passing filters):        67,592 (48.9%)

Total basepairs processed:    69,380,918 bp
  Read 1:    34,690,459 bp
  Read 2:    34,690,459 bp
Total written (filtered):     31,499,619 bp (45.4%)
  Read 1:    15,817,409 bp
  Read 2:    15,682,210 bp

=== First read: Adapter 1 ===

Sequence: CCTACGGGAGGCAGCAG; Type: regular 5'; Length: 17; Trimmed: 69486 times

Minimum overlap: 3
No. of allowed errors:
1-9 bp: 0; 10-17 bp: 1

Overview of removed sequences
length	count	expect	max.err	error counts
3	1	2159.5	0	1
10	1	0.1	1	0 1
11	1	0.0	1	0 1
12	6	0.0	1	0 6
13	12	0.0	1	3 9
14	12	0.0	1	1 11
15	15	0.0	1	0 15
16	773	0.0	1	39 734
17	68648	0.0	1	13500 55148
18	17	0.0	1	2 15


=== Second read: Adapter 2 ===

Sequence: GGACTACNVGGGTWTCTAAT; Type: regular 5'; Length: 20; Trimmed: 134233 times

Minimum overlap: 3
No. of allowed errors:
1-9 bp: 0; 10-19 bp: 1

Overview of removed sequences
length	count	expect	max.err	error counts
3	1	2159.5	0	1
4	2	539.9	0	2
6	1	33.7	0	1
10	3	0.1	1	3
11	1	0.0	1	1
12	5	0.0	1	3 2
13	3	0.0	1	3
14	15	0.0	1	2 13
15	11	0.0	1	6 5
16	19	0.0	1	4 15
17	21	0.0	1	14 7
18	1357	0.0	1	160 1197
19	132725	0.0	1	122724 10001
20	69	0.0	1	9 60
