This is cutadapt 4.4 with Python 3.7.12
Command line parameters: -g CCTACGGGAGGCAGCAG -G GGACTACNVGGGTWTCTAAT --discard-untrimmed -o trimmed/SRR5816767_1_trimmed.fastq.gz -p trimmed/SRR5816767_2_trimmed.fastq.gz SRR5816767_1.fastq.gz SRR5816767_2.fastq.gz -j 4
Processing paired-end reads on 4 cores ...
Finished in 7.163 s (40.137 µs/read; 1.49 M reads/minute).

=== Summary ===

Total read pairs processed:            178,452
  Read 1 with adapter:                  88,997 (49.9%)
  Read 2 with adapter:                 173,230 (97.1%)

== Read fate breakdown ==
Pairs discarded as untrimmed:           91,914 (51.5%)
Pairs written (passing filters):        86,538 (48.5%)

Total basepairs processed:    89,582,904 bp
  Read 1:    44,791,452 bp
  Read 2:    44,791,452 bp
Total written (filtered):     40,329,146 bp (45.0%)
  Read 1:    20,251,041 bp
  Read 2:    20,078,105 bp

=== First read: Adapter 1 ===

Sequence: CCTACGGGAGGCAGCAG; Type: regular 5'; Length: 17; Trimmed: 88997 times

Minimum overlap: 3
No. of allowed errors:
1-9 bp: 0; 10-17 bp: 1

Overview of removed sequences
length	count	expect	max.err	error counts
3	5	2788.3	0	5
10	3	0.2	1	0 3
11	2	0.0	1	1 1
12	7	0.0	1	0 7
13	13	0.0	1	2 11
14	15	0.0	1	1 14
15	27	0.0	1	0 27
16	937	0.0	1	44 893
17	87975	0.0	1	16410 71565
18	13	0.0	1	1 12


=== Second read: Adapter 2 ===

Sequence: GGACTACNVGGGTWTCTAAT; Type: regular 5'; Length: 20; Trimmed: 173230 times

Minimum overlap: 3
No. of allowed errors:
1-9 bp: 0; 10-19 bp: 1

Overview of removed sequences
length	count	expect	max.err	error counts
3	3	2788.3	0	3
4	12	697.1	0	12
6	2	43.6	0	2
10	1	0.2	1	1
11	1	0.0	1	0 1
12	4	0.0	1	1 3
13	7	0.0	1	1 6
14	17	0.0	1	3 14
15	10	0.0	1	6 4
16	37	0.0	1	2 35
17	38	0.0	1	31 7
18	1998	0.0	1	210 1788
19	170994	0.0	1	159927 11067
20	105	0.0	1	15 90
53	1	0.0	1	0 1
