This is cutadapt 4.4 with Python 3.7.12
Command line parameters: -g CCTACGGGAGGCAGCAG -G GGACTACNVGGGTWTCTAAT --discard-untrimmed -o trimmed/SRR5816774_1_trimmed.fastq.gz -p trimmed/SRR5816774_2_trimmed.fastq.gz SRR5816774_1.fastq.gz SRR5816774_2.fastq.gz -j 4
Processing paired-end reads on 4 cores ...
Finished in 6.509 s (37.261 µs/read; 1.61 M reads/minute).

=== Summary ===

Total read pairs processed:            174,676
  Read 1 with adapter:                  86,013 (49.2%)
  Read 2 with adapter:                 170,819 (97.8%)

== Read fate breakdown ==
Pairs discarded as untrimmed:           90,369 (51.7%)
Pairs written (passing filters):        84,307 (48.3%)

Total basepairs processed:    87,687,352 bp
  Read 1:    43,843,676 bp
  Read 2:    43,843,676 bp
Total written (filtered):     39,289,280 bp (44.8%)
  Read 1:    19,728,809 bp
  Read 2:    19,560,471 bp

=== First read: Adapter 1 ===

Sequence: CCTACGGGAGGCAGCAG; Type: regular 5'; Length: 17; Trimmed: 86013 times

Minimum overlap: 3
No. of allowed errors:
1-9 bp: 0; 10-17 bp: 1

Overview of removed sequences
length	count	expect	max.err	error counts
3	2	2729.3	0	2
10	2	0.2	1	0 2
11	2	0.0	1	2
13	10	0.0	1	4 6
14	12	0.0	1	0 12
15	14	0.0	1	0 14
16	885	0.0	1	51 834
17	85057	0.0	1	15928 69129
18	29	0.0	1	0 29


=== Second read: Adapter 2 ===

Sequence: GGACTACNVGGGTWTCTAAT; Type: regular 5'; Length: 20; Trimmed: 170819 times

Minimum overlap: 3
No. of allowed errors:
1-9 bp: 0; 10-19 bp: 1

Overview of removed sequences
length	count	expect	max.err	error counts
3	3	2729.3	0	3
4	13	682.3	0	13
9	3	0.7	0	3
10	1	0.2	1	1
11	2	0.0	1	2
12	4	0.0	1	3 1
13	7	0.0	1	4 3
14	21	0.0	1	5 16
15	11	0.0	1	4 7
16	52	0.0	1	5 47
17	37	0.0	1	20 17
18	2051	0.0	1	277 1774
19	168496	0.0	1	159340 9156
20	117	0.0	1	11 106
56	1	0.0	1	0 1
