This is cutadapt 4.4 with Python 3.7.12
Command line parameters: -g CCTACGGGAGGCAGCAG -G GGACTACNVGGGTWTCTAAT --discard-untrimmed -o trimmed/SRR5816773_1_trimmed.fastq.gz -p trimmed/SRR5816773_2_trimmed.fastq.gz SRR5816773_1.fastq.gz SRR5816773_2.fastq.gz -j 4
Processing paired-end reads on 4 cores ...
Finished in 7.646 s (37.537 µs/read; 1.60 M reads/minute).

=== Summary ===

Total read pairs processed:            203,704
  Read 1 with adapter:                  99,747 (49.0%)
  Read 2 with adapter:                 199,086 (97.7%)

== Read fate breakdown ==
Pairs discarded as untrimmed:          106,174 (52.1%)
Pairs written (passing filters):        97,530 (47.9%)

Total basepairs processed:   102,259,408 bp
  Read 1:    51,129,704 bp
  Read 2:    51,129,704 bp
Total written (filtered):     45,451,562 bp (44.4%)
  Read 1:    22,823,156 bp
  Read 2:    22,628,406 bp

=== First read: Adapter 1 ===

Sequence: CCTACGGGAGGCAGCAG; Type: regular 5'; Length: 17; Trimmed: 99747 times

Minimum overlap: 3
No. of allowed errors:
1-9 bp: 0; 10-17 bp: 1

Overview of removed sequences
length	count	expect	max.err	error counts
3	1	3182.9	0	1
10	7	0.2	1	5 2
11	7	0.0	1	0 7
13	9	0.0	1	3 6
14	17	0.0	1	2 15
15	12	0.0	1	0 12
16	985	0.0	1	64 921
17	98686	0.0	1	18652 80034
18	23	0.0	1	3 20


=== Second read: Adapter 2 ===

Sequence: GGACTACNVGGGTWTCTAAT; Type: regular 5'; Length: 20; Trimmed: 199086 times

Minimum overlap: 3
No. of allowed errors:
1-9 bp: 0; 10-19 bp: 1

Overview of removed sequences
length	count	expect	max.err	error counts
3	1	3182.9	0	1
4	12	795.7	0	12
7	1	12.4	0	1
10	5	0.2	1	1 4
11	12	0.0	1	8 4
12	5	0.0	1	3 2
13	19	0.0	1	14 5
14	34	0.0	1	15 19
15	3	0.0	1	2 1
16	38	0.0	1	6 32
17	59	0.0	1	30 29
18	2189	0.0	1	255 1934
19	196612	0.0	1	187421 9191
20	95	0.0	1	13 82
59	1	0.0	1	0 1
