This is cutadapt 4.4 with Python 3.7.12
Command line parameters: -g CCTACGGGAGGCAGCAG -G GGACTACNVGGGTWTCTAAT --discard-untrimmed -o trimmed/SRR5816775_1_trimmed.fastq.gz -p trimmed/SRR5816775_2_trimmed.fastq.gz SRR5816775_1.fastq.gz SRR5816775_2.fastq.gz -j 4
Processing paired-end reads on 4 cores ...
Finished in 5.802 s (37.226 µs/read; 1.61 M reads/minute).

=== Summary ===

Total read pairs processed:            155,849
  Read 1 with adapter:                  77,201 (49.5%)
  Read 2 with adapter:                 152,310 (97.7%)

== Read fate breakdown ==
Pairs discarded as untrimmed:           80,351 (51.6%)
Pairs written (passing filters):        75,498 (48.4%)

Total basepairs processed:    78,236,198 bp
  Read 1:    39,118,099 bp
  Read 2:    39,118,099 bp
Total written (filtered):     35,184,157 bp (45.0%)
  Read 1:    17,667,452 bp
  Read 2:    17,516,705 bp

=== First read: Adapter 1 ===

Sequence: CCTACGGGAGGCAGCAG; Type: regular 5'; Length: 17; Trimmed: 77201 times

Minimum overlap: 3
No. of allowed errors:
1-9 bp: 0; 10-17 bp: 1

Overview of removed sequences
length	count	expect	max.err	error counts
3	1	2435.1	0	1
10	5	0.1	1	1 4
11	1	0.0	1	1
12	3	0.0	1	2 1
13	6	0.0	1	2 4
14	4	0.0	1	0 4
15	6	0.0	1	1 5
16	818	0.0	1	50 768
17	76351	0.0	1	14383 61968
18	6	0.0	1	0 6


=== Second read: Adapter 2 ===

Sequence: GGACTACNVGGGTWTCTAAT; Type: regular 5'; Length: 20; Trimmed: 152310 times

Minimum overlap: 3
No. of allowed errors:
1-9 bp: 0; 10-19 bp: 1

Overview of removed sequences
length	count	expect	max.err	error counts
3	10	2435.1	0	10
4	2	608.8	0	2
9	4	0.6	0	4
11	7	0.0	1	5 2
12	8	0.0	1	8
13	9	0.0	1	6 3
14	13	0.0	1	3 10
15	6	0.0	1	5 1
16	29	0.0	1	4 25
17	36	0.0	1	21 15
18	1943	0.0	1	267 1676
19	150143	0.0	1	143044 7099
20	98	0.0	1	11 87
52	1	0.0	1	0 1
59	1	0.0	1	0 1
