This is cutadapt 4.4 with Python 3.7.12
Command line parameters: -g CCTACGGGAGGCAGCAG -G GGACTACNVGGGTWTCTAAT --discard-untrimmed -o trimmed/SRR5816740_1_trimmed.fastq.gz -p trimmed/SRR5816740_2_trimmed.fastq.gz SRR5816740_1.fastq.gz SRR5816740_2.fastq.gz -j 4
Processing paired-end reads on 4 cores ...
Finished in 6.909 s (36.700 µs/read; 1.63 M reads/minute).

=== Summary ===

Total read pairs processed:            188,263
  Read 1 with adapter:                  93,337 (49.6%)
  Read 2 with adapter:                 181,572 (96.4%)

== Read fate breakdown ==
Pairs discarded as untrimmed:           98,110 (52.1%)
Pairs written (passing filters):        90,153 (47.9%)

Total basepairs processed:    94,508,026 bp
  Read 1:    47,254,013 bp
  Read 2:    47,254,013 bp
Total written (filtered):     42,013,503 bp (44.5%)
  Read 1:    21,096,817 bp
  Read 2:    20,916,686 bp

=== First read: Adapter 1 ===

Sequence: CCTACGGGAGGCAGCAG; Type: regular 5'; Length: 17; Trimmed: 93337 times

Minimum overlap: 3
No. of allowed errors:
1-9 bp: 0; 10-17 bp: 1

Overview of removed sequences
length	count	expect	max.err	error counts
3	2	2941.6	0	2
10	5	0.2	1	1 4
11	5	0.0	1	0 5
13	13	0.0	1	3 10
14	8	0.0	1	0 8
15	3	0.0	1	0 3
16	920	0.0	1	53 867
17	92355	0.0	1	17411 74944
18	26	0.0	1	2 24


=== Second read: Adapter 2 ===

Sequence: GGACTACNVGGGTWTCTAAT; Type: regular 5'; Length: 20; Trimmed: 181572 times

Minimum overlap: 3
No. of allowed errors:
1-9 bp: 0; 10-19 bp: 1

Overview of removed sequences
length	count	expect	max.err	error counts
3	20	2941.6	0	20
4	5	735.4	0	5
11	6	0.0	1	6
12	2	0.0	1	2
13	8	0.0	1	4 4
14	21	0.0	1	7 14
15	8	0.0	1	6 2
16	26	0.0	1	0 26
17	52	0.0	1	39 13
18	2222	0.0	1	255 1967
19	179015	0.0	1	165096 13919
20	180	0.0	1	34 146
48	1	0.0	1	0 1
52	1	0.0	1	0 1
54	1	0.0	1	0 1
55	1	0.0	1	0 1
57	2	0.0	1	1 1
59	1	0.0	1	0 1
