This is cutadapt 4.4 with Python 3.7.12
Command line parameters: -g CCTACGGGAGGCAGCAG -G GGACTACNVGGGTWTCTAAT --discard-untrimmed -o trimmed/SRR5816758_1_trimmed.fastq.gz -p trimmed/SRR5816758_2_trimmed.fastq.gz SRR5816758_1.fastq.gz SRR5816758_2.fastq.gz -j 4
Processing paired-end reads on 4 cores ...
Finished in 8.846 s (39.981 µs/read; 1.50 M reads/minute).

=== Summary ===

Total read pairs processed:            221,257
  Read 1 with adapter:                 111,900 (50.6%)
  Read 2 with adapter:                 215,144 (97.2%)

== Read fate breakdown ==
Pairs discarded as untrimmed:          112,109 (50.7%)
Pairs written (passing filters):       109,148 (49.3%)

Total basepairs processed:   111,071,014 bp
  Read 1:    55,535,507 bp
  Read 2:    55,535,507 bp
Total written (filtered):     50,865,450 bp (45.8%)
  Read 1:    25,541,447 bp
  Read 2:    25,324,003 bp

=== First read: Adapter 1 ===

Sequence: CCTACGGGAGGCAGCAG; Type: regular 5'; Length: 17; Trimmed: 111900 times

Minimum overlap: 3
No. of allowed errors:
1-9 bp: 0; 10-17 bp: 1

Overview of removed sequences
length	count	expect	max.err	error counts
3	5	3457.1	0	5
10	1	0.2	1	0 1
11	5	0.1	1	0 5
12	6	0.0	1	0 6
13	19	0.0	1	3 16
14	18	0.0	1	7 11
15	23	0.0	1	2 21
16	1077	0.0	1	62 1015
17	110717	0.0	1	20928 89789
18	26	0.0	1	6 20
57	1	0.0	1	0 1
221	2	0.0	1	2


=== Second read: Adapter 2 ===

Sequence: GGACTACNVGGGTWTCTAAT; Type: regular 5'; Length: 20; Trimmed: 215144 times

Minimum overlap: 3
No. of allowed errors:
1-9 bp: 0; 10-19 bp: 1

Overview of removed sequences
length	count	expect	max.err	error counts
3	4	3457.1	0	4
4	8	864.3	0	8
6	1	54.0	0	1
9	2	0.8	0	2
10	1	0.2	1	1
11	7	0.1	1	5 2
12	8	0.0	1	5 3
13	20	0.0	1	15 5
14	14	0.0	1	3 11
15	11	0.0	1	1 10
16	35	0.0	1	7 28
17	71	0.0	1	38 33
18	2538	0.0	1	306 2232
19	212277	0.0	1	199349 12928
20	147	0.0	1	24 123
