This is cutadapt 4.4 with Python 3.7.12
Command line parameters: -g CCTACGGGAGGCAGCAG -G GGACTACNVGGGTWTCTAAT --discard-untrimmed -o trimmed/SRR5816777_1_trimmed.fastq.gz -p trimmed/SRR5816777_2_trimmed.fastq.gz SRR5816777_1.fastq.gz SRR5816777_2.fastq.gz -j 4
Processing paired-end reads on 4 cores ...
Finished in 6.615 s (37.495 µs/read; 1.60 M reads/minute).

=== Summary ===

Total read pairs processed:            176,421
  Read 1 with adapter:                  87,487 (49.6%)
  Read 2 with adapter:                 172,391 (97.7%)

== Read fate breakdown ==
Pairs discarded as untrimmed:           90,883 (51.5%)
Pairs written (passing filters):        85,538 (48.5%)

Total basepairs processed:    88,563,342 bp
  Read 1:    44,281,671 bp
  Read 2:    44,281,671 bp
Total written (filtered):     39,863,101 bp (45.0%)
  Read 1:    20,016,885 bp
  Read 2:    19,846,216 bp

=== First read: Adapter 1 ===

Sequence: CCTACGGGAGGCAGCAG; Type: regular 5'; Length: 17; Trimmed: 87487 times

Minimum overlap: 3
No. of allowed errors:
1-9 bp: 0; 10-17 bp: 1

Overview of removed sequences
length	count	expect	max.err	error counts
3	1	2756.6	0	1
10	5	0.2	1	0 5
12	9	0.0	1	0 9
13	10	0.0	1	6 4
14	8	0.0	1	0 8
15	9	0.0	1	0 9
16	862	0.0	1	53 809
17	86557	0.0	1	16384 70173
18	26	0.0	1	7 19


=== Second read: Adapter 2 ===

Sequence: GGACTACNVGGGTWTCTAAT; Type: regular 5'; Length: 20; Trimmed: 172391 times

Minimum overlap: 3
No. of allowed errors:
1-9 bp: 0; 10-19 bp: 1

Overview of removed sequences
length	count	expect	max.err	error counts
3	10	2756.6	0	10
4	4	689.1	0	4
9	1	0.7	0	1
10	2	0.2	1	2
11	1	0.0	1	0 1
12	8	0.0	1	4 4
13	5	0.0	1	4 1
14	15	0.0	1	4 11
15	13	0.0	1	8 5
16	29	0.0	1	6 23
17	41	0.0	1	29 12
18	2221	0.0	1	290 1931
19	169918	0.0	1	162141 7777
20	123	0.0	1	20 103
