This is cutadapt 4.4 with Python 3.7.12
Command line parameters: -g CCTACGGGAGGCAGCAG -G GGACTACNVGGGTWTCTAAT --discard-untrimmed -o trimmed/SRR5816776_1_trimmed.fastq.gz -p trimmed/SRR5816776_2_trimmed.fastq.gz SRR5816776_1.fastq.gz SRR5816776_2.fastq.gz -j 4
Processing paired-end reads on 4 cores ...
Finished in 7.141 s (36.998 µs/read; 1.62 M reads/minute).

=== Summary ===

Total read pairs processed:            193,019
  Read 1 with adapter:                  93,437 (48.4%)
  Read 2 with adapter:                 188,306 (97.6%)

== Read fate breakdown ==
Pairs discarded as untrimmed:          101,811 (52.7%)
Pairs written (passing filters):        91,208 (47.3%)

Total basepairs processed:    96,895,538 bp
  Read 1:    48,447,769 bp
  Read 2:    48,447,769 bp
Total written (filtered):     42,505,070 bp (43.9%)
  Read 1:    21,343,639 bp
  Read 2:    21,161,431 bp

=== First read: Adapter 1 ===

Sequence: CCTACGGGAGGCAGCAG; Type: regular 5'; Length: 17; Trimmed: 93437 times

Minimum overlap: 3
No. of allowed errors:
1-9 bp: 0; 10-17 bp: 1

Overview of removed sequences
length	count	expect	max.err	error counts
3	3	3015.9	0	3
4	1	754.0	0	1
9	1	0.7	0	1
10	4	0.2	1	0 4
11	2	0.0	1	0 2
12	1	0.0	1	0 1
13	12	0.0	1	0 12
14	9	0.0	1	0 9
15	19	0.0	1	2 17
16	845	0.0	1	53 792
17	92514	0.0	1	17700 74814
18	26	0.0	1	0 26


=== Second read: Adapter 2 ===

Sequence: GGACTACNVGGGTWTCTAAT; Type: regular 5'; Length: 20; Trimmed: 188306 times

Minimum overlap: 3
No. of allowed errors:
1-9 bp: 0; 10-19 bp: 1

Overview of removed sequences
length	count	expect	max.err	error counts
3	4	3015.9	0	4
4	7	754.0	0	7
12	4	0.0	1	4
13	5	0.0	1	5
14	31	0.0	1	15 16
15	11	0.0	1	5 6
16	23	0.0	1	6 17
17	67	0.0	1	50 17
18	2150	0.0	1	260 1890
19	185881	0.0	1	175691 10190
20	116	0.0	1	20 96
49	1	0.0	1	0 1
51	1	0.0	1	1
53	1	0.0	1	0 1
55	1	0.0	1	0 1
58	2	0.0	1	0 2
59	1	0.0	1	0 1
