This is cutadapt 4.4 with Python 3.7.12
Command line parameters: -g CCTACGGGAGGCAGCAG -G GGACTACNVGGGTWTCTAAT --discard-untrimmed -o trimmed/SRR5816745_1_trimmed.fastq.gz -p trimmed/SRR5816745_2_trimmed.fastq.gz SRR5816745_1.fastq.gz SRR5816745_2.fastq.gz -j 4
Processing paired-end reads on 4 cores ...
Finished in 5.117 s (38.640 µs/read; 1.55 M reads/minute).

=== Summary ===

Total read pairs processed:            132,419
  Read 1 with adapter:                  66,091 (49.9%)
  Read 2 with adapter:                 129,260 (97.6%)

== Read fate breakdown ==
Pairs discarded as untrimmed:           67,732 (51.1%)
Pairs written (passing filters):        64,687 (48.9%)

Total basepairs processed:    66,474,338 bp
  Read 1:    33,237,169 bp
  Read 2:    33,237,169 bp
Total written (filtered):     30,145,208 bp (45.3%)
  Read 1:    15,136,879 bp
  Read 2:    15,008,329 bp

=== First read: Adapter 1 ===

Sequence: CCTACGGGAGGCAGCAG; Type: regular 5'; Length: 17; Trimmed: 66091 times

Minimum overlap: 3
No. of allowed errors:
1-9 bp: 0; 10-17 bp: 1

Overview of removed sequences
length	count	expect	max.err	error counts
3	1	2069.0	0	1
10	4	0.1	1	0 4
11	2	0.0	1	0 2
12	2	0.0	1	0 2
13	8	0.0	1	2 6
14	2	0.0	1	0 2
15	14	0.0	1	0 14
16	643	0.0	1	32 611
17	65397	0.0	1	12294 53103
18	15	0.0	1	0 15
221	3	0.0	1	3


=== Second read: Adapter 2 ===

Sequence: GGACTACNVGGGTWTCTAAT; Type: regular 5'; Length: 20; Trimmed: 129260 times

Minimum overlap: 3
No. of allowed errors:
1-9 bp: 0; 10-19 bp: 1

Overview of removed sequences
length	count	expect	max.err	error counts
3	3	2069.0	0	3
4	9	517.3	0	9
10	3	0.1	1	1 2
12	3	0.0	1	1 2
13	3	0.0	1	3
14	23	0.0	1	5 18
15	16	0.0	1	8 8
16	24	0.0	1	1 23
17	31	0.0	1	14 17
18	1503	0.0	1	186 1317
19	127556	0.0	1	120489 7067
20	86	0.0	1	14 72
