This is cutadapt 4.4 with Python 3.7.12
Command line parameters: -g CCTACGGGAGGCAGCAG -G GGACTACNVGGGTWTCTAAT --discard-untrimmed -o trimmed/SRR5816772_1_trimmed.fastq.gz -p trimmed/SRR5816772_2_trimmed.fastq.gz SRR5816772_1.fastq.gz SRR5816772_2.fastq.gz -j 4
Processing paired-end reads on 4 cores ...
Finished in 7.861 s (36.746 µs/read; 1.63 M reads/minute).

=== Summary ===

Total read pairs processed:            213,918
  Read 1 with adapter:                 105,941 (49.5%)
  Read 2 with adapter:                 207,602 (97.0%)

== Read fate breakdown ==
Pairs discarded as untrimmed:          111,030 (51.9%)
Pairs written (passing filters):       102,888 (48.1%)

Total basepairs processed:   107,386,836 bp
  Read 1:    53,693,418 bp
  Read 2:    53,693,418 bp
Total written (filtered):     47,948,591 bp (44.7%)
  Read 1:    24,076,873 bp
  Read 2:    23,871,718 bp

=== First read: Adapter 1 ===

Sequence: CCTACGGGAGGCAGCAG; Type: regular 5'; Length: 17; Trimmed: 105941 times

Minimum overlap: 3
No. of allowed errors:
1-9 bp: 0; 10-17 bp: 1

Overview of removed sequences
length	count	expect	max.err	error counts
3	1	3342.5	0	1
8	1	3.3	0	1
11	3	0.1	1	0 3
13	16	0.0	1	0 16
14	15	0.0	1	0 15
15	25	0.0	1	3 22
16	1044	0.0	1	74 970
17	104820	0.0	1	19963 84857
18	14	0.0	1	0 14
63	2	0.0	1	0 2


=== Second read: Adapter 2 ===

Sequence: GGACTACNVGGGTWTCTAAT; Type: regular 5'; Length: 20; Trimmed: 207602 times

Minimum overlap: 3
No. of allowed errors:
1-9 bp: 0; 10-19 bp: 1

Overview of removed sequences
length	count	expect	max.err	error counts
3	5	3342.5	0	5
4	11	835.6	0	11
5	11	208.9	0	11
7	3	13.1	0	3
9	2	0.8	0	2
10	2	0.2	1	1 1
11	1	0.1	1	1
12	2	0.0	1	2
13	13	0.0	1	10 3
14	25	0.0	1	7 18
15	19	0.0	1	10 9
16	40	0.0	1	9 31
17	77	0.0	1	60 17
18	2628	0.0	1	239 2389
19	204553	0.0	1	193550 11003
20	206	0.0	1	24 182
50	1	0.0	1	0 1
51	1	0.0	1	0 1
55	1	0.0	1	0 1
57	1	0.0	1	0 1
