This is cutadapt 4.4 with Python 3.7.12
Command line parameters: -g CCTACGGGAGGCAGCAG -G GGACTACNVGGGTWTCTAAT --discard-untrimmed -o trimmed/SRR5816738_1_trimmed.fastq.gz -p trimmed/SRR5816738_2_trimmed.fastq.gz SRR5816738_1.fastq.gz SRR5816738_2.fastq.gz -j 4
Processing paired-end reads on 4 cores ...
Finished in 6.231 s (38.006 µs/read; 1.58 M reads/minute).

=== Summary ===

Total read pairs processed:            163,962
  Read 1 with adapter:                  82,241 (50.2%)
  Read 2 with adapter:                 159,218 (97.1%)

== Read fate breakdown ==
Pairs discarded as untrimmed:           84,027 (51.2%)
Pairs written (passing filters):        79,935 (48.8%)

Total basepairs processed:    82,308,924 bp
  Read 1:    41,154,462 bp
  Read 2:    41,154,462 bp
Total written (filtered):     37,251,479 bp (45.3%)
  Read 1:    18,705,481 bp
  Read 2:    18,545,998 bp

=== First read: Adapter 1 ===

Sequence: CCTACGGGAGGCAGCAG; Type: regular 5'; Length: 17; Trimmed: 82241 times

Minimum overlap: 3
No. of allowed errors:
1-9 bp: 0; 10-17 bp: 1

Overview of removed sequences
length	count	expect	max.err	error counts
3	2	2561.9	0	2
4	1	640.5	0	1
10	8	0.2	1	0 8
11	4	0.0	1	1 3
12	3	0.0	1	2 1
13	1	0.0	1	0 1
14	14	0.0	1	2 12
15	14	0.0	1	0 14
16	799	0.0	1	56 743
17	81373	0.0	1	15646 65727
18	20	0.0	1	1 19
57	1	0.0	1	0 1
221	1	0.0	1	1


=== Second read: Adapter 2 ===

Sequence: GGACTACNVGGGTWTCTAAT; Type: regular 5'; Length: 20; Trimmed: 159218 times

Minimum overlap: 3
No. of allowed errors:
1-9 bp: 0; 10-19 bp: 1

Overview of removed sequences
length	count	expect	max.err	error counts
3	20	2561.9	0	20
4	2	640.5	0	2
10	1	0.2	1	0 1
11	7	0.0	1	6 1
12	6	0.0	1	2 4
13	2	0.0	1	1 1
14	21	0.0	1	9 12
15	6	0.0	1	1 5
16	33	0.0	1	0 33
17	30	0.0	1	18 12
18	1931	0.0	1	232 1699
19	156965	0.0	1	147433 9532
20	188	0.0	1	20 168
48	1	0.0	1	0 1
53	1	0.0	1	0 1
54	1	0.0	1	0 1
55	1	0.0	1	0 1
56	1	0.0	1	0 1
66	1	0.0	1	1
