This is cutadapt 4.4 with Python 3.7.12
Command line parameters: -g CCTACGGGAGGCAGCAG -G GGACTACNVGGGTWTCTAAT --discard-untrimmed -o trimmed/SRR5816760_1_trimmed.fastq.gz -p trimmed/SRR5816760_2_trimmed.fastq.gz SRR5816760_1.fastq.gz SRR5816760_2.fastq.gz -j 4
Processing paired-end reads on 4 cores ...
Finished in 6.053 s (39.732 µs/read; 1.51 M reads/minute).

=== Summary ===

Total read pairs processed:            152,348
  Read 1 with adapter:                  76,689 (50.3%)
  Read 2 with adapter:                 147,260 (96.7%)

== Read fate breakdown ==
Pairs discarded as untrimmed:           77,945 (51.2%)
Pairs written (passing filters):        74,403 (48.8%)

Total basepairs processed:    76,478,696 bp
  Read 1:    38,239,348 bp
  Read 2:    38,239,348 bp
Total written (filtered):     34,671,240 bp (45.3%)
  Read 1:    17,408,565 bp
  Read 2:    17,262,675 bp

=== First read: Adapter 1 ===

Sequence: CCTACGGGAGGCAGCAG; Type: regular 5'; Length: 17; Trimmed: 76689 times

Minimum overlap: 3
No. of allowed errors:
1-9 bp: 0; 10-17 bp: 1

Overview of removed sequences
length	count	expect	max.err	error counts
3	4	2380.4	0	4
10	1	0.1	1	0 1
11	9	0.0	1	2 7
12	2	0.0	1	0 2
13	8	0.0	1	0 8
14	18	0.0	1	7 11
15	11	0.0	1	0 11
16	724	0.0	1	49 675
17	75883	0.0	1	14254 61629
18	13	0.0	1	0 13
221	16	0.0	1	14 2


=== Second read: Adapter 2 ===

Sequence: GGACTACNVGGGTWTCTAAT; Type: regular 5'; Length: 20; Trimmed: 147260 times

Minimum overlap: 3
No. of allowed errors:
1-9 bp: 0; 10-19 bp: 1

Overview of removed sequences
length	count	expect	max.err	error counts
3	4	2380.4	0	4
4	15	595.1	0	15
10	3	0.1	1	2 1
11	7	0.0	1	3 4
13	11	0.0	1	3 8
14	29	0.0	1	9 20
15	11	0.0	1	3 8
16	25	0.0	1	2 23
17	34	0.0	1	25 9
18	1744	0.0	1	208 1536
19	145265	0.0	1	134487 10778
20	112	0.0	1	16 96
