This is cutadapt 4.4 with Python 3.7.12
Command line parameters: -g AGAGTTTGATCMTGGCTCAG -a GACTACNVGGGTWTCTAAT --rc --discard-untrimmed --minimum-length 200 -o trimmed/SRR1655145_trimmed.fastq.gz SRR1655145.fastq.gz -j 4
Processing single-end reads on 4 cores ...
Finished in 0.712 s (54.300 µs/read; 1.10 M reads/minute).

=== Summary ===

Total reads processed:                  13,106
Reads with adapters:                    12,780 (97.5%)
Reverse-complemented:                        4 (0.0%)

== Read fate breakdown ==
Reads that were too short:               2,321 (17.7%)
Reads discarded as untrimmed:              193 (1.5%)
Reads written (passing filters):        10,592 (80.8%)

Total basepairs processed:     4,289,089 bp
Total written (filtered):      3,726,380 bp (86.9%)

=== Adapter 1 ===

Sequence: AGAGTTTGATCMTGGCTCAG; Type: regular 5'; Length: 20; Trimmed: 12772 times; Reverse-complemented: 4 times

Minimum overlap: 3
No. of allowed errors:
1-9 bp: 0; 10-19 bp: 1; 20 bp: 2

Overview of removed sequences
length	count	expect	max.err	error counts
3	5	204.8	0	5
14	1	0.0	1	1
15	1	0.0	1	0 1
16	1	0.0	1	0 1
17	12	0.0	1	6 6
18	60	0.0	1	3 57
19	12578	0.0	1	4957 7621
20	109	0.0	2	6 95 8
21	4	0.0	2	0 2 2
27	1	0.0	2	0 1


=== Adapter 2 ===

Sequence: GACTACNVGGGTWTCTAAT; Type: regular 3'; Length: 19; Trimmed: 8 times; Reverse-complemented: 0 times

Minimum overlap: 3
No. of allowed errors:
1-9 bp: 0; 10-18 bp: 1

Bases preceding removed adapters:
  A: 50.0%
  C: 0.0%
  G: 37.5%
  T: 12.5%
  none/other: 0.0%

Overview of removed sequences
length	count	expect	max.err	error counts
3	5	204.8	0	5
4	3	51.2	0	3
