This is cutadapt 4.4 with Python 3.7.12
Command line parameters: -g AGAGTTTGATCMTGGCTCAG -a GACTACNVGGGTWTCTAAT --rc --discard-untrimmed --minimum-length 200 -o trimmed/SRR1655071_trimmed.fastq.gz SRR1655071.fastq.gz -j 4
Processing single-end reads on 4 cores ...
Finished in 0.513 s (68.592 µs/read; 0.87 M reads/minute).

=== Summary ===

Total reads processed:                   7,474
Reads with adapters:                     7,191 (96.2%)
Reverse-complemented:                        4 (0.1%)

== Read fate breakdown ==
Reads that were too short:               1,257 (16.8%)
Reads discarded as untrimmed:              163 (2.2%)
Reads written (passing filters):         6,054 (81.0%)

Total basepairs processed:     2,589,899 bp
Total written (filtered):      2,244,446 bp (86.7%)

=== Adapter 1 ===

Sequence: AGAGTTTGATCMTGGCTCAG; Type: regular 5'; Length: 20; Trimmed: 7185 times; Reverse-complemented: 4 times

Minimum overlap: 3
No. of allowed errors:
1-9 bp: 0; 10-19 bp: 1; 20 bp: 2

Overview of removed sequences
length	count	expect	max.err	error counts
3	2	116.8	0	2
4	2	29.2	0	2
16	1	0.0	1	1
17	1	0.0	1	0 1
18	60	0.0	1	2 58
19	6995	0.0	1	2803 4192
20	119	0.0	2	0 115 4
21	4	0.0	2	0 2 2
22	1	0.0	2	0 0 1


=== Adapter 2 ===

Sequence: GACTACNVGGGTWTCTAAT; Type: regular 3'; Length: 19; Trimmed: 6 times; Reverse-complemented: 0 times

Minimum overlap: 3
No. of allowed errors:
1-9 bp: 0; 10-18 bp: 1

Bases preceding removed adapters:
  A: 33.3%
  C: 16.7%
  G: 16.7%
  T: 33.3%
  none/other: 0.0%

Overview of removed sequences
length	count	expect	max.err	error counts
3	6	116.8	0	6
