This is cutadapt 4.4 with Python 3.7.12
Command line parameters: -g AGAGTTTGATCMTGGCTCAG -a GACTACNVGGGTWTCTAAT --rc --discard-untrimmed --minimum-length 200 -o trimmed/SRR1655177_trimmed.fastq.gz SRR1655177.fastq.gz -j 4
Processing single-end reads on 4 cores ...
Finished in 0.316 s (57.161 µs/read; 1.05 M reads/minute).

=== Summary ===

Total reads processed:                   5,522
Reads with adapters:                     5,288 (95.8%)
Reverse-complemented:                        3 (0.1%)

== Read fate breakdown ==
Reads that were too short:               3,221 (58.3%)
Reads discarded as untrimmed:               95 (1.7%)
Reads written (passing filters):         2,206 (39.9%)

Total basepairs processed:     1,138,469 bp
Total written (filtered):        619,057 bp (54.4%)

=== Adapter 1 ===

Sequence: AGAGTTTGATCMTGGCTCAG; Type: regular 5'; Length: 20; Trimmed: 5287 times; Reverse-complemented: 3 times

Minimum overlap: 3
No. of allowed errors:
1-9 bp: 0; 10-19 bp: 1; 20 bp: 2

Overview of removed sequences
length	count	expect	max.err	error counts
3	2	86.3	0	2
4	1	21.6	0	1
5	1	5.4	0	1
17	3	0.0	1	3
18	38	0.0	1	5 33
19	5165	0.0	1	2224 2941
20	74	0.0	2	2 71 1
21	3	0.0	2	0 0 3


=== Adapter 2 ===

Sequence: GACTACNVGGGTWTCTAAT; Type: regular 3'; Length: 19; Trimmed: 1 times; Reverse-complemented: 0 times

Minimum overlap: 3
No. of allowed errors:
1-9 bp: 0; 10-18 bp: 1

Bases preceding removed adapters:
  A: 100.0%
  C: 0.0%
  G: 0.0%
  T: 0.0%
  none/other: 0.0%

Overview of removed sequences
length	count	expect	max.err	error counts
4	1	21.6	0	1
