This is cutadapt 4.4 with Python 3.7.12
Command line parameters: -g AGAGTTTGATCMTGGCTCAG -a GACTACNVGGGTWTCTAAT --rc --discard-untrimmed --minimum-length 200 -o trimmed/SRR1655185_trimmed.fastq.gz SRR1655185.fastq.gz -j 4
Processing single-end reads on 4 cores ...
Finished in 0.301 s (82.561 µs/read; 0.73 M reads/minute).

=== Summary ===

Total reads processed:                   3,642
Reads with adapters:                     3,512 (96.4%)
Reverse-complemented:                        3 (0.1%)

== Read fate breakdown ==
Reads that were too short:               1,036 (28.4%)
Reads discarded as untrimmed:               83 (2.3%)
Reads written (passing filters):         2,523 (69.3%)

Total basepairs processed:     1,089,542 bp
Total written (filtered):        867,777 bp (79.6%)

=== Adapter 1 ===

Sequence: AGAGTTTGATCMTGGCTCAG; Type: regular 5'; Length: 20; Trimmed: 3507 times; Reverse-complemented: 3 times

Minimum overlap: 3
No. of allowed errors:
1-9 bp: 0; 10-19 bp: 1; 20 bp: 2

Overview of removed sequences
length	count	expect	max.err	error counts
3	2	56.9	0	2
5	1	3.6	0	1
10	2	0.0	1	0 2
13	3	0.0	1	2 1
17	3	0.0	1	0 3
18	43	0.0	1	2 41
19	3439	0.0	1	1608 1830 1
20	14	0.0	2	0 12 2


=== Adapter 2 ===

Sequence: GACTACNVGGGTWTCTAAT; Type: regular 3'; Length: 19; Trimmed: 5 times; Reverse-complemented: 0 times

Minimum overlap: 3
No. of allowed errors:
1-9 bp: 0; 10-18 bp: 1

Bases preceding removed adapters:
  A: 40.0%
  C: 0.0%
  G: 40.0%
  T: 20.0%
  none/other: 0.0%

Overview of removed sequences
length	count	expect	max.err	error counts
3	4	56.9	0	4
4	1	14.2	0	1
