This is cutadapt 4.4 with Python 3.7.12
Command line parameters: -g AGAGTTTGATCMTGGCTCAG -a GACTACNVGGGTWTCTAAT --rc --discard-untrimmed --minimum-length 200 -o trimmed/SRR1655184_trimmed.fastq.gz SRR1655184.fastq.gz -j 4
Processing single-end reads on 4 cores ...
Finished in 0.708 s (101.120 µs/read; 0.59 M reads/minute).

=== Summary ===

Total reads processed:                   7,006
Reads with adapters:                     6,749 (96.3%)
Reverse-complemented:                        5 (0.1%)

== Read fate breakdown ==
Reads that were too short:               2,015 (28.8%)
Reads discarded as untrimmed:              144 (2.1%)
Reads written (passing filters):         4,847 (69.2%)

Total basepairs processed:     2,153,038 bp
Total written (filtered):      1,719,984 bp (79.9%)

=== Adapter 1 ===

Sequence: AGAGTTTGATCMTGGCTCAG; Type: regular 5'; Length: 20; Trimmed: 6745 times; Reverse-complemented: 5 times

Minimum overlap: 3
No. of allowed errors:
1-9 bp: 0; 10-19 bp: 1; 20 bp: 2

Overview of removed sequences
length	count	expect	max.err	error counts
3	4	109.5	0	4
5	1	6.8	0	1
13	1	0.0	1	0 1
14	2	0.0	1	2
17	3	0.0	1	1 2
18	48	0.0	1	2 46
19	6512	0.0	1	3008 3503 1
20	162	0.0	2	22 138 2
21	11	0.0	2	0 5 6
34	1	0.0	2	1


=== Adapter 2 ===

Sequence: GACTACNVGGGTWTCTAAT; Type: regular 3'; Length: 19; Trimmed: 4 times; Reverse-complemented: 0 times

Minimum overlap: 3
No. of allowed errors:
1-9 bp: 0; 10-18 bp: 1

Bases preceding removed adapters:
  A: 75.0%
  C: 0.0%
  G: 25.0%
  T: 0.0%
  none/other: 0.0%

Overview of removed sequences
length	count	expect	max.err	error counts
3	4	109.5	0	4
