This is cutadapt 4.4 with Python 3.7.12
Command line parameters: -g AGAGTTTGATCMTGGCTCAG -a GACTACNVGGGTWTCTAAT --rc --discard-untrimmed --minimum-length 200 -o trimmed/SRR1655182_trimmed.fastq.gz SRR1655182.fastq.gz -j 4
Processing single-end reads on 4 cores ...
Finished in 0.413 s (79.574 µs/read; 0.75 M reads/minute).

=== Summary ===

Total reads processed:                   5,189
Reads with adapters:                     5,008 (96.5%)
Reverse-complemented:                        8 (0.2%)

== Read fate breakdown ==
Reads that were too short:               1,540 (29.7%)
Reads discarded as untrimmed:              100 (1.9%)
Reads written (passing filters):         3,549 (68.4%)

Total basepairs processed:     1,538,345 bp
Total written (filtered):      1,215,282 bp (79.0%)

=== Adapter 1 ===

Sequence: AGAGTTTGATCMTGGCTCAG; Type: regular 5'; Length: 20; Trimmed: 5003 times; Reverse-complemented: 8 times

Minimum overlap: 3
No. of allowed errors:
1-9 bp: 0; 10-19 bp: 1; 20 bp: 2

Overview of removed sequences
length	count	expect	max.err	error counts
3	2	81.1	0	2
4	5	20.3	0	5
5	1	5.1	0	1
17	2	0.0	1	2
18	33	0.0	1	2 31
19	4887	0.0	1	2106 2781
20	71	0.0	2	0 68 3
21	1	0.0	2	0 0 1
37	1	0.0	2	1


=== Adapter 2 ===

Sequence: GACTACNVGGGTWTCTAAT; Type: regular 3'; Length: 19; Trimmed: 5 times; Reverse-complemented: 0 times

Minimum overlap: 3
No. of allowed errors:
1-9 bp: 0; 10-18 bp: 1

Bases preceding removed adapters:
  A: 40.0%
  C: 20.0%
  G: 20.0%
  T: 20.0%
  none/other: 0.0%

Overview of removed sequences
length	count	expect	max.err	error counts
3	4	81.1	0	4
4	1	20.3	0	1
