This is cutadapt 4.4 with Python 3.7.12
Command line parameters: -g AGAGTTTGATCMTGGCTCAG -a GACTACNVGGGTWTCTAAT --rc --discard-untrimmed --minimum-length 200 -o trimmed/SRR1655081_trimmed.fastq.gz SRR1655081.fastq.gz -j 4
Processing single-end reads on 4 cores ...
Finished in 0.223 s (140.389 µs/read; 0.43 M reads/minute).

=== Summary ===

Total reads processed:                   1,586
Reads with adapters:                     1,541 (97.2%)
Reverse-complemented:                        1 (0.1%)

== Read fate breakdown ==
Reads that were too short:                 391 (24.7%)
Reads discarded as untrimmed:               17 (1.1%)
Reads written (passing filters):         1,178 (74.3%)

Total basepairs processed:       514,144 bp
Total written (filtered):        434,844 bp (84.6%)

=== Adapter 1 ===

Sequence: AGAGTTTGATCMTGGCTCAG; Type: regular 5'; Length: 20; Trimmed: 1538 times; Reverse-complemented: 1 times

Minimum overlap: 3
No. of allowed errors:
1-9 bp: 0; 10-19 bp: 1; 20 bp: 2

Overview of removed sequences
length	count	expect	max.err	error counts
3	1	24.8	0	1
17	1	0.0	1	0 1
18	8	0.0	1	1 7
19	1510	0.0	1	656 854
20	18	0.0	2	0 18


=== Adapter 2 ===

Sequence: GACTACNVGGGTWTCTAAT; Type: regular 3'; Length: 19; Trimmed: 3 times; Reverse-complemented: 0 times

Minimum overlap: 3
No. of allowed errors:
1-9 bp: 0; 10-18 bp: 1

Bases preceding removed adapters:
  A: 0.0%
  C: 0.0%
  G: 100.0%
  T: 0.0%
  none/other: 0.0%

Overview of removed sequences
length	count	expect	max.err	error counts
3	3	24.8	0	3
