This is cutadapt 4.4 with Python 3.7.12
Command line parameters: -g AGAGTTTGATCMTGGCTCAG -a GACTACNVGGGTWTCTAAT --rc --discard-untrimmed --minimum-length 200 -o trimmed/SRR1655068_trimmed.fastq.gz SRR1655068.fastq.gz -j 4
Processing single-end reads on 4 cores ...
Finished in 0.600 s (66.223 µs/read; 0.91 M reads/minute).

=== Summary ===

Total reads processed:                   9,058
Reads with adapters:                     8,780 (96.9%)
Reverse-complemented:                        8 (0.1%)

== Read fate breakdown ==
Reads that were too short:               1,500 (16.6%)
Reads discarded as untrimmed:              179 (2.0%)
Reads written (passing filters):         7,379 (81.5%)

Total basepairs processed:     3,120,158 bp
Total written (filtered):      2,715,996 bp (87.0%)

=== Adapter 1 ===

Sequence: AGAGTTTGATCMTGGCTCAG; Type: regular 5'; Length: 20; Trimmed: 8774 times; Reverse-complemented: 8 times

Minimum overlap: 3
No. of allowed errors:
1-9 bp: 0; 10-19 bp: 1; 20 bp: 2

Overview of removed sequences
length	count	expect	max.err	error counts
3	3	141.5	0	3
4	3	35.4	0	3
5	2	8.8	0	2
15	3	0.0	1	1 2
18	61	0.0	1	0 61
19	8555	0.0	1	3872 4683
20	146	0.0	2	6 134 6
29	1	0.0	2	0 1


=== Adapter 2 ===

Sequence: GACTACNVGGGTWTCTAAT; Type: regular 3'; Length: 19; Trimmed: 6 times; Reverse-complemented: 0 times

Minimum overlap: 3
No. of allowed errors:
1-9 bp: 0; 10-18 bp: 1

Bases preceding removed adapters:
  A: 16.7%
  C: 16.7%
  G: 33.3%
  T: 33.3%
  none/other: 0.0%

Overview of removed sequences
length	count	expect	max.err	error counts
3	6	141.5	0	6
