This is cutadapt 4.4 with Python 3.7.12
Command line parameters: -g AGAGTTTGATCMTGGCTCAG -a GACTACNVGGGTWTCTAAT --rc --discard-untrimmed --minimum-length 200 -o trimmed/SRR1655186_trimmed.fastq.gz SRR1655186.fastq.gz -j 4
Processing single-end reads on 4 cores ...
Finished in 0.556 s (50.823 µs/read; 1.18 M reads/minute).

=== Summary ===

Total reads processed:                  10,946
Reads with adapters:                    10,692 (97.7%)
Reverse-complemented:                        4 (0.0%)

== Read fate breakdown ==
Reads that were too short:               2,568 (23.5%)
Reads discarded as untrimmed:              149 (1.4%)
Reads written (passing filters):         8,229 (75.2%)

Total basepairs processed:     3,528,576 bp
Total written (filtered):      2,943,173 bp (83.4%)

=== Adapter 1 ===

Sequence: AGAGTTTGATCMTGGCTCAG; Type: regular 5'; Length: 20; Trimmed: 10686 times; Reverse-complemented: 4 times

Minimum overlap: 3
No. of allowed errors:
1-9 bp: 0; 10-19 bp: 1; 20 bp: 2

Overview of removed sequences
length	count	expect	max.err	error counts
3	3	171.0	0	3
4	2	42.8	0	2
17	2	0.0	1	0 2
18	93	0.0	1	4 89
19	10544	0.0	1	4883 5661
20	40	0.0	2	0 39 1
21	1	0.0	2	1
25	1	0.0	2	1


=== Adapter 2 ===

Sequence: GACTACNVGGGTWTCTAAT; Type: regular 3'; Length: 19; Trimmed: 6 times; Reverse-complemented: 0 times

Minimum overlap: 3
No. of allowed errors:
1-9 bp: 0; 10-18 bp: 1

Bases preceding removed adapters:
  A: 0.0%
  C: 0.0%
  G: 50.0%
  T: 50.0%
  none/other: 0.0%

Overview of removed sequences
length	count	expect	max.err	error counts
3	6	171.0	0	6
