This is cutadapt 4.4 with Python 3.7.12
Command line parameters: -g AGAGTTTGATCMTGGCTCAG -a GACTACNVGGGTWTCTAAT --rc --discard-untrimmed --minimum-length 200 -o trimmed/SRR1655137_trimmed.fastq.gz SRR1655137.fastq.gz -j 4
Processing single-end reads on 4 cores ...
Finished in 0.453 s (82.252 µs/read; 0.73 M reads/minute).

=== Summary ===

Total reads processed:                   5,510
Reads with adapters:                     5,365 (97.4%)
Reverse-complemented:                        5 (0.1%)

== Read fate breakdown ==
Reads that were too short:               1,279 (23.2%)
Reads discarded as untrimmed:               77 (1.4%)
Reads written (passing filters):         4,154 (75.4%)

Total basepairs processed:     1,817,285 bp
Total written (filtered):      1,546,087 bp (85.1%)

=== Adapter 1 ===

Sequence: AGAGTTTGATCMTGGCTCAG; Type: regular 5'; Length: 20; Trimmed: 5358 times; Reverse-complemented: 5 times

Minimum overlap: 3
No. of allowed errors:
1-9 bp: 0; 10-19 bp: 1; 20 bp: 2

Overview of removed sequences
length	count	expect	max.err	error counts
3	3	86.1	0	3
5	2	5.4	0	2
18	34	0.0	1	0 34
19	5263	0.0	1	2451 2812
20	56	0.0	2	3 50 3


=== Adapter 2 ===

Sequence: GACTACNVGGGTWTCTAAT; Type: regular 3'; Length: 19; Trimmed: 7 times; Reverse-complemented: 0 times

Minimum overlap: 3
No. of allowed errors:
1-9 bp: 0; 10-18 bp: 1

Bases preceding removed adapters:
  A: 14.3%
  C: 0.0%
  G: 42.9%
  T: 42.9%
  none/other: 0.0%

Overview of removed sequences
length	count	expect	max.err	error counts
3	5	86.1	0	5
4	2	21.5	0	2
