This is cutadapt 4.4 with Python 3.7.12
Command line parameters: -g AGAGTTTGATCMTGGCTCAG -a GACTACNVGGGTWTCTAAT --rc --discard-untrimmed --minimum-length 200 -o trimmed/SRR1655160_trimmed.fastq.gz SRR1655160.fastq.gz -j 4
Processing single-end reads on 4 cores ...
Finished in 0.450 s (60.315 µs/read; 0.99 M reads/minute).

=== Summary ===

Total reads processed:                   7,453
Reads with adapters:                     7,167 (96.2%)
Reverse-complemented:                        9 (0.1%)

== Read fate breakdown ==
Reads that were too short:               1,080 (14.5%)
Reads discarded as untrimmed:              169 (2.3%)
Reads written (passing filters):         6,204 (83.2%)

Total basepairs processed:     2,547,720 bp
Total written (filtered):      2,226,532 bp (87.4%)

=== Adapter 1 ===

Sequence: AGAGTTTGATCMTGGCTCAG; Type: regular 5'; Length: 20; Trimmed: 7159 times; Reverse-complemented: 9 times

Minimum overlap: 3
No. of allowed errors:
1-9 bp: 0; 10-19 bp: 1; 20 bp: 2

Overview of removed sequences
length	count	expect	max.err	error counts
3	4	116.5	0	4
4	3	29.1	0	3
5	2	7.3	0	2
17	1	0.0	1	0 1
18	46	0.0	1	4 42
19	7012	0.0	1	3072 3940
20	87	0.0	2	0 81 6
21	3	0.0	2	0 1 2
22	1	0.0	2	0 0 1


=== Adapter 2 ===

Sequence: GACTACNVGGGTWTCTAAT; Type: regular 3'; Length: 19; Trimmed: 8 times; Reverse-complemented: 0 times

Minimum overlap: 3
No. of allowed errors:
1-9 bp: 0; 10-18 bp: 1

Bases preceding removed adapters:
  A: 62.5%
  C: 12.5%
  G: 25.0%
  T: 0.0%
  none/other: 0.0%

Overview of removed sequences
length	count	expect	max.err	error counts
3	7	116.5	0	7
4	1	29.1	0	1
