This is cutadapt 4.4 with Python 3.7.12
Command line parameters: -g AGAGTTTGATCMTGGCTCAG -a GACTACNVGGGTWTCTAAT --rc --discard-untrimmed --minimum-length 200 -o trimmed/SRR1655161_trimmed.fastq.gz SRR1655161.fastq.gz -j 4
Processing single-end reads on 4 cores ...
Finished in 0.532 s (75.490 µs/read; 0.79 M reads/minute).

=== Summary ===

Total reads processed:                   7,053
Reads with adapters:                     6,851 (97.1%)
Reverse-complemented:                        7 (0.1%)

== Read fate breakdown ==
Reads that were too short:               1,658 (23.5%)
Reads discarded as untrimmed:              117 (1.7%)
Reads written (passing filters):         5,278 (74.8%)

Total basepairs processed:     2,291,984 bp
Total written (filtered):      1,926,593 bp (84.1%)

=== Adapter 1 ===

Sequence: AGAGTTTGATCMTGGCTCAG; Type: regular 5'; Length: 20; Trimmed: 6848 times; Reverse-complemented: 7 times

Minimum overlap: 3
No. of allowed errors:
1-9 bp: 0; 10-19 bp: 1; 20 bp: 2

Overview of removed sequences
length	count	expect	max.err	error counts
3	4	110.2	0	4
4	3	27.6	0	3
17	2	0.0	1	0 2
18	34	0.0	1	3 31
19	6735	0.0	1	2533 4202
20	67	0.0	2	0 61 6
21	2	0.0	2	0 1 1
22	1	0.0	2	0 1


=== Adapter 2 ===

Sequence: GACTACNVGGGTWTCTAAT; Type: regular 3'; Length: 19; Trimmed: 3 times; Reverse-complemented: 0 times

Minimum overlap: 3
No. of allowed errors:
1-9 bp: 0; 10-18 bp: 1

Bases preceding removed adapters:
  A: 0.0%
  C: 0.0%
  G: 66.7%
  T: 33.3%
  none/other: 0.0%

Overview of removed sequences
length	count	expect	max.err	error counts
3	3	110.2	0	3
