This is cutadapt 4.4 with Python 3.7.12
Command line parameters: -g AGAGTTTGATCMTGGCTCAG -a GACTACNVGGGTWTCTAAT --rc --discard-untrimmed --minimum-length 200 -o trimmed/SRR1655088_trimmed.fastq.gz SRR1655088.fastq.gz -j 4
Processing single-end reads on 4 cores ...
Finished in 0.585 s (110.522 µs/read; 0.54 M reads/minute).

=== Summary ===

Total reads processed:                   5,292
Reads with adapters:                     5,122 (96.8%)
Reverse-complemented:                        3 (0.1%)

== Read fate breakdown ==
Reads that were too short:               1,128 (21.3%)
Reads discarded as untrimmed:              117 (2.2%)
Reads written (passing filters):         4,047 (76.5%)

Total basepairs processed:     1,760,703 bp
Total written (filtered):      1,498,146 bp (85.1%)

=== Adapter 1 ===

Sequence: AGAGTTTGATCMTGGCTCAG; Type: regular 5'; Length: 20; Trimmed: 5119 times; Reverse-complemented: 3 times

Minimum overlap: 3
No. of allowed errors:
1-9 bp: 0; 10-19 bp: 1; 20 bp: 2

Overview of removed sequences
length	count	expect	max.err	error counts
3	2	82.7	0	2
4	1	20.7	0	1
11	1	0.0	1	1
14	3	0.0	1	0 3
16	2	0.0	1	1 1
17	5	0.0	1	3 2
18	51	0.0	1	0 51
19	4987	0.0	1	2196 2791
20	66	0.0	2	5 51 10
21	1	0.0	2	0 0 1


=== Adapter 2 ===

Sequence: GACTACNVGGGTWTCTAAT; Type: regular 3'; Length: 19; Trimmed: 3 times; Reverse-complemented: 0 times

Minimum overlap: 3
No. of allowed errors:
1-9 bp: 0; 10-18 bp: 1

Bases preceding removed adapters:
  A: 33.3%
  C: 33.3%
  G: 33.3%
  T: 0.0%
  none/other: 0.0%

Overview of removed sequences
length	count	expect	max.err	error counts
3	2	82.7	0	2
4	1	20.7	0	1
