This is cutadapt 4.4 with Python 3.7.12
Command line parameters: -g AGAGTTTGATCMTGGCTCAG -a GACTACNVGGGTWTCTAAT --rc --discard-untrimmed --minimum-length 200 -o trimmed/SRR1655074_trimmed.fastq.gz SRR1655074.fastq.gz -j 4
Processing single-end reads on 4 cores ...
Finished in 0.553 s (68.169 µs/read; 0.88 M reads/minute).

=== Summary ===

Total reads processed:                   8,109
Reads with adapters:                     7,868 (97.0%)
Reverse-complemented:                        8 (0.1%)

== Read fate breakdown ==
Reads that were too short:               1,749 (21.6%)
Reads discarded as untrimmed:              144 (1.8%)
Reads written (passing filters):         6,216 (76.7%)

Total basepairs processed:     2,692,394 bp
Total written (filtered):      2,294,438 bp (85.2%)

=== Adapter 1 ===

Sequence: AGAGTTTGATCMTGGCTCAG; Type: regular 5'; Length: 20; Trimmed: 7863 times; Reverse-complemented: 8 times

Minimum overlap: 3
No. of allowed errors:
1-9 bp: 0; 10-19 bp: 1; 20 bp: 2

Overview of removed sequences
length	count	expect	max.err	error counts
3	7	126.7	0	7
4	1	31.7	0	1
14	1	0.0	1	0 1
16	1	0.0	1	0 1
17	1	0.0	1	0 1
18	49	0.0	1	3 46
19	7756	0.0	1	3220 4536
20	46	0.0	2	0 41 5
21	1	0.0	2	0 0 1


=== Adapter 2 ===

Sequence: GACTACNVGGGTWTCTAAT; Type: regular 3'; Length: 19; Trimmed: 5 times; Reverse-complemented: 0 times

Minimum overlap: 3
No. of allowed errors:
1-9 bp: 0; 10-18 bp: 1

Bases preceding removed adapters:
  A: 0.0%
  C: 40.0%
  G: 20.0%
  T: 40.0%
  none/other: 0.0%

Overview of removed sequences
length	count	expect	max.err	error counts
3	5	126.7	0	5
