This is cutadapt 4.4 with Python 3.7.12
Command line parameters: -g AGAGTTTGATCMTGGCTCAG -a GACTACNVGGGTWTCTAAT --rc --discard-untrimmed --minimum-length 200 -o trimmed/SRR1655168_trimmed.fastq.gz SRR1655168.fastq.gz -j 4
Processing single-end reads on 4 cores ...
Finished in 0.399 s (73.635 µs/read; 0.81 M reads/minute).

=== Summary ===

Total reads processed:                   5,420
Reads with adapters:                     5,231 (96.5%)
Reverse-complemented:                        4 (0.1%)

== Read fate breakdown ==
Reads that were too short:               1,575 (29.1%)
Reads discarded as untrimmed:              112 (2.1%)
Reads written (passing filters):         3,733 (68.9%)

Total basepairs processed:     1,627,038 bp
Total written (filtered):      1,293,318 bp (79.5%)

=== Adapter 1 ===

Sequence: AGAGTTTGATCMTGGCTCAG; Type: regular 5'; Length: 20; Trimmed: 5226 times; Reverse-complemented: 4 times

Minimum overlap: 3
No. of allowed errors:
1-9 bp: 0; 10-19 bp: 1; 20 bp: 2

Overview of removed sequences
length	count	expect	max.err	error counts
3	2	84.7	0	2
4	2	21.2	0	2
17	5	0.0	1	3 2
18	23	0.0	1	1 22
19	5132	0.0	1	1972 3160
20	58	0.0	2	4 53 1
21	4	0.0	2	0 0 4


=== Adapter 2 ===

Sequence: GACTACNVGGGTWTCTAAT; Type: regular 3'; Length: 19; Trimmed: 5 times; Reverse-complemented: 0 times

Minimum overlap: 3
No. of allowed errors:
1-9 bp: 0; 10-18 bp: 1

Bases preceding removed adapters:
  A: 60.0%
  C: 0.0%
  G: 40.0%
  T: 0.0%
  none/other: 0.0%

Overview of removed sequences
length	count	expect	max.err	error counts
3	3	84.7	0	3
4	2	21.2	0	2
