This is cutadapt 4.4 with Python 3.7.12
Command line parameters: -g AGAGTTTGATCMTGGCTCAG -a GACTACNVGGGTWTCTAAT --rc --discard-untrimmed --minimum-length 200 -o trimmed/SRR1655087_trimmed.fastq.gz SRR1655087.fastq.gz -j 4
Processing single-end reads on 4 cores ...
Finished in 0.461 s (90.493 µs/read; 0.66 M reads/minute).

=== Summary ===

Total reads processed:                   5,095
Reads with adapters:                     4,969 (97.5%)
Reverse-complemented:                        4 (0.1%)

== Read fate breakdown ==
Reads that were too short:               1,025 (20.1%)
Reads discarded as untrimmed:               86 (1.7%)
Reads written (passing filters):         3,984 (78.2%)

Total basepairs processed:     1,696,569 bp
Total written (filtered):      1,459,798 bp (86.0%)

=== Adapter 1 ===

Sequence: AGAGTTTGATCMTGGCTCAG; Type: regular 5'; Length: 20; Trimmed: 4964 times; Reverse-complemented: 4 times

Minimum overlap: 3
No. of allowed errors:
1-9 bp: 0; 10-19 bp: 1; 20 bp: 2

Overview of removed sequences
length	count	expect	max.err	error counts
3	1	79.6	0	1
4	3	19.9	0	3
13	1	0.0	1	0 1
18	38	0.0	1	1 37
19	4849	0.0	1	2205 2644
20	67	0.0	2	2 59 6
21	3	0.0	2	0 1 2
28	2	0.0	2	2


=== Adapter 2 ===

Sequence: GACTACNVGGGTWTCTAAT; Type: regular 3'; Length: 19; Trimmed: 5 times; Reverse-complemented: 0 times

Minimum overlap: 3
No. of allowed errors:
1-9 bp: 0; 10-18 bp: 1

Bases preceding removed adapters:
  A: 20.0%
  C: 20.0%
  G: 40.0%
  T: 20.0%
  none/other: 0.0%

Overview of removed sequences
length	count	expect	max.err	error counts
3	3	79.6	0	3
4	2	19.9	0	2
