This is cutadapt 4.4 with Python 3.7.12
Command line parameters: -g AGAGTTTGATCMTGGCTCAG -a GACTACNVGGGTWTCTAAT --rc --discard-untrimmed --minimum-length 200 -o trimmed/SRR1655183_trimmed.fastq.gz SRR1655183.fastq.gz -j 4
Processing single-end reads on 4 cores ...
Finished in 0.420 s (81.025 µs/read; 0.74 M reads/minute).

=== Summary ===

Total reads processed:                   5,179
Reads with adapters:                     4,980 (96.2%)
Reverse-complemented:                        5 (0.1%)

== Read fate breakdown ==
Reads that were too short:               1,398 (27.0%)
Reads discarded as untrimmed:              105 (2.0%)
Reads written (passing filters):         3,676 (71.0%)

Total basepairs processed:     1,547,065 bp
Total written (filtered):      1,256,553 bp (81.2%)

=== Adapter 1 ===

Sequence: AGAGTTTGATCMTGGCTCAG; Type: regular 5'; Length: 20; Trimmed: 4970 times; Reverse-complemented: 5 times

Minimum overlap: 3
No. of allowed errors:
1-9 bp: 0; 10-19 bp: 1; 20 bp: 2

Overview of removed sequences
length	count	expect	max.err	error counts
3	5	80.9	0	5
17	1	0.0	1	0 1
18	34	0.0	1	0 34
19	4840	0.0	1	2095 2745
20	84	0.0	2	1 79 4
21	3	0.0	2	0 3
22	2	0.0	2	0 2
41	1	0.0	2	0 1


=== Adapter 2 ===

Sequence: GACTACNVGGGTWTCTAAT; Type: regular 3'; Length: 19; Trimmed: 10 times; Reverse-complemented: 0 times

Minimum overlap: 3
No. of allowed errors:
1-9 bp: 0; 10-18 bp: 1

Bases preceding removed adapters:
  A: 40.0%
  C: 20.0%
  G: 30.0%
  T: 10.0%
  none/other: 0.0%

Overview of removed sequences
length	count	expect	max.err	error counts
3	7	80.9	0	7
4	3	20.2	0	3
