This is cutadapt 4.4 with Python 3.7.12
Command line parameters: -g AGAGTTTGATCMTGGCTCAG -a GACTACNVGGGTWTCTAAT --rc --discard-untrimmed --minimum-length 200 -o trimmed/SRR1655086_trimmed.fastq.gz SRR1655086.fastq.gz -j 4
Processing single-end reads on 4 cores ...
Finished in 0.366 s (92.023 µs/read; 0.65 M reads/minute).

=== Summary ===

Total reads processed:                   3,982
Reads with adapters:                     3,832 (96.2%)
Reverse-complemented:                        6 (0.2%)

== Read fate breakdown ==
Reads that were too short:                 637 (16.0%)
Reads discarded as untrimmed:               89 (2.2%)
Reads written (passing filters):         3,256 (81.8%)

Total basepairs processed:     1,418,124 bp
Total written (filtered):      1,237,918 bp (87.3%)

=== Adapter 1 ===

Sequence: AGAGTTTGATCMTGGCTCAG; Type: regular 5'; Length: 20; Trimmed: 3824 times; Reverse-complemented: 6 times

Minimum overlap: 3
No. of allowed errors:
1-9 bp: 0; 10-19 bp: 1; 20 bp: 2

Overview of removed sequences
length	count	expect	max.err	error counts
3	3	62.2	0	3
4	2	15.6	0	2
5	1	3.9	0	1
14	1	0.0	1	0 1
17	1	0.0	1	1
18	38	0.0	1	2 36
19	3698	0.0	1	1628 2070
20	72	0.0	2	8 62 2
21	7	0.0	2	0 3 4
22	1	0.0	2	0 0 1


=== Adapter 2 ===

Sequence: GACTACNVGGGTWTCTAAT; Type: regular 3'; Length: 19; Trimmed: 8 times; Reverse-complemented: 0 times

Minimum overlap: 3
No. of allowed errors:
1-9 bp: 0; 10-18 bp: 1

Bases preceding removed adapters:
  A: 0.0%
  C: 25.0%
  G: 37.5%
  T: 37.5%
  none/other: 0.0%

Overview of removed sequences
length	count	expect	max.err	error counts
3	7	62.2	0	7
4	1	15.6	0	1
