This is cutadapt 4.4 with Python 3.7.12
Command line parameters: -g AGAGTTTGATCMTGGCTCAG -a GACTACNVGGGTWTCTAAT --rc --discard-untrimmed --minimum-length 200 -o trimmed/SRR1655144_trimmed.fastq.gz SRR1655144.fastq.gz -j 4
Processing single-end reads on 4 cores ...
Finished in 0.527 s (57.214 µs/read; 1.05 M reads/minute).

=== Summary ===

Total reads processed:                   9,207
Reads with adapters:                     8,924 (96.9%)
Reverse-complemented:                        6 (0.1%)

== Read fate breakdown ==
Reads that were too short:               1,581 (17.2%)
Reads discarded as untrimmed:              190 (2.1%)
Reads written (passing filters):         7,436 (80.8%)

Total basepairs processed:     2,996,258 bp
Total written (filtered):      2,584,579 bp (86.3%)

=== Adapter 1 ===

Sequence: AGAGTTTGATCMTGGCTCAG; Type: regular 5'; Length: 20; Trimmed: 8912 times; Reverse-complemented: 6 times

Minimum overlap: 3
No. of allowed errors:
1-9 bp: 0; 10-19 bp: 1; 20 bp: 2

Overview of removed sequences
length	count	expect	max.err	error counts
3	5	143.9	0	5
4	1	36.0	0	1
5	1	9.0	0	1
14	1	0.0	1	0 1
17	4	0.0	1	2 2
18	45	0.0	1	2 43
19	8769	0.0	1	3589 5180
20	85	0.0	2	5 77 3
21	1	0.0	2	0 0 1


=== Adapter 2 ===

Sequence: GACTACNVGGGTWTCTAAT; Type: regular 3'; Length: 19; Trimmed: 12 times; Reverse-complemented: 0 times

Minimum overlap: 3
No. of allowed errors:
1-9 bp: 0; 10-18 bp: 1

Bases preceding removed adapters:
  A: 41.7%
  C: 8.3%
  G: 33.3%
  T: 16.7%
  none/other: 0.0%

Overview of removed sequences
length	count	expect	max.err	error counts
3	9	143.9	0	9
4	3	36.0	0	3
