This is cutadapt 4.4 with Python 3.7.12
Command line parameters: -g AGAGTTTGATCMTGGCTCAG -a GACTACNVGGGTWTCTAAT --rc --discard-untrimmed --minimum-length 200 -o trimmed/SRR1654662_trimmed.fastq.gz SRR1654662.fastq.gz -j 4
Processing single-end reads on 4 cores ...
Finished in 0.481 s (85.945 µs/read; 0.70 M reads/minute).

=== Summary ===

Total reads processed:                   5,600
Reads with adapters:                     5,431 (97.0%)
Reverse-complemented:                        6 (0.1%)

== Read fate breakdown ==
Reads that were too short:               1,116 (19.9%)
Reads discarded as untrimmed:              113 (2.0%)
Reads written (passing filters):         4,371 (78.1%)

Total basepairs processed:     1,877,860 bp
Total written (filtered):      1,605,550 bp (85.5%)

=== Adapter 1 ===

Sequence: AGAGTTTGATCMTGGCTCAG; Type: regular 5'; Length: 20; Trimmed: 5424 times; Reverse-complemented: 6 times

Minimum overlap: 3
No. of allowed errors:
1-9 bp: 0; 10-19 bp: 1; 20 bp: 2

Overview of removed sequences
length	count	expect	max.err	error counts
3	5	87.5	0	5
5	1	5.5	0	1
10	1	0.0	1	0 1
17	1	0.0	1	0 1
18	31	0.0	1	0 31
19	5338	0.0	1	2096 3242
20	45	0.0	2	0 43 2
27	2	0.0	2	1 1


=== Adapter 2 ===

Sequence: GACTACNVGGGTWTCTAAT; Type: regular 3'; Length: 19; Trimmed: 7 times; Reverse-complemented: 0 times

Minimum overlap: 3
No. of allowed errors:
1-9 bp: 0; 10-18 bp: 1

Bases preceding removed adapters:
  A: 42.9%
  C: 14.3%
  G: 14.3%
  T: 28.6%
  none/other: 0.0%

Overview of removed sequences
length	count	expect	max.err	error counts
3	3	87.5	0	3
4	4	21.9	0	4
