This is cutadapt 4.4 with Python 3.7.12
Command line parameters: -g AGAGTTTGATCMTGGCTCAG -a GACTACNVGGGTWTCTAAT --rc --discard-untrimmed --minimum-length 200 -o trimmed/SRR1655059_trimmed.fastq.gz SRR1655059.fastq.gz -j 4
Processing single-end reads on 4 cores ...
Finished in 0.518 s (80.980 µs/read; 0.74 M reads/minute).

=== Summary ===

Total reads processed:                   6,391
Reads with adapters:                     6,136 (96.0%)
Reverse-complemented:                        8 (0.1%)

== Read fate breakdown ==
Reads that were too short:               1,339 (21.0%)
Reads discarded as untrimmed:              148 (2.3%)
Reads written (passing filters):         4,904 (76.7%)

Total basepairs processed:     2,137,165 bp
Total written (filtered):      1,799,564 bp (84.2%)

=== Adapter 1 ===

Sequence: AGAGTTTGATCMTGGCTCAG; Type: regular 5'; Length: 20; Trimmed: 6132 times; Reverse-complemented: 8 times

Minimum overlap: 3
No. of allowed errors:
1-9 bp: 0; 10-19 bp: 1; 20 bp: 2

Overview of removed sequences
length	count	expect	max.err	error counts
3	8	99.9	0	8
15	1	0.0	1	0 1
17	2	0.0	1	1 1
18	41	0.0	1	0 41
19	5964	0.0	1	2623 3341
20	109	0.0	2	3 104 2
21	3	0.0	2	0 1 2
51	1	0.0	2	1
53	1	0.0	2	1
58	2	0.0	2	2


=== Adapter 2 ===

Sequence: GACTACNVGGGTWTCTAAT; Type: regular 3'; Length: 19; Trimmed: 4 times; Reverse-complemented: 0 times

Minimum overlap: 3
No. of allowed errors:
1-9 bp: 0; 10-18 bp: 1

Bases preceding removed adapters:
  A: 25.0%
  C: 0.0%
  G: 50.0%
  T: 25.0%
  none/other: 0.0%

Overview of removed sequences
length	count	expect	max.err	error counts
3	2	99.9	0	2
4	2	25.0	0	2
