This is cutadapt 4.4 with Python 3.7.12
Command line parameters: -g AGAGTTTGATCMTGGCTCAG -a GACTACNVGGGTWTCTAAT --rc --discard-untrimmed --minimum-length 200 -o trimmed/SRR1654988_trimmed.fastq.gz SRR1654988.fastq.gz -j 4
Processing single-end reads on 4 cores ...
Finished in 0.576 s (65.868 µs/read; 0.91 M reads/minute).

=== Summary ===

Total reads processed:                   8,750
Reads with adapters:                     8,467 (96.8%)
Reverse-complemented:                        7 (0.1%)

== Read fate breakdown ==
Reads that were too short:               1,530 (17.5%)
Reads discarded as untrimmed:              191 (2.2%)
Reads written (passing filters):         7,029 (80.3%)

Total basepairs processed:     3,048,557 bp
Total written (filtered):      2,644,638 bp (86.8%)

=== Adapter 1 ===

Sequence: AGAGTTTGATCMTGGCTCAG; Type: regular 5'; Length: 20; Trimmed: 8460 times; Reverse-complemented: 6 times

Minimum overlap: 3
No. of allowed errors:
1-9 bp: 0; 10-19 bp: 1; 20 bp: 2

Overview of removed sequences
length	count	expect	max.err	error counts
3	4	136.7	0	4
4	2	34.2	0	2
18	76	0.0	1	10 66
19	8296	0.0	1	3349 4947
20	79	0.0	2	0 75 4
22	1	0.0	2	0 1
41	2	0.0	2	2


=== Adapter 2 ===

Sequence: GACTACNVGGGTWTCTAAT; Type: regular 3'; Length: 19; Trimmed: 7 times; Reverse-complemented: 1 times

Minimum overlap: 3
No. of allowed errors:
1-9 bp: 0; 10-18 bp: 1

Bases preceding removed adapters:
  A: 14.3%
  C: 42.9%
  G: 0.0%
  T: 42.9%
  none/other: 0.0%

Overview of removed sequences
length	count	expect	max.err	error counts
3	6	136.7	0	6
4	1	34.2	0	1
