This is cutadapt 4.4 with Python 3.7.12
Command line parameters: -g AGAGTTTGATCMTGGCTCAG -a GACTACNVGGGTWTCTAAT --rc --discard-untrimmed --minimum-length 200 -o trimmed/SRR1655082_trimmed.fastq.gz SRR1655082.fastq.gz -j 4
Processing single-end reads on 4 cores ...
Finished in 0.561 s (73.415 µs/read; 0.82 M reads/minute).

=== Summary ===

Total reads processed:                   7,640
Reads with adapters:                     7,450 (97.5%)
Reverse-complemented:                        8 (0.1%)

== Read fate breakdown ==
Reads that were too short:               1,536 (20.1%)
Reads discarded as untrimmed:              125 (1.6%)
Reads written (passing filters):         5,979 (78.3%)

Total basepairs processed:     2,520,676 bp
Total written (filtered):      2,172,646 bp (86.2%)

=== Adapter 1 ===

Sequence: AGAGTTTGATCMTGGCTCAG; Type: regular 5'; Length: 20; Trimmed: 7445 times; Reverse-complemented: 8 times

Minimum overlap: 3
No. of allowed errors:
1-9 bp: 0; 10-19 bp: 1; 20 bp: 2

Overview of removed sequences
length	count	expect	max.err	error counts
3	5	119.4	0	5
4	2	29.8	0	2
5	1	7.5	0	1
17	1	0.0	1	0 1
18	55	0.0	1	6 49
19	7333	0.0	1	3186 4147
20	47	0.0	2	4 38 5
25	1	0.0	2	0 1


=== Adapter 2 ===

Sequence: GACTACNVGGGTWTCTAAT; Type: regular 3'; Length: 19; Trimmed: 5 times; Reverse-complemented: 0 times

Minimum overlap: 3
No. of allowed errors:
1-9 bp: 0; 10-18 bp: 1

Bases preceding removed adapters:
  A: 40.0%
  C: 20.0%
  G: 20.0%
  T: 20.0%
  none/other: 0.0%

Overview of removed sequences
length	count	expect	max.err	error counts
3	3	119.4	0	3
4	2	29.8	0	2
