This is cutadapt 4.4 with Python 3.7.12
Command line parameters: -g AGAGTTTGATCMTGGCTCAG -a GACTACNVGGGTWTCTAAT --rc --discard-untrimmed --minimum-length 200 -o trimmed/SRR1655138_trimmed.fastq.gz SRR1655138.fastq.gz -j 4
Processing single-end reads on 4 cores ...
Finished in 0.616 s (53.815 µs/read; 1.11 M reads/minute).

=== Summary ===

Total reads processed:                  11,439
Reads with adapters:                    11,159 (97.6%)
Reverse-complemented:                        6 (0.1%)

== Read fate breakdown ==
Reads that were too short:               1,880 (16.4%)
Reads discarded as untrimmed:              195 (1.7%)
Reads written (passing filters):         9,364 (81.9%)

Total basepairs processed:     3,729,581 bp
Total written (filtered):      3,240,029 bp (86.9%)

=== Adapter 1 ===

Sequence: AGAGTTTGATCMTGGCTCAG; Type: regular 5'; Length: 20; Trimmed: 11147 times; Reverse-complemented: 6 times

Minimum overlap: 3
No. of allowed errors:
1-9 bp: 0; 10-19 bp: 1; 20 bp: 2

Overview of removed sequences
length	count	expect	max.err	error counts
3	1	178.7	0	1
4	4	44.7	0	4
5	1	11.2	0	1
13	2	0.0	1	0 2
17	3	0.0	1	0 3
18	87	0.0	1	2 85
19	10938	0.0	1	4678 6260
20	107	0.0	2	7 92 8
21	2	0.0	2	0 1 1
26	2	0.0	2	0 2


=== Adapter 2 ===

Sequence: GACTACNVGGGTWTCTAAT; Type: regular 3'; Length: 19; Trimmed: 12 times; Reverse-complemented: 0 times

Minimum overlap: 3
No. of allowed errors:
1-9 bp: 0; 10-18 bp: 1

Bases preceding removed adapters:
  A: 58.3%
  C: 0.0%
  G: 8.3%
  T: 33.3%
  none/other: 0.0%

Overview of removed sequences
length	count	expect	max.err	error counts
3	5	178.7	0	5
4	7	44.7	0	7
