This is cutadapt 4.4 with Python 3.7.12
Command line parameters: -g AGAGTTTGATCMTGGCTCAG -a GACTACNVGGGTWTCTAAT --rc --discard-untrimmed --minimum-length 200 -o trimmed/SRR1655085_trimmed.fastq.gz SRR1655085.fastq.gz -j 4
Processing single-end reads on 4 cores ...
Finished in 0.565 s (70.545 µs/read; 0.85 M reads/minute).

=== Summary ===

Total reads processed:                   8,012
Reads with adapters:                     7,785 (97.2%)
Reverse-complemented:                        2 (0.0%)

== Read fate breakdown ==
Reads that were too short:               1,745 (21.8%)
Reads discarded as untrimmed:              146 (1.8%)
Reads written (passing filters):         6,121 (76.4%)

Total basepairs processed:     2,659,513 bp
Total written (filtered):      2,253,000 bp (84.7%)

=== Adapter 1 ===

Sequence: AGAGTTTGATCMTGGCTCAG; Type: regular 5'; Length: 20; Trimmed: 7782 times; Reverse-complemented: 2 times

Minimum overlap: 3
No. of allowed errors:
1-9 bp: 0; 10-19 bp: 1; 20 bp: 2

Overview of removed sequences
length	count	expect	max.err	error counts
4	2	31.3	0	2
17	1	0.0	1	0 1
18	37	0.0	1	3 34
19	7677	0.0	1	3402 4275
20	63	0.0	2	2 52 9
21	1	0.0	2	0 1
22	1	0.0	2	0 0 1


=== Adapter 2 ===

Sequence: GACTACNVGGGTWTCTAAT; Type: regular 3'; Length: 19; Trimmed: 3 times; Reverse-complemented: 0 times

Minimum overlap: 3
No. of allowed errors:
1-9 bp: 0; 10-18 bp: 1

Bases preceding removed adapters:
  A: 0.0%
  C: 33.3%
  G: 33.3%
  T: 33.3%
  none/other: 0.0%

Overview of removed sequences
length	count	expect	max.err	error counts
3	3	125.2	0	3
