This is cutadapt 4.4 with Python 3.7.12
Command line parameters: -g AGAGTTTGATCMTGGCTCAG -a GACTACNVGGGTWTCTAAT --rc --discard-untrimmed --minimum-length 200 -o trimmed/SRR1654658_trimmed.fastq.gz SRR1654658.fastq.gz -j 4
Processing single-end reads on 4 cores ...
Finished in 1.038 s (147.296 µs/read; 0.41 M reads/minute).

=== Summary ===

Total reads processed:                   7,044
Reads with adapters:                     6,775 (96.2%)
Reverse-complemented:                       10 (0.1%)

== Read fate breakdown ==
Reads that were too short:               1,235 (17.5%)
Reads discarded as untrimmed:              147 (2.1%)
Reads written (passing filters):         5,662 (80.4%)

Total basepairs processed:     2,391,321 bp
Total written (filtered):      2,065,142 bp (86.4%)

=== Adapter 1 ===

Sequence: AGAGTTTGATCMTGGCTCAG; Type: regular 5'; Length: 20; Trimmed: 6771 times; Reverse-complemented: 10 times

Minimum overlap: 3
No. of allowed errors:
1-9 bp: 0; 10-19 bp: 1; 20 bp: 2

Overview of removed sequences
length	count	expect	max.err	error counts
3	10	110.1	0	10
12	1	0.0	1	0 1
13	1	0.0	1	1
17	5	0.0	1	0 5
18	33	0.0	1	1 32
19	6617	0.0	1	2711 3906
20	102	0.0	2	1 99 2
21	1	0.0	2	0 0 1
22	1	0.0	2	0 0 1


=== Adapter 2 ===

Sequence: GACTACNVGGGTWTCTAAT; Type: regular 3'; Length: 19; Trimmed: 4 times; Reverse-complemented: 0 times

Minimum overlap: 3
No. of allowed errors:
1-9 bp: 0; 10-18 bp: 1

Bases preceding removed adapters:
  A: 0.0%
  C: 25.0%
  G: 25.0%
  T: 50.0%
  none/other: 0.0%

Overview of removed sequences
length	count	expect	max.err	error counts
3	3	110.1	0	3
4	1	27.5	0	1
