This is cutadapt 4.4 with Python 3.7.12
Command line parameters: -g AGAGTTTGATCMTGGCTCAG -a GACTACNVGGGTWTCTAAT --rc --discard-untrimmed --minimum-length 200 -o trimmed/SRR1655181_trimmed.fastq.gz SRR1655181.fastq.gz -j 4
Processing single-end reads on 4 cores ...
Finished in 0.450 s (70.646 µs/read; 0.85 M reads/minute).

=== Summary ===

Total reads processed:                   6,364
Reads with adapters:                     6,199 (97.4%)
Reverse-complemented:                        1 (0.0%)

== Read fate breakdown ==
Reads that were too short:               1,619 (25.4%)
Reads discarded as untrimmed:              103 (1.6%)
Reads written (passing filters):         4,642 (72.9%)

Total basepairs processed:     1,981,862 bp
Total written (filtered):      1,629,505 bp (82.2%)

=== Adapter 1 ===

Sequence: AGAGTTTGATCMTGGCTCAG; Type: regular 5'; Length: 20; Trimmed: 6196 times; Reverse-complemented: 1 times

Minimum overlap: 3
No. of allowed errors:
1-9 bp: 0; 10-19 bp: 1; 20 bp: 2

Overview of removed sequences
length	count	expect	max.err	error counts
4	1	24.9	0	1
12	2	0.0	1	0 2
13	2	0.0	1	0 2
16	1	0.0	1	0 1
17	3	0.0	1	3
18	53	0.0	1	1 52
19	6074	0.0	1	2484 3590
20	59	0.0	2	0 49 10
21	1	0.0	2	0 0 1


=== Adapter 2 ===

Sequence: GACTACNVGGGTWTCTAAT; Type: regular 3'; Length: 19; Trimmed: 3 times; Reverse-complemented: 0 times

Minimum overlap: 3
No. of allowed errors:
1-9 bp: 0; 10-18 bp: 1

Bases preceding removed adapters:
  A: 33.3%
  C: 0.0%
  G: 66.7%
  T: 0.0%
  none/other: 0.0%

Overview of removed sequences
length	count	expect	max.err	error counts
3	3	99.4	0	3
