This is cutadapt 4.4 with Python 3.7.12
Command line parameters: -g AGAGTTTGATCMTGGCTCAG -a GACTACNVGGGTWTCTAAT --rc --discard-untrimmed --minimum-length 200 -o trimmed/SRR1654993_trimmed.fastq.gz SRR1654993.fastq.gz -j 4
Processing single-end reads on 4 cores ...
Finished in 0.549 s (75.368 µs/read; 0.80 M reads/minute).

=== Summary ===

Total reads processed:                   7,287
Reads with adapters:                     6,965 (95.6%)
Reverse-complemented:                        9 (0.1%)

== Read fate breakdown ==
Reads that were too short:               1,314 (18.0%)
Reads discarded as untrimmed:              203 (2.8%)
Reads written (passing filters):         5,770 (79.2%)

Total basepairs processed:     2,565,764 bp
Total written (filtered):      2,200,750 bp (85.8%)

=== Adapter 1 ===

Sequence: AGAGTTTGATCMTGGCTCAG; Type: regular 5'; Length: 20; Trimmed: 6957 times; Reverse-complemented: 9 times

Minimum overlap: 3
No. of allowed errors:
1-9 bp: 0; 10-19 bp: 1; 20 bp: 2

Overview of removed sequences
length	count	expect	max.err	error counts
3	6	113.9	0	6
4	2	28.5	0	2
5	1	7.1	0	1
15	1	0.0	1	1
17	1	0.0	1	0 1
18	46	0.0	1	3 43
19	6798	0.0	1	2955 3843
20	100	0.0	2	3 91 6
21	1	0.0	2	0 0 1
33	1	0.0	2	1


=== Adapter 2 ===

Sequence: GACTACNVGGGTWTCTAAT; Type: regular 3'; Length: 19; Trimmed: 8 times; Reverse-complemented: 0 times

Minimum overlap: 3
No. of allowed errors:
1-9 bp: 0; 10-18 bp: 1

Bases preceding removed adapters:
  A: 12.5%
  C: 25.0%
  G: 12.5%
  T: 50.0%
  none/other: 0.0%

Overview of removed sequences
length	count	expect	max.err	error counts
3	7	113.9	0	7
11	1	0.0	1	0 1
