This is cutadapt 4.4 with Python 3.7.12
Command line parameters: -g AGAGTTTGATCMTGGCTCAG -a GACTACNVGGGTWTCTAAT --rc --discard-untrimmed --minimum-length 200 -o trimmed/SRR1654656_trimmed.fastq.gz SRR1654656.fastq.gz -j 4
Processing single-end reads on 4 cores ...
Finished in 0.494 s (57.268 µs/read; 1.05 M reads/minute).

=== Summary ===

Total reads processed:                   8,627
Reads with adapters:                     8,400 (97.4%)
Reverse-complemented:                        8 (0.1%)

== Read fate breakdown ==
Reads that were too short:               1,945 (22.5%)
Reads discarded as untrimmed:              150 (1.7%)
Reads written (passing filters):         6,532 (75.7%)

Total basepairs processed:     2,808,851 bp
Total written (filtered):      2,358,410 bp (84.0%)

=== Adapter 1 ===

Sequence: AGAGTTTGATCMTGGCTCAG; Type: regular 5'; Length: 20; Trimmed: 8396 times; Reverse-complemented: 8 times

Minimum overlap: 3
No. of allowed errors:
1-9 bp: 0; 10-19 bp: 1; 20 bp: 2

Overview of removed sequences
length	count	expect	max.err	error counts
3	10	134.8	0	10
4	1	33.7	0	1
17	3	0.0	1	3
18	65	0.0	1	0 65
19	8258	0.0	1	3117 5141
20	58	0.0	2	1 53 4
21	1	0.0	2	0 0 1


=== Adapter 2 ===

Sequence: GACTACNVGGGTWTCTAAT; Type: regular 3'; Length: 19; Trimmed: 4 times; Reverse-complemented: 0 times

Minimum overlap: 3
No. of allowed errors:
1-9 bp: 0; 10-18 bp: 1

Bases preceding removed adapters:
  A: 25.0%
  C: 0.0%
  G: 75.0%
  T: 0.0%
  none/other: 0.0%

Overview of removed sequences
length	count	expect	max.err	error counts
3	3	134.8	0	3
4	1	33.7	0	1
