This is cutadapt 4.4 with Python 3.7.12
Command line parameters: -g AGAGTTTGATCMTGGCTCAG -a GACTACNVGGGTWTCTAAT --rc --discard-untrimmed --minimum-length 200 -o trimmed/SRR1655076_trimmed.fastq.gz SRR1655076.fastq.gz -j 4
Processing single-end reads on 4 cores ...
Finished in 0.452 s (88.436 µs/read; 0.68 M reads/minute).

=== Summary ===

Total reads processed:                   5,112
Reads with adapters:                     4,988 (97.6%)
Reverse-complemented:                        4 (0.1%)

== Read fate breakdown ==
Reads that were too short:               1,141 (22.3%)
Reads discarded as untrimmed:               86 (1.7%)
Reads written (passing filters):         3,885 (76.0%)

Total basepairs processed:     1,672,428 bp
Total written (filtered):      1,409,712 bp (84.3%)

=== Adapter 1 ===

Sequence: AGAGTTTGATCMTGGCTCAG; Type: regular 5'; Length: 20; Trimmed: 4986 times; Reverse-complemented: 4 times

Minimum overlap: 3
No. of allowed errors:
1-9 bp: 0; 10-19 bp: 1; 20 bp: 2

Overview of removed sequences
length	count	expect	max.err	error counts
3	2	79.9	0	2
4	2	20.0	0	2
18	34	0.0	1	1 33
19	4897	0.0	1	2132 2765
20	50	0.0	2	0 40 10
21	1	0.0	2	0 0 1


=== Adapter 2 ===

Sequence: GACTACNVGGGTWTCTAAT; Type: regular 3'; Length: 19; Trimmed: 2 times; Reverse-complemented: 0 times

Minimum overlap: 3
No. of allowed errors:
1-9 bp: 0; 10-18 bp: 1

Bases preceding removed adapters:
  A: 50.0%
  C: 0.0%
  G: 50.0%
  T: 0.0%
  none/other: 0.0%

Overview of removed sequences
length	count	expect	max.err	error counts
3	1	79.9	0	1
4	1	20.0	0	1
