This is cutadapt 4.4 with Python 3.7.12
Command line parameters: -g AGAGTTTGATCMTGGCTCAG -a GACTACNVGGGTWTCTAAT --rc --discard-untrimmed --minimum-length 200 -o trimmed/SRR1655147_trimmed.fastq.gz SRR1655147.fastq.gz -j 4
Processing single-end reads on 4 cores ...
Finished in 0.706 s (66.294 µs/read; 0.91 M reads/minute).

=== Summary ===

Total reads processed:                  10,651
Reads with adapters:                    10,422 (97.8%)
Reverse-complemented:                        9 (0.1%)

== Read fate breakdown ==
Reads that were too short:               1,840 (17.3%)
Reads discarded as untrimmed:              155 (1.5%)
Reads written (passing filters):         8,656 (81.3%)

Total basepairs processed:     3,478,450 bp
Total written (filtered):      3,025,835 bp (87.0%)

=== Adapter 1 ===

Sequence: AGAGTTTGATCMTGGCTCAG; Type: regular 5'; Length: 20; Trimmed: 10417 times; Reverse-complemented: 9 times

Minimum overlap: 3
No. of allowed errors:
1-9 bp: 0; 10-19 bp: 1; 20 bp: 2

Overview of removed sequences
length	count	expect	max.err	error counts
3	6	166.4	0	6
4	2	41.6	0	2
5	1	10.4	0	1
16	1	0.0	1	0 1
17	1	0.0	1	1
18	79	0.0	1	4 75
19	10221	0.0	1	4334 5887
20	105	0.0	2	2 90 13
21	1	0.0	2	0 0 1


=== Adapter 2 ===

Sequence: GACTACNVGGGTWTCTAAT; Type: regular 3'; Length: 19; Trimmed: 5 times; Reverse-complemented: 0 times

Minimum overlap: 3
No. of allowed errors:
1-9 bp: 0; 10-18 bp: 1

Bases preceding removed adapters:
  A: 60.0%
  C: 0.0%
  G: 20.0%
  T: 20.0%
  none/other: 0.0%

Overview of removed sequences
length	count	expect	max.err	error counts
3	3	166.4	0	3
4	2	41.6	0	2
