This is cutadapt 4.4 with Python 3.7.12
Command line parameters: -g AGAGTTTGATCMTGGCTCAG -a GACTACNVGGGTWTCTAAT --rc --discard-untrimmed --minimum-length 200 -o trimmed/SRR1655162_trimmed.fastq.gz SRR1655162.fastq.gz -j 4
Processing single-end reads on 4 cores ...
Finished in 0.474 s (65.962 µs/read; 0.91 M reads/minute).

=== Summary ===

Total reads processed:                   7,192
Reads with adapters:                     6,807 (94.6%)
Reverse-complemented:                        9 (0.1%)

== Read fate breakdown ==
Reads that were too short:               1,225 (17.0%)
Reads discarded as untrimmed:              240 (3.3%)
Reads written (passing filters):         5,727 (79.6%)

Total basepairs processed:     2,454,733 bp
Total written (filtered):      2,104,713 bp (85.7%)

=== Adapter 1 ===

Sequence: AGAGTTTGATCMTGGCTCAG; Type: regular 5'; Length: 20; Trimmed: 6795 times; Reverse-complemented: 9 times

Minimum overlap: 3
No. of allowed errors:
1-9 bp: 0; 10-19 bp: 1; 20 bp: 2

Overview of removed sequences
length	count	expect	max.err	error counts
3	5	112.4	0	5
4	2	28.1	0	2
5	2	7.0	0	2
14	2	0.0	1	0 2
17	1	0.0	1	0 1
18	38	0.0	1	2 36
19	6622	0.0	1	2759 3863
20	119	0.0	2	3 114 2
21	4	0.0	2	0 2 2


=== Adapter 2 ===

Sequence: GACTACNVGGGTWTCTAAT; Type: regular 3'; Length: 19; Trimmed: 12 times; Reverse-complemented: 0 times

Minimum overlap: 3
No. of allowed errors:
1-9 bp: 0; 10-18 bp: 1

Bases preceding removed adapters:
  A: 58.3%
  C: 0.0%
  G: 25.0%
  T: 16.7%
  none/other: 0.0%

Overview of removed sequences
length	count	expect	max.err	error counts
3	6	112.4	0	6
4	6	28.1	0	6
