This is cutadapt 4.4 with Python 3.7.12
Command line parameters: -g AGAGTTTGATCMTGGCTCAG -a GACTACNVGGGTWTCTAAT --rc --discard-untrimmed --minimum-length 200 -o trimmed/SRR1655141_trimmed.fastq.gz SRR1655141.fastq.gz -j 4
Processing single-end reads on 4 cores ...
Finished in 0.874 s (97.459 µs/read; 0.62 M reads/minute).

=== Summary ===

Total reads processed:                   8,969
Reads with adapters:                     8,701 (97.0%)
Reverse-complemented:                       10 (0.1%)

== Read fate breakdown ==
Reads that were too short:               1,629 (18.2%)
Reads discarded as untrimmed:              158 (1.8%)
Reads written (passing filters):         7,182 (80.1%)

Total basepairs processed:     2,938,344 bp
Total written (filtered):      2,541,745 bp (86.5%)

=== Adapter 1 ===

Sequence: AGAGTTTGATCMTGGCTCAG; Type: regular 5'; Length: 20; Trimmed: 8693 times; Reverse-complemented: 10 times

Minimum overlap: 3
No. of allowed errors:
1-9 bp: 0; 10-19 bp: 1; 20 bp: 2

Overview of removed sequences
length	count	expect	max.err	error counts
3	6	140.1	0	6
4	4	35.0	0	4
5	1	8.8	0	1
15	1	0.0	1	0 1
16	1	0.0	1	0 1
17	1	0.0	1	1
18	66	0.0	1	5 61
19	8497	0.0	1	3356 5141
20	109	0.0	2	9 92 8
21	5	0.0	2	0 3 2
22	2	0.0	2	0 0 2


=== Adapter 2 ===

Sequence: GACTACNVGGGTWTCTAAT; Type: regular 3'; Length: 19; Trimmed: 8 times; Reverse-complemented: 0 times

Minimum overlap: 3
No. of allowed errors:
1-9 bp: 0; 10-18 bp: 1

Bases preceding removed adapters:
  A: 50.0%
  C: 12.5%
  G: 12.5%
  T: 25.0%
  none/other: 0.0%

Overview of removed sequences
length	count	expect	max.err	error counts
3	6	140.1	0	6
4	2	35.0	0	2
