This is cutadapt 4.4 with Python 3.7.12
Command line parameters: -g AGAGTTTGATCMTGGCTCAG -a GACTACNVGGGTWTCTAAT --rc --discard-untrimmed --minimum-length 200 -o trimmed/SRR1655073_trimmed.fastq.gz SRR1655073.fastq.gz -j 4
Processing single-end reads on 4 cores ...
Finished in 0.363 s (85.538 µs/read; 0.70 M reads/minute).

=== Summary ===

Total reads processed:                   4,247
Reads with adapters:                     4,116 (96.9%)
Reverse-complemented:                        5 (0.1%)

== Read fate breakdown ==
Reads that were too short:                 858 (20.2%)
Reads discarded as untrimmed:               80 (1.9%)
Reads written (passing filters):         3,309 (77.9%)

Total basepairs processed:     1,421,908 bp
Total written (filtered):      1,220,794 bp (85.9%)

=== Adapter 1 ===

Sequence: AGAGTTTGATCMTGGCTCAG; Type: regular 5'; Length: 20; Trimmed: 4113 times; Reverse-complemented: 5 times

Minimum overlap: 3
No. of allowed errors:
1-9 bp: 0; 10-19 bp: 1; 20 bp: 2

Overview of removed sequences
length	count	expect	max.err	error counts
3	1	66.4	0	1
4	3	16.6	0	3
5	1	4.1	0	1
16	1	0.0	1	0 1
17	4	0.0	1	3 1
18	40	0.0	1	0 40
19	4024	0.0	1	1676 2348
20	39	0.0	2	1 36 2


=== Adapter 2 ===

Sequence: GACTACNVGGGTWTCTAAT; Type: regular 3'; Length: 19; Trimmed: 3 times; Reverse-complemented: 0 times

Minimum overlap: 3
No. of allowed errors:
1-9 bp: 0; 10-18 bp: 1

Bases preceding removed adapters:
  A: 0.0%
  C: 0.0%
  G: 0.0%
  T: 100.0%
  none/other: 0.0%

Overview of removed sequences
length	count	expect	max.err	error counts
3	3	66.4	0	3
