This is cutadapt 4.4 with Python 3.7.12
Command line parameters: -g AGAGTTTGATCMTGGCTCAG -a GACTACNVGGGTWTCTAAT --rc --discard-untrimmed --minimum-length 200 -o trimmed/SRR1655175_trimmed.fastq.gz SRR1655175.fastq.gz -j 4
Processing single-end reads on 4 cores ...
Finished in 0.511 s (78.160 µs/read; 0.77 M reads/minute).

=== Summary ===

Total reads processed:                   6,540
Reads with adapters:                     6,323 (96.7%)
Reverse-complemented:                        4 (0.1%)

== Read fate breakdown ==
Reads that were too short:               1,248 (19.1%)
Reads discarded as untrimmed:              147 (2.2%)
Reads written (passing filters):         5,145 (78.7%)

Total basepairs processed:     2,257,324 bp
Total written (filtered):      1,940,926 bp (86.0%)

=== Adapter 1 ===

Sequence: AGAGTTTGATCMTGGCTCAG; Type: regular 5'; Length: 20; Trimmed: 6323 times; Reverse-complemented: 4 times

Minimum overlap: 3
No. of allowed errors:
1-9 bp: 0; 10-19 bp: 1; 20 bp: 2

Overview of removed sequences
length	count	expect	max.err	error counts
3	2	102.2	0	2
4	2	25.5	0	2
15	1	0.0	1	0 1
16	2	0.0	1	0 2
18	38	0.0	1	1 37
19	6223	0.0	1	2611 3612
20	54	0.0	2	3 48 3
21	1	0.0	2	0 0 1


=== Adapter 2 ===

Sequence: GACTACNVGGGTWTCTAAT; Type: regular 3'; Length: 19; Trimmed: 0 times; Reverse-complemented: 0 times
