This is cutadapt 4.4 with Python 3.7.12
Command line parameters: -g AGAGTTTGATCMTGGCTCAG -a GACTACNVGGGTWTCTAAT --rc --discard-untrimmed --minimum-length 200 -o trimmed/SRR1655143_trimmed.fastq.gz SRR1655143.fastq.gz -j 4
Processing single-end reads on 4 cores ...
Finished in 0.605 s (55.415 µs/read; 1.08 M reads/minute).

=== Summary ===

Total reads processed:                  10,910
Reads with adapters:                    10,638 (97.5%)
Reverse-complemented:                       12 (0.1%)

== Read fate breakdown ==
Reads that were too short:               1,813 (16.6%)
Reads discarded as untrimmed:              174 (1.6%)
Reads written (passing filters):         8,923 (81.8%)

Total basepairs processed:     3,591,332 bp
Total written (filtered):      3,124,007 bp (87.0%)

=== Adapter 1 ===

Sequence: AGAGTTTGATCMTGGCTCAG; Type: regular 5'; Length: 20; Trimmed: 10631 times; Reverse-complemented: 12 times

Minimum overlap: 3
No. of allowed errors:
1-9 bp: 0; 10-19 bp: 1; 20 bp: 2

Overview of removed sequences
length	count	expect	max.err	error counts
3	2	170.5	0	2
4	9	42.6	0	9
5	1	10.7	0	1
16	1	0.0	1	0 1
17	5	0.0	1	1 4
18	63	0.0	1	4 59
19	10451	0.0	1	4026 6425
20	97	0.0	2	0 84 13
21	2	0.0	2	0 0 2


=== Adapter 2 ===

Sequence: GACTACNVGGGTWTCTAAT; Type: regular 3'; Length: 19; Trimmed: 7 times; Reverse-complemented: 0 times

Minimum overlap: 3
No. of allowed errors:
1-9 bp: 0; 10-18 bp: 1

Bases preceding removed adapters:
  A: 42.9%
  C: 14.3%
  G: 14.3%
  T: 28.6%
  none/other: 0.0%

Overview of removed sequences
length	count	expect	max.err	error counts
3	4	170.5	0	4
4	3	42.6	0	3
