This is cutadapt 4.4 with Python 3.7.12
Command line parameters: -g AGAGTTTGATCMTGGCTCAG -a GACTACNVGGGTWTCTAAT --rc --discard-untrimmed --minimum-length 200 -o trimmed/SRR1655146_trimmed.fastq.gz SRR1655146.fastq.gz -j 4
Processing single-end reads on 4 cores ...
Finished in 0.540 s (56.892 µs/read; 1.05 M reads/minute).

=== Summary ===

Total reads processed:                   9,500
Reads with adapters:                     9,260 (97.5%)
Reverse-complemented:                        5 (0.1%)

== Read fate breakdown ==
Reads that were too short:               1,636 (17.2%)
Reads discarded as untrimmed:              142 (1.5%)
Reads written (passing filters):         7,722 (81.3%)

Total basepairs processed:     3,167,688 bp
Total written (filtered):      2,766,962 bp (87.3%)

=== Adapter 1 ===

Sequence: AGAGTTTGATCMTGGCTCAG; Type: regular 5'; Length: 20; Trimmed: 9252 times; Reverse-complemented: 5 times

Minimum overlap: 3
No. of allowed errors:
1-9 bp: 0; 10-19 bp: 1; 20 bp: 2

Overview of removed sequences
length	count	expect	max.err	error counts
3	4	148.4	0	4
4	2	37.1	0	2
16	1	0.0	1	0 1
17	1	0.0	1	0 1
18	49	0.0	1	4 45
19	9065	0.0	1	3917 5148
20	123	0.0	2	12 102 9
21	7	0.0	2	0 1 6


=== Adapter 2 ===

Sequence: GACTACNVGGGTWTCTAAT; Type: regular 3'; Length: 19; Trimmed: 8 times; Reverse-complemented: 0 times

Minimum overlap: 3
No. of allowed errors:
1-9 bp: 0; 10-18 bp: 1

Bases preceding removed adapters:
  A: 25.0%
  C: 25.0%
  G: 25.0%
  T: 25.0%
  none/other: 0.0%

Overview of removed sequences
length	count	expect	max.err	error counts
3	6	148.4	0	6
4	2	37.1	0	2
