This is cutadapt 4.4 with Python 3.7.12
Command line parameters: -g AGAGTTTGATCMTGGCTCAG -a GACTACNVGGGTWTCTAAT --rc --discard-untrimmed --minimum-length 200 -o trimmed/SRR1655070_trimmed.fastq.gz SRR1655070.fastq.gz -j 4
Processing single-end reads on 4 cores ...
Finished in 0.537 s (77.395 µs/read; 0.78 M reads/minute).

=== Summary ===

Total reads processed:                   6,940
Reads with adapters:                     6,800 (98.0%)
Reverse-complemented:                        4 (0.1%)

== Read fate breakdown ==
Reads that were too short:               1,249 (18.0%)
Reads discarded as untrimmed:               98 (1.4%)
Reads written (passing filters):         5,593 (80.6%)

Total basepairs processed:     2,298,139 bp
Total written (filtered):      1,987,116 bp (86.5%)

=== Adapter 1 ===

Sequence: AGAGTTTGATCMTGGCTCAG; Type: regular 5'; Length: 20; Trimmed: 6796 times; Reverse-complemented: 4 times

Minimum overlap: 3
No. of allowed errors:
1-9 bp: 0; 10-19 bp: 1; 20 bp: 2

Overview of removed sequences
length	count	expect	max.err	error counts
3	2	108.4	0	2
4	2	27.1	0	2
13	1	0.0	1	1
14	1	0.0	1	0 1
17	1	0.0	1	1
18	34	0.0	1	0 34
19	6712	0.0	1	3020 3692
20	41	0.0	2	0 38 3
21	1	0.0	2	0 0 1
22	1	0.0	2	0 1


=== Adapter 2 ===

Sequence: GACTACNVGGGTWTCTAAT; Type: regular 3'; Length: 19; Trimmed: 4 times; Reverse-complemented: 0 times

Minimum overlap: 3
No. of allowed errors:
1-9 bp: 0; 10-18 bp: 1

Bases preceding removed adapters:
  A: 25.0%
  C: 0.0%
  G: 50.0%
  T: 25.0%
  none/other: 0.0%

Overview of removed sequences
length	count	expect	max.err	error counts
3	3	108.4	0	3
4	1	27.1	0	1
