This is cutadapt 4.4 with Python 3.7.12
Command line parameters: -g AGAGTTTGATCMTGGCTCAG -a GACTACNVGGGTWTCTAAT --rc --discard-untrimmed --minimum-length 200 -o trimmed/SRR1655136_trimmed.fastq.gz SRR1655136.fastq.gz -j 4
Processing single-end reads on 4 cores ...
Finished in 0.526 s (83.733 µs/read; 0.72 M reads/minute).

=== Summary ===

Total reads processed:                   6,276
Reads with adapters:                     6,096 (97.1%)
Reverse-complemented:                        2 (0.0%)

== Read fate breakdown ==
Reads that were too short:               1,166 (18.6%)
Reads discarded as untrimmed:              123 (2.0%)
Reads written (passing filters):         4,987 (79.5%)

Total basepairs processed:     2,135,743 bp
Total written (filtered):      1,848,593 bp (86.6%)

=== Adapter 1 ===

Sequence: AGAGTTTGATCMTGGCTCAG; Type: regular 5'; Length: 20; Trimmed: 6091 times; Reverse-complemented: 2 times

Minimum overlap: 3
No. of allowed errors:
1-9 bp: 0; 10-19 bp: 1; 20 bp: 2

Overview of removed sequences
length	count	expect	max.err	error counts
3	2	98.1	0	2
17	3	0.0	1	1 2
18	44	0.0	1	0 44
19	5961	0.0	1	2852 3109
20	79	0.0	2	1 78
21	2	0.0	2	1 0 1


=== Adapter 2 ===

Sequence: GACTACNVGGGTWTCTAAT; Type: regular 3'; Length: 19; Trimmed: 5 times; Reverse-complemented: 0 times

Minimum overlap: 3
No. of allowed errors:
1-9 bp: 0; 10-18 bp: 1

Bases preceding removed adapters:
  A: 20.0%
  C: 20.0%
  G: 40.0%
  T: 20.0%
  none/other: 0.0%

Overview of removed sequences
length	count	expect	max.err	error counts
3	5	98.1	0	5
