This is cutadapt 4.4 with Python 3.7.12
Command line parameters: -g AGAGTTTGATCMTGGCTCAG -a GACTACNVGGGTWTCTAAT --rc --discard-untrimmed --minimum-length 200 -o trimmed/SRR1655058_trimmed.fastq.gz SRR1655058.fastq.gz -j 4
Processing single-end reads on 4 cores ...
Finished in 0.474 s (79.770 µs/read; 0.75 M reads/minute).

=== Summary ===

Total reads processed:                   5,941
Reads with adapters:                     5,743 (96.7%)
Reverse-complemented:                        2 (0.0%)

== Read fate breakdown ==
Reads that were too short:               1,114 (18.8%)
Reads discarded as untrimmed:              112 (1.9%)
Reads written (passing filters):         4,715 (79.4%)

Total basepairs processed:     2,027,473 bp
Total written (filtered):      1,745,872 bp (86.1%)

=== Adapter 1 ===

Sequence: AGAGTTTGATCMTGGCTCAG; Type: regular 5'; Length: 20; Trimmed: 5740 times; Reverse-complemented: 2 times

Minimum overlap: 3
No. of allowed errors:
1-9 bp: 0; 10-19 bp: 1; 20 bp: 2

Overview of removed sequences
length	count	expect	max.err	error counts
3	1	92.8	0	1
5	1	5.8	0	1
16	1	0.0	1	0 1
18	26	0.0	1	3 23
19	5627	0.0	1	2520 3107
20	80	0.0	2	0 78 2
21	1	0.0	2	0 0 1
22	1	0.0	2	0 0 1
28	2	0.0	2	0 2


=== Adapter 2 ===

Sequence: GACTACNVGGGTWTCTAAT; Type: regular 3'; Length: 19; Trimmed: 3 times; Reverse-complemented: 0 times

Minimum overlap: 3
No. of allowed errors:
1-9 bp: 0; 10-18 bp: 1

Bases preceding removed adapters:
  A: 33.3%
  C: 0.0%
  G: 33.3%
  T: 33.3%
  none/other: 0.0%

Overview of removed sequences
length	count	expect	max.err	error counts
3	2	92.8	0	2
4	1	23.2	0	1
