This is cutadapt 4.4 with Python 3.7.12
Command line parameters: -g AGAGTTTGATCMTGGCTCAG -a GACTACNVGGGTWTCTAAT --rc --discard-untrimmed --minimum-length 200 -o trimmed/SRR1655142_trimmed.fastq.gz SRR1655142.fastq.gz -j 4
Processing single-end reads on 4 cores ...
Finished in 0.550 s (55.955 µs/read; 1.07 M reads/minute).

=== Summary ===

Total reads processed:                   9,821
Reads with adapters:                     9,513 (96.9%)
Reverse-complemented:                        7 (0.1%)

== Read fate breakdown ==
Reads that were too short:               1,984 (20.2%)
Reads discarded as untrimmed:              183 (1.9%)
Reads written (passing filters):         7,654 (77.9%)

Total basepairs processed:     3,228,450 bp
Total written (filtered):      2,774,948 bp (86.0%)

=== Adapter 1 ===

Sequence: AGAGTTTGATCMTGGCTCAG; Type: regular 5'; Length: 20; Trimmed: 9510 times; Reverse-complemented: 7 times

Minimum overlap: 3
No. of allowed errors:
1-9 bp: 0; 10-19 bp: 1; 20 bp: 2

Overview of removed sequences
length	count	expect	max.err	error counts
3	5	153.5	0	5
4	2	38.4	0	2
14	1	0.0	1	0 1
16	1	0.0	1	0 1
17	2	0.0	1	0 2
18	70	0.0	1	2 68
19	9262	0.0	1	3878 5383 1
20	153	0.0	2	28 116 9
21	10	0.0	2	0 3 7
22	4	0.0	2	0 0 4


=== Adapter 2 ===

Sequence: GACTACNVGGGTWTCTAAT; Type: regular 3'; Length: 19; Trimmed: 3 times; Reverse-complemented: 0 times

Minimum overlap: 3
No. of allowed errors:
1-9 bp: 0; 10-18 bp: 1

Bases preceding removed adapters:
  A: 66.7%
  C: 33.3%
  G: 0.0%
  T: 0.0%
  none/other: 0.0%

Overview of removed sequences
length	count	expect	max.err	error counts
3	2	153.5	0	2
4	1	38.4	0	1
