This is cutadapt 4.4 with Python 3.7.12
Command line parameters: -g AGAGTTTGATCMTGGCTCAG -a GACTACNVGGGTWTCTAAT --rc --discard-untrimmed --minimum-length 200 -o trimmed/SRR1655000_trimmed.fastq.gz SRR1655000.fastq.gz -j 4
Processing single-end reads on 4 cores ...
Finished in 0.651 s (58.106 µs/read; 1.03 M reads/minute).

=== Summary ===

Total reads processed:                  11,199
Reads with adapters:                    10,943 (97.7%)
Reverse-complemented:                        4 (0.0%)

== Read fate breakdown ==
Reads that were too short:               2,040 (18.2%)
Reads discarded as untrimmed:              179 (1.6%)
Reads written (passing filters):         8,980 (80.2%)

Total basepairs processed:     3,943,348 bp
Total written (filtered):      3,435,061 bp (87.1%)

=== Adapter 1 ===

Sequence: AGAGTTTGATCMTGGCTCAG; Type: regular 5'; Length: 20; Trimmed: 10936 times; Reverse-complemented: 4 times

Minimum overlap: 3
No. of allowed errors:
1-9 bp: 0; 10-19 bp: 1; 20 bp: 2

Overview of removed sequences
length	count	expect	max.err	error counts
3	2	175.0	0	2
4	2	43.7	0	2
17	2	0.0	1	0 2
18	57	0.0	1	2 55
19	10769	0.0	1	4481 6288
20	96	0.0	2	2 87 7
21	8	0.0	2	3 1 4


=== Adapter 2 ===

Sequence: GACTACNVGGGTWTCTAAT; Type: regular 3'; Length: 19; Trimmed: 7 times; Reverse-complemented: 0 times

Minimum overlap: 3
No. of allowed errors:
1-9 bp: 0; 10-18 bp: 1

Bases preceding removed adapters:
  A: 28.6%
  C: 0.0%
  G: 42.9%
  T: 28.6%
  none/other: 0.0%

Overview of removed sequences
length	count	expect	max.err	error counts
3	4	175.0	0	4
4	3	43.7	0	3
