This is cutadapt 4.4 with Python 3.7.12
Command line parameters: -g AGAGTTTGATCMTGGCTCAG -a GACTACNVGGGTWTCTAAT --rc --discard-untrimmed --minimum-length 200 -o trimmed/SRR1655069_trimmed.fastq.gz SRR1655069.fastq.gz -j 4
Processing single-end reads on 4 cores ...
Finished in 0.475 s (83.398 µs/read; 0.72 M reads/minute).

=== Summary ===

Total reads processed:                   5,697
Reads with adapters:                     5,514 (96.8%)
Reverse-complemented:                        3 (0.1%)

== Read fate breakdown ==
Reads that were too short:                 901 (15.8%)
Reads discarded as untrimmed:              148 (2.6%)
Reads written (passing filters):         4,648 (81.6%)

Total basepairs processed:     2,057,645 bp
Total written (filtered):      1,787,264 bp (86.9%)

=== Adapter 1 ===

Sequence: AGAGTTTGATCMTGGCTCAG; Type: regular 5'; Length: 20; Trimmed: 5510 times; Reverse-complemented: 3 times

Minimum overlap: 3
No. of allowed errors:
1-9 bp: 0; 10-19 bp: 1; 20 bp: 2

Overview of removed sequences
length	count	expect	max.err	error counts
3	1	89.0	0	1
4	1	22.3	0	1
5	1	5.6	0	1
12	1	0.0	1	0 1
18	56	0.0	1	0 56
19	5430	0.0	1	2406 3024
20	20	0.0	2	0 20


=== Adapter 2 ===

Sequence: GACTACNVGGGTWTCTAAT; Type: regular 3'; Length: 19; Trimmed: 4 times; Reverse-complemented: 0 times

Minimum overlap: 3
No. of allowed errors:
1-9 bp: 0; 10-18 bp: 1

Bases preceding removed adapters:
  A: 25.0%
  C: 25.0%
  G: 50.0%
  T: 0.0%
  none/other: 0.0%

Overview of removed sequences
length	count	expect	max.err	error counts
3	3	89.0	0	3
4	1	22.3	0	1
