This is cutadapt 4.4 with Python 3.7.12
Command line parameters: -g AGAGTTTGATCMTGGCTCAG -a GACTACNVGGGTWTCTAAT --rc --discard-untrimmed --minimum-length 200 -o trimmed/SRR1654661_trimmed.fastq.gz SRR1654661.fastq.gz -j 4
Processing single-end reads on 4 cores ...
Finished in 0.474 s (80.439 µs/read; 0.75 M reads/minute).

=== Summary ===

Total reads processed:                   5,892
Reads with adapters:                     5,725 (97.2%)
Reverse-complemented:                        6 (0.1%)

== Read fate breakdown ==
Reads that were too short:               1,562 (26.5%)
Reads discarded as untrimmed:              107 (1.8%)
Reads written (passing filters):         4,223 (71.7%)

Total basepairs processed:     1,847,558 bp
Total written (filtered):      1,497,524 bp (81.1%)

=== Adapter 1 ===

Sequence: AGAGTTTGATCMTGGCTCAG; Type: regular 5'; Length: 20; Trimmed: 5719 times; Reverse-complemented: 6 times

Minimum overlap: 3
No. of allowed errors:
1-9 bp: 0; 10-19 bp: 1; 20 bp: 2

Overview of removed sequences
length	count	expect	max.err	error counts
3	2	92.1	0	2
4	4	23.0	0	4
16	1	0.0	1	0 1
18	25	0.0	1	0 25
19	5631	0.0	1	2285 3346
20	55	0.0	2	0 52 3
21	1	0.0	2	0 0 1


=== Adapter 2 ===

Sequence: GACTACNVGGGTWTCTAAT; Type: regular 3'; Length: 19; Trimmed: 6 times; Reverse-complemented: 0 times

Minimum overlap: 3
No. of allowed errors:
1-9 bp: 0; 10-18 bp: 1

Bases preceding removed adapters:
  A: 16.7%
  C: 0.0%
  G: 83.3%
  T: 0.0%
  none/other: 0.0%

Overview of removed sequences
length	count	expect	max.err	error counts
3	5	92.1	0	5
4	1	23.0	0	1
